Java HotSpot(TM) 64-Bit Server VM (25.221-b11) for windows-amd64 JRE (1.8.0_221-b11), built on Jul  4 2019 04:39:29 by "java_re" with MS VC++ 10.0 (VS2010)
Memory: 4k page, physical 12502420k(5092580k free), swap 14402964k(4822456k free)
CommandLine flags: -XX:+AlwaysPreTouch -XX:+ExplicitGCInvokesConcurrent -XX:GCLogFileSize=20971520 -XX:InitialHeapSize=536870912 -XX:MaxGCPauseMillis=250 -XX:MaxHeapSize=536870912 -XX:NumberOfGCLogFiles=9 -XX:-OmitStackTraceInFastThrow -XX:+ParallelRefProcEnabled -XX:+PerfDisableSharedMem -XX:+PrintGC -XX:+PrintGCApplicationStoppedTime -XX:+PrintGCDateStamps -XX:+PrintGCDetails -XX:+PrintGCTimeStamps -XX:+PrintHeapAtGC -XX:+PrintTenuringDistribution -XX:ThreadStackSize=256 -XX:+UseCompressedClassPointers -XX:+UseCompressedOops -XX:+UseG1GC -XX:+UseGCLogFileRotation -XX:-UseLargePages -XX:-UseLargePagesIndividualAllocation 
2020-10-24T18:10:56.776+0200: 0.885: Total time for which application threads were stopped: 0.0002156 seconds, Stopping threads took: 0.0000456 seconds
2020-10-24T18:10:57.161+0200: 1.271: Total time for which application threads were stopped: 0.0001876 seconds, Stopping threads took: 0.0000343 seconds
2020-10-24T18:10:57.909+0200: 2.018: Total time for which application threads were stopped: 0.0001685 seconds, Stopping threads took: 0.0000399 seconds
2020-10-24T18:10:58.129+0200: 2.238: Total time for which application threads were stopped: 0.0002273 seconds, Stopping threads took: 0.0000599 seconds
{Heap before GC invocations=0 (full 0):
 garbage-first heap   total 524288K, used 25600K [0x00000000e0000000, 0x00000000e0101000, 0x0000000100000000)
  region size 1024K, 25 young (25600K), 0 survivors (0K)
 Metaspace       used 9158K, capacity 9538K, committed 9728K, reserved 1058816K
  class space    used 1130K, capacity 1231K, committed 1280K, reserved 1048576K
2020-10-24T18:10:58.315+0200: 2.425: [GC pause (G1 Evacuation Pause) (young)
Desired survivor size 2097152 bytes, new threshold 15 (max 15)
, 0.0062335 secs]
   [Parallel Time: 4.1 ms, GC Workers: 4]
      [GC Worker Start (ms): Min: 2425.0, Avg: 2425.0, Max: 2425.0, Diff: 0.0]
      [Ext Root Scanning (ms): Min: 0.3, Avg: 0.7, Max: 1.1, Diff: 0.8, Sum: 2.8]
      [Update RS (ms): Min: 0.0, Avg: 0.0, Max: 0.0, Diff: 0.0, Sum: 0.0]
         [Processed Buffers: Min: 0, Avg: 0.0, Max: 0, Diff: 0, Sum: 0]
      [Scan RS (ms): Min: 0.0, Avg: 0.0, Max: 0.0, Diff: 0.0, Sum: 0.0]
      [Code Root Scanning (ms): Min: 0.0, Avg: 0.2, Max: 0.5, Diff: 0.5, Sum: 0.6]
      [Object Copy (ms): Min: 2.8, Avg: 3.1, Max: 3.4, Diff: 0.6, Sum: 12.2]
      [Termination (ms): Min: 0.0, Avg: 0.0, Max: 0.0, Diff: 0.0, Sum: 0.0]
         [Termination Attempts: Min: 1, Avg: 4.5, Max: 8, Diff: 7, Sum: 18]
      [GC Worker Other (ms): Min: 0.0, Avg: 0.1, Max: 0.1, Diff: 0.0, Sum: 0.2]
      [GC Worker Total (ms): Min: 4.0, Avg: 4.0, Max: 4.0, Diff: 0.0, Sum: 16.0]
      [GC Worker End (ms): Min: 2429.0, Avg: 2429.0, Max: 2429.0, Diff: 0.0]
   [Code Root Fixup: 0.0 ms]
   [Code Root Purge: 0.0 ms]
   [Clear CT: 0.1 ms]
   [Other: 2.0 ms]
      [Choose CSet: 0.0 ms]
      [Ref Proc: 1.6 ms]
      [Ref Enq: 0.1 ms]
      [Redirty Cards: 0.1 ms]
      [Humongous Register: 0.1 ms]
      [Humongous Reclaim: 0.0 ms]
      [Free CSet: 0.1 ms]
   [Eden: 25.0M(25.0M)->0.0B(31.0M) Survivors: 0.0B->4096.0K Heap: 25.0M(512.0M)->4620.5K(512.0M)]
Heap after GC invocations=1 (full 0):
 garbage-first heap   total 524288K, used 4620K [0x00000000e0000000, 0x00000000e0101000, 0x0000000100000000)
  region size 1024K, 4 young (4096K), 4 survivors (4096K)
 Metaspace       used 9158K, capacity 9538K, committed 9728K, reserved 1058816K
  class space    used 1130K, capacity 1231K, committed 1280K, reserved 1048576K
}
 [Times: user=0.01 sys=0.00, real=0.01 secs] 
2020-10-24T18:10:58.322+0200: 2.432: Total time for which application threads were stopped: 0.0069925 seconds, Stopping threads took: 0.0000704 seconds
2020-10-24T18:10:58.535+0200: 2.645: Total time for which application threads were stopped: 0.0002235 seconds, Stopping threads took: 0.0000370 seconds
2020-10-24T18:10:58.875+0200: 2.984: Total time for which application threads were stopped: 0.0003254 seconds, Stopping threads took: 0.0000493 seconds
{Heap before GC invocations=1 (full 0):
 garbage-first heap   total 524288K, used 35340K [0x00000000e0000000, 0x00000000e0101000, 0x0000000100000000)
  region size 1024K, 32 young (32768K), 4 survivors (4096K)
 Metaspace       used 14736K, capacity 15118K, committed 15360K, reserved 1062912K
  class space    used 1864K, capacity 1990K, committed 2048K, reserved 1048576K
2020-10-24T18:10:59.402+0200: 3.511: [GC pause (G1 Evacuation Pause) (young)
Desired survivor size 2097152 bytes, new threshold 1 (max 15)
- age   1:    2341744 bytes,    2341744 total
, 0.0225426 secs]
   [Parallel Time: 20.9 ms, GC Workers: 4]
      [GC Worker Start (ms): Min: 3511.3, Avg: 3513.1, Max: 3518.0, Diff: 6.8]
      [Ext Root Scanning (ms): Min: 0.0, Avg: 0.7, Max: 1.6, Diff: 1.6, Sum: 2.8]
      [Update RS (ms): Min: 0.0, Avg: 1.4, Max: 2.8, Diff: 2.8, Sum: 5.8]
         [Processed Buffers: Min: 0, Avg: 1.3, Max: 2, Diff: 2, Sum: 5]
      [Scan RS (ms): Min: 0.0, Avg: 0.6, Max: 1.5, Diff: 1.5, Sum: 2.4]
      [Code Root Scanning (ms): Min: 0.0, Avg: 0.3, Max: 1.1, Diff: 1.1, Sum: 1.1]
      [Object Copy (ms): Min: 14.1, Avg: 15.9, Max: 16.7, Diff: 2.7, Sum: 63.8]
      [Termination (ms): Min: 0.0, Avg: 0.0, Max: 0.0, Diff: 0.0, Sum: 0.0]
         [Termination Attempts: Min: 1, Avg: 5.3, Max: 12, Diff: 11, Sum: 21]
      [GC Worker Other (ms): Min: 0.0, Avg: 0.0, Max: 0.0, Diff: 0.0, Sum: 0.1]
      [GC Worker Total (ms): Min: 14.1, Avg: 19.0, Max: 20.8, Diff: 6.8, Sum: 75.9]
      [GC Worker End (ms): Min: 3532.1, Avg: 3532.1, Max: 3532.1, Diff: 0.0]
   [Code Root Fixup: 0.0 ms]
   [Code Root Purge: 0.0 ms]
   [Clear CT: 0.1 ms]
   [Other: 1.5 ms]
      [Choose CSet: 0.0 ms]
      [Ref Proc: 1.1 ms]
      [Ref Enq: 0.1 ms]
      [Redirty Cards: 0.1 ms]
      [Humongous Register: 0.0 ms]
      [Humongous Reclaim: 0.0 ms]
      [Free CSet: 0.1 ms]
   [Eden: 28.0M(27.0M)->0.0B(303.0M) Survivors: 4096.0K->4096.0K Heap: 34.5M(512.0M)->14.8M(512.0M)]
Heap after GC invocations=2 (full 0):
 garbage-first heap   total 524288K, used 15117K [0x00000000e0000000, 0x00000000e0101000, 0x0000000100000000)
  region size 1024K, 4 young (4096K), 4 survivors (4096K)
 Metaspace       used 14736K, capacity 15118K, committed 15360K, reserved 1062912K
  class space    used 1864K, capacity 1990K, committed 2048K, reserved 1048576K
}
 [Times: user=0.06 sys=0.00, real=0.02 secs] 
2020-10-24T18:10:59.425+0200: 3.534: Total time for which application threads were stopped: 0.0232401 seconds, Stopping threads took: 0.0000514 seconds
2020-10-24T18:10:59.848+0200: 3.958: Total time for which application threads were stopped: 0.0052646 seconds, Stopping threads took: 0.0049606 seconds
2020-10-24T18:10:59.861+0200: 3.971: Total time for which application threads were stopped: 0.0003003 seconds, Stopping threads took: 0.0000633 seconds
2020-10-24T18:11:00.155+0200: 4.264: Total time for which application threads were stopped: 0.0003918 seconds, Stopping threads took: 0.0000699 seconds
2020-10-24T18:11:00.517+0200: 4.626: Total time for which application threads were stopped: 0.0003328 seconds, Stopping threads took: 0.0000479 seconds
{Heap before GC invocations=2 (full 0):
 garbage-first heap   total 524288K, used 38669K [0x00000000e0000000, 0x00000000e0101000, 0x0000000100000000)
  region size 1024K, 27 young (27648K), 4 survivors (4096K)
 Metaspace       used 18383K, capacity 18814K, committed 19072K, reserved 1067008K
  class space    used 2300K, capacity 2406K, committed 2432K, reserved 1048576K
2020-10-24T18:11:01.172+0200: 5.283: [GC pause (G1 Evacuation Pause) (young)
Desired survivor size 2097152 bytes, new threshold 1 (max 15)
- age   1:    4108400 bytes,    4108400 total
, 0.0147447 secs]
   [Parallel Time: 12.6 ms, GC Workers: 4]
      [GC Worker Start (ms): Min: 5283.3, Avg: 5283.3, Max: 5283.3, Diff: 0.0]
      [Ext Root Scanning (ms): Min: 0.7, Avg: 1.0, Max: 1.3, Diff: 0.6, Sum: 4.0]
      [Update RS (ms): Min: 0.1, Avg: 0.5, Max: 0.9, Diff: 0.7, Sum: 1.9]
         [Processed Buffers: Min: 1, Avg: 2.8, Max: 4, Diff: 3, Sum: 11]
      [Scan RS (ms): Min: 1.2, Avg: 1.4, Max: 1.7, Diff: 0.6, Sum: 5.8]
      [Code Root Scanning (ms): Min: 0.0, Avg: 0.1, Max: 0.2, Diff: 0.2, Sum: 0.4]
      [Object Copy (ms): Min: 9.3, Avg: 9.5, Max: 9.8, Diff: 0.5, Sum: 38.0]
      [Termination (ms): Min: 0.0, Avg: 0.0, Max: 0.0, Diff: 0.0, Sum: 0.0]
         [Termination Attempts: Min: 1, Avg: 12.3, Max: 18, Diff: 17, Sum: 49]
      [GC Worker Other (ms): Min: 0.0, Avg: 0.0, Max: 0.0, Diff: 0.0, Sum: 0.0]
      [GC Worker Total (ms): Min: 12.5, Avg: 12.6, Max: 12.6, Diff: 0.0, Sum: 50.2]
      [GC Worker End (ms): Min: 5295.8, Avg: 5295.8, Max: 5295.8, Diff: 0.0]
   [Code Root Fixup: 0.0 ms]
   [Code Root Purge: 0.0 ms]
   [Clear CT: 0.1 ms]
   [Other: 2.0 ms]
      [Choose CSet: 0.0 ms]
      [Ref Proc: 1.6 ms]
      [Ref Enq: 0.1 ms]
      [Redirty Cards: 0.1 ms]
      [Humongous Register: 0.0 ms]
      [Humongous Reclaim: 0.0 ms]
      [Free CSet: 0.1 ms]
   [Eden: 23.0M(23.0M)->0.0B(303.0M) Survivors: 4096.0K->4096.0K Heap: 37.8M(512.0M)->21.5M(512.0M)]
Heap after GC invocations=3 (full 0):
 garbage-first heap   total 524288K, used 22016K [0x00000000e0000000, 0x00000000e0101000, 0x0000000100000000)
  region size 1024K, 4 young (4096K), 4 survivors (4096K)
 Metaspace       used 18383K, capacity 18814K, committed 19072K, reserved 1067008K
  class space    used 2300K, capacity 2406K, committed 2432K, reserved 1048576K
}
 [Times: user=0.06 sys=0.00, real=0.02 secs] 
2020-10-24T18:11:01.187+0200: 5.298: Total time for which application threads were stopped: 0.0151629 seconds, Stopping threads took: 0.0000385 seconds
2020-10-24T18:11:02.192+0200: 6.301: Total time for which application threads were stopped: 0.0001875 seconds, Stopping threads took: 0.0000546 seconds
2020-10-24T18:11:02.704+0200: 6.814: Total time for which application threads were stopped: 0.0002685 seconds, Stopping threads took: 0.0000318 seconds
{Heap before GC invocations=3 (full 0):
 garbage-first heap   total 524288K, used 84480K [0x00000000e0000000, 0x00000000e0101000, 0x0000000100000000)
  region size 1024K, 66 young (67584K), 4 survivors (4096K)
 Metaspace       used 20556K, capacity 21028K, committed 21248K, reserved 1067008K
  class space    used 2548K, capacity 2689K, committed 2816K, reserved 1048576K
2020-10-24T18:11:03.077+0200: 7.187: [GC pause (Metadata GC Threshold) (young) (initial-mark)
Desired survivor size 20447232 bytes, new threshold 15 (max 15)
- age   1:    1542512 bytes,    1542512 total
, 0.0077259 secs]
   [Parallel Time: 5.1 ms, GC Workers: 4]
      [GC Worker Start (ms): Min: 7186.7, Avg: 7186.7, Max: 7186.7, Diff: 0.0]
      [Ext Root Scanning (ms): Min: 0.9, Avg: 1.0, Max: 1.1, Diff: 0.2, Sum: 4.0]
      [Update RS (ms): Min: 0.5, Avg: 0.6, Max: 0.7, Diff: 0.3, Sum: 2.6]
         [Processed Buffers: Min: 1, Avg: 3.0, Max: 8, Diff: 7, Sum: 12]
      [Scan RS (ms): Min: 0.1, Avg: 0.2, Max: 0.3, Diff: 0.1, Sum: 0.7]
      [Code Root Scanning (ms): Min: 0.0, Avg: 0.1, Max: 0.3, Diff: 0.3, Sum: 0.3]
      [Object Copy (ms): Min: 3.0, Avg: 3.1, Max: 3.1, Diff: 0.1, Sum: 12.3]
      [Termination (ms): Min: 0.0, Avg: 0.0, Max: 0.0, Diff: 0.0, Sum: 0.0]
         [Termination Attempts: Min: 1, Avg: 1.0, Max: 1, Diff: 0, Sum: 4]
      [GC Worker Other (ms): Min: 0.0, Avg: 0.0, Max: 0.0, Diff: 0.0, Sum: 0.1]
      [GC Worker Total (ms): Min: 5.0, Avg: 5.0, Max: 5.0, Diff: 0.0, Sum: 20.0]
      [GC Worker End (ms): Min: 7191.7, Avg: 7191.7, Max: 7191.7, Diff: 0.0]
   [Code Root Fixup: 0.0 ms]
   [Code Root Purge: 0.0 ms]
   [Clear CT: 0.0 ms]
   [Other: 2.6 ms]
      [Choose CSet: 0.0 ms]
      [Ref Proc: 2.2 ms]
      [Ref Enq: 0.1 ms]
      [Redirty Cards: 0.1 ms]
      [Humongous Register: 0.0 ms]
      [Humongous Reclaim: 0.0 ms]
      [Free CSet: 0.1 ms]
   [Eden: 62.0M(303.0M)->0.0B(300.0M) Survivors: 4096.0K->7168.0K Heap: 83.5M(512.0M)->24.0M(512.0M)]
Heap after GC invocations=4 (full 0):
 garbage-first heap   total 524288K, used 24576K [0x00000000e0000000, 0x00000000e0101000, 0x0000000100000000)
  region size 1024K, 7 young (7168K), 7 survivors (7168K)
 Metaspace       used 20556K, capacity 21028K, committed 21248K, reserved 1067008K
  class space    used 2548K, capacity 2689K, committed 2816K, reserved 1048576K
}
 [Times: user=0.00 sys=0.00, real=0.01 secs] 
2020-10-24T18:11:03.085+0200: 7.195: [GC concurrent-root-region-scan-start]
2020-10-24T18:11:03.085+0200: 7.195: Total time for which application threads were stopped: 0.0082753 seconds, Stopping threads took: 0.0000362 seconds
2020-10-24T18:11:03.086+0200: 7.196: Total time for which application threads were stopped: 0.0007232 seconds, Stopping threads took: 0.0005483 seconds
2020-10-24T18:11:03.087+0200: 7.197: Total time for which application threads were stopped: 0.0009499 seconds, Stopping threads took: 0.0008663 seconds
2020-10-24T18:11:03.087+0200: 7.197: Total time for which application threads were stopped: 0.0001368 seconds, Stopping threads took: 0.0000668 seconds
2020-10-24T18:11:03.087+0200: 7.197: Total time for which application threads were stopped: 0.0001202 seconds, Stopping threads took: 0.0000537 seconds
2020-10-24T18:11:03.088+0200: 7.197: Total time for which application threads were stopped: 0.0001190 seconds, Stopping threads took: 0.0000533 seconds
2020-10-24T18:11:03.088+0200: 7.197: Total time for which application threads were stopped: 0.0000950 seconds, Stopping threads took: 0.0000319 seconds
2020-10-24T18:11:03.088+0200: 7.198: Total time for which application threads were stopped: 0.0001131 seconds, Stopping threads took: 0.0000524 seconds
2020-10-24T18:11:03.088+0200: 7.198: Total time for which application threads were stopped: 0.0001337 seconds, Stopping threads took: 0.0000678 seconds
2020-10-24T18:11:03.088+0200: 7.198: Total time for which application threads were stopped: 0.0000933 seconds, Stopping threads took: 0.0000296 seconds
2020-10-24T18:11:03.089+0200: 7.198: Total time for which application threads were stopped: 0.0001179 seconds, Stopping threads took: 0.0000544 seconds
2020-10-24T18:11:03.089+0200: 7.199: Total time for which application threads were stopped: 0.0001288 seconds, Stopping threads took: 0.0000532 seconds
2020-10-24T18:11:03.089+0200: 7.199: Total time for which application threads were stopped: 0.0001267 seconds, Stopping threads took: 0.0000548 seconds
2020-10-24T18:11:03.090+0200: 7.199: Total time for which application threads were stopped: 0.0001238 seconds, Stopping threads took: 0.0000544 seconds
2020-10-24T18:11:03.090+0200: 7.199: Total time for which application threads were stopped: 0.0001334 seconds, Stopping threads took: 0.0000530 seconds
2020-10-24T18:11:03.090+0200: 7.200: Total time for which application threads were stopped: 0.0001266 seconds, Stopping threads took: 0.0000550 seconds
2020-10-24T18:11:03.090+0200: 7.200: Total time for which application threads were stopped: 0.0001713 seconds, Stopping threads took: 0.0000681 seconds
2020-10-24T18:11:03.090+0200: 7.200: Total time for which application threads were stopped: 0.0001236 seconds, Stopping threads took: 0.0000626 seconds
2020-10-24T18:11:03.091+0200: 7.200: Total time for which application threads were stopped: 0.0001312 seconds, Stopping threads took: 0.0000695 seconds
2020-10-24T18:11:03.091+0200: 7.200: [GC concurrent-root-region-scan-end, 0.0058095 secs]
2020-10-24T18:11:03.091+0200: 7.200: [GC concurrent-mark-start]
2020-10-24T18:11:03.091+0200: 7.200: Total time for which application threads were stopped: 0.0001279 seconds, Stopping threads took: 0.0000653 seconds
2020-10-24T18:11:03.091+0200: 7.201: Total time for which application threads were stopped: 0.0001206 seconds, Stopping threads took: 0.0000539 seconds
2020-10-24T18:11:03.091+0200: 7.201: Total time for which application threads were stopped: 0.0001096 seconds, Stopping threads took: 0.0000430 seconds
2020-10-24T18:11:03.091+0200: 7.201: Total time for which application threads were stopped: 0.0001086 seconds, Stopping threads took: 0.0000413 seconds
2020-10-24T18:11:03.092+0200: 7.201: Total time for which application threads were stopped: 0.0001321 seconds, Stopping threads took: 0.0000497 seconds
2020-10-24T18:11:03.092+0200: 7.201: Total time for which application threads were stopped: 0.0001195 seconds, Stopping threads took: 0.0000531 seconds
2020-10-24T18:11:03.092+0200: 7.202: Total time for which application threads were stopped: 0.0001967 seconds, Stopping threads took: 0.0001329 seconds
2020-10-24T18:11:03.092+0200: 7.202: Total time for which application threads were stopped: 0.0001633 seconds, Stopping threads took: 0.0000572 seconds
2020-10-24T18:11:03.093+0200: 7.203: Total time for which application threads were stopped: 0.0006187 seconds, Stopping threads took: 0.0005471 seconds
2020-10-24T18:11:03.093+0200: 7.203: Total time for which application threads were stopped: 0.0001215 seconds, Stopping threads took: 0.0000460 seconds
2020-10-24T18:11:03.093+0200: 7.203: Total time for which application threads were stopped: 0.0001402 seconds, Stopping threads took: 0.0000442 seconds
2020-10-24T18:11:03.094+0200: 7.203: Total time for which application threads were stopped: 0.0001704 seconds, Stopping threads took: 0.0000454 seconds
2020-10-24T18:11:03.094+0200: 7.204: Total time for which application threads were stopped: 0.0001041 seconds, Stopping threads took: 0.0000387 seconds
2020-10-24T18:11:03.094+0200: 7.204: Total time for which application threads were stopped: 0.0000998 seconds, Stopping threads took: 0.0000258 seconds
2020-10-24T18:11:03.094+0200: 7.204: Total time for which application threads were stopped: 0.0000958 seconds, Stopping threads took: 0.0000238 seconds
2020-10-24T18:11:03.095+0200: 7.204: Total time for which application threads were stopped: 0.0000958 seconds, Stopping threads took: 0.0000240 seconds
2020-10-24T18:11:03.095+0200: 7.204: Total time for which application threads were stopped: 0.0001008 seconds, Stopping threads took: 0.0000250 seconds
2020-10-24T18:11:03.104+0200: 7.214: Total time for which application threads were stopped: 0.0001932 seconds, Stopping threads took: 0.0000658 seconds
2020-10-24T18:11:03.104+0200: 7.214: Total time for which application threads were stopped: 0.0001448 seconds, Stopping threads took: 0.0000574 seconds
2020-10-24T18:11:03.105+0200: 7.214: Total time for which application threads were stopped: 0.0000864 seconds, Stopping threads took: 0.0000238 seconds
2020-10-24T18:11:03.105+0200: 7.214: Total time for which application threads were stopped: 0.0000764 seconds, Stopping threads took: 0.0000228 seconds
2020-10-24T18:11:03.105+0200: 7.214: Total time for which application threads were stopped: 0.0000858 seconds, Stopping threads took: 0.0000273 seconds
2020-10-24T18:11:03.105+0200: 7.214: Total time for which application threads were stopped: 0.0000747 seconds, Stopping threads took: 0.0000219 seconds
2020-10-24T18:11:03.105+0200: 7.215: Total time for which application threads were stopped: 0.0000737 seconds, Stopping threads took: 0.0000215 seconds
2020-10-24T18:11:03.105+0200: 7.215: Total time for which application threads were stopped: 0.0000731 seconds, Stopping threads took: 0.0000215 seconds
2020-10-24T18:11:03.105+0200: 7.215: Total time for which application threads were stopped: 0.0000728 seconds, Stopping threads took: 0.0000213 seconds
2020-10-24T18:11:03.106+0200: 7.215: Total time for which application threads were stopped: 0.0000773 seconds, Stopping threads took: 0.0000223 seconds
2020-10-24T18:11:03.106+0200: 7.215: Total time for which application threads were stopped: 0.0000740 seconds, Stopping threads took: 0.0000214 seconds
2020-10-24T18:11:03.106+0200: 7.215: Total time for which application threads were stopped: 0.0000737 seconds, Stopping threads took: 0.0000214 seconds
2020-10-24T18:11:03.106+0200: 7.216: Total time for which application threads were stopped: 0.0000738 seconds, Stopping threads took: 0.0000215 seconds
2020-10-24T18:11:03.106+0200: 7.216: Total time for which application threads were stopped: 0.0000737 seconds, Stopping threads took: 0.0000217 seconds
2020-10-24T18:11:03.106+0200: 7.216: Total time for which application threads were stopped: 0.0000734 seconds, Stopping threads took: 0.0000215 seconds
2020-10-24T18:11:03.106+0200: 7.216: Total time for which application threads were stopped: 0.0000735 seconds, Stopping threads took: 0.0000215 seconds
2020-10-24T18:11:03.107+0200: 7.216: Total time for which application threads were stopped: 0.0000734 seconds, Stopping threads took: 0.0000215 seconds
2020-10-24T18:11:03.107+0200: 7.216: Total time for which application threads were stopped: 0.0000735 seconds, Stopping threads took: 0.0000217 seconds
2020-10-24T18:11:03.107+0200: 7.216: Total time for which application threads were stopped: 0.0000730 seconds, Stopping threads took: 0.0000215 seconds
2020-10-24T18:11:03.107+0200: 7.217: Total time for which application threads were stopped: 0.0001556 seconds, Stopping threads took: 0.0000215 seconds
2020-10-24T18:11:03.129+0200: 7.238: Total time for which application threads were stopped: 0.0001481 seconds, Stopping threads took: 0.0000435 seconds
2020-10-24T18:11:03.129+0200: 7.239: Total time for which application threads were stopped: 0.0001084 seconds, Stopping threads took: 0.0000310 seconds
2020-10-24T18:11:03.130+0200: 7.239: Total time for which application threads were stopped: 0.0001495 seconds, Stopping threads took: 0.0000408 seconds
2020-10-24T18:11:03.130+0200: 7.239: Total time for which application threads were stopped: 0.0001369 seconds, Stopping threads took: 0.0000401 seconds
2020-10-24T18:11:03.135+0200: 7.244: Total time for which application threads were stopped: 0.0001901 seconds, Stopping threads took: 0.0000665 seconds
2020-10-24T18:11:03.136+0200: 7.245: Total time for which application threads were stopped: 0.0001899 seconds, Stopping threads took: 0.0000687 seconds
2020-10-24T18:11:03.138+0200: 7.248: Total time for which application threads were stopped: 0.0002129 seconds, Stopping threads took: 0.0000791 seconds
2020-10-24T18:11:03.141+0200: 7.250: Total time for which application threads were stopped: 0.0002005 seconds, Stopping threads took: 0.0000548 seconds
2020-10-24T18:11:03.152+0200: 7.262: Total time for which application threads were stopped: 0.0002265 seconds, Stopping threads took: 0.0000566 seconds
2020-10-24T18:11:03.155+0200: 7.264: Total time for which application threads were stopped: 0.0001842 seconds, Stopping threads took: 0.0000537 seconds
2020-10-24T18:11:03.161+0200: 7.270: Total time for which application threads were stopped: 0.0001850 seconds, Stopping threads took: 0.0000523 seconds
2020-10-24T18:11:03.161+0200: 7.270: Total time for which application threads were stopped: 0.0001706 seconds, Stopping threads took: 0.0000521 seconds
2020-10-24T18:11:03.161+0200: 7.270: [GC concurrent-mark-end, 0.0700481 secs]
2020-10-24T18:11:03.161+0200: 7.271: Total time for which application threads were stopped: 0.0001613 seconds, Stopping threads took: 0.0000499 seconds
2020-10-24T18:11:03.161+0200: 7.271: [GC remark 2020-10-24T18:11:03.161+0200: 7.271: [Finalize Marking, 0.0001246 secs] 2020-10-24T18:11:03.162+0200: 7.271: [GC ref-proc, 0.0010121 secs] 2020-10-24T18:11:03.163+0200: 7.272: [Unloading, 0.0041810 secs], 0.0056707 secs]
 [Times: user=0.06 sys=0.00, real=0.01 secs] 
2020-10-24T18:11:03.167+0200: 7.277: Total time for which application threads were stopped: 0.0058586 seconds, Stopping threads took: 0.0000310 seconds
2020-10-24T18:11:03.167+0200: 7.277: Total time for which application threads were stopped: 0.0002109 seconds, Stopping threads took: 0.0000805 seconds
2020-10-24T18:11:03.168+0200: 7.277: [GC cleanup 28M->25M(512M), 0.0005083 secs]
 [Times: user=0.00 sys=0.00, real=0.00 secs] 
2020-10-24T18:11:03.168+0200: 7.278: Total time for which application threads were stopped: 0.0006958 seconds, Stopping threads took: 0.0000619 seconds
2020-10-24T18:11:03.168+0200: 7.278: [GC concurrent-cleanup-start]
2020-10-24T18:11:03.168+0200: 7.278: [GC concurrent-cleanup-end, 0.0000162 secs]
2020-10-24T18:11:03.170+0200: 7.280: Total time for which application threads were stopped: 0.0001924 seconds, Stopping threads took: 0.0000600 seconds
2020-10-24T18:11:03.171+0200: 7.281: Total time for which application threads were stopped: 0.0001768 seconds, Stopping threads took: 0.0000488 seconds
2020-10-24T18:11:03.175+0200: 7.284: Total time for which application threads were stopped: 0.0001939 seconds, Stopping threads took: 0.0000559 seconds
2020-10-24T18:11:03.243+0200: 7.352: Total time for which application threads were stopped: 0.0002026 seconds, Stopping threads took: 0.0000492 seconds
2020-10-24T18:11:03.244+0200: 7.354: Total time for which application threads were stopped: 0.0001745 seconds, Stopping threads took: 0.0000531 seconds
2020-10-24T18:11:03.247+0200: 7.356: Total time for which application threads were stopped: 0.0001795 seconds, Stopping threads took: 0.0000521 seconds
2020-10-24T18:11:03.248+0200: 7.357: Total time for which application threads were stopped: 0.0001279 seconds, Stopping threads took: 0.0000489 seconds
2020-10-24T18:11:03.248+0200: 7.358: Total time for which application threads were stopped: 0.0001065 seconds, Stopping threads took: 0.0000407 seconds
2020-10-24T18:11:03.248+0200: 7.358: Total time for which application threads were stopped: 0.0000984 seconds, Stopping threads took: 0.0000348 seconds
2020-10-24T18:11:03.248+0200: 7.358: Total time for which application threads were stopped: 0.0000951 seconds, Stopping threads took: 0.0000347 seconds
2020-10-24T18:11:03.249+0200: 7.358: Total time for which application threads were stopped: 0.0000950 seconds, Stopping threads took: 0.0000335 seconds
2020-10-24T18:11:03.249+0200: 7.358: Total time for which application threads were stopped: 0.0000902 seconds, Stopping threads took: 0.0000327 seconds
2020-10-24T18:11:03.249+0200: 7.358: Total time for which application threads were stopped: 0.0000967 seconds, Stopping threads took: 0.0000419 seconds
2020-10-24T18:11:03.249+0200: 7.358: Total time for which application threads were stopped: 0.0000883 seconds, Stopping threads took: 0.0000376 seconds
2020-10-24T18:11:03.249+0200: 7.359: Total time for which application threads were stopped: 0.0001027 seconds, Stopping threads took: 0.0000432 seconds
2020-10-24T18:11:03.249+0200: 7.359: Total time for which application threads were stopped: 0.0000854 seconds, Stopping threads took: 0.0000376 seconds
2020-10-24T18:11:03.249+0200: 7.359: Total time for which application threads were stopped: 0.0000827 seconds, Stopping threads took: 0.0000375 seconds
2020-10-24T18:11:03.249+0200: 7.359: Total time for which application threads were stopped: 0.0000803 seconds, Stopping threads took: 0.0000362 seconds
2020-10-24T18:11:03.250+0200: 7.359: Total time for which application threads were stopped: 0.0000861 seconds, Stopping threads took: 0.0000352 seconds
2020-10-24T18:11:03.250+0200: 7.359: Total time for which application threads were stopped: 0.0001904 seconds, Stopping threads took: 0.0001325 seconds
2020-10-24T18:11:03.250+0200: 7.359: Total time for which application threads were stopped: 0.0000893 seconds, Stopping threads took: 0.0000385 seconds
2020-10-24T18:11:03.250+0200: 7.360: Total time for which application threads were stopped: 0.0002179 seconds, Stopping threads took: 0.0001591 seconds
2020-10-24T18:11:03.251+0200: 7.360: Total time for which application threads were stopped: 0.0000919 seconds, Stopping threads took: 0.0000393 seconds
2020-10-24T18:11:03.251+0200: 7.360: Total time for which application threads were stopped: 0.0000772 seconds, Stopping threads took: 0.0000307 seconds
2020-10-24T18:11:03.251+0200: 7.360: Total time for which application threads were stopped: 0.0000942 seconds, Stopping threads took: 0.0000406 seconds
2020-10-24T18:11:03.251+0200: 7.361: Total time for which application threads were stopped: 0.0002566 seconds, Stopping threads took: 0.0000428 seconds
2020-10-24T18:11:03.259+0200: 7.369: Total time for which application threads were stopped: 0.0001915 seconds, Stopping threads took: 0.0000879 seconds
2020-10-24T18:11:03.264+0200: 7.374: Total time for which application threads were stopped: 0.0000981 seconds, Stopping threads took: 0.0000427 seconds
2020-10-24T18:11:03.264+0200: 7.374: Total time for which application threads were stopped: 0.0000801 seconds, Stopping threads took: 0.0000268 seconds
2020-10-24T18:11:03.409+0200: 7.518: Total time for which application threads were stopped: 0.0003034 seconds, Stopping threads took: 0.0000838 seconds
2020-10-24T18:11:03.410+0200: 7.519: Total time for which application threads were stopped: 0.0002588 seconds, Stopping threads took: 0.0000706 seconds
2020-10-24T18:11:03.414+0200: 7.523: Total time for which application threads were stopped: 0.0005214 seconds, Stopping threads took: 0.0001606 seconds
2020-10-24T18:11:03.438+0200: 7.547: Total time for which application threads were stopped: 0.0002087 seconds, Stopping threads took: 0.0000894 seconds
2020-10-24T18:11:03.453+0200: 7.562: Total time for which application threads were stopped: 0.0001674 seconds, Stopping threads took: 0.0000867 seconds
2020-10-24T18:11:03.453+0200: 7.562: Total time for which application threads were stopped: 0.0000796 seconds, Stopping threads took: 0.0000369 seconds
2020-10-24T18:11:03.453+0200: 7.563: Total time for which application threads were stopped: 0.0000941 seconds, Stopping threads took: 0.0000411 seconds
2020-10-24T18:11:03.453+0200: 7.563: Total time for which application threads were stopped: 0.0000796 seconds, Stopping threads took: 0.0000320 seconds
2020-10-24T18:11:03.453+0200: 7.563: Total time for which application threads were stopped: 0.0000569 seconds, Stopping threads took: 0.0000261 seconds
2020-10-24T18:11:03.453+0200: 7.563: Total time for which application threads were stopped: 0.0000558 seconds, Stopping threads took: 0.0000260 seconds
2020-10-24T18:11:03.454+0200: 7.563: Total time for which application threads were stopped: 0.0001783 seconds, Stopping threads took: 0.0000279 seconds
2020-10-24T18:11:03.514+0200: 7.624: Total time for which application threads were stopped: 0.0003270 seconds, Stopping threads took: 0.0000351 seconds
2020-10-24T18:11:03.517+0200: 7.626: Total time for which application threads were stopped: 0.0002919 seconds, Stopping threads took: 0.0000322 seconds
2020-10-24T18:11:04.526+0200: 8.635: Total time for which application threads were stopped: 0.0002129 seconds, Stopping threads took: 0.0000893 seconds
2020-10-24T18:11:04.571+0200: 8.681: Total time for which application threads were stopped: 0.0004010 seconds, Stopping threads took: 0.0000427 seconds
2020-10-24T18:11:04.585+0200: 8.695: Total time for which application threads were stopped: 0.0003423 seconds, Stopping threads took: 0.0000399 seconds
2020-10-24T18:11:04.586+0200: 8.696: Total time for which application threads were stopped: 0.0003181 seconds, Stopping threads took: 0.0000352 seconds
2020-10-24T18:11:04.634+0200: 8.743: Total time for which application threads were stopped: 0.0005776 seconds, Stopping threads took: 0.0000542 seconds
2020-10-24T18:11:04.661+0200: 8.770: Total time for which application threads were stopped: 0.0001826 seconds, Stopping threads took: 0.0000842 seconds
2020-10-24T18:11:04.661+0200: 8.771: Total time for which application threads were stopped: 0.0001171 seconds, Stopping threads took: 0.0000360 seconds
2020-10-24T18:11:04.707+0200: 8.817: Total time for which application threads were stopped: 0.0003357 seconds, Stopping threads took: 0.0000380 seconds
2020-10-24T18:11:04.768+0200: 8.878: Total time for which application threads were stopped: 0.0001364 seconds, Stopping threads took: 0.0000394 seconds
2020-10-24T18:11:04.768+0200: 8.878: Total time for which application threads were stopped: 0.0000919 seconds, Stopping threads took: 0.0000306 seconds
2020-10-24T18:11:04.768+0200: 8.878: Total time for which application threads were stopped: 0.0000874 seconds, Stopping threads took: 0.0000300 seconds
2020-10-24T18:11:04.769+0200: 8.878: Total time for which application threads were stopped: 0.0000878 seconds, Stopping threads took: 0.0000304 seconds
2020-10-24T18:11:04.769+0200: 8.878: Total time for which application threads were stopped: 0.0000875 seconds, Stopping threads took: 0.0000296 seconds
2020-10-24T18:11:04.770+0200: 8.879: Total time for which application threads were stopped: 0.0000878 seconds, Stopping threads took: 0.0000226 seconds
2020-10-24T18:11:04.770+0200: 8.880: Total time for which application threads were stopped: 0.0000829 seconds, Stopping threads took: 0.0000216 seconds
2020-10-24T18:11:04.837+0200: 8.947: Total time for which application threads were stopped: 0.0001744 seconds, Stopping threads took: 0.0000433 seconds
2020-10-24T18:11:05.287+0200: 9.397: Total time for which application threads were stopped: 0.0003471 seconds, Stopping threads took: 0.0000372 seconds
2020-10-24T18:11:05.528+0200: 9.637: Total time for which application threads were stopped: 0.0002262 seconds, Stopping threads took: 0.0000557 seconds
2020-10-24T18:11:05.536+0200: 9.645: Total time for which application threads were stopped: 0.0002324 seconds, Stopping threads took: 0.0000647 seconds
2020-10-24T18:11:05.642+0200: 9.751: Total time for which application threads were stopped: 0.0001438 seconds, Stopping threads took: 0.0000325 seconds
2020-10-24T18:11:05.759+0200: 9.868: Total time for which application threads were stopped: 0.0001751 seconds, Stopping threads took: 0.0000480 seconds
2020-10-24T18:11:05.760+0200: 9.869: Total time for which application threads were stopped: 0.0002757 seconds, Stopping threads took: 0.0002193 seconds
2020-10-24T18:11:05.760+0200: 9.869: Total time for which application threads were stopped: 0.0000792 seconds, Stopping threads took: 0.0000306 seconds
2020-10-24T18:11:05.833+0200: 9.943: Total time for which application threads were stopped: 0.0001579 seconds, Stopping threads took: 0.0000664 seconds
2020-10-24T18:11:05.847+0200: 9.956: Total time for which application threads were stopped: 0.0000977 seconds, Stopping threads took: 0.0000371 seconds
2020-10-24T18:11:05.847+0200: 9.956: Total time for which application threads were stopped: 0.0000613 seconds, Stopping threads took: 0.0000198 seconds
2020-10-24T18:11:05.893+0200: 10.002: Total time for which application threads were stopped: 0.0003280 seconds, Stopping threads took: 0.0000681 seconds
2020-10-24T18:11:05.898+0200: 10.008: Total time for which application threads were stopped: 0.0001468 seconds, Stopping threads took: 0.0000451 seconds
2020-10-24T18:11:06.031+0200: 10.141: Total time for which application threads were stopped: 0.0003759 seconds, Stopping threads took: 0.0000716 seconds
2020-10-24T18:11:06.072+0200: 10.182: Total time for which application threads were stopped: 0.0001990 seconds, Stopping threads took: 0.0000630 seconds
2020-10-24T18:11:06.118+0200: 10.228: Total time for which application threads were stopped: 0.0003561 seconds, Stopping threads took: 0.0002488 seconds
2020-10-24T18:11:06.119+0200: 10.228: Total time for which application threads were stopped: 0.0002063 seconds, Stopping threads took: 0.0000704 seconds
2020-10-24T18:11:06.119+0200: 10.229: Total time for which application threads were stopped: 0.0001287 seconds, Stopping threads took: 0.0000305 seconds
2020-10-24T18:11:06.121+0200: 10.231: Total time for which application threads were stopped: 0.0002242 seconds, Stopping threads took: 0.0000801 seconds
2020-10-24T18:11:06.121+0200: 10.231: Total time for which application threads were stopped: 0.0000966 seconds, Stopping threads took: 0.0000385 seconds
2020-10-24T18:11:06.133+0200: 10.243: Total time for which application threads were stopped: 0.0005222 seconds, Stopping threads took: 0.0000509 seconds
2020-10-24T18:11:06.486+0200: 10.596: Total time for which application threads were stopped: 0.0002421 seconds, Stopping threads took: 0.0000561 seconds
2020-10-24T18:11:06.588+0200: 10.698: Total time for which application threads were stopped: 0.0002495 seconds, Stopping threads took: 0.0000670 seconds
2020-10-24T18:11:06.590+0200: 10.699: Total time for which application threads were stopped: 0.0002153 seconds, Stopping threads took: 0.0000716 seconds
2020-10-24T18:11:06.590+0200: 10.699: Total time for which application threads were stopped: 0.0001987 seconds, Stopping threads took: 0.0000469 seconds
2020-10-24T18:11:06.591+0200: 10.700: Total time for which application threads were stopped: 0.0002760 seconds, Stopping threads took: 0.0000569 seconds
2020-10-24T18:11:06.732+0200: 10.841: Total time for which application threads were stopped: 0.0006170 seconds, Stopping threads took: 0.0004178 seconds
2020-10-24T18:11:06.732+0200: 10.842: Total time for which application threads were stopped: 0.0002162 seconds, Stopping threads took: 0.0000627 seconds
2020-10-24T18:11:06.733+0200: 10.842: Total time for which application threads were stopped: 0.0002200 seconds, Stopping threads took: 0.0001136 seconds
2020-10-24T18:11:06.741+0200: 10.851: Total time for which application threads were stopped: 0.0014187 seconds, Stopping threads took: 0.0012534 seconds
2020-10-24T18:11:06.741+0200: 10.851: Total time for which application threads were stopped: 0.0001739 seconds, Stopping threads took: 0.0000514 seconds
2020-10-24T18:11:06.742+0200: 10.851: Total time for which application threads were stopped: 0.0002222 seconds, Stopping threads took: 0.0000577 seconds
2020-10-24T18:11:06.743+0200: 10.853: Total time for which application threads were stopped: 0.0002297 seconds, Stopping threads took: 0.0000515 seconds
2020-10-24T18:11:06.743+0200: 10.853: Total time for which application threads were stopped: 0.0001331 seconds, Stopping threads took: 0.0000334 seconds
2020-10-24T18:11:06.745+0200: 10.855: Total time for which application threads were stopped: 0.0002100 seconds, Stopping threads took: 0.0000522 seconds
2020-10-24T18:11:06.745+0200: 10.855: Total time for which application threads were stopped: 0.0001851 seconds, Stopping threads took: 0.0000599 seconds
2020-10-24T18:11:06.746+0200: 10.855: Total time for which application threads were stopped: 0.0002714 seconds, Stopping threads took: 0.0001411 seconds
2020-10-24T18:11:06.748+0200: 10.857: Total time for which application threads were stopped: 0.0002829 seconds, Stopping threads took: 0.0000588 seconds
2020-10-24T18:11:06.748+0200: 10.858: Total time for which application threads were stopped: 0.0002221 seconds, Stopping threads took: 0.0000521 seconds
2020-10-24T18:11:06.749+0200: 10.858: Total time for which application threads were stopped: 0.0001980 seconds, Stopping threads took: 0.0000392 seconds
2020-10-24T18:11:06.749+0200: 10.859: Total time for which application threads were stopped: 0.0002802 seconds, Stopping threads took: 0.0000849 seconds
2020-10-24T18:11:06.750+0200: 10.859: Total time for which application threads were stopped: 0.0002233 seconds, Stopping threads took: 0.0000411 seconds
2020-10-24T18:11:06.846+0200: 10.955: Total time for which application threads were stopped: 0.0075556 seconds, Stopping threads took: 0.0073371 seconds
2020-10-24T18:11:06.846+0200: 10.956: Total time for which application threads were stopped: 0.0001907 seconds, Stopping threads took: 0.0000542 seconds
2020-10-24T18:11:06.851+0200: 10.960: Total time for which application threads were stopped: 0.0006332 seconds, Stopping threads took: 0.0004329 seconds
2020-10-24T18:11:06.851+0200: 10.961: Total time for which application threads were stopped: 0.0002950 seconds, Stopping threads took: 0.0000878 seconds
2020-10-24T18:11:06.878+0200: 10.988: Total time for which application threads were stopped: 0.0002639 seconds, Stopping threads took: 0.0000838 seconds
2020-10-24T18:11:06.879+0200: 10.988: Total time for which application threads were stopped: 0.0002203 seconds, Stopping threads took: 0.0000713 seconds
2020-10-24T18:11:06.879+0200: 10.989: Total time for which application threads were stopped: 0.0005388 seconds, Stopping threads took: 0.0003759 seconds
2020-10-24T18:11:06.881+0200: 10.991: Total time for which application threads were stopped: 0.0002000 seconds, Stopping threads took: 0.0000529 seconds
2020-10-24T18:11:06.883+0200: 10.992: Total time for which application threads were stopped: 0.0015024 seconds, Stopping threads took: 0.0013281 seconds
2020-10-24T18:11:06.960+0200: 11.069: Total time for which application threads were stopped: 0.0002854 seconds, Stopping threads took: 0.0000879 seconds
2020-10-24T18:11:06.965+0200: 11.074: Total time for which application threads were stopped: 0.0002923 seconds, Stopping threads took: 0.0001130 seconds
2020-10-24T18:11:06.966+0200: 11.075: Total time for which application threads were stopped: 0.0002010 seconds, Stopping threads took: 0.0000518 seconds
2020-10-24T18:11:06.967+0200: 11.076: Total time for which application threads were stopped: 0.0002165 seconds, Stopping threads took: 0.0000573 seconds
2020-10-24T18:11:07.023+0200: 11.132: Total time for which application threads were stopped: 0.0004143 seconds, Stopping threads took: 0.0000921 seconds
2020-10-24T18:11:07.024+0200: 11.133: Total time for which application threads were stopped: 0.0002447 seconds, Stopping threads took: 0.0000726 seconds
2020-10-24T18:11:07.025+0200: 11.134: Total time for which application threads were stopped: 0.0003125 seconds, Stopping threads took: 0.0000772 seconds
2020-10-24T18:11:07.026+0200: 11.135: Total time for which application threads were stopped: 0.0003183 seconds, Stopping threads took: 0.0000673 seconds
2020-10-24T18:11:07.026+0200: 11.135: Total time for which application threads were stopped: 0.0001921 seconds, Stopping threads took: 0.0000560 seconds
2020-10-24T18:11:07.042+0200: 11.152: Total time for which application threads were stopped: 0.0003148 seconds, Stopping threads took: 0.0000957 seconds
2020-10-24T18:11:07.045+0200: 11.154: Total time for which application threads were stopped: 0.0002381 seconds, Stopping threads took: 0.0000757 seconds
2020-10-24T18:11:07.045+0200: 11.155: Total time for which application threads were stopped: 0.0002316 seconds, Stopping threads took: 0.0000694 seconds
2020-10-24T18:11:07.046+0200: 11.155: Total time for which application threads were stopped: 0.0003023 seconds, Stopping threads took: 0.0000530 seconds
2020-10-24T18:11:07.047+0200: 11.156: Total time for which application threads were stopped: 0.0005365 seconds, Stopping threads took: 0.0000918 seconds
{Heap before GC invocations=5 (full 0):
 garbage-first heap   total 524288K, used 221696K [0x00000000e0000000, 0x00000000e0101000, 0x0000000100000000)
  region size 1024K, 203 young (207872K), 7 survivors (7168K)
 Metaspace       used 34913K, capacity 35952K, committed 36048K, reserved 1081344K
  class space    used 4270K, capacity 4550K, committed 4608K, reserved 1048576K
2020-10-24T18:11:07.064+0200: 11.173: [GC pause (Metadata GC Threshold) (young) (initial-mark)
Desired survivor size 20447232 bytes, new threshold 15 (max 15)
- age   1:    1811216 bytes,    1811216 total
- age   2:    1289656 bytes,    3100872 total
, 0.0173257 secs]
   [Parallel Time: 13.5 ms, GC Workers: 4]
      [GC Worker Start (ms): Min: 11173.4, Avg: 11173.4, Max: 11173.4, Diff: 0.0]
      [Ext Root Scanning (ms): Min: 1.8, Avg: 1.9, Max: 2.1, Diff: 0.3, Sum: 7.7]
      [Update RS (ms): Min: 0.4, Avg: 0.5, Max: 0.9, Diff: 0.5, Sum: 2.2]
         [Processed Buffers: Min: 1, Avg: 3.8, Max: 11, Diff: 10, Sum: 15]
      [Scan RS (ms): Min: 0.0, Avg: 0.0, Max: 0.0, Diff: 0.0, Sum: 0.1]
      [Code Root Scanning (ms): Min: 0.0, Avg: 0.3, Max: 0.5, Diff: 0.5, Sum: 1.3]
      [Object Copy (ms): Min: 10.4, Avg: 10.6, Max: 10.7, Diff: 0.3, Sum: 42.3]
      [Termination (ms): Min: 0.0, Avg: 0.0, Max: 0.0, Diff: 0.0, Sum: 0.0]
         [Termination Attempts: Min: 1, Avg: 2.8, Max: 5, Diff: 4, Sum: 11]
      [GC Worker Other (ms): Min: 0.0, Avg: 0.0, Max: 0.0, Diff: 0.0, Sum: 0.1]
      [GC Worker Total (ms): Min: 13.4, Avg: 13.4, Max: 13.5, Diff: 0.0, Sum: 53.8]
      [GC Worker End (ms): Min: 11186.9, Avg: 11186.9, Max: 11186.9, Diff: 0.0]
   [Code Root Fixup: 0.0 ms]
   [Code Root Purge: 0.0 ms]
   [Clear CT: 0.1 ms]
   [Other: 3.6 ms]
      [Choose CSet: 0.0 ms]
      [Ref Proc: 3.0 ms]
      [Ref Enq: 0.1 ms]
      [Redirty Cards: 0.0 ms]
      [Humongous Register: 0.0 ms]
      [Humongous Reclaim: 0.0 ms]
      [Free CSet: 0.3 ms]
   [Eden: 196.0M(300.0M)->0.0B(286.0M) Survivors: 7168.0K->21.0M Heap: 217.0M(512.0M)->35.5M(512.0M)]
Heap after GC invocations=6 (full 0):
 garbage-first heap   total 524288K, used 36352K [0x00000000e0000000, 0x00000000e0101000, 0x0000000100000000)
  region size 1024K, 21 young (21504K), 21 survivors (21504K)
 Metaspace       used 34913K, capacity 35952K, committed 36048K, reserved 1081344K
  class space    used 4270K, capacity 4550K, committed 4608K, reserved 1048576K
}
 [Times: user=0.05 sys=0.00, real=0.02 secs] 
2020-10-24T18:11:07.082+0200: 11.191: [GC concurrent-root-region-scan-start]
2020-10-24T18:11:07.082+0200: 11.191: Total time for which application threads were stopped: 0.0181898 seconds, Stopping threads took: 0.0000721 seconds
2020-10-24T18:11:07.085+0200: 11.195: Total time for which application threads were stopped: 0.0005343 seconds, Stopping threads took: 0.0001510 seconds
2020-10-24T18:11:07.086+0200: 11.195: Total time for which application threads were stopped: 0.0001855 seconds, Stopping threads took: 0.0000545 seconds
2020-10-24T18:11:07.086+0200: 11.195: Total time for which application threads were stopped: 0.0001555 seconds, Stopping threads took: 0.0000417 seconds
2020-10-24T18:11:07.086+0200: 11.196: Total time for which application threads were stopped: 0.0001460 seconds, Stopping threads took: 0.0000394 seconds
2020-10-24T18:11:07.087+0200: 11.196: Total time for which application threads were stopped: 0.0001539 seconds, Stopping threads took: 0.0000429 seconds
2020-10-24T18:11:07.087+0200: 11.196: Total time for which application threads were stopped: 0.0003782 seconds, Stopping threads took: 0.0000385 seconds
2020-10-24T18:11:07.088+0200: 11.197: Total time for which application threads were stopped: 0.0001732 seconds, Stopping threads took: 0.0000521 seconds
2020-10-24T18:11:07.088+0200: 11.197: Total time for which application threads were stopped: 0.0001479 seconds, Stopping threads took: 0.0000408 seconds
2020-10-24T18:11:07.088+0200: 11.197: Total time for which application threads were stopped: 0.0001424 seconds, Stopping threads took: 0.0000399 seconds
2020-10-24T18:11:07.088+0200: 11.197: Total time for which application threads were stopped: 0.0001402 seconds, Stopping threads took: 0.0000375 seconds
2020-10-24T18:11:07.088+0200: 11.198: Total time for which application threads were stopped: 0.0001387 seconds, Stopping threads took: 0.0000386 seconds
2020-10-24T18:11:07.089+0200: 11.198: Total time for which application threads were stopped: 0.0001394 seconds, Stopping threads took: 0.0000375 seconds
2020-10-24T18:11:07.089+0200: 11.198: Total time for which application threads were stopped: 0.0001386 seconds, Stopping threads took: 0.0000372 seconds
2020-10-24T18:11:07.089+0200: 11.198: Total time for which application threads were stopped: 0.0001319 seconds, Stopping threads took: 0.0000372 seconds
2020-10-24T18:11:07.089+0200: 11.198: Total time for which application threads were stopped: 0.0001357 seconds, Stopping threads took: 0.0000380 seconds
2020-10-24T18:11:07.090+0200: 11.199: Total time for which application threads were stopped: 0.0001632 seconds, Stopping threads took: 0.0000449 seconds
2020-10-24T18:11:07.090+0200: 11.199: Total time for which application threads were stopped: 0.0001443 seconds, Stopping threads took: 0.0000383 seconds
2020-10-24T18:11:07.090+0200: 11.199: Total time for which application threads were stopped: 0.0001426 seconds, Stopping threads took: 0.0000379 seconds
2020-10-24T18:11:07.090+0200: 11.200: Total time for which application threads were stopped: 0.0001395 seconds, Stopping threads took: 0.0000390 seconds
2020-10-24T18:11:07.091+0200: 11.200: Total time for which application threads were stopped: 0.0001368 seconds, Stopping threads took: 0.0000375 seconds
2020-10-24T18:11:07.092+0200: 11.201: Total time for which application threads were stopped: 0.0001624 seconds, Stopping threads took: 0.0000465 seconds
2020-10-24T18:11:07.093+0200: 11.202: Total time for which application threads were stopped: 0.0001845 seconds, Stopping threads took: 0.0000514 seconds
2020-10-24T18:11:07.093+0200: 11.202: Total time for which application threads were stopped: 0.0001590 seconds, Stopping threads took: 0.0000429 seconds
2020-10-24T18:11:07.101+0200: 11.210: [GC concurrent-root-region-scan-end, 0.0192339 secs]
2020-10-24T18:11:07.101+0200: 11.210: [GC concurrent-mark-start]
2020-10-24T18:11:07.176+0200: 11.285: [GC concurrent-mark-end, 0.0725406 secs]
2020-10-24T18:11:07.183+0200: 11.292: [GC remark 2020-10-24T18:11:07.183+0200: 11.292: [Finalize Marking, 0.0002682 secs] 2020-10-24T18:11:07.183+0200: 11.292: [GC ref-proc, 0.0017790 secs] 2020-10-24T18:11:07.185+0200: 11.294: [Unloading, 0.0080096 secs], 0.0104582 secs]
 [Times: user=0.00 sys=0.00, real=0.01 secs] 
2020-10-24T18:11:07.193+0200: 11.302: Total time for which application threads were stopped: 0.0175566 seconds, Stopping threads took: 0.0068825 seconds
2020-10-24T18:11:07.210+0200: 11.319: [GC cleanup 51M->51M(512M), 0.0004385 secs]
 [Times: user=0.00 sys=0.00, real=0.00 secs] 
2020-10-24T18:11:07.210+0200: 11.319: Total time for which application threads were stopped: 0.0084562 seconds, Stopping threads took: 0.0078478 seconds
2020-10-24T18:11:07.231+0200: 11.340: Total time for which application threads were stopped: 0.0004731 seconds, Stopping threads took: 0.0000583 seconds
2020-10-24T18:11:07.234+0200: 11.343: Total time for which application threads were stopped: 0.0002453 seconds, Stopping threads took: 0.0000874 seconds
2020-10-24T18:11:07.234+0200: 11.344: Total time for which application threads were stopped: 0.0001726 seconds, Stopping threads took: 0.0000813 seconds
2020-10-24T18:11:07.235+0200: 11.344: Total time for which application threads were stopped: 0.0002862 seconds, Stopping threads took: 0.0001964 seconds
2020-10-24T18:11:07.236+0200: 11.345: Total time for which application threads were stopped: 0.0001397 seconds, Stopping threads took: 0.0000455 seconds
2020-10-24T18:11:07.236+0200: 11.345: Total time for which application threads were stopped: 0.0001294 seconds, Stopping threads took: 0.0000448 seconds
2020-10-24T18:11:07.236+0200: 11.345: Total time for which application threads were stopped: 0.0001439 seconds, Stopping threads took: 0.0000419 seconds
2020-10-24T18:11:07.236+0200: 11.345: Total time for which application threads were stopped: 0.0001317 seconds, Stopping threads took: 0.0000403 seconds
2020-10-24T18:11:07.237+0200: 11.346: Total time for which application threads were stopped: 0.0001756 seconds, Stopping threads took: 0.0000494 seconds
2020-10-24T18:11:07.237+0200: 11.346: Total time for which application threads were stopped: 0.0001441 seconds, Stopping threads took: 0.0000402 seconds
2020-10-24T18:11:07.242+0200: 11.351: Total time for which application threads were stopped: 0.0002109 seconds, Stopping threads took: 0.0000724 seconds
2020-10-24T18:11:07.243+0200: 11.352: Total time for which application threads were stopped: 0.0001719 seconds, Stopping threads took: 0.0000611 seconds
2020-10-24T18:11:07.243+0200: 11.352: Total time for which application threads were stopped: 0.0001559 seconds, Stopping threads took: 0.0000453 seconds
2020-10-24T18:11:07.243+0200: 11.353: Total time for which application threads were stopped: 0.0001401 seconds, Stopping threads took: 0.0000449 seconds
2020-10-24T18:11:07.244+0200: 11.353: Total time for which application threads were stopped: 0.0001359 seconds, Stopping threads took: 0.0000463 seconds
2020-10-24T18:11:07.244+0200: 11.353: Total time for which application threads were stopped: 0.0001434 seconds, Stopping threads took: 0.0000492 seconds
2020-10-24T18:11:07.245+0200: 11.354: Total time for which application threads were stopped: 0.0001851 seconds, Stopping threads took: 0.0000697 seconds
2020-10-24T18:11:07.245+0200: 11.354: Total time for which application threads were stopped: 0.0002809 seconds, Stopping threads took: 0.0000581 seconds
2020-10-24T18:11:07.245+0200: 11.354: Total time for which application threads were stopped: 0.0001864 seconds, Stopping threads took: 0.0000412 seconds
2020-10-24T18:11:07.246+0200: 11.355: Total time for which application threads were stopped: 0.0001694 seconds, Stopping threads took: 0.0000522 seconds
2020-10-24T18:11:07.247+0200: 11.356: Total time for which application threads were stopped: 0.0007399 seconds, Stopping threads took: 0.0000665 seconds
2020-10-24T18:11:07.580+0200: 11.689: Total time for which application threads were stopped: 0.0005356 seconds, Stopping threads took: 0.0003024 seconds
2020-10-24T18:11:07.599+0200: 11.707: Total time for which application threads were stopped: 0.0003185 seconds, Stopping threads took: 0.0000559 seconds
2020-10-24T18:11:07.599+0200: 11.708: Total time for which application threads were stopped: 0.0004795 seconds, Stopping threads took: 0.0000421 seconds
2020-10-24T18:11:07.599+0200: 11.708: Total time for which application threads were stopped: 0.0001651 seconds, Stopping threads took: 0.0000388 seconds
2020-10-24T18:11:07.739+0200: 11.847: Total time for which application threads were stopped: 0.0021663 seconds, Stopping threads took: 0.0018986 seconds
2020-10-24T18:11:07.746+0200: 11.855: Total time for which application threads were stopped: 0.0002090 seconds, Stopping threads took: 0.0000628 seconds
2020-10-24T18:11:07.746+0200: 11.855: Total time for which application threads were stopped: 0.0002007 seconds, Stopping threads took: 0.0000558 seconds
2020-10-24T18:11:07.747+0200: 11.856: Total time for which application threads were stopped: 0.0002320 seconds, Stopping threads took: 0.0000538 seconds
2020-10-24T18:11:07.771+0200: 11.880: Total time for which application threads were stopped: 0.0002320 seconds, Stopping threads took: 0.0000531 seconds
2020-10-24T18:11:07.772+0200: 11.880: Total time for which application threads were stopped: 0.0001885 seconds, Stopping threads took: 0.0000421 seconds
2020-10-24T18:11:07.825+0200: 11.935: Total time for which application threads were stopped: 0.0002099 seconds, Stopping threads took: 0.0000526 seconds
2020-10-24T18:11:07.825+0200: 11.935: Total time for which application threads were stopped: 0.0001238 seconds, Stopping threads took: 0.0000347 seconds
2020-10-24T18:11:07.952+0200: 12.061: Total time for which application threads were stopped: 0.0002991 seconds, Stopping threads took: 0.0000868 seconds
2020-10-24T18:11:07.953+0200: 12.062: Total time for which application threads were stopped: 0.0002364 seconds, Stopping threads took: 0.0000697 seconds
2020-10-24T18:11:07.956+0200: 12.065: Total time for which application threads were stopped: 0.0002661 seconds, Stopping threads took: 0.0000965 seconds
2020-10-24T18:11:07.956+0200: 12.066: Total time for which application threads were stopped: 0.0001972 seconds, Stopping threads took: 0.0000588 seconds
2020-10-24T18:11:07.969+0200: 12.079: Total time for which application threads were stopped: 0.0050341 seconds, Stopping threads took: 0.0048770 seconds
2020-10-24T18:11:07.970+0200: 12.080: Total time for which application threads were stopped: 0.0002092 seconds, Stopping threads took: 0.0000772 seconds
2020-10-24T18:11:07.971+0200: 12.080: Total time for which application threads were stopped: 0.0001901 seconds, Stopping threads took: 0.0000579 seconds
2020-10-24T18:11:07.972+0200: 12.081: Total time for which application threads were stopped: 0.0003437 seconds, Stopping threads took: 0.0000993 seconds
2020-10-24T18:11:08.127+0200: 12.237: Total time for which application threads were stopped: 0.0002539 seconds, Stopping threads took: 0.0000740 seconds
2020-10-24T18:11:08.128+0200: 12.237: Total time for which application threads were stopped: 0.0002101 seconds, Stopping threads took: 0.0000546 seconds
2020-10-24T18:11:08.128+0200: 12.237: Total time for which application threads were stopped: 0.0001199 seconds, Stopping threads took: 0.0000395 seconds
2020-10-24T18:11:08.129+0200: 12.238: Total time for which application threads were stopped: 0.0002709 seconds, Stopping threads took: 0.0000635 seconds
2020-10-24T18:11:08.129+0200: 12.238: Total time for which application threads were stopped: 0.0002533 seconds, Stopping threads took: 0.0000541 seconds
2020-10-24T18:11:08.139+0200: 12.249: Total time for which application threads were stopped: 0.0002528 seconds, Stopping threads took: 0.0000599 seconds
2020-10-24T18:11:08.140+0200: 12.249: Total time for which application threads were stopped: 0.0002730 seconds, Stopping threads took: 0.0000520 seconds
2020-10-24T18:11:08.140+0200: 12.249: Total time for which application threads were stopped: 0.0002172 seconds, Stopping threads took: 0.0000485 seconds
2020-10-24T18:11:08.141+0200: 12.250: Total time for which application threads were stopped: 0.0001927 seconds, Stopping threads took: 0.0000547 seconds
2020-10-24T18:11:08.141+0200: 12.250: Total time for which application threads were stopped: 0.0001658 seconds, Stopping threads took: 0.0000384 seconds
2020-10-24T18:11:08.144+0200: 12.254: Total time for which application threads were stopped: 0.0002409 seconds, Stopping threads took: 0.0000571 seconds
2020-10-24T18:11:08.145+0200: 12.254: Total time for which application threads were stopped: 0.0002294 seconds, Stopping threads took: 0.0000492 seconds
2020-10-24T18:11:08.149+0200: 12.259: Total time for which application threads were stopped: 0.0002234 seconds, Stopping threads took: 0.0000512 seconds
2020-10-24T18:11:08.151+0200: 12.260: Total time for which application threads were stopped: 0.0002602 seconds, Stopping threads took: 0.0000595 seconds
2020-10-24T18:11:08.157+0200: 12.267: Total time for which application threads were stopped: 0.0003498 seconds, Stopping threads took: 0.0000777 seconds
2020-10-24T18:11:08.158+0200: 12.268: Total time for which application threads were stopped: 0.0002814 seconds, Stopping threads took: 0.0000869 seconds
2020-10-24T18:11:08.218+0200: 12.327: Total time for which application threads were stopped: 0.0002993 seconds, Stopping threads took: 0.0001026 seconds
2020-10-24T18:11:08.231+0200: 12.341: Total time for which application threads were stopped: 0.0003134 seconds, Stopping threads took: 0.0001002 seconds
2020-10-24T18:11:08.260+0200: 12.370: Total time for which application threads were stopped: 0.0002553 seconds, Stopping threads took: 0.0000521 seconds
2020-10-24T18:11:08.264+0200: 12.373: Total time for which application threads were stopped: 0.0002585 seconds, Stopping threads took: 0.0000711 seconds
2020-10-24T18:11:08.264+0200: 12.374: Total time for which application threads were stopped: 0.0001713 seconds, Stopping threads took: 0.0000383 seconds
2020-10-24T18:11:08.265+0200: 12.374: Total time for which application threads were stopped: 0.0002513 seconds, Stopping threads took: 0.0000508 seconds
2020-10-24T18:11:08.267+0200: 12.377: Total time for which application threads were stopped: 0.0002358 seconds, Stopping threads took: 0.0000620 seconds
2020-10-24T18:11:08.271+0200: 12.380: Total time for which application threads were stopped: 0.0003507 seconds, Stopping threads took: 0.0000608 seconds
2020-10-24T18:11:08.276+0200: 12.386: Total time for which application threads were stopped: 0.0003079 seconds, Stopping threads took: 0.0000653 seconds
2020-10-24T18:11:08.277+0200: 12.386: Total time for which application threads were stopped: 0.0002567 seconds, Stopping threads took: 0.0000555 seconds
2020-10-24T18:11:08.277+0200: 12.386: Total time for which application threads were stopped: 0.0001908 seconds, Stopping threads took: 0.0000396 seconds
2020-10-24T18:11:08.277+0200: 12.387: Total time for which application threads were stopped: 0.0003020 seconds, Stopping threads took: 0.0000358 seconds
2020-10-24T18:11:08.278+0200: 12.388: Total time for which application threads were stopped: 0.0002675 seconds, Stopping threads took: 0.0001150 seconds
2020-10-24T18:11:08.278+0200: 12.388: Total time for which application threads were stopped: 0.0002179 seconds, Stopping threads took: 0.0000410 seconds
2020-10-24T18:11:08.279+0200: 12.388: Total time for which application threads were stopped: 0.0002901 seconds, Stopping threads took: 0.0000449 seconds
2020-10-24T18:11:08.279+0200: 12.389: Total time for which application threads were stopped: 0.0002546 seconds, Stopping threads took: 0.0000421 seconds
2020-10-24T18:11:08.282+0200: 12.392: Total time for which application threads were stopped: 0.0002702 seconds, Stopping threads took: 0.0000705 seconds
2020-10-24T18:11:08.283+0200: 12.393: Total time for which application threads were stopped: 0.0002624 seconds, Stopping threads took: 0.0000818 seconds
2020-10-24T18:11:08.285+0200: 12.394: Total time for which application threads were stopped: 0.0004997 seconds, Stopping threads took: 0.0000727 seconds
2020-10-24T18:11:08.285+0200: 12.395: Total time for which application threads were stopped: 0.0002012 seconds, Stopping threads took: 0.0000482 seconds
2020-10-24T18:11:08.332+0200: 12.442: Total time for which application threads were stopped: 0.0002818 seconds, Stopping threads took: 0.0000542 seconds
2020-10-24T18:11:08.333+0200: 12.442: Total time for which application threads were stopped: 0.0002404 seconds, Stopping threads took: 0.0000473 seconds
2020-10-24T18:11:08.333+0200: 12.442: Total time for which application threads were stopped: 0.0001785 seconds, Stopping threads took: 0.0000406 seconds
{Heap before GC invocations=7 (full 0):
 garbage-first heap   total 524288K, used 329216K [0x00000000e0000000, 0x00000000e0101000, 0x0000000100000000)
  region size 1024K, 307 young (314368K), 21 survivors (21504K)
 Metaspace       used 37799K, capacity 38876K, committed 38992K, reserved 1083392K
  class space    used 4657K, capacity 4922K, committed 4992K, reserved 1048576K
2020-10-24T18:11:08.470+0200: 12.579: [GC pause (G1 Evacuation Pause) (young)
Desired survivor size 20447232 bytes, new threshold 15 (max 15)
- age   1:    5791120 bytes,    5791120 total
- age   2:    1691504 bytes,    7482624 total
- age   3:    1255032 bytes,    8737656 total
, 0.0172021 secs]
   [Parallel Time: 14.7 ms, GC Workers: 4]
      [GC Worker Start (ms): Min: 12579.4, Avg: 12579.4, Max: 12579.4, Diff: 0.1]
      [Ext Root Scanning (ms): Min: 1.0, Avg: 1.5, Max: 2.4, Diff: 1.4, Sum: 5.9]
      [Update RS (ms): Min: 0.0, Avg: 0.5, Max: 0.9, Diff: 0.9, Sum: 1.9]
         [Processed Buffers: Min: 0, Avg: 3.0, Max: 8, Diff: 8, Sum: 12]
      [Scan RS (ms): Min: 0.0, Avg: 0.1, Max: 0.1, Diff: 0.1, Sum: 0.2]
      [Code Root Scanning (ms): Min: 0.1, Avg: 0.5, Max: 0.8, Diff: 0.7, Sum: 2.0]
      [Object Copy (ms): Min: 11.5, Avg: 11.9, Max: 12.3, Diff: 0.8, Sum: 47.6]
      [Termination (ms): Min: 0.0, Avg: 0.0, Max: 0.0, Diff: 0.0, Sum: 0.0]
         [Termination Attempts: Min: 1, Avg: 2.0, Max: 5, Diff: 4, Sum: 8]
      [GC Worker Other (ms): Min: 0.0, Avg: 0.0, Max: 0.0, Diff: 0.0, Sum: 0.1]
      [GC Worker Total (ms): Min: 14.4, Avg: 14.4, Max: 14.5, Diff: 0.1, Sum: 57.8]
      [GC Worker End (ms): Min: 12593.8, Avg: 12593.8, Max: 12593.8, Diff: 0.0]
   [Code Root Fixup: 0.1 ms]
   [Code Root Purge: 0.0 ms]
   [Clear CT: 0.1 ms]
   [Other: 2.3 ms]
      [Choose CSet: 0.0 ms]
      [Ref Proc: 1.5 ms]
      [Ref Enq: 0.1 ms]
      [Redirty Cards: 0.1 ms]
      [Humongous Register: 0.0 ms]
      [Humongous Reclaim: 0.0 ms]
      [Free CSet: 0.5 ms]
   [Eden: 286.0M(286.0M)->0.0B(291.0M) Survivors: 21.0M->16.0M Heap: 321.5M(512.0M)->30.5M(512.0M)]
Heap after GC invocations=8 (full 0):
 garbage-first heap   total 524288K, used 31232K [0x00000000e0000000, 0x00000000e0101000, 0x0000000100000000)
  region size 1024K, 16 young (16384K), 16 survivors (16384K)
 Metaspace       used 37799K, capacity 38876K, committed 38992K, reserved 1083392K
  class space    used 4657K, capacity 4922K, committed 4992K, reserved 1048576K
}
 [Times: user=0.06 sys=0.00, real=0.02 secs] 
2020-10-24T18:11:08.488+0200: 12.597: Total time for which application threads were stopped: 0.0180042 seconds, Stopping threads took: 0.0000921 seconds
2020-10-24T18:11:08.489+0200: 12.598: Total time for which application threads were stopped: 0.0004095 seconds, Stopping threads took: 0.0002445 seconds
2020-10-24T18:11:08.490+0200: 12.599: Total time for which application threads were stopped: 0.0008236 seconds, Stopping threads took: 0.0000790 seconds
2020-10-24T18:11:08.490+0200: 12.600: Total time for which application threads were stopped: 0.0003057 seconds, Stopping threads took: 0.0001205 seconds
2020-10-24T18:11:08.491+0200: 12.600: Total time for which application threads were stopped: 0.0001911 seconds, Stopping threads took: 0.0000741 seconds
2020-10-24T18:11:08.772+0200: 12.881: Total time for which application threads were stopped: 0.0002651 seconds, Stopping threads took: 0.0000952 seconds
2020-10-24T18:11:08.772+0200: 12.881: Total time for which application threads were stopped: 0.0001251 seconds, Stopping threads took: 0.0000410 seconds
2020-10-24T18:11:08.772+0200: 12.881: Total time for which application threads were stopped: 0.0001570 seconds, Stopping threads took: 0.0000493 seconds
2020-10-24T18:11:08.774+0200: 12.883: Total time for which application threads were stopped: 0.0002420 seconds, Stopping threads took: 0.0000902 seconds
2020-10-24T18:11:08.864+0200: 12.973: Total time for which application threads were stopped: 0.0002665 seconds, Stopping threads took: 0.0000671 seconds
2020-10-24T18:11:08.911+0200: 13.020: Total time for which application threads were stopped: 0.0006436 seconds, Stopping threads took: 0.0000543 seconds
2020-10-24T18:11:08.934+0200: 13.043: Total time for which application threads were stopped: 0.0002221 seconds, Stopping threads took: 0.0000647 seconds
2020-10-24T18:11:09.092+0200: 13.201: Total time for which application threads were stopped: 0.0007935 seconds, Stopping threads took: 0.0001038 seconds
2020-10-24T18:11:09.596+0200: 13.706: Total time for which application threads were stopped: 0.0004749 seconds, Stopping threads took: 0.0000547 seconds
2020-10-24T18:11:09.819+0200: 13.928: Total time for which application threads were stopped: 0.0010009 seconds, Stopping threads took: 0.0007021 seconds
{Heap before GC invocations=8 (full 0):
 garbage-first heap   total 524288K, used 330113K [0x00000000e0000000, 0x00000000e0101000, 0x0000000100000000)
  region size 1024K, 307 young (314368K), 16 survivors (16384K)
 Metaspace       used 39877K, capacity 40988K, committed 41296K, reserved 1085440K
  class space    used 4867K, capacity 5164K, committed 5248K, reserved 1048576K
2020-10-24T18:11:09.909+0200: 14.018: [GC pause (G1 Evacuation Pause) (young)
Desired survivor size 20447232 bytes, new threshold 15 (max 15)
- age   1:    2932480 bytes,    2932480 total
- age   2:    5556720 bytes,    8489200 total
- age   3:    1686976 bytes,   10176176 total
- age   4:    1246456 bytes,   11422632 total
, 0.0168904 secs]
   [Parallel Time: 15.1 ms, GC Workers: 4]
      [GC Worker Start (ms): Min: 14018.2, Avg: 14018.2, Max: 14018.3, Diff: 0.1]
      [Ext Root Scanning (ms): Min: 0.6, Avg: 1.3, Max: 2.6, Diff: 2.0, Sum: 5.2]
      [Update RS (ms): Min: 0.0, Avg: 0.4, Max: 0.6, Diff: 0.6, Sum: 1.7]
         [Processed Buffers: Min: 0, Avg: 3.0, Max: 7, Diff: 7, Sum: 12]
      [Scan RS (ms): Min: 0.0, Avg: 0.1, Max: 0.1, Diff: 0.1, Sum: 0.2]
      [Code Root Scanning (ms): Min: 0.0, Avg: 0.7, Max: 1.3, Diff: 1.3, Sum: 3.0]
      [Object Copy (ms): Min: 12.0, Avg: 12.5, Max: 13.3, Diff: 1.3, Sum: 49.9]
      [Termination (ms): Min: 0.0, Avg: 0.0, Max: 0.0, Diff: 0.0, Sum: 0.0]
         [Termination Attempts: Min: 1, Avg: 1.8, Max: 3, Diff: 2, Sum: 7]
      [GC Worker Other (ms): Min: 0.0, Avg: 0.0, Max: 0.0, Diff: 0.0, Sum: 0.1]
      [GC Worker Total (ms): Min: 14.9, Avg: 15.0, Max: 15.1, Diff: 0.1, Sum: 60.1]
      [GC Worker End (ms): Min: 14033.2, Avg: 14033.3, Max: 14033.3, Diff: 0.0]
   [Code Root Fixup: 0.1 ms]
   [Code Root Purge: 0.0 ms]
   [Clear CT: 0.1 ms]
   [Other: 1.5 ms]
      [Choose CSet: 0.0 ms]
      [Ref Proc: 0.9 ms]
      [Ref Enq: 0.0 ms]
      [Redirty Cards: 0.0 ms]
      [Humongous Register: 0.0 ms]
      [Humongous Reclaim: 0.0 ms]
      [Free CSet: 0.4 ms]
   [Eden: 291.0M(291.0M)->0.0B(290.0M) Survivors: 16.0M->17.0M Heap: 322.4M(512.0M)->31.5M(512.0M)]
Heap after GC invocations=9 (full 0):
 garbage-first heap   total 524288K, used 32256K [0x00000000e0000000, 0x00000000e0101000, 0x0000000100000000)
  region size 1024K, 17 young (17408K), 17 survivors (17408K)
 Metaspace       used 39877K, capacity 40988K, committed 41296K, reserved 1085440K
  class space    used 4867K, capacity 5164K, committed 5248K, reserved 1048576K
}
 [Times: user=0.06 sys=0.00, real=0.02 secs] 
2020-10-24T18:11:09.926+0200: 14.036: Total time for which application threads were stopped: 0.0184548 seconds, Stopping threads took: 0.0008056 seconds
2020-10-24T18:11:09.926+0200: 14.036: Total time for which application threads were stopped: 0.0002324 seconds, Stopping threads took: 0.0000672 seconds
2020-10-24T18:11:09.927+0200: 14.036: Total time for which application threads were stopped: 0.0002066 seconds, Stopping threads took: 0.0000707 seconds
2020-10-24T18:11:09.927+0200: 14.037: Total time for which application threads were stopped: 0.0001973 seconds, Stopping threads took: 0.0000551 seconds
2020-10-24T18:11:09.927+0200: 14.037: Total time for which application threads were stopped: 0.0001283 seconds, Stopping threads took: 0.0000431 seconds
2020-10-24T18:11:09.927+0200: 14.037: Total time for which application threads were stopped: 0.0001560 seconds, Stopping threads took: 0.0000505 seconds
2020-10-24T18:11:09.928+0200: 14.037: Total time for which application threads were stopped: 0.0001348 seconds, Stopping threads took: 0.0000308 seconds
2020-10-24T18:11:09.928+0200: 14.037: Total time for which application threads were stopped: 0.0001269 seconds, Stopping threads took: 0.0000392 seconds
2020-10-24T18:11:10.528+0200: 14.637: Total time for which application threads were stopped: 0.0004547 seconds, Stopping threads took: 0.0000659 seconds
2020-10-24T18:11:10.531+0200: 14.640: Total time for which application threads were stopped: 0.0003236 seconds, Stopping threads took: 0.0000818 seconds
2020-10-24T18:11:10.629+0200: 14.738: Total time for which application threads were stopped: 0.0008702 seconds, Stopping threads took: 0.0002302 seconds
2020-10-24T18:11:10.671+0200: 14.780: Total time for which application threads were stopped: 0.0011767 seconds, Stopping threads took: 0.0010143 seconds
2020-10-24T18:11:10.673+0200: 14.782: Total time for which application threads were stopped: 0.0012405 seconds, Stopping threads took: 0.0010608 seconds
2020-10-24T18:11:10.675+0200: 14.784: Total time for which application threads were stopped: 0.0002267 seconds, Stopping threads took: 0.0000746 seconds
2020-10-24T18:11:10.676+0200: 14.785: Total time for which application threads were stopped: 0.0005731 seconds, Stopping threads took: 0.0003935 seconds
2020-10-24T18:11:10.678+0200: 14.787: Total time for which application threads were stopped: 0.0002555 seconds, Stopping threads took: 0.0000981 seconds
2020-10-24T18:11:10.691+0200: 14.800: Total time for which application threads were stopped: 0.0002561 seconds, Stopping threads took: 0.0001130 seconds
2020-10-24T18:11:10.692+0200: 14.801: Total time for which application threads were stopped: 0.0002168 seconds, Stopping threads took: 0.0000920 seconds
2020-10-24T18:11:10.692+0200: 14.801: Total time for which application threads were stopped: 0.0001828 seconds, Stopping threads took: 0.0000906 seconds
2020-10-24T18:11:10.694+0200: 14.803: Total time for which application threads were stopped: 0.0002634 seconds, Stopping threads took: 0.0000820 seconds
2020-10-24T18:11:10.694+0200: 14.803: Total time for which application threads were stopped: 0.0002057 seconds, Stopping threads took: 0.0000715 seconds
2020-10-24T18:11:10.695+0200: 14.804: Total time for which application threads were stopped: 0.0007177 seconds, Stopping threads took: 0.0005525 seconds
2020-10-24T18:11:10.695+0200: 14.804: Total time for which application threads were stopped: 0.0002281 seconds, Stopping threads took: 0.0000830 seconds
2020-10-24T18:11:10.695+0200: 14.804: Total time for which application threads were stopped: 0.0002114 seconds, Stopping threads took: 0.0000913 seconds
2020-10-24T18:11:10.701+0200: 14.810: Total time for which application threads were stopped: 0.0002438 seconds, Stopping threads took: 0.0000884 seconds
2020-10-24T18:11:10.701+0200: 14.811: Total time for which application threads were stopped: 0.0004235 seconds, Stopping threads took: 0.0003081 seconds
2020-10-24T18:11:10.707+0200: 14.816: Total time for which application threads were stopped: 0.0005792 seconds, Stopping threads took: 0.0000493 seconds
2020-10-24T18:11:10.707+0200: 14.816: Total time for which application threads were stopped: 0.0005166 seconds, Stopping threads took: 0.0000460 seconds
2020-10-24T18:11:10.710+0200: 14.819: Total time for which application threads were stopped: 0.0002533 seconds, Stopping threads took: 0.0000765 seconds
2020-10-24T18:11:10.711+0200: 14.820: Total time for which application threads were stopped: 0.0001716 seconds, Stopping threads took: 0.0000344 seconds
2020-10-24T18:11:10.719+0200: 14.828: Total time for which application threads were stopped: 0.0007068 seconds, Stopping threads took: 0.0000591 seconds
2020-10-24T18:11:10.745+0200: 14.854: Total time for which application threads were stopped: 0.0002138 seconds, Stopping threads took: 0.0000744 seconds
2020-10-24T18:11:10.747+0200: 14.856: Total time for which application threads were stopped: 0.0005069 seconds, Stopping threads took: 0.0002936 seconds
2020-10-24T18:11:10.747+0200: 14.856: Total time for which application threads were stopped: 0.0002477 seconds, Stopping threads took: 0.0000672 seconds
2020-10-24T18:11:10.748+0200: 14.857: Total time for which application threads were stopped: 0.0002329 seconds, Stopping threads took: 0.0000509 seconds
2020-10-24T18:11:10.753+0200: 14.862: Total time for which application threads were stopped: 0.0004792 seconds, Stopping threads took: 0.0002255 seconds
2020-10-24T18:11:10.754+0200: 14.863: Total time for which application threads were stopped: 0.0002717 seconds, Stopping threads took: 0.0000898 seconds
2020-10-24T18:11:10.756+0200: 14.865: Total time for which application threads were stopped: 0.0002991 seconds, Stopping threads took: 0.0000905 seconds
2020-10-24T18:11:10.756+0200: 14.865: Total time for which application threads were stopped: 0.0002441 seconds, Stopping threads took: 0.0000807 seconds
2020-10-24T18:11:10.762+0200: 14.871: Total time for which application threads were stopped: 0.0005081 seconds, Stopping threads took: 0.0002855 seconds
2020-10-24T18:11:10.790+0200: 14.899: Total time for which application threads were stopped: 0.0003015 seconds, Stopping threads took: 0.0001065 seconds
2020-10-24T18:11:10.790+0200: 14.899: Total time for which application threads were stopped: 0.0002149 seconds, Stopping threads took: 0.0000586 seconds
2020-10-24T18:11:10.790+0200: 14.899: Total time for which application threads were stopped: 0.0001964 seconds, Stopping threads took: 0.0000699 seconds
2020-10-24T18:11:10.791+0200: 14.900: Total time for which application threads were stopped: 0.0002098 seconds, Stopping threads took: 0.0000717 seconds
2020-10-24T18:11:10.791+0200: 14.900: Total time for which application threads were stopped: 0.0001620 seconds, Stopping threads took: 0.0000463 seconds
2020-10-24T18:11:10.875+0200: 14.984: Total time for which application threads were stopped: 0.0011572 seconds, Stopping threads took: 0.0009726 seconds
2020-10-24T18:11:10.878+0200: 14.987: Total time for which application threads were stopped: 0.0006048 seconds, Stopping threads took: 0.0004498 seconds
2020-10-24T18:11:10.880+0200: 14.989: Total time for which application threads were stopped: 0.0002359 seconds, Stopping threads took: 0.0000927 seconds
2020-10-24T18:11:10.907+0200: 15.016: Total time for which application threads were stopped: 0.0002778 seconds, Stopping threads took: 0.0000946 seconds
{Heap before GC invocations=9 (full 0):
 garbage-first heap   total 524288K, used 329216K [0x00000000e0000000, 0x00000000e0101000, 0x0000000100000000)
  region size 1024K, 307 young (314368K), 17 survivors (17408K)
 Metaspace       used 43124K, capacity 44584K, committed 44880K, reserved 1089536K
  class space    used 5348K, capacity 5678K, committed 5760K, reserved 1048576K
2020-10-24T18:11:10.980+0200: 15.089: [GC pause (G1 Evacuation Pause) (young)
Desired survivor size 20447232 bytes, new threshold 15 (max 15)
- age   1:    4424504 bytes,    4424504 total
- age   2:     697208 bytes,    5121712 total
- age   3:    4768352 bytes,    9890064 total
- age   4:    1685336 bytes,   11575400 total
- age   5:    1246456 bytes,   12821856 total
, 0.0203676 secs]
   [Parallel Time: 17.9 ms, GC Workers: 4]
      [GC Worker Start (ms): Min: 15088.8, Avg: 15088.8, Max: 15088.8, Diff: 0.0]
      [Ext Root Scanning (ms): Min: 1.8, Avg: 2.3, Max: 3.0, Diff: 1.2, Sum: 9.3]
      [Update RS (ms): Min: 0.2, Avg: 0.6, Max: 1.1, Diff: 0.9, Sum: 2.5]
         [Processed Buffers: Min: 1, Avg: 3.8, Max: 11, Diff: 10, Sum: 15]
      [Scan RS (ms): Min: 0.0, Avg: 0.1, Max: 0.1, Diff: 0.1, Sum: 0.2]
      [Code Root Scanning (ms): Min: 0.0, Avg: 1.0, Max: 2.4, Diff: 2.4, Sum: 4.2]
      [Object Copy (ms): Min: 13.0, Avg: 13.8, Max: 14.5, Diff: 1.6, Sum: 55.0]
      [Termination (ms): Min: 0.0, Avg: 0.0, Max: 0.0, Diff: 0.0, Sum: 0.0]
         [Termination Attempts: Min: 1, Avg: 7.0, Max: 13, Diff: 12, Sum: 28]
      [GC Worker Other (ms): Min: 0.0, Avg: 0.0, Max: 0.0, Diff: 0.0, Sum: 0.1]
      [GC Worker Total (ms): Min: 17.8, Avg: 17.8, Max: 17.8, Diff: 0.0, Sum: 71.3]
      [GC Worker End (ms): Min: 15106.6, Avg: 15106.6, Max: 15106.6, Diff: 0.0]
   [Code Root Fixup: 0.1 ms]
   [Code Root Purge: 0.0 ms]
   [Clear CT: 0.1 ms]
   [Other: 2.3 ms]
      [Choose CSet: 0.0 ms]
      [Ref Proc: 1.5 ms]
      [Ref Enq: 0.1 ms]
      [Redirty Cards: 0.1 ms]
      [Humongous Register: 0.0 ms]
      [Humongous Reclaim: 0.0 ms]
      [Free CSet: 0.4 ms]
   [Eden: 290.0M(290.0M)->0.0B(288.0M) Survivors: 17.0M->19.0M Heap: 321.5M(512.0M)->33.5M(512.0M)]
Heap after GC invocations=10 (full 0):
 garbage-first heap   total 524288K, used 34304K [0x00000000e0000000, 0x00000000e0101000, 0x0000000100000000)
  region size 1024K, 19 young (19456K), 19 survivors (19456K)
 Metaspace       used 43124K, capacity 44584K, committed 44880K, reserved 1089536K
  class space    used 5348K, capacity 5678K, committed 5760K, reserved 1048576K
}
 [Times: user=0.06 sys=0.00, real=0.02 secs] 
2020-10-24T18:11:11.000+0200: 15.109: Total time for which application threads were stopped: 0.0209509 seconds, Stopping threads took: 0.0000759 seconds
2020-10-24T18:11:11.036+0200: 15.145: Total time for which application threads were stopped: 0.0013176 seconds, Stopping threads took: 0.0011720 seconds
2020-10-24T18:11:11.054+0200: 15.163: Total time for which application threads were stopped: 0.0002335 seconds, Stopping threads took: 0.0000648 seconds
2020-10-24T18:11:11.055+0200: 15.164: Total time for which application threads were stopped: 0.0001726 seconds, Stopping threads took: 0.0000523 seconds
2020-10-24T18:11:11.067+0200: 15.176: Total time for which application threads were stopped: 0.0002046 seconds, Stopping threads took: 0.0000553 seconds
2020-10-24T18:11:11.080+0200: 15.189: Total time for which application threads were stopped: 0.0012183 seconds, Stopping threads took: 0.0010850 seconds
2020-10-24T18:11:11.481+0200: 15.590: Total time for which application threads were stopped: 0.0002565 seconds, Stopping threads took: 0.0000849 seconds
2020-10-24T18:11:11.481+0200: 15.591: Total time for which application threads were stopped: 0.0001508 seconds, Stopping threads took: 0.0000617 seconds
2020-10-24T18:11:11.770+0200: 15.879: Total time for which application threads were stopped: 0.0002109 seconds, Stopping threads took: 0.0000754 seconds
2020-10-24T18:11:11.817+0200: 15.927: Total time for which application threads were stopped: 0.0017123 seconds, Stopping threads took: 0.0014858 seconds
2020-10-24T18:11:11.817+0200: 15.927: Total time for which application threads were stopped: 0.0001597 seconds, Stopping threads took: 0.0000562 seconds
2020-10-24T18:11:11.839+0200: 15.949: Total time for which application threads were stopped: 0.0011736 seconds, Stopping threads took: 0.0009467 seconds
2020-10-24T18:11:11.840+0200: 15.949: Total time for which application threads were stopped: 0.0003471 seconds, Stopping threads took: 0.0001986 seconds
2020-10-24T18:11:11.841+0200: 15.950: Total time for which application threads were stopped: 0.0004631 seconds, Stopping threads took: 0.0000564 seconds
2020-10-24T18:11:12.845+0200: 16.954: Total time for which application threads were stopped: 0.0002572 seconds, Stopping threads took: 0.0000597 seconds
2020-10-24T18:11:13.352+0200: 17.461: Total time for which application threads were stopped: 0.0009535 seconds, Stopping threads took: 0.0006492 seconds
2020-10-24T18:11:13.357+0200: 17.467: Total time for which application threads were stopped: 0.0003522 seconds, Stopping threads took: 0.0002062 seconds
2020-10-24T18:11:13.388+0200: 17.498: Total time for which application threads were stopped: 0.0096712 seconds, Stopping threads took: 0.0087200 seconds
2020-10-24T18:11:13.533+0200: 17.643: Total time for which application threads were stopped: 0.0008297 seconds, Stopping threads took: 0.0000549 seconds
2020-10-24T18:11:13.545+0200: 17.655: Total time for which application threads were stopped: 0.0010117 seconds, Stopping threads took: 0.0008653 seconds
2020-10-24T18:11:13.575+0200: 17.685: Total time for which application threads were stopped: 0.0007723 seconds, Stopping threads took: 0.0000966 seconds
2020-10-24T18:11:13.580+0200: 17.690: Total time for which application threads were stopped: 0.0007724 seconds, Stopping threads took: 0.0000763 seconds
2020-10-24T18:11:13.664+0200: 17.773: Total time for which application threads were stopped: 0.0035300 seconds, Stopping threads took: 0.0033592 seconds
2020-10-24T18:11:13.693+0200: 17.803: Total time for which application threads were stopped: 0.0002739 seconds, Stopping threads took: 0.0000759 seconds
2020-10-24T18:11:13.694+0200: 17.803: Total time for which application threads were stopped: 0.0001804 seconds, Stopping threads took: 0.0000632 seconds
2020-10-24T18:11:13.694+0200: 17.803: Total time for which application threads were stopped: 0.0001604 seconds, Stopping threads took: 0.0000570 seconds
2020-10-24T18:11:14.082+0200: 18.192: Total time for which application threads were stopped: 0.0008674 seconds, Stopping threads took: 0.0001481 seconds
2020-10-24T18:11:14.184+0200: 18.293: Total time for which application threads were stopped: 0.0002149 seconds, Stopping threads took: 0.0000599 seconds
2020-10-24T18:11:14.184+0200: 18.293: Total time for which application threads were stopped: 0.0001572 seconds, Stopping threads took: 0.0000434 seconds
2020-10-24T18:11:14.277+0200: 18.386: Total time for which application threads were stopped: 0.0001683 seconds, Stopping threads took: 0.0000617 seconds
2020-10-24T18:11:14.295+0200: 18.404: Total time for which application threads were stopped: 0.0002114 seconds, Stopping threads took: 0.0000693 seconds
2020-10-24T18:11:14.295+0200: 18.404: Total time for which application threads were stopped: 0.0001866 seconds, Stopping threads took: 0.0000606 seconds
2020-10-24T18:11:14.457+0200: 18.566: Total time for which application threads were stopped: 0.0002511 seconds, Stopping threads took: 0.0000546 seconds
2020-10-24T18:11:14.468+0200: 18.577: Total time for which application threads were stopped: 0.0074679 seconds, Stopping threads took: 0.0073295 seconds
2020-10-24T18:11:14.468+0200: 18.577: Total time for which application threads were stopped: 0.0001299 seconds, Stopping threads took: 0.0000369 seconds
2020-10-24T18:11:14.570+0200: 18.679: Total time for which application threads were stopped: 0.1004847 seconds, Stopping threads took: 0.1003256 seconds
2020-10-24T18:11:14.571+0200: 18.680: Total time for which application threads were stopped: 0.0002381 seconds, Stopping threads took: 0.0000759 seconds
2020-10-24T18:11:14.616+0200: 18.725: Total time for which application threads were stopped: 0.0002996 seconds, Stopping threads took: 0.0000654 seconds
2020-10-24T18:11:14.616+0200: 18.725: Total time for which application threads were stopped: 0.0001562 seconds, Stopping threads took: 0.0000435 seconds
2020-10-24T18:11:15.015+0200: 19.124: Total time for which application threads were stopped: 0.0002100 seconds, Stopping threads took: 0.0000556 seconds
2020-10-24T18:11:15.370+0200: 19.480: Total time for which application threads were stopped: 0.0002086 seconds, Stopping threads took: 0.0000549 seconds
2020-10-24T18:11:15.536+0200: 19.646: Total time for which application threads were stopped: 0.0001765 seconds, Stopping threads took: 0.0000538 seconds
2020-10-24T18:11:15.566+0200: 19.675: Total time for which application threads were stopped: 0.0001911 seconds, Stopping threads took: 0.0000574 seconds
2020-10-24T18:11:15.568+0200: 19.677: Total time for which application threads were stopped: 0.0002006 seconds, Stopping threads took: 0.0000721 seconds
2020-10-24T18:11:16.027+0200: 20.136: Total time for which application threads were stopped: 0.0001495 seconds, Stopping threads took: 0.0000581 seconds
2020-10-24T18:11:16.040+0200: 20.149: Total time for which application threads were stopped: 0.0002824 seconds, Stopping threads took: 0.0000795 seconds
2020-10-24T18:11:16.049+0200: 20.158: Total time for which application threads were stopped: 0.0039318 seconds, Stopping threads took: 0.0037898 seconds
2020-10-24T18:11:16.051+0200: 20.160: Total time for which application threads were stopped: 0.0001774 seconds, Stopping threads took: 0.0000470 seconds
2020-10-24T18:11:16.068+0200: 20.177: Total time for which application threads were stopped: 0.0001988 seconds, Stopping threads took: 0.0000534 seconds
2020-10-24T18:11:16.069+0200: 20.178: Total time for which application threads were stopped: 0.0001215 seconds, Stopping threads took: 0.0000318 seconds
2020-10-24T18:11:16.073+0200: 20.183: Total time for which application threads were stopped: 0.0003575 seconds, Stopping threads took: 0.0001970 seconds
2020-10-24T18:11:16.074+0200: 20.183: Total time for which application threads were stopped: 0.0002289 seconds, Stopping threads took: 0.0000958 seconds
2020-10-24T18:11:16.076+0200: 20.185: Total time for which application threads were stopped: 0.0002483 seconds, Stopping threads took: 0.0000770 seconds
2020-10-24T18:11:16.078+0200: 20.187: Total time for which application threads were stopped: 0.0004576 seconds, Stopping threads took: 0.0002966 seconds
2020-10-24T18:11:16.098+0200: 20.207: Total time for which application threads were stopped: 0.0007985 seconds, Stopping threads took: 0.0000571 seconds
2020-10-24T18:11:16.104+0200: 20.213: Total time for which application threads were stopped: 0.0002845 seconds, Stopping threads took: 0.0000650 seconds
2020-10-24T18:11:16.105+0200: 20.214: Total time for which application threads were stopped: 0.0002282 seconds, Stopping threads took: 0.0000860 seconds
2020-10-24T18:11:16.115+0200: 20.224: Total time for which application threads were stopped: 0.0002416 seconds, Stopping threads took: 0.0000886 seconds
2020-10-24T18:11:16.161+0200: 20.270: Total time for which application threads were stopped: 0.0002517 seconds, Stopping threads took: 0.0000660 seconds
2020-10-24T18:11:16.330+0200: 20.439: Total time for which application threads were stopped: 0.0009148 seconds, Stopping threads took: 0.0000606 seconds
2020-10-24T18:11:16.331+0200: 20.440: Total time for which application threads were stopped: 0.0002134 seconds, Stopping threads took: 0.0000819 seconds
2020-10-24T18:11:16.336+0200: 20.445: Total time for which application threads were stopped: 0.0019742 seconds, Stopping threads took: 0.0018156 seconds
2020-10-24T18:11:17.336+0200: 21.445: Total time for which application threads were stopped: 0.0002058 seconds, Stopping threads took: 0.0000599 seconds
2020-10-24T18:11:19.277+0200: 23.386: Total time for which application threads were stopped: 0.0002224 seconds, Stopping threads took: 0.0000790 seconds
2020-10-24T18:11:19.278+0200: 23.387: Total time for which application threads were stopped: 0.0002098 seconds, Stopping threads took: 0.0000559 seconds
2020-10-24T18:11:19.278+0200: 23.387: Total time for which application threads were stopped: 0.0001631 seconds, Stopping threads took: 0.0000723 seconds
2020-10-24T18:11:19.342+0200: 23.451: Total time for which application threads were stopped: 0.0002080 seconds, Stopping threads took: 0.0000890 seconds
2020-10-24T18:11:19.342+0200: 23.451: Total time for which application threads were stopped: 0.0001506 seconds, Stopping threads took: 0.0000690 seconds
2020-10-24T18:11:19.365+0200: 23.474: Total time for which application threads were stopped: 0.0002635 seconds, Stopping threads took: 0.0000775 seconds
2020-10-24T18:11:19.381+0200: 23.490: Total time for which application threads were stopped: 0.0002868 seconds, Stopping threads took: 0.0000924 seconds
2020-10-24T18:11:19.383+0200: 23.492: Total time for which application threads were stopped: 0.0001966 seconds, Stopping threads took: 0.0000730 seconds
2020-10-24T18:11:19.384+0200: 23.493: Total time for which application threads were stopped: 0.0001238 seconds, Stopping threads took: 0.0000356 seconds
2020-10-24T18:11:19.433+0200: 23.542: Total time for which application threads were stopped: 0.0006428 seconds, Stopping threads took: 0.0000389 seconds
2020-10-24T18:11:19.437+0200: 23.546: Total time for which application threads were stopped: 0.0001990 seconds, Stopping threads took: 0.0000762 seconds
2020-10-24T18:11:19.447+0200: 23.556: Total time for which application threads were stopped: 0.0002301 seconds, Stopping threads took: 0.0000616 seconds
2020-10-24T18:11:19.448+0200: 23.557: Total time for which application threads were stopped: 0.0001861 seconds, Stopping threads took: 0.0000514 seconds
2020-10-24T18:11:19.448+0200: 23.557: Total time for which application threads were stopped: 0.0001548 seconds, Stopping threads took: 0.0000445 seconds
2020-10-24T18:11:19.504+0200: 23.613: Total time for which application threads were stopped: 0.0002786 seconds, Stopping threads took: 0.0000735 seconds
2020-10-24T18:11:19.505+0200: 23.614: Total time for which application threads were stopped: 0.0002189 seconds, Stopping threads took: 0.0000745 seconds
2020-10-24T18:11:19.505+0200: 23.614: Total time for which application threads were stopped: 0.0001697 seconds, Stopping threads took: 0.0000641 seconds
2020-10-24T18:11:19.505+0200: 23.614: Total time for which application threads were stopped: 0.0002034 seconds, Stopping threads took: 0.0001037 seconds
2020-10-24T18:11:19.506+0200: 23.615: Total time for which application threads were stopped: 0.0001498 seconds, Stopping threads took: 0.0000498 seconds
2020-10-24T18:11:19.506+0200: 23.615: Total time for which application threads were stopped: 0.0001200 seconds, Stopping threads took: 0.0000357 seconds
2020-10-24T18:11:19.506+0200: 23.615: Total time for which application threads were stopped: 0.0001576 seconds, Stopping threads took: 0.0000611 seconds
2020-10-24T18:11:19.506+0200: 23.615: Total time for which application threads were stopped: 0.0001331 seconds, Stopping threads took: 0.0000424 seconds
2020-10-24T18:11:19.506+0200: 23.615: Total time for which application threads were stopped: 0.0001725 seconds, Stopping threads took: 0.0000812 seconds
2020-10-24T18:11:19.507+0200: 23.616: Total time for which application threads were stopped: 0.0001271 seconds, Stopping threads took: 0.0000483 seconds
2020-10-24T18:11:19.507+0200: 23.616: Total time for which application threads were stopped: 0.0001513 seconds, Stopping threads took: 0.0000638 seconds
2020-10-24T18:11:19.507+0200: 23.616: Total time for which application threads were stopped: 0.0001415 seconds, Stopping threads took: 0.0000582 seconds
2020-10-24T18:11:19.508+0200: 23.617: Total time for which application threads were stopped: 0.0001373 seconds, Stopping threads took: 0.0000456 seconds
2020-10-24T18:11:19.508+0200: 23.617: Total time for which application threads were stopped: 0.0001604 seconds, Stopping threads took: 0.0000748 seconds
2020-10-24T18:11:19.508+0200: 23.617: Total time for which application threads were stopped: 0.0001157 seconds, Stopping threads took: 0.0000418 seconds
2020-10-24T18:11:19.508+0200: 23.617: Total time for which application threads were stopped: 0.0001088 seconds, Stopping threads took: 0.0000369 seconds
2020-10-24T18:11:19.509+0200: 23.617: Total time for which application threads were stopped: 0.0001341 seconds, Stopping threads took: 0.0000365 seconds
2020-10-24T18:11:19.509+0200: 23.618: Total time for which application threads were stopped: 0.0001532 seconds, Stopping threads took: 0.0000616 seconds
2020-10-24T18:11:19.509+0200: 23.618: Total time for which application threads were stopped: 0.0001290 seconds, Stopping threads took: 0.0000414 seconds
2020-10-24T18:11:19.510+0200: 23.619: Total time for which application threads were stopped: 0.0005389 seconds, Stopping threads took: 0.0000467 seconds
2020-10-24T18:11:20.515+0200: 24.624: Total time for which application threads were stopped: 0.0002283 seconds, Stopping threads took: 0.0000779 seconds
2020-10-24T18:11:22.527+0200: 26.637: Total time for which application threads were stopped: 0.0006388 seconds, Stopping threads took: 0.0002150 seconds
2020-10-24T18:11:47.248+0200: 51.357: Total time for which application threads were stopped: 0.0002399 seconds, Stopping threads took: 0.0000991 seconds
2020-10-24T18:11:47.284+0200: 51.393: Total time for which application threads were stopped: 0.0001340 seconds, Stopping threads took: 0.0000421 seconds
2020-10-24T18:14:06.481+0200: 190.590: Total time for which application threads were stopped: 0.0007003 seconds, Stopping threads took: 0.0002549 seconds
2020-10-24T18:14:20.307+0200: 204.419: Total time for which application threads were stopped: 0.0002174 seconds, Stopping threads took: 0.0000819 seconds
2020-10-24T18:14:20.407+0200: 204.517: Total time for which application threads were stopped: 0.0005271 seconds, Stopping threads took: 0.0004067 seconds
2020-10-24T18:14:20.407+0200: 204.518: Total time for which application threads were stopped: 0.0001072 seconds, Stopping threads took: 0.0000349 seconds
2020-10-24T18:14:20.407+0200: 204.518: Total time for which application threads were stopped: 0.0002375 seconds, Stopping threads took: 0.0001649 seconds
2020-10-24T18:14:20.407+0200: 204.518: Total time for which application threads were stopped: 0.0001359 seconds, Stopping threads took: 0.0000560 seconds
2020-10-24T18:14:24.437+0200: 208.546: Total time for which application threads were stopped: 0.0005394 seconds, Stopping threads took: 0.0002129 seconds
2020-10-24T18:15:11.754+0200: 255.863: Total time for which application threads were stopped: 0.0001968 seconds, Stopping threads took: 0.0000667 seconds
2020-10-24T18:15:41.134+0200: 285.244: Total time for which application threads were stopped: 0.0001308 seconds, Stopping threads took: 0.0000392 seconds
2020-10-24T18:15:53.214+0200: 297.324: Total time for which application threads were stopped: 0.0005486 seconds, Stopping threads took: 0.0002531 seconds
2020-10-24T18:17:16.395+0200: 380.504: Total time for which application threads were stopped: 0.0004402 seconds, Stopping threads took: 0.0001468 seconds
2020-10-24T18:17:20.434+0200: 384.543: Total time for which application threads were stopped: 0.0004620 seconds, Stopping threads took: 0.0002186 seconds
2020-10-24T18:18:17.933+0200: 442.042: Total time for which application threads were stopped: 0.0006519 seconds, Stopping threads took: 0.0002561 seconds
2020-10-24T18:18:51.360+0200: 475.469: Total time for which application threads were stopped: 0.0002879 seconds, Stopping threads took: 0.0001065 seconds
2020-10-24T18:20:24.642+0200: 568.752: Total time for which application threads were stopped: 0.0002199 seconds, Stopping threads took: 0.0000653 seconds
2020-10-24T18:20:26.651+0200: 570.760: Total time for which application threads were stopped: 0.0002396 seconds, Stopping threads took: 0.0000651 seconds
2020-10-24T18:20:29.670+0200: 573.779: Total time for which application threads were stopped: 0.0005702 seconds, Stopping threads took: 0.0002106 seconds
2020-10-24T18:21:42.214+0200: 646.323: Total time for which application threads were stopped: 0.0002255 seconds, Stopping threads took: 0.0000664 seconds
2020-10-24T18:21:49.297+0200: 653.406: Total time for which application threads were stopped: 0.0005053 seconds, Stopping threads took: 0.0002387 seconds
2020-10-24T18:21:57.850+0200: 661.960: Total time for which application threads were stopped: 0.0002045 seconds, Stopping threads took: 0.0000565 seconds
2020-10-24T18:23:19.568+0200: 743.678: Total time for which application threads were stopped: 0.0005648 seconds, Stopping threads took: 0.0002377 seconds
2020-10-24T18:23:31.582+0200: 755.692: Total time for which application threads were stopped: 0.0004321 seconds, Stopping threads took: 0.0001276 seconds
2020-10-24T18:25:04.267+0200: 848.377: Total time for which application threads were stopped: 0.0006139 seconds, Stopping threads took: 0.0001760 seconds
2020-10-24T18:26:38.513+0200: 942.623: Total time for which application threads were stopped: 0.0002023 seconds, Stopping threads took: 0.0000562 seconds
2020-10-24T18:27:53.964+0200: 1018.073: Total time for which application threads were stopped: 0.0002630 seconds, Stopping threads took: 0.0000882 seconds
2020-10-24T18:28:14.984+0200: 1039.093: Total time for which application threads were stopped: 0.0001607 seconds, Stopping threads took: 0.0000404 seconds
2020-10-24T18:28:15.994+0200: 1040.103: Total time for which application threads were stopped: 0.0002166 seconds, Stopping threads took: 0.0000665 seconds
2020-10-24T18:28:55.214+0200: 1079.323: Total time for which application threads were stopped: 0.0002530 seconds, Stopping threads took: 0.0000835 seconds
2020-10-24T18:29:20.374+0200: 1104.483: Total time for which application threads were stopped: 0.0002789 seconds, Stopping threads took: 0.0001319 seconds
2020-10-24T18:29:22.384+0200: 1106.493: Total time for which application threads were stopped: 0.0001678 seconds, Stopping threads took: 0.0000703 seconds
2020-10-24T18:29:23.394+0200: 1107.504: Total time for which application threads were stopped: 0.0003938 seconds, Stopping threads took: 0.0001429 seconds
2020-10-24T18:29:27.414+0200: 1111.523: Total time for which application threads were stopped: 0.0001966 seconds, Stopping threads took: 0.0000741 seconds
2020-10-24T18:29:34.475+0200: 1118.584: Total time for which application threads were stopped: 0.0005507 seconds, Stopping threads took: 0.0002097 seconds
2020-10-24T18:29:36.494+0200: 1120.604: Total time for which application threads were stopped: 0.0004440 seconds, Stopping threads took: 0.0001155 seconds
2020-10-24T18:29:37.504+0200: 1121.614: Total time for which application threads were stopped: 0.0005474 seconds, Stopping threads took: 0.0002047 seconds
2020-10-24T18:29:41.534+0200: 1125.643: Total time for which application threads were stopped: 0.0002037 seconds, Stopping threads took: 0.0000635 seconds
2020-10-24T18:29:43.545+0200: 1127.654: Total time for which application threads were stopped: 0.0004928 seconds, Stopping threads took: 0.0001808 seconds
2020-10-24T18:29:47.214+0200: 1131.326: Total time for which application threads were stopped: 0.0017226 seconds, Stopping threads took: 0.0011835 seconds
2020-10-24T18:31:21.700+0200: 1225.810: Total time for which application threads were stopped: 0.0005690 seconds, Stopping threads took: 0.0001616 seconds
2020-10-24T18:31:22.705+0200: 1226.814: Total time for which application threads were stopped: 0.0003752 seconds, Stopping threads took: 0.0001321 seconds
2020-10-24T18:32:56.889+0200: 1320.999: Total time for which application threads were stopped: 0.0003961 seconds, Stopping threads took: 0.0001197 seconds
2020-10-24T18:33:55.368+0200: 1379.478: Total time for which application threads were stopped: 0.0003569 seconds, Stopping threads took: 0.0001138 seconds
2020-10-24T18:34:30.114+0200: 1414.223: Total time for which application threads were stopped: 0.0004266 seconds, Stopping threads took: 0.0001271 seconds
2020-10-24T18:36:04.687+0200: 1508.797: Total time for which application threads were stopped: 0.0005639 seconds, Stopping threads took: 0.0001565 seconds
2020-10-24T18:37:18.265+0200: 1582.375: Total time for which application threads were stopped: 0.0005653 seconds, Stopping threads took: 0.0001762 seconds
2020-10-24T18:37:25.315+0200: 1589.425: Total time for which application threads were stopped: 0.0004471 seconds, Stopping threads took: 0.0002161 seconds
2020-10-24T18:37:32.376+0200: 1596.485: Total time for which application threads were stopped: 0.0005337 seconds, Stopping threads took: 0.0003097 seconds
2020-10-24T18:37:34.396+0200: 1598.505: Total time for which application threads were stopped: 0.0003980 seconds, Stopping threads took: 0.0001898 seconds
2020-10-24T18:37:40.680+0200: 1604.789: Total time for which application threads were stopped: 0.0001593 seconds, Stopping threads took: 0.0000620 seconds
2020-10-24T18:38:00.817+0200: 1624.926: Total time for which application threads were stopped: 0.0002041 seconds, Stopping threads took: 0.0000627 seconds
2020-10-24T18:39:17.737+0200: 1701.847: Total time for which application threads were stopped: 0.0004345 seconds, Stopping threads took: 0.0001324 seconds
2020-10-24T18:40:51.125+0200: 1795.234: Total time for which application threads were stopped: 0.0001366 seconds, Stopping threads took: 0.0000409 seconds
2020-10-24T18:40:52.139+0200: 1796.248: Total time for which application threads were stopped: 0.0004903 seconds, Stopping threads took: 0.0001876 seconds
2020-10-24T18:42:24.893+0200: 1889.002: Total time for which application threads were stopped: 0.0005838 seconds, Stopping threads took: 0.0001560 seconds
2020-10-24T18:43:15.243+0200: 1939.352: Total time for which application threads were stopped: 0.0008555 seconds, Stopping threads took: 0.0005719 seconds
2020-10-24T18:43:42.494+0200: 1966.603: Total time for which application threads were stopped: 0.0001891 seconds, Stopping threads took: 0.0000625 seconds
2020-10-24T18:44:01.021+0200: 1985.131: Total time for which application threads were stopped: 0.0004122 seconds, Stopping threads took: 0.0001259 seconds
2020-10-24T18:44:02.033+0200: 1986.142: Total time for which application threads were stopped: 0.0003073 seconds, Stopping threads took: 0.0000916 seconds
2020-10-24T18:44:22.221+0200: 2006.330: Total time for which application threads were stopped: 0.0001493 seconds, Stopping threads took: 0.0000502 seconds
2020-10-24T18:44:42.356+0200: 2026.465: Total time for which application threads were stopped: 0.0002768 seconds, Stopping threads took: 0.0000707 seconds
2020-10-24T18:45:36.879+0200: 2080.988: Total time for which application threads were stopped: 0.0005646 seconds, Stopping threads took: 0.0000686 seconds
2020-10-24T18:47:10.940+0200: 2175.050: Total time for which application threads were stopped: 0.0008062 seconds, Stopping threads took: 0.0001260 seconds
2020-10-24T18:48:44.670+0200: 2268.779: Total time for which application threads were stopped: 0.0004199 seconds, Stopping threads took: 0.0001308 seconds
2020-10-24T18:50:18.688+0200: 2362.798: Total time for which application threads were stopped: 0.0001875 seconds, Stopping threads took: 0.0000539 seconds
2020-10-24T18:50:19.690+0200: 2363.799: Total time for which application threads were stopped: 0.0001951 seconds, Stopping threads took: 0.0000652 seconds
2020-10-24T18:51:50.985+0200: 2455.095: Total time for which application threads were stopped: 0.0002643 seconds, Stopping threads took: 0.0000547 seconds
2020-10-24T18:51:51.998+0200: 2456.108: Total time for which application threads were stopped: 0.0003318 seconds, Stopping threads took: 0.0001637 seconds
2020-10-24T18:53:27.765+0200: 2551.875: Total time for which application threads were stopped: 0.0002432 seconds, Stopping threads took: 0.0000680 seconds
2020-10-24T18:54:33.028+0200: 2617.137: Total time for which application threads were stopped: 0.0128610 seconds, Stopping threads took: 0.0127021 seconds
2020-10-24T18:54:33.034+0200: 2617.143: Total time for which application threads were stopped: 0.0038739 seconds, Stopping threads took: 0.0037437 seconds
2020-10-24T18:54:33.034+0200: 2617.143: Total time for which application threads were stopped: 0.0001983 seconds, Stopping threads took: 0.0000717 seconds
2020-10-24T18:54:33.035+0200: 2617.143: Total time for which application threads were stopped: 0.0001473 seconds, Stopping threads took: 0.0000412 seconds
2020-10-24T18:54:33.036+0200: 2617.145: Total time for which application threads were stopped: 0.0007182 seconds, Stopping threads took: 0.0005645 seconds
2020-10-24T18:54:33.041+0200: 2617.150: Total time for which application threads were stopped: 0.0010630 seconds, Stopping threads took: 0.0000879 seconds
2020-10-24T18:54:48.410+0200: 2632.519: Total time for which application threads were stopped: 0.0001918 seconds, Stopping threads took: 0.0000622 seconds
2020-10-24T18:54:48.806+0200: 2632.916: Total time for which application threads were stopped: 0.0018326 seconds, Stopping threads took: 0.0014274 seconds
2020-10-24T18:54:48.807+0200: 2632.916: Total time for which application threads were stopped: 0.0004742 seconds, Stopping threads took: 0.0000643 seconds
2020-10-24T18:54:49.813+0200: 2633.922: Total time for which application threads were stopped: 0.0002293 seconds, Stopping threads took: 0.0000630 seconds
2020-10-24T18:54:50.167+0200: 2634.277: Total time for which application threads were stopped: 0.0002356 seconds, Stopping threads took: 0.0000734 seconds
2020-10-24T18:54:50.167+0200: 2634.277: Total time for which application threads were stopped: 0.0001737 seconds, Stopping threads took: 0.0000604 seconds
2020-10-24T18:54:51.116+0200: 2635.225: Total time for which application threads were stopped: 0.0017929 seconds, Stopping threads took: 0.0016145 seconds
2020-10-24T18:54:51.116+0200: 2635.225: Total time for which application threads were stopped: 0.0001788 seconds, Stopping threads took: 0.0000392 seconds
2020-10-24T18:54:51.174+0200: 2635.283: Total time for which application threads were stopped: 0.0020836 seconds, Stopping threads took: 0.0017959 seconds
2020-10-24T18:54:51.174+0200: 2635.283: Total time for which application threads were stopped: 0.0003405 seconds, Stopping threads took: 0.0000670 seconds
2020-10-24T18:54:53.484+0200: 2637.593: Total time for which application threads were stopped: 0.0002631 seconds, Stopping threads took: 0.0000545 seconds
{Heap before GC invocations=10 (full 0):
 garbage-first heap   total 524288K, used 329216K [0x00000000e0000000, 0x00000000e0101000, 0x0000000100000000)
  region size 1024K, 307 young (314368K), 19 survivors (19456K)
 Metaspace       used 51403K, capacity 53284K, committed 53328K, reserved 1095680K
  class space    used 6366K, capacity 6764K, committed 6784K, reserved 1048576K
2020-10-24T18:54:53.660+0200: 2637.769: [GC pause (G1 Evacuation Pause) (young)
Desired survivor size 20447232 bytes, new threshold 15 (max 15)
- age   1:    2855120 bytes,    2855120 total
- age   2:    2562872 bytes,    5417992 total
- age   3:     694304 bytes,    6112296 total
- age   4:    4746992 bytes,   10859288 total
- age   5:    1680968 bytes,   12540256 total
- age   6:    1231120 bytes,   13771376 total
, 0.1574988 secs]
   [Parallel Time: 143.4 ms, GC Workers: 4]
      [GC Worker Start (ms): Min: 2637771.8, Avg: 2637772.0, Max: 2637772.2, Diff: 0.5]
      [Ext Root Scanning (ms): Min: 2.6, Avg: 19.8, Max: 70.7, Diff: 68.2, Sum: 79.3]
      [Update RS (ms): Min: 0.0, Avg: 2.8, Max: 4.0, Diff: 4.0, Sum: 11.3]
         [Processed Buffers: Min: 0, Avg: 6.3, Max: 20, Diff: 20, Sum: 25]
      [Scan RS (ms): Min: 0.1, Avg: 0.2, Max: 0.4, Diff: 0.4, Sum: 0.7]
      [Code Root Scanning (ms): Min: 0.0, Avg: 4.6, Max: 7.5, Diff: 7.5, Sum: 18.2]
      [Object Copy (ms): Min: 71.8, Avg: 115.0, Max: 130.8, Diff: 59.0, Sum: 460.1]
      [Termination (ms): Min: 0.0, Avg: 0.0, Max: 0.1, Diff: 0.1, Sum: 0.2]
         [Termination Attempts: Min: 1, Avg: 3.8, Max: 6, Diff: 5, Sum: 15]
      [GC Worker Other (ms): Min: 0.1, Avg: 0.1, Max: 0.1, Diff: 0.0, Sum: 0.4]
      [GC Worker Total (ms): Min: 142.3, Avg: 142.5, Max: 142.8, Diff: 0.5, Sum: 570.2]
      [GC Worker End (ms): Min: 2637914.5, Avg: 2637914.5, Max: 2637914.6, Diff: 0.0]
   [Code Root Fixup: 0.1 ms]
   [Code Root Purge: 0.0 ms]
   [Clear CT: 0.3 ms]
   [Other: 13.6 ms]
      [Choose CSet: 0.0 ms]
      [Ref Proc: 9.7 ms]
      [Ref Enq: 0.1 ms]
      [Redirty Cards: 0.0 ms]
      [Humongous Register: 0.9 ms]
      [Humongous Reclaim: 0.0 ms]
      [Free CSet: 1.4 ms]
   [Eden: 288.0M(288.0M)->0.0B(275.0M) Survivors: 19.0M->32.0M Heap: 321.5M(512.0M)->46.5M(512.0M)]
Heap after GC invocations=11 (full 0):
 garbage-first heap   total 524288K, used 47616K [0x00000000e0000000, 0x00000000e0101000, 0x0000000100000000)
  region size 1024K, 32 young (32768K), 32 survivors (32768K)
 Metaspace       used 51403K, capacity 53284K, committed 53328K, reserved 1095680K
  class space    used 6366K, capacity 6764K, committed 6784K, reserved 1048576K
}
 [Times: user=0.09 sys=0.41, real=0.16 secs] 
2020-10-24T18:54:53.818+0200: 2637.927: Total time for which application threads were stopped: 0.1583017 seconds, Stopping threads took: 0.0000551 seconds
2020-10-24T18:54:53.819+0200: 2637.928: Total time for which application threads were stopped: 0.0002664 seconds, Stopping threads took: 0.0000548 seconds
2020-10-24T18:54:54.721+0200: 2638.832: Total time for which application threads were stopped: 0.0003485 seconds, Stopping threads took: 0.0001112 seconds
2020-10-24T18:54:55.728+0200: 2639.837: Total time for which application threads were stopped: 0.0002221 seconds, Stopping threads took: 0.0000689 seconds
2020-10-24T18:54:56.378+0200: 2640.488: Total time for which application threads were stopped: 0.0507805 seconds, Stopping threads took: 0.0505295 seconds
2020-10-24T18:54:56.378+0200: 2640.489: Total time for which application threads were stopped: 0.0003165 seconds, Stopping threads took: 0.0001276 seconds
2020-10-24T18:54:56.380+0200: 2640.490: Total time for which application threads were stopped: 0.0003228 seconds, Stopping threads took: 0.0000930 seconds
2020-10-24T18:54:56.380+0200: 2640.491: Total time for which application threads were stopped: 0.0001514 seconds, Stopping threads took: 0.0000524 seconds
2020-10-24T18:54:56.998+0200: 2641.107: Total time for which application threads were stopped: 0.0003180 seconds, Stopping threads took: 0.0000949 seconds
2020-10-24T18:54:56.998+0200: 2641.108: Total time for which application threads were stopped: 0.0003341 seconds, Stopping threads took: 0.0001628 seconds
2020-10-24T18:54:57.005+0200: 2641.114: Total time for which application threads were stopped: 0.0003495 seconds, Stopping threads took: 0.0000914 seconds
2020-10-24T18:54:57.104+0200: 2641.214: Total time for which application threads were stopped: 0.0022509 seconds, Stopping threads took: 0.0020477 seconds
2020-10-24T18:54:57.523+0200: 2641.632: Total time for which application threads were stopped: 0.0025255 seconds, Stopping threads took: 0.0022656 seconds
2020-10-24T18:54:57.530+0200: 2641.639: Total time for which application threads were stopped: 0.0025773 seconds, Stopping threads took: 0.0023674 seconds
2020-10-24T18:54:57.531+0200: 2641.640: Total time for which application threads were stopped: 0.0003377 seconds, Stopping threads took: 0.0001571 seconds
2020-10-24T18:54:57.534+0200: 2641.643: Total time for which application threads were stopped: 0.0003050 seconds, Stopping threads took: 0.0000937 seconds
2020-10-24T18:54:57.536+0200: 2641.645: Total time for which application threads were stopped: 0.0003275 seconds, Stopping threads took: 0.0001102 seconds
2020-10-24T18:54:57.592+0200: 2641.701: Total time for which application threads were stopped: 0.0509758 seconds, Stopping threads took: 0.0508139 seconds
2020-10-24T18:54:57.593+0200: 2641.702: Total time for which application threads were stopped: 0.0002449 seconds, Stopping threads took: 0.0000511 seconds
2020-10-24T18:54:57.608+0200: 2641.717: Total time for which application threads were stopped: 0.0029517 seconds, Stopping threads took: 0.0026087 seconds
2020-10-24T18:54:57.612+0200: 2641.721: Total time for which application threads were stopped: 0.0002902 seconds, Stopping threads took: 0.0000834 seconds
2020-10-24T18:54:57.828+0200: 2641.937: Total time for which application threads were stopped: 0.0010614 seconds, Stopping threads took: 0.0008153 seconds
2020-10-24T18:54:57.837+0200: 2641.946: Total time for which application threads were stopped: 0.0012879 seconds, Stopping threads took: 0.0010859 seconds
2020-10-24T18:54:57.838+0200: 2641.947: Total time for which application threads were stopped: 0.0003025 seconds, Stopping threads took: 0.0000985 seconds
2020-10-24T18:54:57.887+0200: 2641.995: Total time for which application threads were stopped: 0.0031437 seconds, Stopping threads took: 0.0028960 seconds
{Heap before GC invocations=11 (full 0):
 garbage-first heap   total 524288K, used 329216K [0x00000000e0000000, 0x00000000e0101000, 0x0000000100000000)
  region size 1024K, 307 young (314368K), 32 survivors (32768K)
 Metaspace       used 51583K, capacity 53506K, committed 53584K, reserved 1095680K
  class space    used 6378K, capacity 6769K, committed 6784K, reserved 1048576K
2020-10-24T18:54:57.944+0200: 2642.052: [GC pause (G1 Evacuation Pause) (young)
Desired survivor size 20447232 bytes, new threshold 6 (max 15)
- age   1:    8929568 bytes,    8929568 total
- age   2:    2725904 bytes,   11655472 total
- age   3:    2546072 bytes,   14201544 total
- age   4:     690136 bytes,   14891680 total
- age   5:    4652792 bytes,   19544472 total
- age   6:    1676672 bytes,   21221144 total
- age   7:    1229960 bytes,   22451104 total
, 0.0370499 secs]
   [Parallel Time: 33.9 ms, GC Workers: 4]
      [GC Worker Start (ms): Min: 2642052.5, Avg: 2642052.5, Max: 2642052.5, Diff: 0.0]
      [Ext Root Scanning (ms): Min: 1.5, Avg: 2.6, Max: 4.8, Diff: 3.4, Sum: 10.5]
      [Update RS (ms): Min: 0.0, Avg: 0.6, Max: 0.8, Diff: 0.8, Sum: 2.3]
         [Processed Buffers: Min: 0, Avg: 3.8, Max: 10, Diff: 10, Sum: 15]
      [Scan RS (ms): Min: 0.0, Avg: 0.1, Max: 0.1, Diff: 0.1, Sum: 0.3]
      [Code Root Scanning (ms): Min: 0.0, Avg: 1.4, Max: 2.8, Diff: 2.8, Sum: 5.5]
      [Object Copy (ms): Min: 27.9, Avg: 29.1, Max: 31.0, Diff: 3.1, Sum: 116.4]
      [Termination (ms): Min: 0.0, Avg: 0.0, Max: 0.0, Diff: 0.0, Sum: 0.0]
         [Termination Attempts: Min: 1, Avg: 1.0, Max: 1, Diff: 0, Sum: 4]
      [GC Worker Other (ms): Min: 0.1, Avg: 0.1, Max: 0.1, Diff: 0.0, Sum: 0.3]
      [GC Worker Total (ms): Min: 33.8, Avg: 33.8, Max: 33.8, Diff: 0.0, Sum: 135.3]
      [GC Worker End (ms): Min: 2642086.3, Avg: 2642086.3, Max: 2642086.3, Diff: 0.0]
   [Code Root Fixup: 0.2 ms]
   [Code Root Purge: 0.0 ms]
   [Clear CT: 0.2 ms]
   [Other: 2.8 ms]
      [Choose CSet: 0.0 ms]
      [Ref Proc: 1.8 ms]
      [Ref Enq: 0.1 ms]
      [Redirty Cards: 0.1 ms]
      [Humongous Register: 0.0 ms]
      [Humongous Reclaim: 0.0 ms]
      [Free CSet: 0.6 ms]
   [Eden: 275.0M(275.0M)->0.0B(282.0M) Survivors: 32.0M->25.0M Heap: 321.5M(512.0M)->42.6M(512.0M)]
Heap after GC invocations=12 (full 0):
 garbage-first heap   total 524288K, used 43584K [0x00000000e0000000, 0x00000000e0101000, 0x0000000100000000)
  region size 1024K, 25 young (25600K), 25 survivors (25600K)
 Metaspace       used 51583K, capacity 53506K, committed 53584K, reserved 1095680K
  class space    used 6378K, capacity 6769K, committed 6784K, reserved 1048576K
}
 [Times: user=0.14 sys=0.00, real=0.04 secs] 
2020-10-24T18:54:57.980+0200: 2642.090: Total time for which application threads were stopped: 0.0377850 seconds, Stopping threads took: 0.0001179 seconds
2020-10-24T18:54:57.983+0200: 2642.093: Total time for which application threads were stopped: 0.0010523 seconds, Stopping threads took: 0.0000595 seconds
2020-10-24T18:54:57.993+0200: 2642.103: Total time for which application threads were stopped: 0.0004511 seconds, Stopping threads took: 0.0002569 seconds
2020-10-24T18:54:57.994+0200: 2642.104: Total time for which application threads were stopped: 0.0002316 seconds, Stopping threads took: 0.0000805 seconds
2020-10-24T18:54:58.100+0200: 2642.210: Total time for which application threads were stopped: 0.0005170 seconds, Stopping threads took: 0.0000886 seconds
2020-10-24T18:54:58.110+0200: 2642.220: Total time for which application threads were stopped: 0.0004084 seconds, Stopping threads took: 0.0001833 seconds
2020-10-24T18:54:58.111+0200: 2642.221: Total time for which application threads were stopped: 0.0003540 seconds, Stopping threads took: 0.0001357 seconds
2020-10-24T18:54:58.317+0200: 2642.427: Total time for which application threads were stopped: 0.0047759 seconds, Stopping threads took: 0.0045220 seconds
2020-10-24T18:54:58.421+0200: 2642.530: Total time for which application threads were stopped: 0.0952328 seconds, Stopping threads took: 0.0950277 seconds
2020-10-24T18:54:58.478+0200: 2642.587: Total time for which application threads were stopped: 0.0054939 seconds, Stopping threads took: 0.0052650 seconds
2020-10-24T18:54:58.493+0200: 2642.602: Total time for which application threads were stopped: 0.0007972 seconds, Stopping threads took: 0.0001587 seconds
2020-10-24T18:54:58.548+0200: 2642.659: Total time for which application threads were stopped: 0.0003323 seconds, Stopping threads took: 0.0000877 seconds
2020-10-24T18:54:58.548+0200: 2642.659: Total time for which application threads were stopped: 0.0002403 seconds, Stopping threads took: 0.0000595 seconds
2020-10-24T18:54:58.677+0200: 2642.787: Total time for which application threads were stopped: 0.0021274 seconds, Stopping threads took: 0.0018519 seconds
2020-10-24T18:54:58.689+0200: 2642.800: Total time for which application threads were stopped: 0.0028401 seconds, Stopping threads took: 0.0026389 seconds
2020-10-24T18:54:58.699+0200: 2642.809: Total time for which application threads were stopped: 0.0034612 seconds, Stopping threads took: 0.0032632 seconds
2020-10-24T18:54:58.703+0200: 2642.813: Total time for which application threads were stopped: 0.0003483 seconds, Stopping threads took: 0.0000720 seconds
2020-10-24T18:54:58.758+0200: 2642.868: Total time for which application threads were stopped: 0.0002710 seconds, Stopping threads took: 0.0000762 seconds
2020-10-24T18:54:58.803+0200: 2642.914: Total time for which application threads were stopped: 0.0002693 seconds, Stopping threads took: 0.0000722 seconds
2020-10-24T18:54:58.803+0200: 2642.917: Total time for which application threads were stopped: 0.0003679 seconds, Stopping threads took: 0.0000602 seconds
2020-10-24T18:54:58.808+0200: 2642.917: Total time for which application threads were stopped: 0.0002209 seconds, Stopping threads took: 0.0000672 seconds
2020-10-24T18:54:58.828+0200: 2642.938: Total time for which application threads were stopped: 0.0019567 seconds, Stopping threads took: 0.0016268 seconds
2020-10-24T18:54:58.828+0200: 2642.939: Total time for which application threads were stopped: 0.0010931 seconds, Stopping threads took: 0.0000699 seconds
2020-10-24T18:54:59.413+0200: 2643.523: Total time for which application threads were stopped: 0.0004363 seconds, Stopping threads took: 0.0000978 seconds
2020-10-24T18:54:59.418+0200: 2643.530: Total time for which application threads were stopped: 0.0003154 seconds, Stopping threads took: 0.0000788 seconds
2020-10-24T18:54:59.463+0200: 2643.573: Total time for which application threads were stopped: 0.0017325 seconds, Stopping threads took: 0.0014090 seconds
2020-10-24T18:54:59.466+0200: 2643.576: Total time for which application threads were stopped: 0.0004945 seconds, Stopping threads took: 0.0002615 seconds
2020-10-24T18:54:59.468+0200: 2643.582: Total time for which application threads were stopped: 0.0008250 seconds, Stopping threads took: 0.0005732 seconds
2020-10-24T18:54:59.493+0200: 2643.605: Total time for which application threads were stopped: 0.0013766 seconds, Stopping threads took: 0.0011699 seconds
2020-10-24T18:54:59.503+0200: 2643.613: Total time for which application threads were stopped: 0.0002615 seconds, Stopping threads took: 0.0000730 seconds
2020-10-24T18:54:59.643+0200: 2643.753: Total time for which application threads were stopped: 0.0017229 seconds, Stopping threads took: 0.0013831 seconds
2020-10-24T18:54:59.643+0200: 2643.754: Total time for which application threads were stopped: 0.0002116 seconds, Stopping threads took: 0.0000706 seconds
2020-10-24T18:54:59.660+0200: 2643.772: Total time for which application threads were stopped: 0.0018456 seconds, Stopping threads took: 0.0016410 seconds
2020-10-24T18:54:59.660+0200: 2643.772: Total time for which application threads were stopped: 0.0002682 seconds, Stopping threads took: 0.0000647 seconds
2020-10-24T18:54:59.663+0200: 2643.772: Total time for which application threads were stopped: 0.0001969 seconds, Stopping threads took: 0.0000676 seconds
2020-10-24T18:54:59.679+0200: 2643.788: Total time for which application threads were stopped: 0.0003879 seconds, Stopping threads took: 0.0001143 seconds
2020-10-24T18:54:59.679+0200: 2643.788: Total time for which application threads were stopped: 0.0002303 seconds, Stopping threads took: 0.0000753 seconds
2020-10-24T18:54:59.681+0200: 2643.790: Total time for which application threads were stopped: 0.0003593 seconds, Stopping threads took: 0.0001490 seconds
2020-10-24T18:54:59.681+0200: 2643.790: Total time for which application threads were stopped: 0.0001695 seconds, Stopping threads took: 0.0000462 seconds
2020-10-24T18:54:59.681+0200: 2643.790: Total time for which application threads were stopped: 0.0001706 seconds, Stopping threads took: 0.0000508 seconds
2020-10-24T18:54:59.681+0200: 2643.790: Total time for which application threads were stopped: 0.0001957 seconds, Stopping threads took: 0.0000462 seconds
2020-10-24T18:54:59.681+0200: 2643.791: Total time for which application threads were stopped: 0.0001970 seconds, Stopping threads took: 0.0000577 seconds
2020-10-24T18:54:59.681+0200: 2643.791: Total time for which application threads were stopped: 0.0001699 seconds, Stopping threads took: 0.0000366 seconds
2020-10-24T18:54:59.681+0200: 2643.791: Total time for which application threads were stopped: 0.0001819 seconds, Stopping threads took: 0.0000565 seconds
2020-10-24T18:54:59.681+0200: 2643.791: Total time for which application threads were stopped: 0.0001796 seconds, Stopping threads took: 0.0000531 seconds
2020-10-24T18:54:59.681+0200: 2643.792: Total time for which application threads were stopped: 0.0001822 seconds, Stopping threads took: 0.0000543 seconds
2020-10-24T18:54:59.681+0200: 2643.792: Total time for which application threads were stopped: 0.0001849 seconds, Stopping threads took: 0.0000551 seconds
2020-10-24T18:54:59.683+0200: 2643.792: Total time for which application threads were stopped: 0.0001619 seconds, Stopping threads took: 0.0000355 seconds
2020-10-24T18:54:59.683+0200: 2643.792: Total time for which application threads were stopped: 0.0001729 seconds, Stopping threads took: 0.0000509 seconds
2020-10-24T18:54:59.683+0200: 2643.792: Total time for which application threads were stopped: 0.0001740 seconds, Stopping threads took: 0.0000557 seconds
2020-10-24T18:54:59.683+0200: 2643.793: Total time for which application threads were stopped: 0.0004218 seconds, Stopping threads took: 0.0000619 seconds
2020-10-24T18:54:59.683+0200: 2643.793: Total time for which application threads were stopped: 0.0002177 seconds, Stopping threads took: 0.0000689 seconds
2020-10-24T18:54:59.683+0200: 2643.793: Total time for which application threads were stopped: 0.0001563 seconds, Stopping threads took: 0.0000352 seconds
2020-10-24T18:54:59.683+0200: 2643.794: Total time for which application threads were stopped: 0.0002137 seconds, Stopping threads took: 0.0000535 seconds
2020-10-24T18:54:59.683+0200: 2643.795: Total time for which application threads were stopped: 0.0007976 seconds, Stopping threads took: 0.0000549 seconds
2020-10-24T18:54:59.709+0200: 2643.818: Total time for which application threads were stopped: 0.0003049 seconds, Stopping threads took: 0.0000875 seconds
2020-10-24T18:54:59.729+0200: 2643.839: Total time for which application threads were stopped: 0.0018024 seconds, Stopping threads took: 0.0015483 seconds
2020-10-24T18:54:59.729+0200: 2643.839: Total time for which application threads were stopped: 0.0003578 seconds, Stopping threads took: 0.0001645 seconds
2020-10-24T18:54:59.731+0200: 2643.842: Total time for which application threads were stopped: 0.0002744 seconds, Stopping threads took: 0.0000649 seconds
2020-10-24T18:54:59.731+0200: 2643.843: Total time for which application threads were stopped: 0.0001620 seconds, Stopping threads took: 0.0000471 seconds
2020-10-24T18:54:59.731+0200: 2643.843: Total time for which application threads were stopped: 0.0001902 seconds, Stopping threads took: 0.0000749 seconds
2020-10-24T18:54:59.731+0200: 2643.843: Total time for which application threads were stopped: 0.0001515 seconds, Stopping threads took: 0.0000433 seconds
2020-10-24T18:54:59.731+0200: 2643.843: Total time for which application threads were stopped: 0.0001772 seconds, Stopping threads took: 0.0000448 seconds
2020-10-24T18:54:59.731+0200: 2643.845: Total time for which application threads were stopped: 0.0008634 seconds, Stopping threads took: 0.0000542 seconds
2020-10-24T18:54:59.760+0200: 2643.870: Total time for which application threads were stopped: 0.0003778 seconds, Stopping threads took: 0.0000858 seconds
2020-10-24T18:54:59.762+0200: 2643.871: Total time for which application threads were stopped: 0.0006123 seconds, Stopping threads took: 0.0004306 seconds
2020-10-24T18:54:59.762+0200: 2643.873: Total time for which application threads were stopped: 0.0005382 seconds, Stopping threads took: 0.0003278 seconds
2020-10-24T18:54:59.769+0200: 2643.878: Total time for which application threads were stopped: 0.0009773 seconds, Stopping threads took: 0.0007770 seconds
2020-10-24T18:54:59.772+0200: 2643.886: Total time for which application threads were stopped: 0.0007215 seconds, Stopping threads took: 0.0005228 seconds
2020-10-24T18:54:59.772+0200: 2643.886: Total time for which application threads were stopped: 0.0002488 seconds, Stopping threads took: 0.0000822 seconds
2020-10-24T18:54:59.809+0200: 2643.918: Total time for which application threads were stopped: 0.0002978 seconds, Stopping threads took: 0.0001010 seconds
2020-10-24T18:54:59.809+0200: 2643.918: Total time for which application threads were stopped: 0.0002002 seconds, Stopping threads took: 0.0000565 seconds
2020-10-24T18:54:59.809+0200: 2643.918: Total time for which application threads were stopped: 0.0001512 seconds, Stopping threads took: 0.0000412 seconds
2020-10-24T18:55:00.816+0200: 2644.926: Total time for which application threads were stopped: 0.0003713 seconds, Stopping threads took: 0.0000930 seconds
2020-10-24T18:55:01.380+0200: 2645.489: Total time for which application threads were stopped: 0.0002825 seconds, Stopping threads took: 0.0000423 seconds
2020-10-24T18:55:01.396+0200: 2645.505: Total time for which application threads were stopped: 0.0008153 seconds, Stopping threads took: 0.0000397 seconds
2020-10-24T18:55:01.418+0200: 2645.526: Total time for which application threads were stopped: 0.0002989 seconds, Stopping threads took: 0.0001454 seconds
2020-10-24T18:55:01.418+0200: 2645.527: Total time for which application threads were stopped: 0.0001444 seconds, Stopping threads took: 0.0000285 seconds
2020-10-24T18:55:01.423+0200: 2645.531: Total time for which application threads were stopped: 0.0002071 seconds, Stopping threads took: 0.0000400 seconds
2020-10-24T18:55:01.423+0200: 2645.532: Total time for which application threads were stopped: 0.0001592 seconds, Stopping threads took: 0.0000387 seconds
2020-10-24T18:55:01.437+0200: 2645.546: Total time for which application threads were stopped: 0.0001657 seconds, Stopping threads took: 0.0000387 seconds
2020-10-24T18:55:01.437+0200: 2645.546: Total time for which application threads were stopped: 0.0001078 seconds, Stopping threads took: 0.0000237 seconds
2020-10-24T18:55:01.439+0200: 2645.547: Total time for which application threads were stopped: 0.0001616 seconds, Stopping threads took: 0.0000290 seconds
2020-10-24T18:55:01.440+0200: 2645.548: Total time for which application threads were stopped: 0.0002311 seconds, Stopping threads took: 0.0000494 seconds
2020-10-24T18:55:01.463+0200: 2645.572: Total time for which application threads were stopped: 0.0001805 seconds, Stopping threads took: 0.0000410 seconds
2020-10-24T18:55:01.463+0200: 2645.572: Total time for which application threads were stopped: 0.0001455 seconds, Stopping threads took: 0.0000304 seconds
2020-10-24T18:55:01.491+0200: 2645.600: Total time for which application threads were stopped: 0.0001770 seconds, Stopping threads took: 0.0000407 seconds
2020-10-24T18:55:01.491+0200: 2645.600: Total time for which application threads were stopped: 0.0001582 seconds, Stopping threads took: 0.0000302 seconds
2020-10-24T18:55:01.515+0200: 2645.624: Total time for which application threads were stopped: 0.0002968 seconds, Stopping threads took: 0.0001095 seconds
2020-10-24T18:55:01.518+0200: 2645.627: Total time for which application threads were stopped: 0.0002784 seconds, Stopping threads took: 0.0000837 seconds
2020-10-24T18:55:01.518+0200: 2645.627: Total time for which application threads were stopped: 0.0002111 seconds, Stopping threads took: 0.0000769 seconds
2020-10-24T18:55:01.524+0200: 2645.633: Total time for which application threads were stopped: 0.0002260 seconds, Stopping threads took: 0.0000533 seconds
2020-10-24T18:55:01.527+0200: 2645.636: Total time for which application threads were stopped: 0.0008422 seconds, Stopping threads took: 0.0000476 seconds
2020-10-24T18:55:01.530+0200: 2645.639: Total time for which application threads were stopped: 0.0002877 seconds, Stopping threads took: 0.0000930 seconds
2020-10-24T18:55:01.531+0200: 2645.640: Total time for which application threads were stopped: 0.0002123 seconds, Stopping threads took: 0.0000431 seconds
2020-10-24T18:55:01.532+0200: 2645.641: Total time for which application threads were stopped: 0.0002405 seconds, Stopping threads took: 0.0000558 seconds
2020-10-24T18:55:01.532+0200: 2645.641: Total time for which application threads were stopped: 0.0001679 seconds, Stopping threads took: 0.0000388 seconds
2020-10-24T18:55:01.532+0200: 2645.641: Total time for which application threads were stopped: 0.0001531 seconds, Stopping threads took: 0.0000348 seconds
2020-10-24T18:55:01.567+0200: 2645.675: Total time for which application threads were stopped: 0.0001979 seconds, Stopping threads took: 0.0000439 seconds
2020-10-24T18:55:01.567+0200: 2645.676: Total time for which application threads were stopped: 0.0001540 seconds, Stopping threads took: 0.0000362 seconds
2020-10-24T18:55:01.567+0200: 2645.676: Total time for which application threads were stopped: 0.0001768 seconds, Stopping threads took: 0.0000494 seconds
2020-10-24T18:55:01.622+0200: 2645.731: Total time for which application threads were stopped: 0.0003143 seconds, Stopping threads took: 0.0000842 seconds
2020-10-24T18:55:01.624+0200: 2645.733: Total time for which application threads were stopped: 0.0002848 seconds, Stopping threads took: 0.0000932 seconds
2020-10-24T18:55:01.624+0200: 2645.733: Total time for which application threads were stopped: 0.0002258 seconds, Stopping threads took: 0.0000683 seconds
2020-10-24T18:55:01.629+0200: 2645.738: Total time for which application threads were stopped: 0.0008679 seconds, Stopping threads took: 0.0006590 seconds
2020-10-24T18:55:01.635+0200: 2645.744: Total time for which application threads were stopped: 0.0011354 seconds, Stopping threads took: 0.0008528 seconds
2020-10-24T18:55:01.637+0200: 2645.746: Total time for which application threads were stopped: 0.0007021 seconds, Stopping threads took: 0.0005071 seconds
2020-10-24T18:55:01.637+0200: 2645.746: Total time for which application threads were stopped: 0.0002480 seconds, Stopping threads took: 0.0000813 seconds
2020-10-24T18:55:01.638+0200: 2645.746: Total time for which application threads were stopped: 0.0002392 seconds, Stopping threads took: 0.0000841 seconds
2020-10-24T18:55:01.640+0200: 2645.749: Total time for which application threads were stopped: 0.0003295 seconds, Stopping threads took: 0.0000966 seconds
2020-10-24T18:55:01.647+0200: 2645.756: Total time for which application threads were stopped: 0.0011202 seconds, Stopping threads took: 0.0008572 seconds
2020-10-24T18:55:01.661+0200: 2645.770: Total time for which application threads were stopped: 0.0002625 seconds, Stopping threads took: 0.0000953 seconds
2020-10-24T18:55:01.661+0200: 2645.770: Total time for which application threads were stopped: 0.0001881 seconds, Stopping threads took: 0.0000863 seconds
2020-10-24T18:55:01.661+0200: 2645.770: Total time for which application threads were stopped: 0.0001755 seconds, Stopping threads took: 0.0000831 seconds
2020-10-24T18:55:01.662+0200: 2645.771: Total time for which application threads were stopped: 0.0002533 seconds, Stopping threads took: 0.0000765 seconds
2020-10-24T18:55:01.662+0200: 2645.771: Total time for which application threads were stopped: 0.0002055 seconds, Stopping threads took: 0.0000966 seconds
2020-10-24T18:55:01.662+0200: 2645.771: Total time for which application threads were stopped: 0.0001641 seconds, Stopping threads took: 0.0000659 seconds
2020-10-24T18:55:01.665+0200: 2645.774: Total time for which application threads were stopped: 0.0004745 seconds, Stopping threads took: 0.0002030 seconds
2020-10-24T18:55:01.666+0200: 2645.775: Total time for which application threads were stopped: 0.0002365 seconds, Stopping threads took: 0.0000632 seconds
2020-10-24T18:55:01.666+0200: 2645.775: Total time for which application threads were stopped: 0.0001800 seconds, Stopping threads took: 0.0000598 seconds
2020-10-24T18:55:01.667+0200: 2645.776: Total time for which application threads were stopped: 0.0002175 seconds, Stopping threads took: 0.0000892 seconds
2020-10-24T18:55:01.667+0200: 2645.776: Total time for which application threads were stopped: 0.0002054 seconds, Stopping threads took: 0.0000869 seconds
2020-10-24T18:55:01.668+0200: 2645.777: Total time for which application threads were stopped: 0.0001906 seconds, Stopping threads took: 0.0000859 seconds
2020-10-24T18:55:01.668+0200: 2645.777: Total time for which application threads were stopped: 0.0001612 seconds, Stopping threads took: 0.0000575 seconds
2020-10-24T18:55:01.669+0200: 2645.777: Total time for which application threads were stopped: 0.0001960 seconds, Stopping threads took: 0.0000838 seconds
2020-10-24T18:55:01.669+0200: 2645.778: Total time for which application threads were stopped: 0.0001764 seconds, Stopping threads took: 0.0000851 seconds
2020-10-24T18:55:01.669+0200: 2645.778: Total time for which application threads were stopped: 0.0001115 seconds, Stopping threads took: 0.0000272 seconds
2020-10-24T18:55:01.670+0200: 2645.778: Total time for which application threads were stopped: 0.0001738 seconds, Stopping threads took: 0.0000727 seconds
2020-10-24T18:55:01.670+0200: 2645.779: Total time for which application threads were stopped: 0.0001841 seconds, Stopping threads took: 0.0000644 seconds
2020-10-24T18:55:01.670+0200: 2645.779: Total time for which application threads were stopped: 0.0002198 seconds, Stopping threads took: 0.0000657 seconds
2020-10-24T18:55:01.671+0200: 2645.780: Total time for which application threads were stopped: 0.0002862 seconds, Stopping threads took: 0.0001067 seconds
2020-10-24T18:55:01.671+0200: 2645.780: Total time for which application threads were stopped: 0.0001988 seconds, Stopping threads took: 0.0000968 seconds
2020-10-24T18:55:01.672+0200: 2645.781: Total time for which application threads were stopped: 0.0002323 seconds, Stopping threads took: 0.0000885 seconds
2020-10-24T18:55:01.672+0200: 2645.781: Total time for which application threads were stopped: 0.0001830 seconds, Stopping threads took: 0.0000917 seconds
2020-10-24T18:55:01.674+0200: 2645.783: Total time for which application threads were stopped: 0.0003030 seconds, Stopping threads took: 0.0000903 seconds
2020-10-24T18:55:01.679+0200: 2645.788: Total time for which application threads were stopped: 0.0005522 seconds, Stopping threads took: 0.0003231 seconds
2020-10-24T18:55:01.680+0200: 2645.788: Total time for which application threads were stopped: 0.0002268 seconds, Stopping threads took: 0.0000704 seconds
2020-10-24T18:55:01.680+0200: 2645.789: Total time for which application threads were stopped: 0.0002626 seconds, Stopping threads took: 0.0000883 seconds
2020-10-24T18:55:01.681+0200: 2645.790: Total time for which application threads were stopped: 0.0002140 seconds, Stopping threads took: 0.0000590 seconds
2020-10-24T18:55:01.681+0200: 2645.790: Total time for which application threads were stopped: 0.0001932 seconds, Stopping threads took: 0.0000779 seconds
2020-10-24T18:55:02.690+0200: 2646.800: Total time for which application threads were stopped: 0.0007306 seconds, Stopping threads took: 0.0001417 seconds
2020-10-24T18:55:09.746+0200: 2653.856: Total time for which application threads were stopped: 0.0003784 seconds, Stopping threads took: 0.0000830 seconds
2020-10-24T18:55:13.773+0200: 2657.882: Total time for which application threads were stopped: 0.0006925 seconds, Stopping threads took: 0.0002290 seconds
2020-10-24T18:55:30.940+0200: 2675.049: Total time for which application threads were stopped: 0.0011036 seconds, Stopping threads took: 0.0004590 seconds
2020-10-24T18:55:33.175+0200: 2677.285: Total time for which application threads were stopped: 0.0001986 seconds, Stopping threads took: 0.0000514 seconds
2020-10-24T18:55:33.231+0200: 2677.340: Total time for which application threads were stopped: 0.0001779 seconds, Stopping threads took: 0.0000508 seconds
2020-10-24T18:55:34.238+0200: 2678.347: Total time for which application threads were stopped: 0.0010414 seconds, Stopping threads took: 0.0004050 seconds
2020-10-24T18:56:02.506+0200: 2706.615: Total time for which application threads were stopped: 0.0005010 seconds, Stopping threads took: 0.0002150 seconds
2020-10-24T18:56:04.532+0200: 2708.641: Total time for which application threads were stopped: 0.0005849 seconds, Stopping threads took: 0.0002158 seconds
2020-10-24T18:56:07.552+0200: 2711.661: Total time for which application threads were stopped: 0.0004175 seconds, Stopping threads took: 0.0001565 seconds
2020-10-24T18:56:08.553+0200: 2712.662: Total time for which application threads were stopped: 0.0003503 seconds, Stopping threads took: 0.0001174 seconds
2020-10-24T18:56:12.423+0200: 2716.532: Total time for which application threads were stopped: 0.0002206 seconds, Stopping threads took: 0.0000536 seconds
2020-10-24T18:56:15.451+0200: 2719.560: Total time for which application threads were stopped: 0.0002664 seconds, Stopping threads took: 0.0000933 seconds
2020-10-24T18:56:31.609+0200: 2735.719: Total time for which application threads were stopped: 0.0004879 seconds, Stopping threads took: 0.0001558 seconds
2020-10-24T18:56:33.624+0200: 2737.734: Total time for which application threads were stopped: 0.0005992 seconds, Stopping threads took: 0.0003054 seconds
2020-10-24T18:56:36.667+0200: 2740.776: Total time for which application threads were stopped: 0.0003769 seconds, Stopping threads took: 0.0001366 seconds
2020-10-24T18:56:43.733+0200: 2747.843: Total time for which application threads were stopped: 0.0005784 seconds, Stopping threads took: 0.0002026 seconds
2020-10-24T18:56:58.872+0200: 2762.981: Total time for which application threads were stopped: 0.0002063 seconds, Stopping threads took: 0.0000612 seconds
2020-10-24T18:56:59.886+0200: 2763.995: Total time for which application threads were stopped: 0.0020099 seconds, Stopping threads took: 0.0018438 seconds
2020-10-24T18:57:01.896+0200: 2766.005: Total time for which application threads were stopped: 0.0004459 seconds, Stopping threads took: 0.0001120 seconds
2020-10-24T18:57:03.921+0200: 2768.030: Total time for which application threads were stopped: 0.0002278 seconds, Stopping threads took: 0.0000759 seconds
2020-10-24T18:57:34.151+0200: 2798.260: Total time for which application threads were stopped: 0.0005985 seconds, Stopping threads took: 0.0001955 seconds
2020-10-24T18:57:48.262+0200: 2812.371: Total time for which application threads were stopped: 0.0002485 seconds, Stopping threads took: 0.0000935 seconds
2020-10-24T18:58:27.581+0200: 2851.690: Total time for which application threads were stopped: 0.0009577 seconds, Stopping threads took: 0.0004878 seconds
2020-10-24T18:58:32.628+0200: 2856.738: Total time for which application threads were stopped: 0.0004398 seconds, Stopping threads took: 0.0001761 seconds
2020-10-24T18:58:33.641+0200: 2857.751: Total time for which application threads were stopped: 0.0005778 seconds, Stopping threads took: 0.0001179 seconds
2020-10-24T18:58:34.654+0200: 2858.763: Total time for which application threads were stopped: 0.0002253 seconds, Stopping threads took: 0.0000715 seconds
2020-10-24T18:59:08.970+0200: 2893.079: Total time for which application threads were stopped: 0.0002562 seconds, Stopping threads took: 0.0000952 seconds
2020-10-24T18:59:20.057+0200: 2904.166: Total time for which application threads were stopped: 0.0006660 seconds, Stopping threads took: 0.0002225 seconds
2020-10-24T18:59:25.973+0200: 2910.083: Total time for which application threads were stopped: 0.0002019 seconds, Stopping threads took: 0.0000522 seconds
2020-10-24T18:59:25.974+0200: 2910.084: Total time for which application threads were stopped: 0.0001366 seconds, Stopping threads took: 0.0000365 seconds
2020-10-24T18:59:33.780+0200: 2917.890: Total time for which application threads were stopped: 0.0001811 seconds, Stopping threads took: 0.0000431 seconds
2020-10-24T18:59:34.784+0200: 2918.893: Total time for which application threads were stopped: 0.0007413 seconds, Stopping threads took: 0.0002320 seconds
2020-10-24T18:59:56.989+0200: 2941.098: Total time for which application threads were stopped: 0.0012259 seconds, Stopping threads took: 0.0008583 seconds
2020-10-24T19:00:34.368+0200: 2978.477: Total time for which application threads were stopped: 0.0005630 seconds, Stopping threads took: 0.0002872 seconds
2020-10-24T19:01:34.957+0200: 3039.067: Total time for which application threads were stopped: 0.0005941 seconds, Stopping threads took: 0.0002248 seconds
2020-10-24T19:02:34.539+0200: 3098.648: Total time for which application threads were stopped: 0.0002510 seconds, Stopping threads took: 0.0000854 seconds
2020-10-24T19:02:42.603+0200: 3106.712: Total time for which application threads were stopped: 0.0002214 seconds, Stopping threads took: 0.0000699 seconds
2020-10-24T19:02:43.618+0200: 3107.727: Total time for which application threads were stopped: 0.0006789 seconds, Stopping threads took: 0.0003029 seconds
2020-10-24T19:03:35.093+0200: 3159.203: Total time for which application threads were stopped: 0.0005966 seconds, Stopping threads took: 0.0002183 seconds
2020-10-24T19:04:26.013+0200: 3210.124: Total time for which application threads were stopped: 0.0007588 seconds, Stopping threads took: 0.0002536 seconds
2020-10-24T19:04:26.013+0200: 3210.126: Total time for which application threads were stopped: 0.0004840 seconds, Stopping threads took: 0.0001523 seconds
2020-10-24T19:04:34.363+0200: 3218.475: Total time for which application threads were stopped: 0.0002431 seconds, Stopping threads took: 0.0000603 seconds
2020-10-24T19:04:35.374+0200: 3219.483: Total time for which application threads were stopped: 0.0002679 seconds, Stopping threads took: 0.0000637 seconds
2020-10-24T19:05:34.899+0200: 3279.009: Total time for which application threads were stopped: 0.0004033 seconds, Stopping threads took: 0.0001504 seconds
2020-10-24T19:06:09.189+0200: 3313.298: Total time for which application threads were stopped: 0.0002614 seconds, Stopping threads took: 0.0000793 seconds
2020-10-24T19:06:11.194+0200: 3315.303: Total time for which application threads were stopped: 0.0002422 seconds, Stopping threads took: 0.0000700 seconds
2020-10-24T19:06:13.209+0200: 3317.318: Total time for which application threads were stopped: 0.0002797 seconds, Stopping threads took: 0.0001162 seconds
2020-10-24T19:06:35.403+0200: 3339.513: Total time for which application threads were stopped: 0.0003089 seconds, Stopping threads took: 0.0000815 seconds
2020-10-24T19:07:34.924+0200: 3399.033: Total time for which application threads were stopped: 0.0005823 seconds, Stopping threads took: 0.0002132 seconds
2020-10-24T19:08:05.153+0200: 3429.263: Total time for which application threads were stopped: 0.0004652 seconds, Stopping threads took: 0.0001882 seconds
2020-10-24T19:08:35.393+0200: 3459.503: Total time for which application threads were stopped: 0.0006584 seconds, Stopping threads took: 0.0002734 seconds
2020-10-24T19:09:26.048+0200: 3510.158: Total time for which application threads were stopped: 0.0002812 seconds, Stopping threads took: 0.0000818 seconds
2020-10-24T19:09:26.048+0200: 3510.160: Total time for which application threads were stopped: 0.0002550 seconds, Stopping threads took: 0.0000876 seconds
2020-10-24T19:09:34.966+0200: 3519.075: Total time for which application threads were stopped: 0.0002595 seconds, Stopping threads took: 0.0000723 seconds
2020-10-24T19:09:35.976+0200: 3520.085: Total time for which application threads were stopped: 0.0002437 seconds, Stopping threads took: 0.0000645 seconds
2020-10-24T19:09:40.024+0200: 3524.133: Total time for which application threads were stopped: 0.0002589 seconds, Stopping threads took: 0.0000594 seconds
2020-10-24T19:10:35.537+0200: 3579.647: Total time for which application threads were stopped: 0.0004483 seconds, Stopping threads took: 0.0001145 seconds
2020-10-24T19:11:36.010+0200: 3640.119: Total time for which application threads were stopped: 0.0002776 seconds, Stopping threads took: 0.0000947 seconds
2020-10-24T19:12:36.486+0200: 3700.595: Total time for which application threads were stopped: 0.0002869 seconds, Stopping threads took: 0.0000790 seconds
2020-10-24T19:14:26.086+0200: 3810.196: Total time for which application threads were stopped: 0.0003887 seconds, Stopping threads took: 0.0000942 seconds
2020-10-24T19:14:26.087+0200: 3810.197: Total time for which application threads were stopped: 0.0002738 seconds, Stopping threads took: 0.0000640 seconds
2020-10-24T19:14:35.681+0200: 3819.791: Total time for which application threads were stopped: 0.0001872 seconds, Stopping threads took: 0.0000539 seconds
2020-10-24T19:14:36.683+0200: 3820.793: Total time for which application threads were stopped: 0.0003179 seconds, Stopping threads took: 0.0001478 seconds
2020-10-24T19:14:51.806+0200: 3835.915: Total time for which application threads were stopped: 0.0002491 seconds, Stopping threads took: 0.0000737 seconds
2020-10-24T19:15:36.224+0200: 3880.334: Total time for which application threads were stopped: 0.0005087 seconds, Stopping threads took: 0.0001604 seconds
2020-10-24T19:16:06.520+0200: 3910.630: Total time for which application threads were stopped: 0.0005548 seconds, Stopping threads took: 0.0001656 seconds
2020-10-24T19:16:15.585+0200: 3919.694: Total time for which application threads were stopped: 0.0002498 seconds, Stopping threads took: 0.0000664 seconds
2020-10-24T19:16:36.746+0200: 3940.856: Total time for which application threads were stopped: 0.0002873 seconds, Stopping threads took: 0.0000782 seconds
2020-10-24T19:16:37.748+0200: 3941.857: Total time for which application threads were stopped: 0.0002704 seconds, Stopping threads took: 0.0000782 seconds
2020-10-24T19:17:26.131+0200: 3990.241: Total time for which application threads were stopped: 0.0006390 seconds, Stopping threads took: 0.0001808 seconds
2020-10-24T19:17:36.231+0200: 4000.341: Total time for which application threads were stopped: 0.0006861 seconds, Stopping threads took: 0.0002240 seconds
2020-10-24T19:17:58.415+0200: 4022.524: Total time for which application threads were stopped: 0.0003990 seconds, Stopping threads took: 0.0001378 seconds
2020-10-24T19:18:36.127+0200: 4060.236: Total time for which application threads were stopped: 0.0006923 seconds, Stopping threads took: 0.0002600 seconds
2020-10-24T19:18:36.130+0200: 4060.239: Total time for which application threads were stopped: 0.0005662 seconds, Stopping threads took: 0.0002609 seconds
2020-10-24T19:18:36.208+0200: 4060.317: Total time for which application threads were stopped: 0.0005665 seconds, Stopping threads took: 0.0001531 seconds
2020-10-24T19:18:36.219+0200: 4060.328: Total time for which application threads were stopped: 0.0001637 seconds, Stopping threads took: 0.0000394 seconds
2020-10-24T19:19:36.775+0200: 4120.884: Total time for which application threads were stopped: 0.0003301 seconds, Stopping threads took: 0.0001108 seconds
2020-10-25T09:35:41.560+0100: 59085.678: Total time for which application threads were stopped: 0.0004201 seconds, Stopping threads took: 0.0000840 seconds
2020-10-25T09:35:42.338+0100: 59086.456: Total time for which application threads were stopped: 0.0197879 seconds, Stopping threads took: 0.0195409 seconds
2020-10-25T09:35:42.339+0100: 59086.457: Total time for which application threads were stopped: 0.0003041 seconds, Stopping threads took: 0.0000571 seconds
2020-10-25T09:35:42.345+0100: 59086.463: Total time for which application threads were stopped: 0.0003143 seconds, Stopping threads took: 0.0000717 seconds
2020-10-25T09:35:42.355+0100: 59086.473: Total time for which application threads were stopped: 0.0100632 seconds, Stopping threads took: 0.0098286 seconds
2020-10-25T09:35:42.359+0100: 59086.477: Total time for which application threads were stopped: 0.0003355 seconds, Stopping threads took: 0.0000830 seconds
2020-10-25T09:35:42.359+0100: 59086.478: Total time for which application threads were stopped: 0.0002106 seconds, Stopping threads took: 0.0000351 seconds
2020-10-25T09:35:42.363+0100: 59086.481: Total time for which application threads were stopped: 0.0003595 seconds, Stopping threads took: 0.0001413 seconds
2020-10-25T09:35:42.364+0100: 59086.482: Total time for which application threads were stopped: 0.0004400 seconds, Stopping threads took: 0.0000874 seconds
2020-10-25T09:35:42.366+0100: 59086.485: Total time for which application threads were stopped: 0.0002696 seconds, Stopping threads took: 0.0000533 seconds
2020-10-25T09:35:42.373+0100: 59086.492: Total time for which application threads were stopped: 0.0002972 seconds, Stopping threads took: 0.0000549 seconds
2020-10-25T09:35:42.376+0100: 59086.495: Total time for which application threads were stopped: 0.0003068 seconds, Stopping threads took: 0.0000511 seconds
2020-10-25T09:35:42.534+0100: 59086.653: Total time for which application threads were stopped: 0.0002898 seconds, Stopping threads took: 0.0000572 seconds
2020-10-25T09:35:44.072+0100: 59088.190: Total time for which application threads were stopped: 0.0002476 seconds, Stopping threads took: 0.0000556 seconds
2020-10-25T09:35:44.079+0100: 59088.198: Total time for which application threads were stopped: 0.0002252 seconds, Stopping threads took: 0.0000434 seconds
2020-10-25T09:35:45.130+0100: 59089.248: Total time for which application threads were stopped: 0.0003105 seconds, Stopping threads took: 0.0000747 seconds
2020-10-25T09:35:45.132+0100: 59089.250: Total time for which application threads were stopped: 0.0002019 seconds, Stopping threads took: 0.0000592 seconds
2020-10-25T09:35:45.133+0100: 59089.251: Total time for which application threads were stopped: 0.0001919 seconds, Stopping threads took: 0.0000662 seconds
2020-10-25T09:35:45.134+0100: 59089.252: Total time for which application threads were stopped: 0.0001892 seconds, Stopping threads took: 0.0000405 seconds
2020-10-25T09:35:46.141+0100: 59090.259: Total time for which application threads were stopped: 0.0002880 seconds, Stopping threads took: 0.0000609 seconds
2020-10-25T09:35:47.000+0100: 59091.118: Total time for which application threads were stopped: 0.1018855 seconds, Stopping threads took: 0.1015532 seconds
2020-10-25T09:35:47.147+0100: 59091.265: Total time for which application threads were stopped: 0.0002680 seconds, Stopping threads took: 0.0000801 seconds
2020-10-25T09:35:49.185+0100: 59093.304: Total time for which application threads were stopped: 0.0526048 seconds, Stopping threads took: 0.0523438 seconds
2020-10-25T09:35:50.187+0100: 59094.305: Total time for which application threads were stopped: 0.0004723 seconds, Stopping threads took: 0.0000708 seconds
2020-10-25T09:35:50.435+0100: 59094.553: Total time for which application threads were stopped: 0.0617204 seconds, Stopping threads took: 0.0614790 seconds
2020-10-25T09:35:50.435+0100: 59094.553: Total time for which application threads were stopped: 0.0002255 seconds, Stopping threads took: 0.0000396 seconds
2020-10-25T09:35:51.357+0100: 59095.476: Total time for which application threads were stopped: 0.0004067 seconds, Stopping threads took: 0.0001662 seconds
2020-10-25T09:35:51.358+0100: 59095.477: Total time for which application threads were stopped: 0.0006135 seconds, Stopping threads took: 0.0004301 seconds
2020-10-25T09:35:52.238+0100: 59096.356: Total time for which application threads were stopped: 0.0083672 seconds, Stopping threads took: 0.0080864 seconds
2020-10-25T09:35:52.247+0100: 59096.365: Total time for which application threads were stopped: 0.0003017 seconds, Stopping threads took: 0.0000600 seconds
2020-10-25T09:35:54.773+0100: 59098.892: Total time for which application threads were stopped: 0.0002858 seconds, Stopping threads took: 0.0000673 seconds
2020-10-25T09:35:54.775+0100: 59098.893: Total time for which application threads were stopped: 0.0003148 seconds, Stopping threads took: 0.0000549 seconds
2020-10-25T09:35:55.825+0100: 59099.944: Total time for which application threads were stopped: 0.0003310 seconds, Stopping threads took: 0.0000611 seconds
2020-10-25T09:35:55.825+0100: 59099.944: Total time for which application threads were stopped: 0.0002220 seconds, Stopping threads took: 0.0000366 seconds
2020-10-25T09:35:55.836+0100: 59099.954: Total time for which application threads were stopped: 0.0002810 seconds, Stopping threads took: 0.0000487 seconds
2020-10-25T09:35:56.464+0100: 59100.583: Total time for which application threads were stopped: 0.0003284 seconds, Stopping threads took: 0.0000596 seconds
2020-10-25T09:35:56.465+0100: 59100.583: Total time for which application threads were stopped: 0.0002870 seconds, Stopping threads took: 0.0000475 seconds
2020-10-25T09:35:56.465+0100: 59100.583: Total time for which application threads were stopped: 0.0002807 seconds, Stopping threads took: 0.0000462 seconds
2020-10-25T09:35:56.465+0100: 59100.584: Total time for which application threads were stopped: 0.0002922 seconds, Stopping threads took: 0.0000458 seconds
2020-10-25T09:35:56.466+0100: 59100.584: Total time for which application threads were stopped: 0.0002625 seconds, Stopping threads took: 0.0000605 seconds
2020-10-25T09:35:56.466+0100: 59100.584: Total time for which application threads were stopped: 0.0002358 seconds, Stopping threads took: 0.0000540 seconds
2020-10-25T09:35:56.466+0100: 59100.585: Total time for which application threads were stopped: 0.0002679 seconds, Stopping threads took: 0.0000367 seconds
2020-10-25T09:35:56.467+0100: 59100.585: Total time for which application threads were stopped: 0.0002211 seconds, Stopping threads took: 0.0000352 seconds
2020-10-25T09:35:56.467+0100: 59100.585: Total time for which application threads were stopped: 0.0003982 seconds, Stopping threads took: 0.0001366 seconds
2020-10-25T09:35:56.468+0100: 59100.586: Total time for which application threads were stopped: 0.0005231 seconds, Stopping threads took: 0.0000644 seconds
2020-10-25T09:35:56.468+0100: 59100.586: Total time for which application threads were stopped: 0.0002201 seconds, Stopping threads took: 0.0000366 seconds
2020-10-25T09:35:56.468+0100: 59100.587: Total time for which application threads were stopped: 0.0002039 seconds, Stopping threads took: 0.0000330 seconds
2020-10-25T09:35:56.469+0100: 59100.587: Total time for which application threads were stopped: 0.0002692 seconds, Stopping threads took: 0.0000357 seconds
2020-10-25T09:35:56.469+0100: 59100.587: Total time for which application threads were stopped: 0.0002045 seconds, Stopping threads took: 0.0000339 seconds
2020-10-25T09:35:56.469+0100: 59100.587: Total time for which application threads were stopped: 0.0001924 seconds, Stopping threads took: 0.0000350 seconds
2020-10-25T09:35:56.469+0100: 59100.588: Total time for which application threads were stopped: 0.0001938 seconds, Stopping threads took: 0.0000329 seconds
2020-10-25T09:35:56.470+0100: 59100.588: Total time for which application threads were stopped: 0.0001932 seconds, Stopping threads took: 0.0000385 seconds
2020-10-25T09:35:56.470+0100: 59100.588: Total time for which application threads were stopped: 0.0001836 seconds, Stopping threads took: 0.0000325 seconds
2020-10-25T09:35:56.470+0100: 59100.588: Total time for which application threads were stopped: 0.0001831 seconds, Stopping threads took: 0.0000304 seconds
2020-10-25T09:35:56.471+0100: 59100.589: Total time for which application threads were stopped: 0.0008581 seconds, Stopping threads took: 0.0000312 seconds
2020-10-25T09:35:58.493+0100: 59102.611: Total time for which application threads were stopped: 0.0003217 seconds, Stopping threads took: 0.0000657 seconds
2020-10-25T09:36:07.594+0100: 59111.713: Total time for which application threads were stopped: 0.0002749 seconds, Stopping threads took: 0.0000641 seconds
2020-10-25T09:36:17.674+0100: 59121.792: Total time for which application threads were stopped: 0.0004357 seconds, Stopping threads took: 0.0000752 seconds
2020-10-25T09:36:17.684+0100: 59121.802: Total time for which application threads were stopped: 0.0003244 seconds, Stopping threads took: 0.0000830 seconds
2020-10-25T09:36:18.697+0100: 59122.815: Total time for which application threads were stopped: 0.0003289 seconds, Stopping threads took: 0.0000743 seconds
2020-10-25T09:37:27.290+0100: 59191.408: Total time for which application threads were stopped: 0.0006873 seconds, Stopping threads took: 0.0002886 seconds
2020-10-25T09:38:02.560+0100: 59226.679: Total time for which application threads were stopped: 0.0002566 seconds, Stopping threads took: 0.0000810 seconds
2020-10-25T09:38:18.684+0100: 59242.802: Total time for which application threads were stopped: 0.0001827 seconds, Stopping threads took: 0.0000627 seconds
2020-10-25T09:39:05.998+0100: 59290.117: Total time for which application threads were stopped: 0.0003804 seconds, Stopping threads took: 0.0000867 seconds
2020-10-25T09:39:14.808+0100: 59298.927: Total time for which application threads were stopped: 0.0002775 seconds, Stopping threads took: 0.0000870 seconds
2020-10-25T09:39:14.809+0100: 59298.928: Total time for which application threads were stopped: 0.0006409 seconds, Stopping threads took: 0.0000672 seconds
2020-10-25T09:39:18.226+0100: 59302.345: Total time for which application threads were stopped: 0.0002325 seconds, Stopping threads took: 0.0000673 seconds
2020-10-25T09:39:19.240+0100: 59303.358: Total time for which application threads were stopped: 0.0002638 seconds, Stopping threads took: 0.0000969 seconds
2020-10-25T09:39:21.266+0100: 59305.384: Total time for which application threads were stopped: 0.0002760 seconds, Stopping threads took: 0.0000586 seconds
2020-10-25T09:40:06.681+0100: 59350.799: Total time for which application threads were stopped: 0.0451937 seconds, Stopping threads took: 0.0450172 seconds
2020-10-25T09:40:39.991+0100: 59384.110: Total time for which application threads were stopped: 0.0003862 seconds, Stopping threads took: 0.0001503 seconds
2020-10-25T09:40:48.047+0100: 59392.165: Total time for which application threads were stopped: 0.0007474 seconds, Stopping threads took: 0.0003664 seconds
2020-10-25T09:42:01.694+0100: 59465.812: Total time for which application threads were stopped: 0.0003413 seconds, Stopping threads took: 0.0000748 seconds
2020-10-25T09:42:18.834+0100: 59482.953: Total time for which application threads were stopped: 0.0005557 seconds, Stopping threads took: 0.0001231 seconds
2020-10-25T09:43:19.398+0100: 59543.516: Total time for which application threads were stopped: 0.0009739 seconds, Stopping threads took: 0.0003677 seconds
2020-10-25T09:44:14.852+0100: 59598.971: Total time for which application threads were stopped: 0.0007451 seconds, Stopping threads took: 0.0002452 seconds
2020-10-25T09:44:14.855+0100: 59598.973: Total time for which application threads were stopped: 0.0006041 seconds, Stopping threads took: 0.0001432 seconds
2020-10-25T09:44:19.027+0100: 59603.146: Total time for which application threads were stopped: 0.0007589 seconds, Stopping threads took: 0.0000638 seconds
2020-10-25T09:45:19.150+0100: 59663.268: Total time for which application threads were stopped: 0.0002988 seconds, Stopping threads took: 0.0000884 seconds
2020-10-25T09:47:25.341+0100: 59789.460: Total time for which application threads were stopped: 0.0003751 seconds, Stopping threads took: 0.0001109 seconds
2020-10-25T09:47:35.454+0100: 59799.573: Total time for which application threads were stopped: 0.0004464 seconds, Stopping threads took: 0.0001605 seconds
2020-10-25T09:48:19.831+0100: 59843.949: Total time for which application threads were stopped: 0.0006387 seconds, Stopping threads took: 0.0002344 seconds
2020-10-25T09:48:25.888+0100: 59850.006: Total time for which application threads were stopped: 0.0002311 seconds, Stopping threads took: 0.0000647 seconds
2020-10-25T09:49:14.884+0100: 59899.003: Total time for which application threads were stopped: 0.0003646 seconds, Stopping threads took: 0.0001558 seconds
2020-10-25T09:49:14.884+0100: 59899.004: Total time for which application threads were stopped: 0.0003060 seconds, Stopping threads took: 0.0000973 seconds
2020-10-25T09:49:19.863+0100: 59903.981: Total time for which application threads were stopped: 0.0002258 seconds, Stopping threads took: 0.0000559 seconds
2020-10-25T09:50:20.427+0100: 59964.545: Total time for which application threads were stopped: 0.0006206 seconds, Stopping threads took: 0.0001721 seconds
2020-10-25T09:51:19.973+0100: 60024.091: Total time for which application threads were stopped: 0.0006990 seconds, Stopping threads took: 0.0002064 seconds
2020-10-25T09:52:20.497+0100: 60084.615: Total time for which application threads were stopped: 0.0004184 seconds, Stopping threads took: 0.0000807 seconds
2020-10-25T09:52:28.555+0100: 60092.673: Total time for which application threads were stopped: 0.0005257 seconds, Stopping threads took: 0.0002045 seconds
2020-10-25T09:52:44.722+0100: 60108.840: Total time for which application threads were stopped: 0.0005248 seconds, Stopping threads took: 0.0001464 seconds
2020-10-25T09:52:46.735+0100: 60110.854: Total time for which application threads were stopped: 0.0006391 seconds, Stopping threads took: 0.0002030 seconds
2020-10-25T09:53:21.047+0100: 60145.165: Total time for which application threads were stopped: 0.0005905 seconds, Stopping threads took: 0.0001758 seconds
2020-10-25T09:53:47.246+0100: 60171.365: Total time for which application threads were stopped: 0.0005655 seconds, Stopping threads took: 0.0001830 seconds
2020-10-25T09:54:14.916+0100: 60199.034: Total time for which application threads were stopped: 0.0004987 seconds, Stopping threads took: 0.0001764 seconds
2020-10-25T09:54:14.916+0100: 60199.035: Total time for which application threads were stopped: 0.0004617 seconds, Stopping threads took: 0.0000821 seconds
2020-10-25T09:54:15.926+0100: 60200.045: Total time for which application threads were stopped: 0.0006178 seconds, Stopping threads took: 0.0002059 seconds
2020-10-25T09:54:20.588+0100: 60204.706: Total time for which application threads were stopped: 0.0002742 seconds, Stopping threads took: 0.0001070 seconds
2020-10-25T09:54:51.840+0100: 60235.959: Total time for which application threads were stopped: 0.0005668 seconds, Stopping threads took: 0.0002233 seconds
2020-10-25T09:55:07.974+0100: 60252.092: Total time for which application threads were stopped: 0.0002310 seconds, Stopping threads took: 0.0000634 seconds
2020-10-25T09:55:21.057+0100: 60265.175: Total time for which application threads were stopped: 0.0006493 seconds, Stopping threads took: 0.0003645 seconds
2020-10-25T09:56:21.535+0100: 60325.653: Total time for which application threads were stopped: 0.0004735 seconds, Stopping threads took: 0.0001525 seconds
2020-10-25T09:57:21.084+0100: 60385.202: Total time for which application threads were stopped: 0.0005638 seconds, Stopping threads took: 0.0001675 seconds
2020-10-25T09:59:14.939+0100: 60499.063: Total time for which application threads were stopped: 0.0010101 seconds, Stopping threads took: 0.0002466 seconds
2020-10-25T09:59:14.939+0100: 60499.067: Total time for which application threads were stopped: 0.0005643 seconds, Stopping threads took: 0.0002006 seconds
2020-10-25T09:59:21.364+0100: 60505.482: Total time for which application threads were stopped: 0.0002665 seconds, Stopping threads took: 0.0000688 seconds
2020-10-25T10:00:21.942+0100: 60566.060: Total time for which application threads were stopped: 0.0008032 seconds, Stopping threads took: 0.0002078 seconds
2020-10-25T10:01:22.541+0100: 60626.659: Total time for which application threads were stopped: 0.0006210 seconds, Stopping threads took: 0.0003296 seconds
2020-10-25T10:02:22.053+0100: 60686.171: Total time for which application threads were stopped: 0.0006502 seconds, Stopping threads took: 0.0002433 seconds
2020-10-25T10:03:22.597+0100: 60746.716: Total time for which application threads were stopped: 0.0005682 seconds, Stopping threads took: 0.0002398 seconds
2020-10-25T10:04:14.965+0100: 60799.083: Total time for which application threads were stopped: 0.0001961 seconds, Stopping threads took: 0.0000641 seconds
2020-10-25T10:04:14.965+0100: 60799.084: Total time for which application threads were stopped: 0.0001744 seconds, Stopping threads took: 0.0000428 seconds
2020-10-25T10:04:22.253+0100: 60806.372: Total time for which application threads were stopped: 0.0005456 seconds, Stopping threads took: 0.0002054 seconds
2020-10-25T10:05:22.733+0100: 60866.851: Total time for which application threads were stopped: 0.0005994 seconds, Stopping threads took: 0.0001690 seconds
2020-10-25T10:06:23.163+0100: 60927.282: Total time for which application threads were stopped: 0.0004613 seconds, Stopping threads took: 0.0001387 seconds
2020-10-25T10:07:08.600+0100: 60972.718: Total time for which application threads were stopped: 0.0002873 seconds, Stopping threads took: 0.0001021 seconds
2020-10-25T10:07:23.737+0100: 60987.855: Total time for which application threads were stopped: 0.0002055 seconds, Stopping threads took: 0.0000634 seconds
2020-10-25T10:07:53.033+0100: 61017.151: Total time for which application threads were stopped: 0.0007199 seconds, Stopping threads took: 0.0002353 seconds
2020-10-25T10:08:07.138+0100: 61031.256: Total time for which application threads were stopped: 0.0002279 seconds, Stopping threads took: 0.0000590 seconds
2020-10-25T10:09:15.010+0100: 61099.129: Total time for which application threads were stopped: 0.0004960 seconds, Stopping threads took: 0.0001630 seconds
2020-10-25T10:09:15.012+0100: 61099.131: Total time for which application threads were stopped: 0.0004358 seconds, Stopping threads took: 0.0001043 seconds
2020-10-25T10:09:23.143+0100: 61107.261: Total time for which application threads were stopped: 0.0003113 seconds, Stopping threads took: 0.0000681 seconds
2020-10-25T10:10:15.671+0100: 61159.790: Total time for which application threads were stopped: 0.0007775 seconds, Stopping threads took: 0.0002689 seconds
2020-10-25T10:10:17.687+0100: 61161.805: Total time for which application threads were stopped: 0.0006729 seconds, Stopping threads took: 0.0002481 seconds
2020-10-25T10:10:18.695+0100: 61162.814: Total time for which application threads were stopped: 0.0006069 seconds, Stopping threads took: 0.0001992 seconds
2020-10-25T10:10:19.696+0100: 61163.814: Total time for which application threads were stopped: 0.0001760 seconds, Stopping threads took: 0.0000545 seconds
2020-10-25T10:10:23.745+0100: 61167.863: Total time for which application threads were stopped: 0.0006909 seconds, Stopping threads took: 0.0002469 seconds
2020-10-25T10:10:55.999+0100: 61200.118: Total time for which application threads were stopped: 0.0002383 seconds, Stopping threads took: 0.0000607 seconds
2020-10-25T10:11:24.235+0100: 61228.354: Total time for which application threads were stopped: 0.0007016 seconds, Stopping threads took: 0.0002407 seconds
2020-10-25T10:11:25.242+0100: 61229.360: Total time for which application threads were stopped: 0.0004615 seconds, Stopping threads took: 0.0001365 seconds
2020-10-25T10:11:37.364+0100: 61241.483: Total time for which application threads were stopped: 0.0005007 seconds, Stopping threads took: 0.0001464 seconds
2020-10-25T10:11:39.385+0100: 61243.503: Total time for which application threads were stopped: 0.0004324 seconds, Stopping threads took: 0.0001755 seconds
2020-10-25T10:12:23.834+0100: 61287.953: Total time for which application threads were stopped: 0.0006815 seconds, Stopping threads took: 0.0001977 seconds
2020-10-25T10:12:33.946+0100: 61298.065: Total time for which application threads were stopped: 0.0004856 seconds, Stopping threads took: 0.0002354 seconds
2020-10-25T10:14:15.072+0100: 61399.191: Total time for which application threads were stopped: 0.0008000 seconds, Stopping threads took: 0.0001691 seconds
2020-10-25T10:14:15.074+0100: 61399.192: Total time for which application threads were stopped: 0.0004304 seconds, Stopping threads took: 0.0001203 seconds
2020-10-25T10:14:23.880+0100: 61407.998: Total time for which application threads were stopped: 0.0002177 seconds, Stopping threads took: 0.0000564 seconds
2020-10-25T10:15:24.404+0100: 61468.522: Total time for which application threads were stopped: 0.0005469 seconds, Stopping threads took: 0.0002583 seconds
2020-10-25T10:16:24.948+0100: 61529.066: Total time for which application threads were stopped: 0.0007057 seconds, Stopping threads took: 0.0002319 seconds
2020-10-25T10:17:08.364+0100: 61572.483: Total time for which application threads were stopped: 0.0005607 seconds, Stopping threads took: 0.0002388 seconds
2020-10-25T10:18:24.994+0100: 61649.113: Total time for which application threads were stopped: 0.0005856 seconds, Stopping threads took: 0.0001886 seconds
2020-10-25T10:19:15.106+0100: 61699.225: Total time for which application threads were stopped: 0.0002710 seconds, Stopping threads took: 0.0001226 seconds
2020-10-25T10:19:15.107+0100: 61699.226: Total time for which application threads were stopped: 0.0001939 seconds, Stopping threads took: 0.0000489 seconds
2020-10-25T10:19:24.786+0100: 61708.904: Total time for which application threads were stopped: 0.0002287 seconds, Stopping threads took: 0.0000768 seconds
2020-10-25T10:19:25.788+0100: 61709.907: Total time for which application threads were stopped: 0.0003058 seconds, Stopping threads took: 0.0000864 seconds
2020-10-25T10:20:25.213+0100: 61769.331: Total time for which application threads were stopped: 0.0006324 seconds, Stopping threads took: 0.0002669 seconds
2020-10-25T10:21:25.685+0100: 61829.803: Total time for which application threads were stopped: 0.0009466 seconds, Stopping threads took: 0.0002512 seconds
2020-10-25T10:22:57.341+0100: 61921.459: Total time for which application threads were stopped: 0.0007496 seconds, Stopping threads took: 0.0001820 seconds
2020-10-25T10:23:25.137+0100: 61949.255: Total time for which application threads were stopped: 0.0002954 seconds, Stopping threads took: 0.0001052 seconds
2020-10-25T10:23:25.137+0100: 61949.256: Total time for which application threads were stopped: 0.0001971 seconds, Stopping threads took: 0.0000696 seconds
2020-10-25T10:23:25.412+0100: 61949.530: Total time for which application threads were stopped: 0.0001926 seconds, Stopping threads took: 0.0000441 seconds
2020-10-25T11:05:04.007+0100: 64448.135: Total time for which application threads were stopped: 0.0008900 seconds, Stopping threads took: 0.0001794 seconds
2020-10-25T11:05:05.097+0100: 64449.224: Total time for which application threads were stopped: 0.0004533 seconds, Stopping threads took: 0.0001651 seconds
2020-10-25T11:05:05.098+0100: 64449.225: Total time for which application threads were stopped: 0.0002303 seconds, Stopping threads took: 0.0001061 seconds
2020-10-25T11:05:05.099+0100: 64449.226: Total time for which application threads were stopped: 0.0003892 seconds, Stopping threads took: 0.0001300 seconds
2020-10-25T11:05:05.099+0100: 64449.226: Total time for which application threads were stopped: 0.0002512 seconds, Stopping threads took: 0.0001339 seconds
2020-10-25T11:05:05.100+0100: 64449.227: Total time for which application threads were stopped: 0.0002855 seconds, Stopping threads took: 0.0001047 seconds
2020-10-25T11:05:05.104+0100: 64449.231: Total time for which application threads were stopped: 0.0003749 seconds, Stopping threads took: 0.0001857 seconds
2020-10-25T11:05:05.104+0100: 64449.231: Total time for which application threads were stopped: 0.0003492 seconds, Stopping threads took: 0.0002337 seconds
2020-10-25T11:05:05.107+0100: 64449.234: Total time for which application threads were stopped: 0.0001942 seconds, Stopping threads took: 0.0000375 seconds
{Heap before GC invocations=12 (full 0):
 garbage-first heap   total 524288K, used 332352K [0x00000000e0000000, 0x00000000e0101000, 0x0000000100000000)
  region size 1024K, 307 young (314368K), 25 survivors (25600K)
 Metaspace       used 55199K, capacity 57498K, committed 57680K, reserved 1099776K
  class space    used 6727K, capacity 7206K, committed 7296K, reserved 1048576K
2020-10-25T11:05:05.113+0100: 64449.240: [GC pause (G1 Evacuation Pause) (young)
Desired survivor size 20447232 bytes, new threshold 15 (max 15)
- age   1:    3053624 bytes,    3053624 total
- age   2:    7271576 bytes,   10325200 total
- age   3:    2701808 bytes,   13027008 total
- age   4:    2521656 bytes,   15548664 total
- age   5:     541808 bytes,   16090472 total
- age   6:    4298720 bytes,   20389192 total
, 0.1972718 secs]
   [Parallel Time: 185.7 ms, GC Workers: 4]
      [GC Worker Start (ms): Min: 64449242.0, Avg: 64449242.2, Max: 64449242.5, Diff: 0.6]
      [Ext Root Scanning (ms): Min: 3.8, Avg: 18.6, Max: 62.5, Diff: 58.6, Sum: 74.6]
      [Update RS (ms): Min: 0.0, Avg: 1.3, Max: 2.0, Diff: 2.0, Sum: 5.1]
         [Processed Buffers: Min: 0, Avg: 8.5, Max: 16, Diff: 16, Sum: 34]
      [Scan RS (ms): Min: 0.0, Avg: 2.4, Max: 4.4, Diff: 4.4, Sum: 9.5]
      [Code Root Scanning (ms): Min: 0.0, Avg: 4.4, Max: 9.6, Diff: 9.6, Sum: 17.8]
      [Object Copy (ms): Min: 122.8, Avg: 158.3, Max: 174.0, Diff: 51.2, Sum: 633.1]
      [Termination (ms): Min: 0.0, Avg: 0.1, Max: 0.2, Diff: 0.2, Sum: 0.4]
         [Termination Attempts: Min: 1, Avg: 1.5, Max: 3, Diff: 2, Sum: 6]
      [GC Worker Other (ms): Min: 0.0, Avg: 0.1, Max: 0.2, Diff: 0.1, Sum: 0.4]
      [GC Worker Total (ms): Min: 184.9, Avg: 185.2, Max: 185.5, Diff: 0.6, Sum: 740.8]
      [GC Worker End (ms): Min: 64449427.4, Avg: 64449427.4, Max: 64449427.5, Diff: 0.0]
   [Code Root Fixup: 0.1 ms]
   [Code Root Purge: 0.1 ms]
   [Clear CT: 0.9 ms]
   [Other: 10.4 ms]
      [Choose CSet: 0.0 ms]
      [Ref Proc: 6.6 ms]
      [Ref Enq: 0.1 ms]
      [Redirty Cards: 0.1 ms]
      [Humongous Register: 0.4 ms]
      [Humongous Reclaim: 0.0 ms]
      [Free CSet: 1.7 ms]
   [Eden: 282.0M(282.0M)->0.0B(280.0M) Survivors: 25.0M->27.0M Heap: 324.6M(512.0M)->44.6M(512.0M)]
Heap after GC invocations=13 (full 0):
 garbage-first heap   total 524288K, used 45632K [0x00000000e0000000, 0x00000000e0101000, 0x0000000100000000)
  region size 1024K, 27 young (27648K), 27 survivors (27648K)
 Metaspace       used 55199K, capacity 57498K, committed 57680K, reserved 1099776K
  class space    used 6727K, capacity 7206K, committed 7296K, reserved 1048576K
}
 [Times: user=0.19 sys=0.56, real=0.20 secs] 
2020-10-25T11:05:05.311+0100: 64449.438: Total time for which application threads were stopped: 0.1982097 seconds, Stopping threads took: 0.0001484 seconds
2020-10-25T11:05:05.311+0100: 64449.438: Total time for which application threads were stopped: 0.0003338 seconds, Stopping threads took: 0.0000492 seconds
2020-10-25T11:05:05.312+0100: 64449.439: Total time for which application threads were stopped: 0.0004768 seconds, Stopping threads took: 0.0000642 seconds
2020-10-25T11:05:05.813+0100: 64449.940: Total time for which application threads were stopped: 0.0003924 seconds, Stopping threads took: 0.0000933 seconds
2020-10-25T11:05:07.502+0100: 64451.630: Total time for which application threads were stopped: 0.0003140 seconds, Stopping threads took: 0.0000753 seconds
2020-10-25T11:05:07.502+0100: 64451.630: Total time for which application threads were stopped: 0.0002376 seconds, Stopping threads took: 0.0000542 seconds
2020-10-25T11:05:07.503+0100: 64451.631: Total time for which application threads were stopped: 0.0002983 seconds, Stopping threads took: 0.0000372 seconds
2020-10-25T11:05:08.235+0100: 64452.363: Total time for which application threads were stopped: 0.0003573 seconds, Stopping threads took: 0.0000680 seconds
2020-10-25T11:05:10.056+0100: 64454.183: Total time for which application threads were stopped: 0.0248194 seconds, Stopping threads took: 0.0244078 seconds
2020-10-25T11:05:10.058+0100: 64454.185: Total time for which application threads were stopped: 0.0004709 seconds, Stopping threads took: 0.0000788 seconds
2020-10-25T11:05:11.066+0100: 64455.194: Total time for which application threads were stopped: 0.0002990 seconds, Stopping threads took: 0.0000581 seconds
2020-10-25T11:05:12.011+0100: 64456.139: Total time for which application threads were stopped: 0.0003442 seconds, Stopping threads took: 0.0000627 seconds
2020-10-25T11:05:12.012+0100: 64456.139: Total time for which application threads were stopped: 0.0003243 seconds, Stopping threads took: 0.0000323 seconds
2020-10-25T11:05:13.026+0100: 64457.154: Total time for which application threads were stopped: 0.0003224 seconds, Stopping threads took: 0.0000652 seconds
2020-10-25T11:05:13.243+0100: 64457.370: Total time for which application threads were stopped: 0.0005092 seconds, Stopping threads took: 0.0000773 seconds
2020-10-25T11:05:13.243+0100: 64457.371: Total time for which application threads were stopped: 0.0003448 seconds, Stopping threads took: 0.0000481 seconds
2020-10-25T11:05:13.741+0100: 64457.868: Total time for which application threads were stopped: 0.0003031 seconds, Stopping threads took: 0.0000474 seconds
2020-10-25T11:05:14.754+0100: 64458.882: Total time for which application threads were stopped: 0.0003057 seconds, Stopping threads took: 0.0000656 seconds
2020-10-25T11:05:15.111+0100: 64459.238: Total time for which application threads were stopped: 0.0004822 seconds, Stopping threads took: 0.0000694 seconds
2020-10-25T11:05:15.193+0100: 64459.320: Total time for which application threads were stopped: 0.0003333 seconds, Stopping threads took: 0.0000679 seconds
2020-10-25T11:05:15.195+0100: 64459.322: Total time for which application threads were stopped: 0.0003040 seconds, Stopping threads took: 0.0000533 seconds
2020-10-25T11:05:18.013+0100: 64462.141: Total time for which application threads were stopped: 0.0003233 seconds, Stopping threads took: 0.0000724 seconds
2020-10-25T11:05:18.026+0100: 64462.154: Total time for which application threads were stopped: 0.0004030 seconds, Stopping threads took: 0.0000997 seconds
2020-10-25T11:05:18.027+0100: 64462.155: Total time for which application threads were stopped: 0.0003571 seconds, Stopping threads took: 0.0000817 seconds
2020-10-25T11:05:18.037+0100: 64462.165: Total time for which application threads were stopped: 0.0004764 seconds, Stopping threads took: 0.0000912 seconds
2020-10-25T11:05:18.039+0100: 64462.167: Total time for which application threads were stopped: 0.0003863 seconds, Stopping threads took: 0.0000974 seconds
2020-10-25T11:05:18.039+0100: 64462.167: Total time for which application threads were stopped: 0.0003905 seconds, Stopping threads took: 0.0000763 seconds
2020-10-25T11:05:18.041+0100: 64462.168: Total time for which application threads were stopped: 0.0003125 seconds, Stopping threads took: 0.0000588 seconds
2020-10-25T11:05:18.042+0100: 64462.170: Total time for which application threads were stopped: 0.0003619 seconds, Stopping threads took: 0.0000884 seconds
2020-10-25T11:05:18.042+0100: 64462.170: Total time for which application threads were stopped: 0.0004239 seconds, Stopping threads took: 0.0001724 seconds
2020-10-25T11:05:18.046+0100: 64462.174: Total time for which application threads were stopped: 0.0015284 seconds, Stopping threads took: 0.0000919 seconds
2020-10-25T11:05:18.056+0100: 64462.184: Total time for which application threads were stopped: 0.0008962 seconds, Stopping threads took: 0.0004547 seconds
2020-10-25T11:05:18.057+0100: 64462.185: Total time for which application threads were stopped: 0.0003596 seconds, Stopping threads took: 0.0000711 seconds
2020-10-25T11:05:18.058+0100: 64462.186: Total time for which application threads were stopped: 0.0004960 seconds, Stopping threads took: 0.0001951 seconds
2020-10-25T11:05:18.059+0100: 64462.187: Total time for which application threads were stopped: 0.0003223 seconds, Stopping threads took: 0.0000645 seconds
2020-10-25T11:05:18.064+0100: 64462.192: Total time for which application threads were stopped: 0.0003354 seconds, Stopping threads took: 0.0000559 seconds
2020-10-25T11:05:18.066+0100: 64462.194: Total time for which application threads were stopped: 0.0003374 seconds, Stopping threads took: 0.0000625 seconds
2020-10-25T11:05:18.067+0100: 64462.195: Total time for which application threads were stopped: 0.0002184 seconds, Stopping threads took: 0.0000332 seconds
2020-10-25T11:05:18.068+0100: 64462.195: Total time for which application threads were stopped: 0.0002947 seconds, Stopping threads took: 0.0000488 seconds
2020-10-25T11:05:18.081+0100: 64462.209: Total time for which application threads were stopped: 0.0003960 seconds, Stopping threads took: 0.0000990 seconds
2020-10-25T11:05:18.082+0100: 64462.210: Total time for which application threads were stopped: 0.0005912 seconds, Stopping threads took: 0.0001779 seconds
2020-10-25T11:05:18.083+0100: 64462.211: Total time for which application threads were stopped: 0.0004189 seconds, Stopping threads took: 0.0000729 seconds
2020-10-25T11:05:18.083+0100: 64462.211: Total time for which application threads were stopped: 0.0003715 seconds, Stopping threads took: 0.0000934 seconds
2020-10-25T11:05:18.084+0100: 64462.212: Total time for which application threads were stopped: 0.0004378 seconds, Stopping threads took: 0.0000838 seconds
2020-10-25T11:05:18.084+0100: 64462.212: Total time for which application threads were stopped: 0.0003604 seconds, Stopping threads took: 0.0000873 seconds
2020-10-25T11:05:18.085+0100: 64462.213: Total time for which application threads were stopped: 0.0003289 seconds, Stopping threads took: 0.0001002 seconds
2020-10-25T11:05:18.085+0100: 64462.213: Total time for which application threads were stopped: 0.0003167 seconds, Stopping threads took: 0.0000920 seconds
2020-10-25T11:05:18.088+0100: 64462.216: Total time for which application threads were stopped: 0.0003570 seconds, Stopping threads took: 0.0000804 seconds
2020-10-25T11:05:18.092+0100: 64462.220: Total time for which application threads were stopped: 0.0012528 seconds, Stopping threads took: 0.0008705 seconds
2020-10-25T11:05:18.132+0100: 64462.260: Total time for which application threads were stopped: 0.0003674 seconds, Stopping threads took: 0.0000673 seconds
2020-10-25T11:05:18.133+0100: 64462.261: Total time for which application threads were stopped: 0.0003248 seconds, Stopping threads took: 0.0000604 seconds
2020-10-25T11:05:18.141+0100: 64462.269: Total time for which application threads were stopped: 0.0003717 seconds, Stopping threads took: 0.0000801 seconds
2020-10-25T11:05:18.148+0100: 64462.276: Total time for which application threads were stopped: 0.0049269 seconds, Stopping threads took: 0.0046538 seconds
2020-10-25T11:05:18.149+0100: 64462.276: Total time for which application threads were stopped: 0.0002684 seconds, Stopping threads took: 0.0000546 seconds
2020-10-25T11:05:18.149+0100: 64462.277: Total time for which application threads were stopped: 0.0004604 seconds, Stopping threads took: 0.0000426 seconds
2020-10-25T11:05:18.150+0100: 64462.278: Total time for which application threads were stopped: 0.0003653 seconds, Stopping threads took: 0.0000573 seconds
2020-10-25T11:05:18.152+0100: 64462.280: Total time for which application threads were stopped: 0.0003335 seconds, Stopping threads took: 0.0000807 seconds
2020-10-25T11:05:18.152+0100: 64462.280: Total time for which application threads were stopped: 0.0002112 seconds, Stopping threads took: 0.0000379 seconds
2020-10-25T11:05:18.153+0100: 64462.280: Total time for which application threads were stopped: 0.0002567 seconds, Stopping threads took: 0.0000686 seconds
2020-10-25T11:05:18.154+0100: 64462.282: Total time for which application threads were stopped: 0.0005569 seconds, Stopping threads took: 0.0001389 seconds
2020-10-25T11:05:18.155+0100: 64462.282: Total time for which application threads were stopped: 0.0005567 seconds, Stopping threads took: 0.0000688 seconds
2020-10-25T11:05:18.155+0100: 64462.283: Total time for which application threads were stopped: 0.0003119 seconds, Stopping threads took: 0.0000948 seconds
2020-10-25T11:05:18.156+0100: 64462.283: Total time for which application threads were stopped: 0.0002687 seconds, Stopping threads took: 0.0000586 seconds
2020-10-25T11:05:18.159+0100: 64462.287: Total time for which application threads were stopped: 0.0003232 seconds, Stopping threads took: 0.0000671 seconds
2020-10-25T11:05:18.168+0100: 64462.296: Total time for which application threads were stopped: 0.0003672 seconds, Stopping threads took: 0.0000723 seconds
2020-10-25T11:05:18.168+0100: 64462.296: Total time for which application threads were stopped: 0.0002617 seconds, Stopping threads took: 0.0000621 seconds
2020-10-25T11:05:18.168+0100: 64462.296: Total time for which application threads were stopped: 0.0002272 seconds, Stopping threads took: 0.0000398 seconds
2020-10-25T11:05:18.169+0100: 64462.296: Total time for which application threads were stopped: 0.0002974 seconds, Stopping threads took: 0.0000738 seconds
2020-10-25T11:05:18.440+0100: 64462.568: Total time for which application threads were stopped: 0.0010731 seconds, Stopping threads took: 0.0000808 seconds
2020-10-25T11:05:19.449+0100: 64463.576: Total time for which application threads were stopped: 0.0002547 seconds, Stopping threads took: 0.0000912 seconds
2020-10-25T11:05:28.883+0100: 64473.011: Total time for which application threads were stopped: 0.0003748 seconds, Stopping threads took: 0.0000972 seconds
2020-10-25T11:06:05.169+0100: 64509.296: Total time for which application threads were stopped: 0.0003491 seconds, Stopping threads took: 0.0001011 seconds
2020-10-25T11:06:13.227+0100: 64517.354: Total time for which application threads were stopped: 0.0002801 seconds, Stopping threads took: 0.0000716 seconds
2020-10-25T11:06:14.235+0100: 64518.363: Total time for which application threads were stopped: 0.0002513 seconds, Stopping threads took: 0.0000975 seconds
2020-10-25T11:06:15.247+0100: 64519.374: Total time for which application threads were stopped: 0.0002395 seconds, Stopping threads took: 0.0000949 seconds
2020-10-25T11:06:29.355+0100: 64533.483: Total time for which application threads were stopped: 0.0002434 seconds, Stopping threads took: 0.0000762 seconds
2020-10-25T11:07:22.206+0100: 64586.334: Total time for which application threads were stopped: 0.0002321 seconds, Stopping threads took: 0.0000544 seconds
2020-10-25T11:07:23.000+0100: 64587.128: Total time for which application threads were stopped: 0.0033126 seconds, Stopping threads took: 0.0028102 seconds
2020-10-25T11:07:23.382+0100: 64587.510: Total time for which application threads were stopped: 0.0006764 seconds, Stopping threads took: 0.0003970 seconds
2020-10-25T11:07:24.097+0100: 64588.224: Total time for which application threads were stopped: 0.0025641 seconds, Stopping threads took: 0.0022477 seconds
2020-10-25T11:07:24.121+0100: 64588.248: Total time for which application threads were stopped: 0.0014970 seconds, Stopping threads took: 0.0011787 seconds
{Heap before GC invocations=13 (full 0):
 garbage-first heap   total 524288K, used 332352K [0x00000000e0000000, 0x00000000e0101000, 0x0000000100000000)
  region size 1024K, 307 young (314368K), 27 survivors (27648K)
 Metaspace       used 55350K, capacity 57750K, committed 57936K, reserved 1099776K
  class space    used 6733K, capacity 7216K, committed 7296K, reserved 1048576K
2020-10-25T11:07:24.480+0100: 64588.608: [GC pause (G1 Evacuation Pause) (young)
Desired survivor size 20447232 bytes, new threshold 7 (max 15)
- age   1:    8699424 bytes,    8699424 total
- age   2:    1122552 bytes,    9821976 total
- age   3:    3306248 bytes,   13128224 total
- age   4:    2666672 bytes,   15794896 total
- age   5:    2520400 bytes,   18315296 total
- age   6:     541160 bytes,   18856456 total
- age   7:    4264272 bytes,   23120728 total
, 0.0462938 secs]
   [Parallel Time: 43.6 ms, GC Workers: 4]
      [GC Worker Start (ms): Min: 64588607.8, Avg: 64588607.8, Max: 64588607.8, Diff: 0.1]
      [Ext Root Scanning (ms): Min: 1.5, Avg: 3.3, Max: 5.1, Diff: 3.6, Sum: 13.1]
      [Update RS (ms): Min: 0.0, Avg: 1.0, Max: 2.1, Diff: 2.1, Sum: 3.8]
         [Processed Buffers: Min: 0, Avg: 5.5, Max: 17, Diff: 17, Sum: 22]
      [Scan RS (ms): Min: 0.0, Avg: 0.1, Max: 0.2, Diff: 0.1, Sum: 0.3]
      [Code Root Scanning (ms): Min: 0.0, Avg: 5.6, Max: 18.0, Diff: 18.0, Sum: 22.2]
      [Object Copy (ms): Min: 20.6, Avg: 33.6, Max: 39.7, Diff: 19.1, Sum: 134.4]
      [Termination (ms): Min: 0.0, Avg: 0.0, Max: 0.0, Diff: 0.0, Sum: 0.0]
         [Termination Attempts: Min: 1, Avg: 1.8, Max: 3, Diff: 2, Sum: 7]
      [GC Worker Other (ms): Min: 0.0, Avg: 0.0, Max: 0.0, Diff: 0.0, Sum: 0.1]
      [GC Worker Total (ms): Min: 43.5, Avg: 43.5, Max: 43.5, Diff: 0.1, Sum: 174.0]
      [GC Worker End (ms): Min: 64588651.3, Avg: 64588651.3, Max: 64588651.3, Diff: 0.0]
   [Code Root Fixup: 0.1 ms]
   [Code Root Purge: 0.0 ms]
   [Clear CT: 0.1 ms]
   [Other: 2.4 ms]
      [Choose CSet: 0.0 ms]
      [Ref Proc: 1.4 ms]
      [Ref Enq: 0.1 ms]
      [Redirty Cards: 0.2 ms]
      [Humongous Register: 0.0 ms]
      [Humongous Reclaim: 0.0 ms]
      [Free CSet: 0.6 ms]
   [Eden: 280.0M(280.0M)->0.0B(283.0M) Survivors: 27.0M->24.0M Heap: 324.6M(512.0M)->45.6M(512.0M)]
Heap after GC invocations=14 (full 0):
 garbage-first heap   total 524288K, used 46671K [0x00000000e0000000, 0x00000000e0101000, 0x0000000100000000)
  region size 1024K, 24 young (24576K), 24 survivors (24576K)
 Metaspace       used 55350K, capacity 57750K, committed 57936K, reserved 1099776K
  class space    used 6733K, capacity 7216K, committed 7296K, reserved 1048576K
}
 [Times: user=0.06 sys=0.05, real=0.05 secs] 
2020-10-25T11:07:24.527+0100: 64588.654: Total time for which application threads were stopped: 0.0492244 seconds, Stopping threads took: 0.0022524 seconds
2020-10-25T11:07:24.528+0100: 64588.656: Total time for which application threads were stopped: 0.0003019 seconds, Stopping threads took: 0.0001228 seconds
2020-10-25T11:07:24.529+0100: 64588.656: Total time for which application threads were stopped: 0.0002686 seconds, Stopping threads took: 0.0000922 seconds
2020-10-25T11:07:25.373+0100: 64589.501: Total time for which application threads were stopped: 0.0006949 seconds, Stopping threads took: 0.0001000 seconds
2020-10-25T11:07:25.379+0100: 64589.507: Total time for which application threads were stopped: 0.0002837 seconds, Stopping threads took: 0.0000823 seconds
2020-10-25T11:07:25.418+0100: 64589.546: Total time for which application threads were stopped: 0.0143472 seconds, Stopping threads took: 0.0140374 seconds
2020-10-25T11:07:25.504+0100: 64589.631: Total time for which application threads were stopped: 0.0002694 seconds, Stopping threads took: 0.0000746 seconds
2020-10-25T11:07:25.726+0100: 64589.853: Total time for which application threads were stopped: 0.0157615 seconds, Stopping threads took: 0.0154367 seconds
2020-10-25T11:07:25.806+0100: 64589.933: Total time for which application threads were stopped: 0.0531043 seconds, Stopping threads took: 0.0526939 seconds
2020-10-25T11:07:25.979+0100: 64590.107: Total time for which application threads were stopped: 0.0023434 seconds, Stopping threads took: 0.0019742 seconds
2020-10-25T11:07:25.980+0100: 64590.107: Total time for which application threads were stopped: 0.0001636 seconds, Stopping threads took: 0.0000511 seconds
2020-10-25T11:07:25.981+0100: 64590.108: Total time for which application threads were stopped: 0.0002687 seconds, Stopping threads took: 0.0000779 seconds
2020-10-25T11:07:26.037+0100: 64590.165: Total time for which application threads were stopped: 0.0165649 seconds, Stopping threads took: 0.0163846 seconds
2020-10-25T11:07:26.040+0100: 64590.167: Total time for which application threads were stopped: 0.0002542 seconds, Stopping threads took: 0.0000726 seconds
2020-10-25T11:07:26.040+0100: 64590.168: Total time for which application threads were stopped: 0.0001596 seconds, Stopping threads took: 0.0000431 seconds
2020-10-25T11:07:26.077+0100: 64590.204: Total time for which application threads were stopped: 0.0002782 seconds, Stopping threads took: 0.0000773 seconds
2020-10-25T11:07:26.094+0100: 64590.222: Total time for which application threads were stopped: 0.0002688 seconds, Stopping threads took: 0.0000792 seconds
2020-10-25T11:07:26.103+0100: 64590.230: Total time for which application threads were stopped: 0.0002662 seconds, Stopping threads took: 0.0000755 seconds
2020-10-25T11:07:26.103+0100: 64590.231: Total time for which application threads were stopped: 0.0002338 seconds, Stopping threads took: 0.0000631 seconds
2020-10-25T11:07:26.571+0100: 64590.698: Total time for which application threads were stopped: 0.1023295 seconds, Stopping threads took: 0.1020944 seconds
2020-10-25T11:07:26.571+0100: 64590.699: Total time for which application threads were stopped: 0.0002036 seconds, Stopping threads took: 0.0000595 seconds
2020-10-25T11:07:26.572+0100: 64590.699: Total time for which application threads were stopped: 0.0001366 seconds, Stopping threads took: 0.0000407 seconds
2020-10-25T11:07:26.572+0100: 64590.699: Total time for which application threads were stopped: 0.0001557 seconds, Stopping threads took: 0.0000458 seconds
2020-10-25T11:07:26.572+0100: 64590.699: Total time for which application threads were stopped: 0.0002127 seconds, Stopping threads took: 0.0000532 seconds
2020-10-25T11:07:26.572+0100: 64590.699: Total time for which application threads were stopped: 0.0001612 seconds, Stopping threads took: 0.0000501 seconds
2020-10-25T11:07:26.572+0100: 64590.700: Total time for which application threads were stopped: 0.0001302 seconds, Stopping threads took: 0.0000406 seconds
2020-10-25T11:07:26.573+0100: 64590.700: Total time for which application threads were stopped: 0.0005891 seconds, Stopping threads took: 0.0000389 seconds
2020-10-25T11:07:26.573+0100: 64590.700: Total time for which application threads were stopped: 0.0001811 seconds, Stopping threads took: 0.0000533 seconds
2020-10-25T11:07:26.573+0100: 64590.701: Total time for which application threads were stopped: 0.0001260 seconds, Stopping threads took: 0.0000392 seconds
2020-10-25T11:07:26.574+0100: 64590.701: Total time for which application threads were stopped: 0.0001213 seconds, Stopping threads took: 0.0000400 seconds
2020-10-25T11:07:26.574+0100: 64590.701: Total time for which application threads were stopped: 0.0001683 seconds, Stopping threads took: 0.0000372 seconds
2020-10-25T11:07:26.574+0100: 64590.701: Total time for which application threads were stopped: 0.0001588 seconds, Stopping threads took: 0.0000517 seconds
2020-10-25T11:07:26.574+0100: 64590.701: Total time for which application threads were stopped: 0.0001433 seconds, Stopping threads took: 0.0000509 seconds
2020-10-25T11:07:26.574+0100: 64590.702: Total time for which application threads were stopped: 0.0001416 seconds, Stopping threads took: 0.0000463 seconds
2020-10-25T11:07:26.575+0100: 64590.702: Total time for which application threads were stopped: 0.0001331 seconds, Stopping threads took: 0.0000413 seconds
2020-10-25T11:07:26.575+0100: 64590.702: Total time for which application threads were stopped: 0.0001504 seconds, Stopping threads took: 0.0000413 seconds
2020-10-25T11:07:26.575+0100: 64590.702: Total time for which application threads were stopped: 0.0001688 seconds, Stopping threads took: 0.0000636 seconds
2020-10-25T11:07:26.576+0100: 64590.703: Total time for which application threads were stopped: 0.0001999 seconds, Stopping threads took: 0.0000571 seconds
2020-10-25T11:07:26.576+0100: 64590.703: Total time for which application threads were stopped: 0.0006627 seconds, Stopping threads took: 0.0000454 seconds
2020-10-25T11:07:26.578+0100: 64590.705: Total time for which application threads were stopped: 0.0002654 seconds, Stopping threads took: 0.0000764 seconds
2020-10-25T11:07:26.580+0100: 64590.707: Total time for which application threads were stopped: 0.0003042 seconds, Stopping threads took: 0.0000788 seconds
2020-10-25T11:07:26.587+0100: 64590.714: Total time for which application threads were stopped: 0.0002930 seconds, Stopping threads took: 0.0000948 seconds
2020-10-25T11:07:26.588+0100: 64590.715: Total time for which application threads were stopped: 0.0002763 seconds, Stopping threads took: 0.0000599 seconds
2020-10-25T11:07:26.589+0100: 64590.716: Total time for which application threads were stopped: 0.0002396 seconds, Stopping threads took: 0.0000667 seconds
2020-10-25T11:07:26.591+0100: 64590.718: Total time for which application threads were stopped: 0.0004078 seconds, Stopping threads took: 0.0000990 seconds
2020-10-25T11:07:27.599+0100: 64591.727: Total time for which application threads were stopped: 0.0002891 seconds, Stopping threads took: 0.0000614 seconds
2020-10-25T11:07:29.617+0100: 64593.744: Total time for which application threads were stopped: 0.0010843 seconds, Stopping threads took: 0.0002550 seconds
2020-10-25T11:08:24.797+0100: 64648.924: Total time for which application threads were stopped: 0.0003586 seconds, Stopping threads took: 0.0001046 seconds
2020-10-25T11:08:25.510+0100: 64649.637: Total time for which application threads were stopped: 0.0033093 seconds, Stopping threads took: 0.0020487 seconds
2020-10-25T11:08:25.707+0100: 64649.834: Total time for which application threads were stopped: 0.0531316 seconds, Stopping threads took: 0.0527445 seconds
2020-10-25T11:08:25.758+0100: 64649.885: Total time for which application threads were stopped: 0.0003937 seconds, Stopping threads took: 0.0000635 seconds
2020-10-25T11:08:25.759+0100: 64649.886: Total time for which application threads were stopped: 0.0002706 seconds, Stopping threads took: 0.0000644 seconds
2020-10-25T11:08:25.759+0100: 64649.887: Total time for which application threads were stopped: 0.0002731 seconds, Stopping threads took: 0.0000487 seconds
{Heap before GC invocations=14 (full 0):
 garbage-first heap   total 524288K, used 336463K [0x00000000e0000000, 0x00000000e0101000, 0x0000000100000000)
  region size 1024K, 307 young (314368K), 24 survivors (24576K)
 Metaspace       used 55574K, capacity 57978K, committed 58192K, reserved 1099776K
  class space    used 6736K, capacity 7222K, committed 7296K, reserved 1048576K
2020-10-25T11:08:26.063+0100: 64650.190: [GC pause (G1 Evacuation Pause) (young)
Desired survivor size 20447232 bytes, new threshold 15 (max 15)
- age   1:    3227656 bytes,    3227656 total
- age   2:    6546552 bytes,    9774208 total
- age   3:    1118512 bytes,   10892720 total
- age   4:    3303800 bytes,   14196520 total
- age   5:    2665960 bytes,   16862480 total
- age   6:    2515600 bytes,   19378080 total
- age   7:     537088 bytes,   19915168 total
, 0.0424081 secs]
   [Parallel Time: 35.5 ms, GC Workers: 4]
      [GC Worker Start (ms): Min: 64650190.6, Avg: 64650190.6, Max: 64650190.6, Diff: 0.0]
      [Ext Root Scanning (ms): Min: 0.8, Avg: 1.4, Max: 2.9, Diff: 2.1, Sum: 5.7]
      [Update RS (ms): Min: 0.7, Avg: 1.4, Max: 1.8, Diff: 1.1, Sum: 5.7]
         [Processed Buffers: Min: 3, Avg: 7.5, Max: 15, Diff: 12, Sum: 30]
      [Scan RS (ms): Min: 0.2, Avg: 0.5, Max: 0.9, Diff: 0.7, Sum: 2.1]
      [Code Root Scanning (ms): Min: 0.0, Avg: 1.2, Max: 3.8, Diff: 3.8, Sum: 4.7]
      [Object Copy (ms): Min: 28.3, Avg: 30.8, Max: 32.0, Diff: 3.7, Sum: 123.3]
      [Termination (ms): Min: 0.0, Avg: 0.0, Max: 0.1, Diff: 0.1, Sum: 0.2]
         [Termination Attempts: Min: 1, Avg: 1.0, Max: 1, Diff: 0, Sum: 4]
      [GC Worker Other (ms): Min: 0.0, Avg: 0.0, Max: 0.0, Diff: 0.0, Sum: 0.1]
      [GC Worker Total (ms): Min: 35.4, Avg: 35.5, Max: 35.5, Diff: 0.0, Sum: 141.8]
      [GC Worker End (ms): Min: 64650226.0, Avg: 64650226.0, Max: 64650226.0, Diff: 0.0]
   [Code Root Fixup: 0.1 ms]
   [Code Root Purge: 0.0 ms]
   [Clear CT: 0.2 ms]
   [Other: 6.6 ms]
      [Choose CSet: 0.0 ms]
      [Ref Proc: 5.8 ms]
      [Ref Enq: 0.1 ms]
      [Redirty Cards: 0.1 ms]
      [Humongous Register: 0.0 ms]
      [Humongous Reclaim: 0.0 ms]
      [Free CSet: 0.5 ms]
   [Eden: 283.0M(283.0M)->0.0B(280.0M) Survivors: 24.0M->27.0M Heap: 328.6M(512.0M)->49.1M(512.0M)]
Heap after GC invocations=15 (full 0):
 garbage-first heap   total 524288K, used 50255K [0x00000000e0000000, 0x00000000e0101000, 0x0000000100000000)
  region size 1024K, 27 young (27648K), 27 survivors (27648K)
 Metaspace       used 55574K, capacity 57978K, committed 58192K, reserved 1099776K
  class space    used 6736K, capacity 7222K, committed 7296K, reserved 1048576K
}
 [Times: user=0.14 sys=0.02, real=0.04 secs] 
2020-10-25T11:08:26.106+0100: 64650.233: Total time for which application threads were stopped: 0.0432450 seconds, Stopping threads took: 0.0000992 seconds
2020-10-25T11:08:27.119+0100: 64651.247: Total time for which application threads were stopped: 0.0016800 seconds, Stopping threads took: 0.0013875 seconds
2020-10-25T11:08:27.230+0100: 64651.357: Total time for which application threads were stopped: 0.0006401 seconds, Stopping threads took: 0.0000663 seconds
2020-10-25T11:08:27.235+0100: 64651.362: Total time for which application threads were stopped: 0.0002462 seconds, Stopping threads took: 0.0000610 seconds
2020-10-25T11:08:27.238+0100: 64651.366: Total time for which application threads were stopped: 0.0002588 seconds, Stopping threads took: 0.0000787 seconds
2020-10-25T11:08:27.398+0100: 64651.526: Total time for which application threads were stopped: 0.0197974 seconds, Stopping threads took: 0.0195525 seconds
2020-10-25T11:08:27.556+0100: 64651.683: Total time for which application threads were stopped: 0.0027612 seconds, Stopping threads took: 0.0025565 seconds
2020-10-25T11:08:27.556+0100: 64651.683: Total time for which application threads were stopped: 0.0002053 seconds, Stopping threads took: 0.0000459 seconds
2020-10-25T11:08:27.557+0100: 64651.684: Total time for which application threads were stopped: 0.0002544 seconds, Stopping threads took: 0.0000590 seconds
2020-10-25T11:08:27.557+0100: 64651.684: Total time for which application threads were stopped: 0.0001966 seconds, Stopping threads took: 0.0000592 seconds
2020-10-25T11:08:27.558+0100: 64651.685: Total time for which application threads were stopped: 0.0002002 seconds, Stopping threads took: 0.0000594 seconds
2020-10-25T11:08:27.558+0100: 64651.685: Total time for which application threads were stopped: 0.0002252 seconds, Stopping threads took: 0.0000552 seconds
2020-10-25T11:08:27.881+0100: 64652.008: Total time for which application threads were stopped: 0.0002675 seconds, Stopping threads took: 0.0000850 seconds
2020-10-25T11:08:27.881+0100: 64652.008: Total time for which application threads were stopped: 0.0001523 seconds, Stopping threads took: 0.0000559 seconds
2020-10-25T11:08:27.882+0100: 64652.009: Total time for which application threads were stopped: 0.0001947 seconds, Stopping threads took: 0.0000628 seconds
2020-10-25T11:08:27.882+0100: 64652.009: Total time for which application threads were stopped: 0.0001824 seconds, Stopping threads took: 0.0000644 seconds
2020-10-25T11:08:27.882+0100: 64652.009: Total time for which application threads were stopped: 0.0001684 seconds, Stopping threads took: 0.0000639 seconds
2020-10-25T11:08:27.882+0100: 64652.009: Total time for which application threads were stopped: 0.0001533 seconds, Stopping threads took: 0.0000525 seconds
2020-10-25T11:08:27.883+0100: 64652.010: Total time for which application threads were stopped: 0.0001367 seconds, Stopping threads took: 0.0000428 seconds
2020-10-25T11:08:27.883+0100: 64652.010: Total time for which application threads were stopped: 0.0001330 seconds, Stopping threads took: 0.0000414 seconds
2020-10-25T11:08:27.883+0100: 64652.010: Total time for which application threads were stopped: 0.0001766 seconds, Stopping threads took: 0.0000942 seconds
2020-10-25T11:08:27.883+0100: 64652.010: Total time for which application threads were stopped: 0.0001603 seconds, Stopping threads took: 0.0000559 seconds
2020-10-25T11:08:27.884+0100: 64652.011: Total time for which application threads were stopped: 0.0001544 seconds, Stopping threads took: 0.0000493 seconds
2020-10-25T11:08:27.884+0100: 64652.011: Total time for which application threads were stopped: 0.0001534 seconds, Stopping threads took: 0.0000529 seconds
2020-10-25T11:08:27.884+0100: 64652.011: Total time for which application threads were stopped: 0.0001570 seconds, Stopping threads took: 0.0000654 seconds
2020-10-25T11:08:27.884+0100: 64652.011: Total time for which application threads were stopped: 0.0001355 seconds, Stopping threads took: 0.0000506 seconds
2020-10-25T11:08:27.885+0100: 64652.012: Total time for which application threads were stopped: 0.0002824 seconds, Stopping threads took: 0.0000573 seconds
2020-10-25T11:08:27.885+0100: 64652.012: Total time for which application threads were stopped: 0.0001693 seconds, Stopping threads took: 0.0000625 seconds
2020-10-25T11:08:27.885+0100: 64652.012: Total time for which application threads were stopped: 0.0001621 seconds, Stopping threads took: 0.0000509 seconds
2020-10-25T11:08:27.886+0100: 64652.013: Total time for which application threads were stopped: 0.0001397 seconds, Stopping threads took: 0.0000412 seconds
2020-10-25T11:08:27.886+0100: 64652.013: Total time for which application threads were stopped: 0.0001325 seconds, Stopping threads took: 0.0000429 seconds
2020-10-25T11:08:27.886+0100: 64652.013: Total time for which application threads were stopped: 0.0005485 seconds, Stopping threads took: 0.0000402 seconds
2020-10-25T11:08:27.890+0100: 64652.017: Total time for which application threads were stopped: 0.0006400 seconds, Stopping threads took: 0.0004491 seconds
2020-10-25T11:08:27.891+0100: 64652.018: Total time for which application threads were stopped: 0.0002676 seconds, Stopping threads took: 0.0000833 seconds
2020-10-25T11:08:27.891+0100: 64652.018: Total time for which application threads were stopped: 0.0001711 seconds, Stopping threads took: 0.0000695 seconds
2020-10-25T11:08:28.263+0100: 64652.391: Total time for which application threads were stopped: 0.0026407 seconds, Stopping threads took: 0.0024162 seconds
2020-10-25T11:08:28.270+0100: 64652.398: Total time for which application threads were stopped: 0.0002943 seconds, Stopping threads took: 0.0001137 seconds
2020-10-25T11:08:28.272+0100: 64652.400: Total time for which application threads were stopped: 0.0002538 seconds, Stopping threads took: 0.0000592 seconds
{Heap before GC invocations=15 (full 0):
 garbage-first heap   total 524288K, used 336975K [0x00000000e0000000, 0x00000000e0101000, 0x0000000100000000)
  region size 1024K, 307 young (314368K), 27 survivors (27648K)
 Metaspace       used 55642K, capacity 57990K, committed 58192K, reserved 1099776K
  class space    used 6738K, capacity 7224K, committed 7296K, reserved 1048576K
2020-10-25T11:08:28.328+0100: 64652.456: [GC pause (G1 Evacuation Pause) (young)
Desired survivor size 20447232 bytes, new threshold 7 (max 15)
- age   1:   10250912 bytes,   10250912 total
- age   2:    1377816 bytes,   11628728 total
- age   3:     797272 bytes,   12426000 total
- age   4:      58512 bytes,   12484512 total
- age   5:    3303520 bytes,   15788032 total
- age   6:    2665920 bytes,   18453952 total
- age   7:    2515600 bytes,   20969552 total
- age   8:     536088 bytes,   21505640 total
, 0.0343350 secs]
   [Parallel Time: 29.7 ms, GC Workers: 4]
      [GC Worker Start (ms): Min: 64652456.3, Avg: 64652456.6, Max: 64652457.3, Diff: 0.9]
      [Ext Root Scanning (ms): Min: 0.4, Avg: 1.5, Max: 2.8, Diff: 2.3, Sum: 6.0]
      [Update RS (ms): Min: 0.6, Avg: 1.1, Max: 1.7, Diff: 1.1, Sum: 4.4]
         [Processed Buffers: Min: 2, Avg: 4.3, Max: 11, Diff: 9, Sum: 17]
      [Scan RS (ms): Min: 0.0, Avg: 0.1, Max: 0.1, Diff: 0.1, Sum: 0.2]
      [Code Root Scanning (ms): Min: 0.0, Avg: 1.2, Max: 2.2, Diff: 2.2, Sum: 4.9]
      [Object Copy (ms): Min: 24.4, Avg: 25.6, Max: 26.6, Diff: 2.2, Sum: 102.2]
      [Termination (ms): Min: 0.0, Avg: 0.0, Max: 0.0, Diff: 0.0, Sum: 0.0]
         [Termination Attempts: Min: 1, Avg: 1.0, Max: 1, Diff: 0, Sum: 4]
      [GC Worker Other (ms): Min: 0.0, Avg: 0.0, Max: 0.0, Diff: 0.0, Sum: 0.1]
      [GC Worker Total (ms): Min: 28.8, Avg: 29.5, Max: 29.7, Diff: 0.9, Sum: 117.8]
      [GC Worker End (ms): Min: 64652486.0, Avg: 64652486.0, Max: 64652486.0, Diff: 0.0]
   [Code Root Fixup: 0.1 ms]
   [Code Root Purge: 0.0 ms]
   [Clear CT: 0.1 ms]
   [Other: 4.3 ms]
      [Choose CSet: 0.0 ms]
      [Ref Proc: 3.7 ms]
      [Ref Enq: 0.1 ms]
      [Redirty Cards: 0.0 ms]
      [Humongous Register: 0.0 ms]
      [Humongous Reclaim: 0.0 ms]
      [Free CSet: 0.3 ms]
   [Eden: 280.0M(280.0M)->0.0B(284.0M) Survivors: 27.0M->23.0M Heap: 329.1M(512.0M)->48.2M(512.0M)]
Heap after GC invocations=16 (full 0):
 garbage-first heap   total 524288K, used 49359K [0x00000000e0000000, 0x00000000e0101000, 0x0000000100000000)
  region size 1024K, 23 young (23552K), 23 survivors (23552K)
 Metaspace       used 55642K, capacity 57990K, committed 58192K, reserved 1099776K
  class space    used 6738K, capacity 7224K, committed 7296K, reserved 1048576K
}
 [Times: user=0.11 sys=0.00, real=0.03 secs] 
2020-10-25T11:08:28.363+0100: 64652.491: Total time for which application threads were stopped: 0.0350360 seconds, Stopping threads took: 0.0000895 seconds
2020-10-25T11:08:28.373+0100: 64652.501: Total time for which application threads were stopped: 0.0004330 seconds, Stopping threads took: 0.0000685 seconds
2020-10-25T11:08:28.430+0100: 64652.558: Total time for which application threads were stopped: 0.0002415 seconds, Stopping threads took: 0.0000611 seconds
2020-10-25T11:08:28.430+0100: 64652.558: Total time for which application threads were stopped: 0.0001385 seconds, Stopping threads took: 0.0000372 seconds
2020-10-25T11:08:28.431+0100: 64652.558: Total time for which application threads were stopped: 0.0001445 seconds, Stopping threads took: 0.0000374 seconds
2020-10-25T11:08:28.431+0100: 64652.558: Total time for which application threads were stopped: 0.0001311 seconds, Stopping threads took: 0.0000337 seconds
2020-10-25T11:08:28.431+0100: 64652.559: Total time for which application threads were stopped: 0.0001301 seconds, Stopping threads took: 0.0000334 seconds
2020-10-25T11:08:28.431+0100: 64652.559: Total time for which application threads were stopped: 0.0001309 seconds, Stopping threads took: 0.0000336 seconds
2020-10-25T11:08:28.440+0100: 64652.568: Total time for which application threads were stopped: 0.0002548 seconds, Stopping threads took: 0.0000833 seconds
2020-10-25T11:08:28.442+0100: 64652.569: Total time for which application threads were stopped: 0.0002420 seconds, Stopping threads took: 0.0000551 seconds
2020-10-25T11:08:28.442+0100: 64652.570: Total time for which application threads were stopped: 0.0001670 seconds, Stopping threads took: 0.0000403 seconds
2020-10-25T11:08:29.443+0100: 64653.571: Total time for which application threads were stopped: 0.0006934 seconds, Stopping threads took: 0.0001851 seconds
2020-10-25T11:09:28.480+0100: 64712.608: Total time for which application threads were stopped: 0.0004674 seconds, Stopping threads took: 0.0001399 seconds
2020-10-25T11:09:29.459+0100: 64713.587: Total time for which application threads were stopped: 0.0009263 seconds, Stopping threads took: 0.0000743 seconds
2020-10-25T11:10:29.640+0100: 64773.768: Total time for which application threads were stopped: 0.0002942 seconds, Stopping threads took: 0.0000698 seconds
2020-10-25T11:10:30.642+0100: 64774.770: Total time for which application threads were stopped: 0.0005515 seconds, Stopping threads took: 0.0002508 seconds
2020-10-25T11:11:28.329+0100: 64832.456: Total time for which application threads were stopped: 0.0002824 seconds, Stopping threads took: 0.0000743 seconds
2020-10-25T11:11:29.356+0100: 64833.484: Total time for which application threads were stopped: 0.0194299 seconds, Stopping threads took: 0.0192379 seconds
2020-10-25T11:11:29.677+0100: 64833.805: Total time for which application threads were stopped: 0.0291915 seconds, Stopping threads took: 0.0289572 seconds
2020-10-25T11:11:29.965+0100: 64834.092: Total time for which application threads were stopped: 0.0161307 seconds, Stopping threads took: 0.0158140 seconds
2020-10-25T11:11:29.966+0100: 64834.093: Total time for which application threads were stopped: 0.0003075 seconds, Stopping threads took: 0.0000582 seconds
{Heap before GC invocations=16 (full 0):
 garbage-first heap   total 524288K, used 340175K [0x00000000e0000000, 0x00000000e0101000, 0x0000000100000000)
  region size 1024K, 307 young (314368K), 23 survivors (23552K)
 Metaspace       used 55682K, capacity 58012K, committed 58192K, reserved 1099776K
  class space    used 6740K, capacity 7227K, committed 7296K, reserved 1048576K
2020-10-25T11:11:30.062+0100: 64834.189: [GC pause (G1 Evacuation Pause) (young)
Desired survivor size 20447232 bytes, new threshold 15 (max 15)
- age   1:    5630824 bytes,    5630824 total
- age   2:    4582784 bytes,   10213608 total
- age   3:     838128 bytes,   11051736 total
- age   4:     792904 bytes,   11844640 total
- age   5:      58432 bytes,   11903072 total
- age   6:    3303520 bytes,   15206592 total
- age   7:    2665920 bytes,   17872512 total
, 0.0326286 secs]
   [Parallel Time: 27.8 ms, GC Workers: 4]
      [GC Worker Start (ms): Min: 64834189.2, Avg: 64834189.2, Max: 64834189.2, Diff: 0.0]
      [Ext Root Scanning (ms): Min: 0.8, Avg: 1.3, Max: 2.6, Diff: 1.7, Sum: 5.2]
      [Update RS (ms): Min: 1.8, Avg: 2.5, Max: 2.9, Diff: 1.1, Sum: 10.2]
         [Processed Buffers: Min: 3, Avg: 6.8, Max: 14, Diff: 11, Sum: 27]
      [Scan RS (ms): Min: 0.0, Avg: 0.1, Max: 0.1, Diff: 0.1, Sum: 0.2]
      [Code Root Scanning (ms): Min: 0.0, Avg: 0.8, Max: 1.6, Diff: 1.6, Sum: 3.2]
      [Object Copy (ms): Min: 22.2, Avg: 23.0, Max: 23.9, Diff: 1.7, Sum: 92.0]
      [Termination (ms): Min: 0.0, Avg: 0.0, Max: 0.0, Diff: 0.0, Sum: 0.0]
         [Termination Attempts: Min: 1, Avg: 1.5, Max: 2, Diff: 1, Sum: 6]
      [GC Worker Other (ms): Min: 0.0, Avg: 0.0, Max: 0.0, Diff: 0.0, Sum: 0.1]
      [GC Worker Total (ms): Min: 27.7, Avg: 27.7, Max: 27.7, Diff: 0.0, Sum: 111.0]
      [GC Worker End (ms): Min: 64834217.0, Avg: 64834217.0, Max: 64834217.0, Diff: 0.0]
   [Code Root Fixup: 0.1 ms]
   [Code Root Purge: 0.0 ms]
   [Clear CT: 0.1 ms]
   [Other: 4.6 ms]
      [Choose CSet: 0.0 ms]
      [Ref Proc: 3.8 ms]
      [Ref Enq: 0.0 ms]
      [Redirty Cards: 0.0 ms]
      [Humongous Register: 0.0 ms]
      [Humongous Reclaim: 0.0 ms]
      [Free CSet: 0.4 ms]
   [Eden: 284.0M(284.0M)->0.0B(284.0M) Survivors: 23.0M->23.0M Heap: 332.2M(512.0M)->48.7M(512.0M)]
Heap after GC invocations=17 (full 0):
 garbage-first heap   total 524288K, used 49871K [0x00000000e0000000, 0x00000000e0101000, 0x0000000100000000)
  region size 1024K, 23 young (23552K), 23 survivors (23552K)
 Metaspace       used 55682K, capacity 58012K, committed 58192K, reserved 1099776K
  class space    used 6740K, capacity 7227K, committed 7296K, reserved 1048576K
}
 [Times: user=0.13 sys=0.00, real=0.03 secs] 
2020-10-25T11:11:30.095+0100: 64834.222: Total time for which application threads were stopped: 0.0378426 seconds, Stopping threads took: 0.0044805 seconds
2020-10-25T11:11:30.499+0100: 64834.627: Total time for which application threads were stopped: 0.0009232 seconds, Stopping threads took: 0.0006587 seconds
2020-10-25T11:11:30.592+0100: 64834.721: Total time for which application threads were stopped: 0.0003793 seconds, Stopping threads took: 0.0000957 seconds
2020-10-25T11:11:30.602+0100: 64834.730: Total time for which application threads were stopped: 0.0007021 seconds, Stopping threads took: 0.0000772 seconds
2020-10-25T11:11:30.865+0100: 64834.999: Total time for which application threads were stopped: 0.0006589 seconds, Stopping threads took: 0.0002903 seconds
2020-10-25T11:11:31.077+0100: 64835.208: Total time for which application threads were stopped: 0.0385006 seconds, Stopping threads took: 0.0383231 seconds
2020-10-25T11:11:31.077+0100: 64835.209: Total time for which application threads were stopped: 0.0002531 seconds, Stopping threads took: 0.0000701 seconds
2020-10-25T11:11:31.077+0100: 64835.209: Total time for which application threads were stopped: 0.0001818 seconds, Stopping threads took: 0.0000487 seconds
2020-10-25T11:11:31.077+0100: 64835.209: Total time for which application threads were stopped: 0.0001357 seconds, Stopping threads took: 0.0000436 seconds
2020-10-25T11:11:31.077+0100: 64835.209: Total time for which application threads were stopped: 0.0001349 seconds, Stopping threads took: 0.0000411 seconds
2020-10-25T11:11:31.077+0100: 64835.210: Total time for which application threads were stopped: 0.0001381 seconds, Stopping threads took: 0.0000411 seconds
2020-10-25T11:11:31.087+0100: 64835.215: Total time for which application threads were stopped: 0.0003140 seconds, Stopping threads took: 0.0000674 seconds
2020-10-25T11:11:31.145+0100: 64835.274: Total time for which application threads were stopped: 0.0034309 seconds, Stopping threads took: 0.0030886 seconds
2020-10-25T11:11:31.147+0100: 64835.275: Total time for which application threads were stopped: 0.0003088 seconds, Stopping threads took: 0.0000895 seconds
2020-10-25T11:11:31.147+0100: 64835.277: Total time for which application threads were stopped: 0.0002892 seconds, Stopping threads took: 0.0000939 seconds
2020-10-25T11:11:31.147+0100: 64835.277: Total time for which application threads were stopped: 0.0004097 seconds, Stopping threads took: 0.0002011 seconds
2020-10-25T11:11:31.147+0100: 64835.278: Total time for which application threads were stopped: 0.0002468 seconds, Stopping threads took: 0.0000748 seconds
2020-10-25T11:11:31.147+0100: 64835.278: Total time for which application threads were stopped: 0.0001951 seconds, Stopping threads took: 0.0000631 seconds
2020-10-25T11:11:31.147+0100: 64835.278: Total time for which application threads were stopped: 0.0001848 seconds, Stopping threads took: 0.0000692 seconds
2020-10-25T11:11:31.147+0100: 64835.279: Total time for which application threads were stopped: 0.0001837 seconds, Stopping threads took: 0.0000646 seconds
2020-10-25T11:11:31.147+0100: 64835.279: Total time for which application threads were stopped: 0.0002018 seconds, Stopping threads took: 0.0000696 seconds
2020-10-25T11:11:31.147+0100: 64835.279: Total time for which application threads were stopped: 0.0002920 seconds, Stopping threads took: 0.0001771 seconds
2020-10-25T11:11:31.147+0100: 64835.280: Total time for which application threads were stopped: 0.0001810 seconds, Stopping threads took: 0.0000765 seconds
2020-10-25T11:11:31.147+0100: 64835.280: Total time for which application threads were stopped: 0.0002533 seconds, Stopping threads took: 0.0000708 seconds
2020-10-25T11:11:31.147+0100: 64835.280: Total time for which application threads were stopped: 0.0002040 seconds, Stopping threads took: 0.0000687 seconds
2020-10-25T11:11:31.147+0100: 64835.281: Total time for which application threads were stopped: 0.0002330 seconds, Stopping threads took: 0.0000705 seconds
2020-10-25T11:11:31.147+0100: 64835.281: Total time for which application threads were stopped: 0.0002716 seconds, Stopping threads took: 0.0000612 seconds
2020-10-25T11:11:31.147+0100: 64835.281: Total time for which application threads were stopped: 0.0001690 seconds, Stopping threads took: 0.0000634 seconds
2020-10-25T11:11:31.147+0100: 64835.281: Total time for which application threads were stopped: 0.0002245 seconds, Stopping threads took: 0.0000605 seconds
2020-10-25T11:11:31.147+0100: 64835.282: Total time for which application threads were stopped: 0.0002086 seconds, Stopping threads took: 0.0000938 seconds
2020-10-25T11:11:31.147+0100: 64835.282: Total time for which application threads were stopped: 0.0002752 seconds, Stopping threads took: 0.0001406 seconds
2020-10-25T11:11:31.155+0100: 64835.283: Total time for which application threads were stopped: 0.0010113 seconds, Stopping threads took: 0.0000576 seconds
2020-10-25T11:11:31.208+0100: 64835.340: Total time for which application threads were stopped: 0.0555931 seconds, Stopping threads took: 0.0552916 seconds
2020-10-25T11:11:31.228+0100: 64835.359: Total time for which application threads were stopped: 0.0129893 seconds, Stopping threads took: 0.0127160 seconds
2020-10-25T11:11:31.248+0100: 64835.381: Total time for which application threads were stopped: 0.0005978 seconds, Stopping threads took: 0.0002773 seconds
2020-10-25T11:11:31.256+0100: 64835.384: Total time for which application threads were stopped: 0.0004699 seconds, Stopping threads took: 0.0001186 seconds
2020-10-25T11:11:31.256+0100: 64835.385: Total time for which application threads were stopped: 0.0003085 seconds, Stopping threads took: 0.0000971 seconds
2020-10-25T11:11:31.339+0100: 64835.470: Total time for which application threads were stopped: 0.0007299 seconds, Stopping threads took: 0.0005141 seconds
2020-10-25T11:11:31.339+0100: 64835.470: Total time for which application threads were stopped: 0.0001873 seconds, Stopping threads took: 0.0000588 seconds
2020-10-25T11:11:31.339+0100: 64835.471: Total time for which application threads were stopped: 0.0002558 seconds, Stopping threads took: 0.0000738 seconds
2020-10-25T11:11:31.339+0100: 64835.472: Total time for which application threads were stopped: 0.0003247 seconds, Stopping threads took: 0.0000796 seconds
2020-10-25T11:11:31.339+0100: 64835.472: Total time for which application threads were stopped: 0.0001880 seconds, Stopping threads took: 0.0000570 seconds
2020-10-25T11:11:31.339+0100: 64835.472: Total time for which application threads were stopped: 0.0001679 seconds, Stopping threads took: 0.0000532 seconds
2020-10-25T11:11:31.350+0100: 64835.482: Total time for which application threads were stopped: 0.0004861 seconds, Stopping threads took: 0.0002854 seconds
2020-10-25T11:11:31.350+0100: 64835.484: Total time for which application threads were stopped: 0.0004063 seconds, Stopping threads took: 0.0000999 seconds
2020-10-25T11:11:31.350+0100: 64835.484: Total time for which application threads were stopped: 0.0002694 seconds, Stopping threads took: 0.0000733 seconds
2020-10-25T11:11:31.358+0100: 64835.485: Total time for which application threads were stopped: 0.0002336 seconds, Stopping threads took: 0.0000601 seconds
2020-10-25T11:11:31.358+0100: 64835.485: Total time for which application threads were stopped: 0.0002181 seconds, Stopping threads took: 0.0000539 seconds
2020-10-25T11:11:31.358+0100: 64835.486: Total time for which application threads were stopped: 0.0002079 seconds, Stopping threads took: 0.0000422 seconds
2020-10-25T11:11:32.365+0100: 64836.493: Total time for which application threads were stopped: 0.0006785 seconds, Stopping threads took: 0.0002237 seconds
2020-10-25T11:11:55.707+0100: 64859.834: Total time for which application threads were stopped: 0.0002993 seconds, Stopping threads took: 0.0000773 seconds
2020-10-25T11:11:56.752+0100: 64860.879: Total time for which application threads were stopped: 0.0318574 seconds, Stopping threads took: 0.0315636 seconds
{Heap before GC invocations=17 (full 0):
 garbage-first heap   total 524288K, used 340687K [0x00000000e0000000, 0x00000000e0101000, 0x0000000100000000)
  region size 1024K, 307 young (314368K), 23 survivors (23552K)
 Metaspace       used 55739K, capacity 58140K, committed 58448K, reserved 1099776K
  class space    used 6741K, capacity 7227K, committed 7296K, reserved 1048576K
2020-10-25T11:11:56.818+0100: 64860.945: [GC pause (G1 Evacuation Pause) (young)
Desired survivor size 20447232 bytes, new threshold 15 (max 15)
- age   1:    5279256 bytes,    5279256 total
- age   2:    5509496 bytes,   10788752 total
- age   3:    1112768 bytes,   11901520 total
- age   4:     267384 bytes,   12168904 total
- age   5:     765608 bytes,   12934512 total
- age   6:      58432 bytes,   12992944 total
- age   7:    3303496 bytes,   16296440 total
- age   8:    2665920 bytes,   18962360 total
, 0.0338843 secs]
   [Parallel Time: 26.9 ms, GC Workers: 4]
      [GC Worker Start (ms): Min: 64860945.2, Avg: 64860946.6, Max: 64860950.7, Diff: 5.5]
      [Ext Root Scanning (ms): Min: 0.0, Avg: 1.3, Max: 2.3, Diff: 2.3, Sum: 5.3]
      [Update RS (ms): Min: 0.0, Avg: 1.4, Max: 1.9, Diff: 1.9, Sum: 5.4]
         [Processed Buffers: Min: 0, Avg: 5.5, Max: 13, Diff: 13, Sum: 22]
      [Scan RS (ms): Min: 0.0, Avg: 0.1, Max: 0.1, Diff: 0.1, Sum: 0.3]
      [Code Root Scanning (ms): Min: 0.0, Avg: 1.9, Max: 5.8, Diff: 5.8, Sum: 7.6]
      [Object Copy (ms): Min: 17.8, Avg: 20.8, Max: 22.6, Diff: 4.8, Sum: 83.1]
      [Termination (ms): Min: 0.0, Avg: 0.0, Max: 0.0, Diff: 0.0, Sum: 0.0]
         [Termination Attempts: Min: 1, Avg: 1.0, Max: 1, Diff: 0, Sum: 4]
      [GC Worker Other (ms): Min: 0.0, Avg: 0.0, Max: 0.0, Diff: 0.0, Sum: 0.1]
      [GC Worker Total (ms): Min: 21.4, Avg: 25.5, Max: 26.8, Diff: 5.5, Sum: 101.9]
      [GC Worker End (ms): Min: 64860972.1, Avg: 64860972.1, Max: 64860972.1, Diff: 0.0]
   [Code Root Fixup: 0.1 ms]
   [Code Root Purge: 0.0 ms]
   [Clear CT: 0.1 ms]
   [Other: 6.8 ms]
      [Choose CSet: 0.0 ms]
      [Ref Proc: 6.0 ms]
      [Ref Enq: 0.1 ms]
      [Redirty Cards: 0.1 ms]
      [Humongous Register: 0.0 ms]
      [Humongous Reclaim: 0.0 ms]
      [Free CSet: 0.4 ms]
   [Eden: 284.0M(284.0M)->0.0B(284.0M) Survivors: 23.0M->23.0M Heap: 332.7M(512.0M)->48.2M(512.0M)]
Heap after GC invocations=18 (full 0):
 garbage-first heap   total 524288K, used 49359K [0x00000000e0000000, 0x00000000e0101000, 0x0000000100000000)
  region size 1024K, 23 young (23552K), 23 survivors (23552K)
 Metaspace       used 55739K, capacity 58140K, committed 58448K, reserved 1099776K
  class space    used 6741K, capacity 7227K, committed 7296K, reserved 1048576K
}
 [Times: user=0.11 sys=0.00, real=0.03 secs] 
2020-10-25T11:11:56.852+0100: 64860.979: Total time for which application threads were stopped: 0.0773750 seconds, Stopping threads took: 0.0428194 seconds
2020-10-25T11:11:57.095+0100: 64861.222: Total time for which application threads were stopped: 0.0037505 seconds, Stopping threads took: 0.0033972 seconds
2020-10-25T11:11:57.285+0100: 64861.412: Total time for which application threads were stopped: 0.0003401 seconds, Stopping threads took: 0.0001067 seconds
2020-10-25T11:11:57.412+0100: 64861.540: Total time for which application threads were stopped: 0.0003036 seconds, Stopping threads took: 0.0000895 seconds
2020-10-25T11:11:57.474+0100: 64861.601: Total time for which application threads were stopped: 0.0003250 seconds, Stopping threads took: 0.0001049 seconds
2020-10-25T11:11:57.476+0100: 64861.603: Total time for which application threads were stopped: 0.0003154 seconds, Stopping threads took: 0.0000872 seconds
2020-10-25T11:11:57.598+0100: 64861.726: Total time for which application threads were stopped: 0.0161962 seconds, Stopping threads took: 0.0159694 seconds
2020-10-25T11:11:57.600+0100: 64861.727: Total time for which application threads were stopped: 0.0003779 seconds, Stopping threads took: 0.0000958 seconds
2020-10-25T11:11:57.934+0100: 64862.062: Total time for which application threads were stopped: 0.0049378 seconds, Stopping threads took: 0.0047484 seconds
2020-10-25T11:11:57.953+0100: 64862.081: Total time for which application threads were stopped: 0.0154544 seconds, Stopping threads took: 0.0152656 seconds
2020-10-25T11:11:57.953+0100: 64862.081: Total time for which application threads were stopped: 0.0001564 seconds, Stopping threads took: 0.0000538 seconds
2020-10-25T11:11:57.954+0100: 64862.082: Total time for which application threads were stopped: 0.0001416 seconds, Stopping threads took: 0.0000441 seconds
2020-10-25T11:11:57.954+0100: 64862.082: Total time for which application threads were stopped: 0.0001320 seconds, Stopping threads took: 0.0000415 seconds
2020-10-25T11:11:57.954+0100: 64862.082: Total time for which application threads were stopped: 0.0001288 seconds, Stopping threads took: 0.0000401 seconds
2020-10-25T11:11:57.975+0100: 64862.103: Total time for which application threads were stopped: 0.0020406 seconds, Stopping threads took: 0.0018313 seconds
2020-10-25T11:11:57.976+0100: 64862.104: Total time for which application threads were stopped: 0.0002342 seconds, Stopping threads took: 0.0000669 seconds
2020-10-25T11:11:57.976+0100: 64862.104: Total time for which application threads were stopped: 0.0001754 seconds, Stopping threads took: 0.0000472 seconds
2020-10-25T11:11:57.977+0100: 64862.105: Total time for which application threads were stopped: 0.0002737 seconds, Stopping threads took: 0.0000682 seconds
2020-10-25T11:11:57.978+0100: 64862.106: Total time for which application threads were stopped: 0.0002001 seconds, Stopping threads took: 0.0000687 seconds
2020-10-25T11:11:57.978+0100: 64862.106: Total time for which application threads were stopped: 0.0001460 seconds, Stopping threads took: 0.0000357 seconds
2020-10-25T11:11:57.978+0100: 64862.106: Total time for which application threads were stopped: 0.0001399 seconds, Stopping threads took: 0.0000338 seconds
2020-10-25T11:11:57.978+0100: 64862.106: Total time for which application threads were stopped: 0.0001646 seconds, Stopping threads took: 0.0000431 seconds
2020-10-25T11:11:57.978+0100: 64862.106: Total time for which application threads were stopped: 0.0001921 seconds, Stopping threads took: 0.0000414 seconds
2020-10-25T11:11:57.979+0100: 64862.107: Total time for which application threads were stopped: 0.0001377 seconds, Stopping threads took: 0.0000369 seconds
2020-10-25T11:11:57.979+0100: 64862.107: Total time for which application threads were stopped: 0.0001320 seconds, Stopping threads took: 0.0000326 seconds
2020-10-25T11:11:57.979+0100: 64862.107: Total time for which application threads were stopped: 0.0001735 seconds, Stopping threads took: 0.0000675 seconds
2020-10-25T11:11:57.979+0100: 64862.107: Total time for which application threads were stopped: 0.0001941 seconds, Stopping threads took: 0.0000476 seconds
2020-10-25T11:11:57.979+0100: 64862.107: Total time for which application threads were stopped: 0.0001425 seconds, Stopping threads took: 0.0000360 seconds
2020-10-25T11:11:57.980+0100: 64862.108: Total time for which application threads were stopped: 0.0001430 seconds, Stopping threads took: 0.0000397 seconds
2020-10-25T11:11:57.980+0100: 64862.108: Total time for which application threads were stopped: 0.0001398 seconds, Stopping threads took: 0.0000445 seconds
2020-10-25T11:11:57.980+0100: 64862.108: Total time for which application threads were stopped: 0.0001505 seconds, Stopping threads took: 0.0000545 seconds
2020-10-25T11:11:57.980+0100: 64862.108: Total time for which application threads were stopped: 0.0002710 seconds, Stopping threads took: 0.0001210 seconds
2020-10-25T11:11:57.981+0100: 64862.108: Total time for which application threads were stopped: 0.0002291 seconds, Stopping threads took: 0.0000516 seconds
2020-10-25T11:11:57.981+0100: 64862.109: Total time for which application threads were stopped: 0.0006359 seconds, Stopping threads took: 0.0000493 seconds
2020-10-25T11:11:57.983+0100: 64862.111: Total time for which application threads were stopped: 0.0002842 seconds, Stopping threads took: 0.0000818 seconds
2020-10-25T11:11:57.985+0100: 64862.113: Total time for which application threads were stopped: 0.0003410 seconds, Stopping threads took: 0.0000654 seconds
2020-10-25T11:11:57.985+0100: 64862.113: Total time for which application threads were stopped: 0.0002360 seconds, Stopping threads took: 0.0000657 seconds
2020-10-25T11:11:58.058+0100: 64862.186: Total time for which application threads were stopped: 0.0002875 seconds, Stopping threads took: 0.0000764 seconds
2020-10-25T11:11:58.063+0100: 64862.191: Total time for which application threads were stopped: 0.0002900 seconds, Stopping threads took: 0.0000767 seconds
2020-10-25T11:11:58.066+0100: 64862.194: Total time for which application threads were stopped: 0.0003315 seconds, Stopping threads took: 0.0000829 seconds
2020-10-25T11:11:58.254+0100: 64862.381: Total time for which application threads were stopped: 0.0004468 seconds, Stopping threads took: 0.0000813 seconds
{Heap before GC invocations=18 (full 0):
 garbage-first heap   total 524288K, used 340175K [0x00000000e0000000, 0x00000000e0101000, 0x0000000100000000)
  region size 1024K, 307 young (314368K), 23 survivors (23552K)
 Metaspace       used 55890K, capacity 58302K, committed 58448K, reserved 1099776K
  class space    used 6756K, capacity 7254K, committed 7296K, reserved 1048576K
2020-10-25T11:11:58.292+0100: 64862.420: [GC pause (G1 Evacuation Pause) (young)
Desired survivor size 20447232 bytes, new threshold 15 (max 15)
- age   1:    8685816 bytes,    8685816 total
- age   2:    1202936 bytes,    9888752 total
- age   3:      60072 bytes,    9948824 total
- age   4:     171024 bytes,   10119848 total
- age   5:     267056 bytes,   10386904 total
- age   6:     765528 bytes,   11152432 total
- age   7:      58432 bytes,   11210864 total
- age   8:    3303496 bytes,   14514360 total
- age   9:    2665920 bytes,   17180280 total
, 0.0291553 secs]
   [Parallel Time: 25.1 ms, GC Workers: 4]
      [GC Worker Start (ms): Min: 64862420.0, Avg: 64862420.0, Max: 64862420.1, Diff: 0.0]
      [Ext Root Scanning (ms): Min: 0.9, Avg: 1.4, Max: 2.1, Diff: 1.2, Sum: 5.4]
      [Update RS (ms): Min: 1.0, Avg: 1.4, Max: 1.6, Diff: 0.6, Sum: 5.4]
         [Processed Buffers: Min: 2, Avg: 4.8, Max: 11, Diff: 9, Sum: 19]
      [Scan RS (ms): Min: 0.0, Avg: 0.1, Max: 0.1, Diff: 0.1, Sum: 0.2]
      [Code Root Scanning (ms): Min: 0.0, Avg: 0.8, Max: 1.6, Diff: 1.6, Sum: 3.1]
      [Object Copy (ms): Min: 20.4, Avg: 21.5, Max: 22.6, Diff: 2.1, Sum: 85.9]
      [Termination (ms): Min: 0.0, Avg: 0.0, Max: 0.0, Diff: 0.0, Sum: 0.0]
         [Termination Attempts: Min: 1, Avg: 1.3, Max: 2, Diff: 1, Sum: 5]
      [GC Worker Other (ms): Min: 0.0, Avg: 0.1, Max: 0.1, Diff: 0.1, Sum: 0.2]
      [GC Worker Total (ms): Min: 25.1, Avg: 25.1, Max: 25.1, Diff: 0.0, Sum: 100.3]
      [GC Worker End (ms): Min: 64862445.1, Avg: 64862445.1, Max: 64862445.1, Diff: 0.0]
   [Code Root Fixup: 0.1 ms]
   [Code Root Purge: 0.0 ms]
   [Clear CT: 0.1 ms]
   [Other: 3.8 ms]
      [Choose CSet: 0.0 ms]
      [Ref Proc: 3.2 ms]
      [Ref Enq: 0.0 ms]
      [Redirty Cards: 0.0 ms]
      [Humongous Register: 0.0 ms]
      [Humongous Reclaim: 0.0 ms]
      [Free CSet: 0.3 ms]
   [Eden: 284.0M(284.0M)->0.0B(284.0M) Survivors: 23.0M->23.0M Heap: 332.2M(512.0M)->48.2M(512.0M)]
Heap after GC invocations=19 (full 0):
 garbage-first heap   total 524288K, used 49359K [0x00000000e0000000, 0x00000000e0101000, 0x0000000100000000)
  region size 1024K, 23 young (23552K), 23 survivors (23552K)
 Metaspace       used 55890K, capacity 58302K, committed 58448K, reserved 1099776K
  class space    used 6756K, capacity 7254K, committed 7296K, reserved 1048576K
}
 [Times: user=0.06 sys=0.00, real=0.03 secs] 
2020-10-25T11:11:58.322+0100: 64862.449: Total time for which application threads were stopped: 0.0298898 seconds, Stopping threads took: 0.0000802 seconds
2020-10-25T11:11:59.328+0100: 64863.456: Total time for which application threads were stopped: 0.0005368 seconds, Stopping threads took: 0.0002216 seconds
2020-10-25T11:12:39.621+0100: 64903.749: Total time for which application threads were stopped: 0.0007642 seconds, Stopping threads took: 0.0002353 seconds
2020-10-25T11:13:29.754+0100: 64953.886: Total time for which application threads were stopped: 0.0030528 seconds, Stopping threads took: 0.0025033 seconds
2020-10-25T11:13:30.761+0100: 64954.889: Total time for which application threads were stopped: 0.0005165 seconds, Stopping threads took: 0.0001321 seconds
2020-10-25T11:13:35.089+0100: 64959.217: Total time for which application threads were stopped: 0.0007314 seconds, Stopping threads took: 0.0002415 seconds
2020-10-25T11:13:38.559+0100: 64962.688: Total time for which application threads were stopped: 0.0005374 seconds, Stopping threads took: 0.0001438 seconds
2020-10-25T11:13:38.559+0100: 64962.689: Total time for which application threads were stopped: 0.0004364 seconds, Stopping threads took: 0.0000881 seconds
2020-10-25T11:14:00.331+0100: 64984.460: Total time for which application threads were stopped: 0.0005137 seconds, Stopping threads took: 0.0001165 seconds
2020-10-25T11:14:03.521+0100: 64987.649: Total time for which application threads were stopped: 0.0004696 seconds, Stopping threads took: 0.0001202 seconds
2020-10-25T11:14:03.531+0100: 64987.663: Total time for which application threads were stopped: 0.0004425 seconds, Stopping threads took: 0.0000984 seconds
2020-10-25T11:14:42.787+0100: 65026.914: Total time for which application threads were stopped: 0.0003925 seconds, Stopping threads took: 0.0000886 seconds
2020-10-25T11:14:47.958+0100: 65032.086: Total time for which application threads were stopped: 0.0002731 seconds, Stopping threads took: 0.0000726 seconds
2020-10-25T11:14:48.965+0100: 65033.092: Total time for which application threads were stopped: 0.0026234 seconds, Stopping threads took: 0.0023934 seconds
2020-10-25T11:14:49.163+0100: 65033.290: Total time for which application threads were stopped: 0.0025076 seconds, Stopping threads took: 0.0021740 seconds
2020-10-25T11:14:49.402+0100: 65033.530: Total time for which application threads were stopped: 0.0005804 seconds, Stopping threads took: 0.0002564 seconds
2020-10-25T11:14:49.403+0100: 65033.531: Total time for which application threads were stopped: 0.0002857 seconds, Stopping threads took: 0.0000660 seconds
2020-10-25T11:14:49.404+0100: 65033.532: Total time for which application threads were stopped: 0.0003718 seconds, Stopping threads took: 0.0000835 seconds
2020-10-25T11:14:49.405+0100: 65033.533: Total time for which application threads were stopped: 0.0003886 seconds, Stopping threads took: 0.0000919 seconds
2020-10-25T11:14:49.645+0100: 65033.773: Total time for which application threads were stopped: 0.0003613 seconds, Stopping threads took: 0.0001183 seconds
{Heap before GC invocations=19 (full 0):
 garbage-first heap   total 524288K, used 340175K [0x00000000e0000000, 0x00000000e0101000, 0x0000000100000000)
  region size 1024K, 307 young (314368K), 23 survivors (23552K)
 Metaspace       used 55990K, capacity 58410K, committed 58448K, reserved 1099776K
  class space    used 6766K, capacity 7272K, committed 7296K, reserved 1048576K
2020-10-25T11:14:49.679+0100: 65033.807: [GC pause (G1 Evacuation Pause) (young)
Desired survivor size 20447232 bytes, new threshold 15 (max 15)
- age   1:    6405024 bytes,    6405024 total
- age   2:    4020184 bytes,   10425208 total
- age   3:     698088 bytes,   11123296 total
- age   4:      59592 bytes,   11182888 total
- age   5:     168032 bytes,   11350920 total
- age   6:     267032 bytes,   11617952 total
- age   7:     765528 bytes,   12383480 total
- age   8:      58432 bytes,   12441912 total
- age   9:    3303496 bytes,   15745408 total
- age  10:    2665920 bytes,   18411328 total
, 0.0299045 secs]
   [Parallel Time: 25.4 ms, GC Workers: 4]
      [GC Worker Start (ms): Min: 65033807.1, Avg: 65033807.1, Max: 65033807.1, Diff: 0.0]
      [Ext Root Scanning (ms): Min: 1.1, Avg: 1.6, Max: 2.8, Diff: 1.7, Sum: 6.4]
      [Update RS (ms): Min: 0.7, Avg: 1.4, Max: 1.8, Diff: 1.1, Sum: 5.7]
         [Processed Buffers: Min: 1, Avg: 6.5, Max: 17, Diff: 16, Sum: 26]
      [Scan RS (ms): Min: 0.0, Avg: 0.1, Max: 0.1, Diff: 0.0, Sum: 0.2]
      [Code Root Scanning (ms): Min: 0.0, Avg: 0.8, Max: 1.6, Diff: 1.6, Sum: 3.0]
      [Object Copy (ms): Min: 20.9, Avg: 21.4, Max: 22.2, Diff: 1.3, Sum: 85.7]
      [Termination (ms): Min: 0.0, Avg: 0.0, Max: 0.0, Diff: 0.0, Sum: 0.0]
         [Termination Attempts: Min: 1, Avg: 1.0, Max: 1, Diff: 0, Sum: 4]
      [GC Worker Other (ms): Min: 0.0, Avg: 0.0, Max: 0.0, Diff: 0.0, Sum: 0.1]
      [GC Worker Total (ms): Min: 25.3, Avg: 25.3, Max: 25.3, Diff: 0.0, Sum: 101.2]
      [GC Worker End (ms): Min: 65033832.4, Avg: 65033832.4, Max: 65033832.4, Diff: 0.0]
   [Code Root Fixup: 0.1 ms]
   [Code Root Purge: 0.0 ms]
   [Clear CT: 0.1 ms]
   [Other: 4.3 ms]
      [Choose CSet: 0.0 ms]
      [Ref Proc: 3.4 ms]
      [Ref Enq: 0.1 ms]
      [Redirty Cards: 0.1 ms]
      [Humongous Register: 0.0 ms]
      [Humongous Reclaim: 0.0 ms]
      [Free CSet: 0.5 ms]
   [Eden: 284.0M(284.0M)->0.0B(284.0M) Survivors: 23.0M->23.0M Heap: 332.2M(512.0M)->48.7M(512.0M)]
Heap after GC invocations=20 (full 0):
 garbage-first heap   total 524288K, used 49871K [0x00000000e0000000, 0x00000000e0101000, 0x0000000100000000)
  region size 1024K, 23 young (23552K), 23 survivors (23552K)
 Metaspace       used 55990K, capacity 58410K, committed 58448K, reserved 1099776K
  class space    used 6766K, capacity 7272K, committed 7296K, reserved 1048576K
}
 [Times: user=0.13 sys=0.00, real=0.03 secs] 
2020-10-25T11:14:49.709+0100: 65033.837: Total time for which application threads were stopped: 0.0305243 seconds, Stopping threads took: 0.0000598 seconds
2020-10-25T11:14:49.789+0100: 65033.917: Total time for which application threads were stopped: 0.0003922 seconds, Stopping threads took: 0.0001272 seconds
2020-10-25T11:14:49.793+0100: 65033.921: Total time for which application threads were stopped: 0.0020625 seconds, Stopping threads took: 0.0017906 seconds
2020-10-25T11:14:49.861+0100: 65033.989: Total time for which application threads were stopped: 0.0003009 seconds, Stopping threads took: 0.0000983 seconds
2020-10-25T11:14:49.915+0100: 65034.043: Total time for which application threads were stopped: 0.0003627 seconds, Stopping threads took: 0.0000986 seconds
2020-10-25T11:14:50.474+0100: 65034.602: Total time for which application threads were stopped: 0.0020823 seconds, Stopping threads took: 0.0017193 seconds
2020-10-25T11:14:50.477+0100: 65034.604: Total time for which application threads were stopped: 0.0008508 seconds, Stopping threads took: 0.0005394 seconds
2020-10-25T11:14:50.479+0100: 65034.606: Total time for which application threads were stopped: 0.0006236 seconds, Stopping threads took: 0.0003657 seconds
2020-10-25T11:14:50.507+0100: 65034.635: Total time for which application threads were stopped: 0.0002508 seconds, Stopping threads took: 0.0000693 seconds
2020-10-25T11:14:50.509+0100: 65034.636: Total time for which application threads were stopped: 0.0002466 seconds, Stopping threads took: 0.0000838 seconds
2020-10-25T11:14:50.585+0100: 65034.712: Total time for which application threads were stopped: 0.0004834 seconds, Stopping threads took: 0.0002639 seconds
2020-10-25T11:14:50.585+0100: 65034.713: Total time for which application threads were stopped: 0.0002321 seconds, Stopping threads took: 0.0000799 seconds
2020-10-25T11:14:50.585+0100: 65034.713: Total time for which application threads were stopped: 0.0002695 seconds, Stopping threads took: 0.0000700 seconds
2020-10-25T11:14:50.586+0100: 65034.713: Total time for which application threads were stopped: 0.0002761 seconds, Stopping threads took: 0.0000924 seconds
2020-10-25T11:14:50.586+0100: 65034.714: Total time for which application threads were stopped: 0.0002012 seconds, Stopping threads took: 0.0000707 seconds
2020-10-25T11:14:50.586+0100: 65034.714: Total time for which application threads were stopped: 0.0002037 seconds, Stopping threads took: 0.0000837 seconds
2020-10-25T11:14:50.595+0100: 65034.722: Total time for which application threads were stopped: 0.0003004 seconds, Stopping threads took: 0.0001101 seconds
2020-10-25T11:14:50.595+0100: 65034.723: Total time for which application threads were stopped: 0.0001941 seconds, Stopping threads took: 0.0000792 seconds
2020-10-25T11:14:50.595+0100: 65034.723: Total time for which application threads were stopped: 0.0001549 seconds, Stopping threads took: 0.0000453 seconds
2020-10-25T11:14:50.595+0100: 65034.723: Total time for which application threads were stopped: 0.0001688 seconds, Stopping threads took: 0.0000608 seconds
2020-10-25T11:14:50.596+0100: 65034.723: Total time for which application threads were stopped: 0.0002277 seconds, Stopping threads took: 0.0000641 seconds
2020-10-25T11:14:50.596+0100: 65034.724: Total time for which application threads were stopped: 0.0001907 seconds, Stopping threads took: 0.0000541 seconds
2020-10-25T11:14:50.596+0100: 65034.724: Total time for which application threads were stopped: 0.0001870 seconds, Stopping threads took: 0.0000451 seconds
2020-10-25T11:14:50.596+0100: 65034.724: Total time for which application threads were stopped: 0.0001706 seconds, Stopping threads took: 0.0000401 seconds
2020-10-25T11:14:50.597+0100: 65034.724: Total time for which application threads were stopped: 0.0002154 seconds, Stopping threads took: 0.0000460 seconds
2020-10-25T11:14:50.597+0100: 65034.725: Total time for which application threads were stopped: 0.0003044 seconds, Stopping threads took: 0.0001471 seconds
2020-10-25T11:14:50.597+0100: 65034.725: Total time for which application threads were stopped: 0.0002904 seconds, Stopping threads took: 0.0000771 seconds
2020-10-25T11:14:50.598+0100: 65034.725: Total time for which application threads were stopped: 0.0002210 seconds, Stopping threads took: 0.0000754 seconds
2020-10-25T11:14:50.598+0100: 65034.726: Total time for which application threads were stopped: 0.0002093 seconds, Stopping threads took: 0.0000638 seconds
2020-10-25T11:14:50.599+0100: 65034.727: Total time for which application threads were stopped: 0.0006201 seconds, Stopping threads took: 0.0004857 seconds
2020-10-25T11:14:50.599+0100: 65034.727: Total time for which application threads were stopped: 0.0002119 seconds, Stopping threads took: 0.0000864 seconds
2020-10-25T11:14:50.599+0100: 65034.727: Total time for which application threads were stopped: 0.0001931 seconds, Stopping threads took: 0.0000705 seconds
2020-10-25T11:14:50.600+0100: 65034.727: Total time for which application threads were stopped: 0.0001897 seconds, Stopping threads took: 0.0000695 seconds
2020-10-25T11:14:50.600+0100: 65034.728: Total time for which application threads were stopped: 0.0001890 seconds, Stopping threads took: 0.0000823 seconds
2020-10-25T11:14:50.600+0100: 65034.728: Total time for which application threads were stopped: 0.0001890 seconds, Stopping threads took: 0.0000803 seconds
2020-10-25T11:14:50.601+0100: 65034.728: Total time for which application threads were stopped: 0.0005986 seconds, Stopping threads took: 0.0000900 seconds
2020-10-25T11:14:50.602+0100: 65034.730: Total time for which application threads were stopped: 0.0003128 seconds, Stopping threads took: 0.0000878 seconds
2020-10-25T11:14:50.604+0100: 65034.732: Total time for which application threads were stopped: 0.0004374 seconds, Stopping threads took: 0.0002474 seconds
2020-10-25T11:14:50.606+0100: 65034.733: Total time for which application threads were stopped: 0.0002480 seconds, Stopping threads took: 0.0000485 seconds
2020-10-25T11:14:50.606+0100: 65034.733: Total time for which application threads were stopped: 0.0001374 seconds, Stopping threads took: 0.0000382 seconds
2020-10-25T11:14:50.659+0100: 65034.786: Total time for which application threads were stopped: 0.0006115 seconds, Stopping threads took: 0.0003998 seconds
2020-10-25T11:14:50.659+0100: 65034.787: Total time for which application threads were stopped: 0.0004166 seconds, Stopping threads took: 0.0002455 seconds
2020-10-25T11:14:50.659+0100: 65034.787: Total time for which application threads were stopped: 0.0002121 seconds, Stopping threads took: 0.0000804 seconds
2020-10-25T11:14:50.660+0100: 65034.787: Total time for which application threads were stopped: 0.0002417 seconds, Stopping threads took: 0.0000732 seconds
2020-10-25T11:14:50.660+0100: 65034.788: Total time for which application threads were stopped: 0.0001956 seconds, Stopping threads took: 0.0000703 seconds
2020-10-25T11:14:50.660+0100: 65034.788: Total time for which application threads were stopped: 0.0001796 seconds, Stopping threads took: 0.0000635 seconds
2020-10-25T11:14:50.671+0100: 65034.799: Total time for which application threads were stopped: 0.0003496 seconds, Stopping threads took: 0.0001137 seconds
2020-10-25T11:14:50.674+0100: 65034.801: Total time for which application threads were stopped: 0.0003208 seconds, Stopping threads took: 0.0000847 seconds
2020-10-25T11:14:50.676+0100: 65034.803: Total time for which application threads were stopped: 0.0004524 seconds, Stopping threads took: 0.0001367 seconds
2020-10-25T11:14:51.689+0100: 65035.817: Total time for which application threads were stopped: 0.0008291 seconds, Stopping threads took: 0.0003350 seconds
2020-10-25T11:14:52.484+0100: 65036.612: Total time for which application threads were stopped: 0.0004349 seconds, Stopping threads took: 0.0000810 seconds
2020-10-25T11:14:52.493+0100: 65036.620: Total time for which application threads were stopped: 0.0003796 seconds, Stopping threads took: 0.0000875 seconds
2020-10-25T11:14:52.494+0100: 65036.621: Total time for which application threads were stopped: 0.0003366 seconds, Stopping threads took: 0.0000551 seconds
2020-10-25T11:14:52.495+0100: 65036.622: Total time for which application threads were stopped: 0.0003809 seconds, Stopping threads took: 0.0000861 seconds
2020-10-25T11:14:52.497+0100: 65036.624: Total time for which application threads were stopped: 0.0014473 seconds, Stopping threads took: 0.0001006 seconds
2020-10-25T11:14:52.502+0100: 65036.630: Total time for which application threads were stopped: 0.0038852 seconds, Stopping threads took: 0.0034918 seconds
2020-10-25T11:14:52.503+0100: 65036.630: Total time for which application threads were stopped: 0.0005339 seconds, Stopping threads took: 0.0000668 seconds
2020-10-25T11:14:52.504+0100: 65036.631: Total time for which application threads were stopped: 0.0003466 seconds, Stopping threads took: 0.0000841 seconds
2020-10-25T11:14:52.504+0100: 65036.631: Total time for which application threads were stopped: 0.0002816 seconds, Stopping threads took: 0.0000598 seconds
2020-10-25T11:14:52.504+0100: 65036.632: Total time for which application threads were stopped: 0.0002532 seconds, Stopping threads took: 0.0000589 seconds
2020-10-25T11:14:52.515+0100: 65036.643: Total time for which application threads were stopped: 0.0022940 seconds, Stopping threads took: 0.0019465 seconds
2020-10-25T11:14:52.575+0100: 65036.702: Total time for which application threads were stopped: 0.0003175 seconds, Stopping threads took: 0.0000603 seconds
2020-10-25T11:14:52.576+0100: 65036.703: Total time for which application threads were stopped: 0.0002868 seconds, Stopping threads took: 0.0000482 seconds
2020-10-25T11:14:52.576+0100: 65036.704: Total time for which application threads were stopped: 0.0002810 seconds, Stopping threads took: 0.0000531 seconds
2020-10-25T11:14:52.618+0100: 65036.746: Total time for which application threads were stopped: 0.0003736 seconds, Stopping threads took: 0.0000563 seconds
2020-10-25T11:14:52.618+0100: 65036.746: Total time for which application threads were stopped: 0.0002327 seconds, Stopping threads took: 0.0000733 seconds
2020-10-25T11:14:52.619+0100: 65036.747: Total time for which application threads were stopped: 0.0001794 seconds, Stopping threads took: 0.0000558 seconds
2020-10-25T11:14:52.619+0100: 65036.747: Total time for which application threads were stopped: 0.0001588 seconds, Stopping threads took: 0.0000480 seconds
2020-10-25T11:14:52.620+0100: 65036.747: Total time for which application threads were stopped: 0.0001683 seconds, Stopping threads took: 0.0000425 seconds
2020-10-25T11:14:52.620+0100: 65036.748: Total time for which application threads were stopped: 0.0001978 seconds, Stopping threads took: 0.0000640 seconds
2020-10-25T11:14:52.621+0100: 65036.748: Total time for which application threads were stopped: 0.0001605 seconds, Stopping threads took: 0.0000671 seconds
2020-10-25T11:14:52.621+0100: 65036.749: Total time for which application threads were stopped: 0.0001703 seconds, Stopping threads took: 0.0000580 seconds
2020-10-25T11:14:52.622+0100: 65036.749: Total time for which application threads were stopped: 0.0002018 seconds, Stopping threads took: 0.0000671 seconds
2020-10-25T11:14:52.622+0100: 65036.750: Total time for which application threads were stopped: 0.0001138 seconds, Stopping threads took: 0.0000258 seconds
2020-10-25T11:14:52.622+0100: 65036.750: Total time for which application threads were stopped: 0.0001071 seconds, Stopping threads took: 0.0000244 seconds
2020-10-25T11:14:52.622+0100: 65036.750: Total time for which application threads were stopped: 0.0001121 seconds, Stopping threads took: 0.0000265 seconds
2020-10-25T11:14:52.622+0100: 65036.750: Total time for which application threads were stopped: 0.0001039 seconds, Stopping threads took: 0.0000242 seconds
2020-10-25T11:14:52.623+0100: 65036.750: Total time for which application threads were stopped: 0.0001278 seconds, Stopping threads took: 0.0000500 seconds
2020-10-25T11:14:52.623+0100: 65036.751: Total time for which application threads were stopped: 0.0001357 seconds, Stopping threads took: 0.0000300 seconds
2020-10-25T11:14:52.623+0100: 65036.751: Total time for which application threads were stopped: 0.0002114 seconds, Stopping threads took: 0.0000359 seconds
2020-10-25T11:14:52.624+0100: 65036.751: Total time for which application threads were stopped: 0.0001613 seconds, Stopping threads took: 0.0000496 seconds
2020-10-25T11:14:52.630+0100: 65036.757: Total time for which application threads were stopped: 0.0003131 seconds, Stopping threads took: 0.0001079 seconds
2020-10-25T11:14:52.630+0100: 65036.758: Total time for which application threads were stopped: 0.0002380 seconds, Stopping threads took: 0.0000650 seconds
2020-10-25T11:14:52.701+0100: 65036.829: Total time for which application threads were stopped: 0.0003164 seconds, Stopping threads took: 0.0000665 seconds
2020-10-25T11:14:52.702+0100: 65036.830: Total time for which application threads were stopped: 0.0003440 seconds, Stopping threads took: 0.0000999 seconds
2020-10-25T11:14:52.703+0100: 65036.830: Total time for which application threads were stopped: 0.0002929 seconds, Stopping threads took: 0.0000758 seconds
2020-10-25T11:14:52.705+0100: 65036.833: Total time for which application threads were stopped: 0.0004309 seconds, Stopping threads took: 0.0000966 seconds
2020-10-25T11:14:52.706+0100: 65036.834: Total time for which application threads were stopped: 0.0003665 seconds, Stopping threads took: 0.0000860 seconds
2020-10-25T11:14:52.707+0100: 65036.834: Total time for which application threads were stopped: 0.0002734 seconds, Stopping threads took: 0.0000886 seconds
2020-10-25T11:14:52.707+0100: 65036.835: Total time for which application threads were stopped: 0.0003047 seconds, Stopping threads took: 0.0000842 seconds
2020-10-25T11:14:52.720+0100: 65036.848: Total time for which application threads were stopped: 0.0009422 seconds, Stopping threads took: 0.0006445 seconds
2020-10-25T11:14:52.725+0100: 65036.852: Total time for which application threads were stopped: 0.0003481 seconds, Stopping threads took: 0.0000607 seconds
2020-10-25T11:14:52.728+0100: 65036.855: Total time for which application threads were stopped: 0.0006080 seconds, Stopping threads took: 0.0003415 seconds
2020-10-25T11:14:52.729+0100: 65036.856: Total time for which application threads were stopped: 0.0004169 seconds, Stopping threads took: 0.0000647 seconds
2020-10-25T11:14:52.730+0100: 65036.857: Total time for which application threads were stopped: 0.0002318 seconds, Stopping threads took: 0.0000526 seconds
2020-10-25T11:14:52.730+0100: 65036.858: Total time for which application threads were stopped: 0.0001612 seconds, Stopping threads took: 0.0000315 seconds
2020-10-25T11:14:52.730+0100: 65036.858: Total time for which application threads were stopped: 0.0001403 seconds, Stopping threads took: 0.0000380 seconds
2020-10-25T11:14:52.731+0100: 65036.858: Total time for which application threads were stopped: 0.0002248 seconds, Stopping threads took: 0.0000887 seconds
2020-10-25T11:14:52.731+0100: 65036.859: Total time for which application threads were stopped: 0.0002186 seconds, Stopping threads took: 0.0000794 seconds
2020-10-25T11:14:52.737+0100: 65036.865: Total time for which application threads were stopped: 0.0003353 seconds, Stopping threads took: 0.0000813 seconds
2020-10-25T11:14:52.737+0100: 65036.865: Total time for which application threads were stopped: 0.0002585 seconds, Stopping threads took: 0.0000399 seconds
2020-10-25T11:14:53.751+0100: 65037.879: Total time for which application threads were stopped: 0.0004707 seconds, Stopping threads took: 0.0001093 seconds
2020-10-25T11:15:03.636+0100: 65047.764: Total time for which application threads were stopped: 0.0003136 seconds, Stopping threads took: 0.0000621 seconds
2020-10-25T11:16:04.165+0100: 65108.292: Total time for which application threads were stopped: 0.0003674 seconds, Stopping threads took: 0.0000946 seconds
2020-10-25T11:16:06.415+0100: 65110.545: Total time for which application threads were stopped: 0.0007806 seconds, Stopping threads took: 0.0001358 seconds
2020-10-25T11:16:21.475+0100: 65125.606: Total time for which application threads were stopped: 0.0004823 seconds, Stopping threads took: 0.0000611 seconds
2020-10-25T11:16:21.475+0100: 65125.610: Total time for which application threads were stopped: 0.0003191 seconds, Stopping threads took: 0.0000505 seconds
2020-10-25T11:16:22.482+0100: 65126.610: Total time for which application threads were stopped: 0.0007172 seconds, Stopping threads took: 0.0001927 seconds
2020-10-25T11:16:53.708+0100: 65157.835: Total time for which application threads were stopped: 0.0006095 seconds, Stopping threads took: 0.0002265 seconds
2020-10-25T11:16:55.008+0100: 65159.138: Total time for which application threads were stopped: 0.0007332 seconds, Stopping threads took: 0.0001515 seconds
2020-10-25T11:16:55.018+0100: 65159.147: Total time for which application threads were stopped: 0.0007201 seconds, Stopping threads took: 0.0001035 seconds
2020-10-25T11:16:58.607+0100: 65162.737: Total time for which application threads were stopped: 0.0008059 seconds, Stopping threads took: 0.0002276 seconds
2020-10-25T11:16:58.607+0100: 65162.738: Total time for which application threads were stopped: 0.0005763 seconds, Stopping threads took: 0.0002744 seconds
2020-10-25T11:17:05.648+0100: 65169.776: Total time for which application threads were stopped: 0.0008840 seconds, Stopping threads took: 0.0002590 seconds
2020-10-25T11:17:27.105+0100: 65191.234: Total time for which application threads were stopped: 0.0005769 seconds, Stopping threads took: 0.0001408 seconds
2020-10-25T11:17:27.115+0100: 65191.245: Total time for which application threads were stopped: 0.0004345 seconds, Stopping threads took: 0.0000974 seconds
2020-10-25T11:17:34.841+0100: 65198.970: Total time for which application threads were stopped: 0.0007221 seconds, Stopping threads took: 0.0002252 seconds
2020-10-25T11:18:05.080+0100: 65229.209: Total time for which application threads were stopped: 0.0007753 seconds, Stopping threads took: 0.0001474 seconds
2020-10-25T11:18:05.090+0100: 65229.219: Total time for which application threads were stopped: 0.0004148 seconds, Stopping threads took: 0.0000931 seconds
2020-10-25T11:18:41.399+0100: 65265.527: Total time for which application threads were stopped: 0.0005501 seconds, Stopping threads took: 0.0001451 seconds
2020-10-25T11:18:41.409+0100: 65265.537: Total time for which application threads were stopped: 0.0005463 seconds, Stopping threads took: 0.0001413 seconds
2020-10-25T11:19:10.169+0100: 65294.298: Total time for which application threads were stopped: 0.0006666 seconds, Stopping threads took: 0.0001585 seconds
2020-10-25T11:19:17.355+0100: 65301.484: Total time for which application threads were stopped: 0.0006792 seconds, Stopping threads took: 0.0002423 seconds
2020-10-25T11:19:17.365+0100: 65301.495: Total time for which application threads were stopped: 0.0013265 seconds, Stopping threads took: 0.0001061 seconds
2020-10-25T11:19:21.405+0100: 65305.533: Total time for which application threads were stopped: 0.0007164 seconds, Stopping threads took: 0.0002453 seconds
2020-10-25T11:19:53.985+0100: 65338.114: Total time for which application threads were stopped: 0.0005882 seconds, Stopping threads took: 0.0001446 seconds
2020-10-25T11:19:53.995+0100: 65338.123: Total time for which application threads were stopped: 0.0004405 seconds, Stopping threads took: 0.0001177 seconds
2020-10-25T11:19:54.995+0100: 65339.123: Total time for which application threads were stopped: 0.0006911 seconds, Stopping threads took: 0.0002216 seconds
2020-10-25T11:20:30.839+0100: 65374.967: Total time for which application threads were stopped: 0.0004487 seconds, Stopping threads took: 0.0001126 seconds
2020-10-25T11:20:30.849+0100: 65374.977: Total time for which application threads were stopped: 0.0005789 seconds, Stopping threads took: 0.0002471 seconds
2020-10-25T11:20:44.696+0100: 65388.824: Total time for which application threads were stopped: 0.0004193 seconds, Stopping threads took: 0.0001032 seconds
2020-10-25T11:20:45.706+0100: 65389.834: Total time for which application threads were stopped: 0.0004909 seconds, Stopping threads took: 0.0001831 seconds
2020-10-25T11:20:53.775+0100: 65397.903: Total time for which application threads were stopped: 0.0007116 seconds, Stopping threads took: 0.0002499 seconds
2020-10-25T11:21:02.686+0100: 65406.815: Total time for which application threads were stopped: 0.0005170 seconds, Stopping threads took: 0.0001363 seconds
2020-10-25T11:21:02.696+0100: 65406.824: Total time for which application threads were stopped: 0.0003918 seconds, Stopping threads took: 0.0000916 seconds
2020-10-25T11:21:38.361+0100: 65442.490: Total time for which application threads were stopped: 0.0010589 seconds, Stopping threads took: 0.0002092 seconds
2020-10-25T11:21:38.371+0100: 65442.500: Total time for which application threads were stopped: 0.0004146 seconds, Stopping threads took: 0.0000965 seconds
2020-10-25T11:21:48.437+0100: 65452.564: Total time for which application threads were stopped: 0.0004129 seconds, Stopping threads took: 0.0001179 seconds
2020-10-25T11:21:57.517+0100: 65461.645: Total time for which application threads were stopped: 0.0006121 seconds, Stopping threads took: 0.0002497 seconds
2020-10-25T11:22:11.630+0100: 65475.758: Total time for which application threads were stopped: 0.0005635 seconds, Stopping threads took: 0.0002236 seconds
2020-10-25T11:22:14.729+0100: 65478.858: Total time for which application threads were stopped: 0.0004435 seconds, Stopping threads took: 0.0001068 seconds
2020-10-25T11:22:14.739+0100: 65478.867: Total time for which application threads were stopped: 0.0004161 seconds, Stopping threads took: 0.0000923 seconds
2020-10-25T11:22:18.691+0100: 65482.819: Total time for which application threads were stopped: 0.0004504 seconds, Stopping threads took: 0.0001015 seconds
2020-10-25T11:22:52.997+0100: 65517.125: Total time for which application threads were stopped: 0.0005513 seconds, Stopping threads took: 0.0002110 seconds
2020-10-25T11:22:52.997+0100: 65517.131: Total time for which application threads were stopped: 0.0002643 seconds, Stopping threads took: 0.0000640 seconds
2020-10-25T11:23:30.017+0100: 65554.146: Total time for which application threads were stopped: 0.0007067 seconds, Stopping threads took: 0.0001736 seconds
2020-10-25T11:23:30.027+0100: 65554.157: Total time for which application threads were stopped: 0.0004402 seconds, Stopping threads took: 0.0001032 seconds
2020-10-25T11:23:50.231+0100: 65574.359: Total time for which application threads were stopped: 0.0004808 seconds, Stopping threads took: 0.0001328 seconds
2020-10-25T11:24:04.754+0100: 65588.882: Total time for which application threads were stopped: 0.0005564 seconds, Stopping threads took: 0.0001532 seconds
2020-10-25T11:24:04.764+0100: 65588.893: Total time for which application threads were stopped: 0.0005889 seconds, Stopping threads took: 0.0002484 seconds
2020-10-25T11:24:20.858+0100: 65604.985: Total time for which application threads were stopped: 0.0006373 seconds, Stopping threads took: 0.0002102 seconds
2020-10-25T11:24:40.634+0100: 65624.764: Total time for which application threads were stopped: 0.0017041 seconds, Stopping threads took: 0.0002642 seconds
2020-10-25T11:24:48.694+0100: 65632.822: Total time for which application threads were stopped: 0.0006141 seconds, Stopping threads took: 0.0001541 seconds
2020-10-25T11:25:14.668+0100: 65658.796: Total time for which application threads were stopped: 0.0006111 seconds, Stopping threads took: 0.0001488 seconds
2020-10-25T11:25:14.678+0100: 65658.807: Total time for which application threads were stopped: 0.0004128 seconds, Stopping threads took: 0.0000925 seconds
2020-10-25T11:25:22.847+0100: 65666.975: Total time for which application threads were stopped: 0.0002846 seconds, Stopping threads took: 0.0000657 seconds
2020-10-25T11:25:52.965+0100: 65697.093: Total time for which application threads were stopped: 0.0004514 seconds, Stopping threads took: 0.0001203 seconds
2020-10-25T11:25:52.975+0100: 65697.103: Total time for which application threads were stopped: 0.0004251 seconds, Stopping threads took: 0.0000974 seconds
2020-10-25T11:26:27.303+0100: 65731.432: Total time for which application threads were stopped: 0.0004491 seconds, Stopping threads took: 0.0001039 seconds
2020-10-25T11:26:27.313+0100: 65731.446: Total time for which application threads were stopped: 0.0004407 seconds, Stopping threads took: 0.0001015 seconds
2020-10-25T11:26:57.217+0100: 65761.345: Total time for which application threads were stopped: 0.0007698 seconds, Stopping threads took: 0.0002199 seconds
2020-10-25T11:27:04.207+0100: 65768.335: Total time for which application threads were stopped: 0.0004566 seconds, Stopping threads took: 0.0001143 seconds
2020-10-25T11:27:04.217+0100: 65768.346: Total time for which application threads were stopped: 0.0004340 seconds, Stopping threads took: 0.0001028 seconds
2020-10-25T11:27:38.639+0100: 65802.767: Total time for which application threads were stopped: 0.0006458 seconds, Stopping threads took: 0.0001406 seconds
2020-10-25T11:27:38.649+0100: 65802.782: Total time for which application threads were stopped: 0.0004389 seconds, Stopping threads took: 0.0001046 seconds
2020-10-25T11:28:14.155+0100: 65838.284: Total time for which application threads were stopped: 0.0006608 seconds, Stopping threads took: 0.0001407 seconds
2020-10-25T11:28:14.165+0100: 65838.294: Total time for which application threads were stopped: 0.0004358 seconds, Stopping threads took: 0.0000999 seconds
2020-10-25T11:28:31.152+0100: 65855.280: Total time for which application threads were stopped: 0.0005756 seconds, Stopping threads took: 0.0001608 seconds
2020-10-25T11:28:48.973+0100: 65873.101: Total time for which application threads were stopped: 0.0007075 seconds, Stopping threads took: 0.0002484 seconds
2020-10-25T11:28:48.983+0100: 65873.117: Total time for which application threads were stopped: 0.0009130 seconds, Stopping threads took: 0.0001574 seconds
2020-10-25T11:29:22.686+0100: 65906.815: Total time for which application threads were stopped: 0.0006651 seconds, Stopping threads took: 0.0002648 seconds
2020-10-25T11:29:22.696+0100: 65906.825: Total time for which application threads were stopped: 0.0004349 seconds, Stopping threads took: 0.0001010 seconds
2020-10-25T11:29:58.441+0100: 65942.570: Total time for which application threads were stopped: 0.0015278 seconds, Stopping threads took: 0.0001539 seconds
2020-10-25T11:30:35.667+0100: 65979.795: Total time for which application threads were stopped: 0.0007125 seconds, Stopping threads took: 0.0001812 seconds
2020-10-25T11:30:35.677+0100: 65979.806: Total time for which application threads were stopped: 0.0004115 seconds, Stopping threads took: 0.0000940 seconds
2020-10-25T11:31:14.468+0100: 66018.597: Total time for which application threads were stopped: 0.0005273 seconds, Stopping threads took: 0.0001267 seconds
2020-10-25T11:31:14.478+0100: 66018.610: Total time for which application threads were stopped: 0.0004255 seconds, Stopping threads took: 0.0000985 seconds
2020-10-25T11:31:36.019+0100: 66040.148: Total time for which application threads were stopped: 0.0005956 seconds, Stopping threads took: 0.0001302 seconds
2020-10-25T11:31:47.940+0100: 66052.068: Total time for which application threads were stopped: 0.0004692 seconds, Stopping threads took: 0.0001096 seconds
2020-10-25T11:31:47.950+0100: 66052.078: Total time for which application threads were stopped: 0.0004176 seconds, Stopping threads took: 0.0000953 seconds
2020-10-25T11:32:21.425+0100: 66085.553: Total time for which application threads were stopped: 0.0004257 seconds, Stopping threads took: 0.0001183 seconds
2020-10-25T11:32:21.425+0100: 66085.561: Total time for which application threads were stopped: 0.0002579 seconds, Stopping threads took: 0.0000569 seconds
2020-10-25T11:32:58.592+0100: 66122.721: Total time for which application threads were stopped: 0.0007470 seconds, Stopping threads took: 0.0001594 seconds
2020-10-25T11:32:58.602+0100: 66122.734: Total time for which application threads were stopped: 0.0004331 seconds, Stopping threads took: 0.0001010 seconds
2020-10-25T11:33:09.449+0100: 66133.577: Total time for which application threads were stopped: 0.0004176 seconds, Stopping threads took: 0.0000996 seconds
2020-10-25T11:33:34.181+0100: 66158.310: Total time for which application threads were stopped: 0.0007033 seconds, Stopping threads took: 0.0001818 seconds
2020-10-25T11:33:34.191+0100: 66158.320: Total time for which application threads were stopped: 0.0004218 seconds, Stopping threads took: 0.0000968 seconds
2020-10-25T11:34:07.570+0100: 66191.698: Total time for which application threads were stopped: 0.0007093 seconds, Stopping threads took: 0.0001904 seconds
2020-10-25T11:34:07.580+0100: 66191.709: Total time for which application threads were stopped: 0.0004062 seconds, Stopping threads took: 0.0000895 seconds
2020-10-25T11:34:40.232+0100: 66224.360: Total time for which application threads were stopped: 0.0004218 seconds, Stopping threads took: 0.0001134 seconds
2020-10-25T11:34:40.242+0100: 66224.374: Total time for which application threads were stopped: 0.0004062 seconds, Stopping threads took: 0.0000928 seconds
2020-10-25T11:34:40.252+0100: 66224.383: Total time for which application threads were stopped: 0.0003760 seconds, Stopping threads took: 0.0000892 seconds
2020-10-25T11:35:15.507+0100: 66259.636: Total time for which application threads were stopped: 0.0016835 seconds, Stopping threads took: 0.0001635 seconds
2020-10-25T11:35:51.195+0100: 66295.323: Total time for which application threads were stopped: 0.0006010 seconds, Stopping threads took: 0.0001396 seconds
2020-10-25T11:35:51.195+0100: 66295.330: Total time for which application threads were stopped: 0.0003130 seconds, Stopping threads took: 0.0000725 seconds
2020-10-25T11:36:13.363+0100: 66317.491: Total time for which application threads were stopped: 0.0005177 seconds, Stopping threads took: 0.0001238 seconds
2020-10-25T11:36:28.068+0100: 66332.197: Total time for which application threads were stopped: 0.0005277 seconds, Stopping threads took: 0.0001604 seconds
2020-10-25T11:36:28.078+0100: 66332.207: Total time for which application threads were stopped: 0.0004607 seconds, Stopping threads took: 0.0001069 seconds
2020-10-25T11:36:53.284+0100: 66357.412: Total time for which application threads were stopped: 0.0010221 seconds, Stopping threads took: 0.0002347 seconds
2020-10-25T11:37:03.492+0100: 66367.621: Total time for which application threads were stopped: 0.0004838 seconds, Stopping threads took: 0.0001211 seconds
2020-10-25T11:37:03.502+0100: 66367.631: Total time for which application threads were stopped: 0.0004128 seconds, Stopping threads took: 0.0000971 seconds
2020-10-25T11:37:35.995+0100: 66400.124: Total time for which application threads were stopped: 0.0006777 seconds, Stopping threads took: 0.0001766 seconds
2020-10-25T11:37:36.005+0100: 66400.135: Total time for which application threads were stopped: 0.0004547 seconds, Stopping threads took: 0.0001033 seconds
2020-10-25T11:37:45.631+0100: 66409.760: Total time for which application threads were stopped: 0.0006820 seconds, Stopping threads took: 0.0002083 seconds
2020-10-25T11:38:08.510+0100: 66432.638: Total time for which application threads were stopped: 0.0004604 seconds, Stopping threads took: 0.0001184 seconds
2020-10-25T11:38:08.520+0100: 66432.648: Total time for which application threads were stopped: 0.0004165 seconds, Stopping threads took: 0.0000983 seconds
2020-10-25T11:38:20.630+0100: 66444.757: Total time for which application threads were stopped: 0.0006228 seconds, Stopping threads took: 0.0002522 seconds
2020-10-25T11:38:22.649+0100: 66446.777: Total time for which application threads were stopped: 0.0007018 seconds, Stopping threads took: 0.0003090 seconds
2020-10-25T11:38:44.355+0100: 66468.484: Total time for which application threads were stopped: 0.0002832 seconds, Stopping threads took: 0.0000725 seconds
2020-10-25T11:38:44.355+0100: 66468.490: Total time for which application threads were stopped: 0.0002877 seconds, Stopping threads took: 0.0000563 seconds
2020-10-25T11:39:17.390+0100: 66501.519: Total time for which application threads were stopped: 0.0010234 seconds, Stopping threads took: 0.0001790 seconds
2020-10-25T11:39:17.400+0100: 66501.534: Total time for which application threads were stopped: 0.0004108 seconds, Stopping threads took: 0.0000961 seconds
2020-10-25T11:39:17.410+0100: 66501.545: Total time for which application threads were stopped: 0.0004347 seconds, Stopping threads took: 0.0001016 seconds
2020-10-25T11:39:53.274+0100: 66537.403: Total time for which application threads were stopped: 0.0007425 seconds, Stopping threads took: 0.0001727 seconds
2020-10-25T11:39:53.284+0100: 66537.420: Total time for which application threads were stopped: 0.0005594 seconds, Stopping threads took: 0.0001975 seconds
2020-10-25T11:40:30.420+0100: 66574.549: Total time for which application threads were stopped: 0.0014845 seconds, Stopping threads took: 0.0001663 seconds
2020-10-25T11:41:07.537+0100: 66611.666: Total time for which application threads were stopped: 0.0006581 seconds, Stopping threads took: 0.0001759 seconds
2020-10-25T11:41:07.547+0100: 66611.676: Total time for which application threads were stopped: 0.0004067 seconds, Stopping threads took: 0.0000923 seconds
2020-10-25T11:41:27.696+0100: 66631.824: Total time for which application threads were stopped: 0.0008667 seconds, Stopping threads took: 0.0001771 seconds
2020-10-25T11:41:41.637+0100: 66645.765: Total time for which application threads were stopped: 0.0004642 seconds, Stopping threads took: 0.0001138 seconds
2020-10-25T11:41:41.647+0100: 66645.775: Total time for which application threads were stopped: 0.0004351 seconds, Stopping threads took: 0.0000969 seconds
2020-10-25T11:42:17.917+0100: 66682.046: Total time for which application threads were stopped: 0.0008752 seconds, Stopping threads took: 0.0002436 seconds
2020-10-25T11:42:17.927+0100: 66682.056: Total time for which application threads were stopped: 0.0004298 seconds, Stopping threads took: 0.0001028 seconds
2020-10-25T11:42:21.132+0100: 66685.260: Total time for which application threads were stopped: 0.0004217 seconds, Stopping threads took: 0.0001091 seconds
2020-10-25T11:42:49.330+0100: 66713.458: Total time for which application threads were stopped: 0.0008712 seconds, Stopping threads took: 0.0001953 seconds
2020-10-25T11:43:04.462+0100: 66728.589: Total time for which application threads were stopped: 0.0002871 seconds, Stopping threads took: 0.0000664 seconds
2020-10-25T11:43:05.475+0100: 66729.602: Total time for which application threads were stopped: 0.0002869 seconds, Stopping threads took: 0.0000972 seconds
2020-10-25T11:43:11.868+0100: 66735.996: Total time for which application threads were stopped: 0.0003040 seconds, Stopping threads took: 0.0000655 seconds
2020-10-25T11:43:12.896+0100: 66737.023: Total time for which application threads were stopped: 0.0118914 seconds, Stopping threads took: 0.0115601 seconds
{Heap before GC invocations=20 (full 0):
 garbage-first heap   total 524288K, used 340687K [0x00000000e0000000, 0x00000000e0101000, 0x0000000100000000)
  region size 1024K, 307 young (314368K), 23 survivors (23552K)
 Metaspace       used 56220K, capacity 58790K, committed 58960K, reserved 1101824K
  class space    used 6778K, capacity 7292K, committed 7296K, reserved 1048576K
2020-10-25T11:43:12.992+0100: 66737.120: [GC pause (G1 Evacuation Pause) (young)
Desired survivor size 20447232 bytes, new threshold 15 (max 15)
- age   1:    4972680 bytes,    4972680 total
- age   2:    5988576 bytes,   10961256 total
- age   3:     614360 bytes,   11575616 total
- age   4:      67160 bytes,   11642776 total
- age   5:      59592 bytes,   11702368 total
- age   6:     166992 bytes,   11869360 total
- age   7:     247032 bytes,   12116392 total
- age   8:     765528 bytes,   12881920 total
- age   9:      58432 bytes,   12940352 total
- age  10:    3293912 bytes,   16234264 total
- age  11:    2665824 bytes,   18900088 total
, 0.0381006 secs]
   [Parallel Time: 28.8 ms, GC Workers: 4]
      [GC Worker Start (ms): Min: 66737119.9, Avg: 66737120.0, Max: 66737120.1, Diff: 0.2]
      [Ext Root Scanning (ms): Min: 1.0, Avg: 1.9, Max: 4.5, Diff: 3.5, Sum: 7.7]
      [Update RS (ms): Min: 0.0, Avg: 1.6, Max: 2.1, Diff: 2.1, Sum: 6.3]
         [Processed Buffers: Min: 0, Avg: 7.8, Max: 18, Diff: 18, Sum: 31]
      [Scan RS (ms): Min: 0.0, Avg: 0.1, Max: 0.1, Diff: 0.1, Sum: 0.2]
      [Code Root Scanning (ms): Min: 0.0, Avg: 0.9, Max: 2.0, Diff: 2.0, Sum: 3.6]
      [Object Copy (ms): Min: 23.4, Avg: 24.1, Max: 24.9, Diff: 1.5, Sum: 96.3]
      [Termination (ms): Min: 0.0, Avg: 0.0, Max: 0.0, Diff: 0.0, Sum: 0.0]
         [Termination Attempts: Min: 1, Avg: 1.0, Max: 1, Diff: 0, Sum: 4]
      [GC Worker Other (ms): Min: 0.0, Avg: 0.0, Max: 0.0, Diff: 0.0, Sum: 0.1]
      [GC Worker Total (ms): Min: 28.5, Avg: 28.6, Max: 28.7, Diff: 0.2, Sum: 114.4]
      [GC Worker End (ms): Min: 66737148.6, Avg: 66737148.6, Max: 66737148.6, Diff: 0.0]
   [Code Root Fixup: 0.1 ms]
   [Code Root Purge: 0.0 ms]
   [Clear CT: 0.5 ms]
   [Other: 8.7 ms]
      [Choose CSet: 0.0 ms]
      [Ref Proc: 7.5 ms]
      [Ref Enq: 0.1 ms]
      [Redirty Cards: 0.1 ms]
      [Humongous Register: 0.1 ms]
      [Humongous Reclaim: 0.0 ms]
      [Free CSet: 0.7 ms]
   [Eden: 284.0M(284.0M)->0.0B(283.0M) Survivors: 23.0M->24.0M Heap: 332.7M(512.0M)->49.2M(512.0M)]
Heap after GC invocations=21 (full 0):
 garbage-first heap   total 524288K, used 50383K [0x00000000e0000000, 0x00000000e0101000, 0x0000000100000000)
  region size 1024K, 24 young (24576K), 24 survivors (24576K)
 Metaspace       used 56220K, capacity 58790K, committed 58960K, reserved 1101824K
  class space    used 6778K, capacity 7292K, committed 7296K, reserved 1048576K
}
 [Times: user=0.17 sys=0.02, real=0.04 secs] 
2020-10-25T11:43:13.031+0100: 66737.158: Total time for which application threads were stopped: 0.0481996 seconds, Stopping threads took: 0.0094551 seconds
2020-10-25T11:43:13.062+0100: 66737.189: Total time for which application threads were stopped: 0.0004582 seconds, Stopping threads took: 0.0001389 seconds
2020-10-25T11:43:13.214+0100: 66737.341: Total time for which application threads were stopped: 0.0008527 seconds, Stopping threads took: 0.0006061 seconds
2020-10-25T11:43:13.216+0100: 66737.343: Total time for which application threads were stopped: 0.0015881 seconds, Stopping threads took: 0.0013088 seconds
2020-10-25T11:43:13.217+0100: 66737.344: Total time for which application threads were stopped: 0.0003233 seconds, Stopping threads took: 0.0000644 seconds
2020-10-25T11:43:13.361+0100: 66737.488: Total time for which application threads were stopped: 0.0002682 seconds, Stopping threads took: 0.0000893 seconds
2020-10-25T11:43:13.474+0100: 66737.601: Total time for which application threads were stopped: 0.0007159 seconds, Stopping threads took: 0.0002119 seconds
2020-10-25T11:43:13.971+0100: 66738.098: Total time for which application threads were stopped: 0.0182841 seconds, Stopping threads took: 0.0179723 seconds
2020-10-25T11:43:13.971+0100: 66738.098: Total time for which application threads were stopped: 0.0002705 seconds, Stopping threads took: 0.0000769 seconds
{Heap before GC invocations=21 (full 0):
 garbage-first heap   total 524288K, used 340175K [0x00000000e0000000, 0x00000000e0101000, 0x0000000100000000)
  region size 1024K, 307 young (314368K), 24 survivors (24576K)
 Metaspace       used 56274K, capacity 58808K, committed 58960K, reserved 1101824K
  class space    used 6780K, capacity 7295K, committed 7296K, reserved 1048576K
2020-10-25T11:43:14.163+0100: 66738.290: [GC pause (G1 Evacuation Pause) (young)
Desired survivor size 20447232 bytes, new threshold 15 (max 15)
- age   1:    8962592 bytes,    8962592 total
- age   2:    1180392 bytes,   10142984 total
- age   3:      85496 bytes,   10228480 total
- age   4:      80128 bytes,   10308608 total
- age   5:      66608 bytes,   10375216 total
- age   6:      59592 bytes,   10434808 total
- age   7:     166992 bytes,   10601800 total
- age   8:     218048 bytes,   10819848 total
- age   9:     749720 bytes,   11569568 total
- age  10:      58432 bytes,   11628000 total
- age  11:    3224752 bytes,   14852752 total
- age  12:    2665824 bytes,   17518576 total
, 0.0250748 secs]
   [Parallel Time: 23.3 ms, GC Workers: 4]
      [GC Worker Start (ms): Min: 66738289.8, Avg: 66738289.8, Max: 66738289.9, Diff: 0.0]
      [Ext Root Scanning (ms): Min: 1.5, Avg: 2.0, Max: 2.3, Diff: 0.8, Sum: 8.1]
      [Update RS (ms): Min: 1.3, Avg: 1.4, Max: 1.6, Diff: 0.3, Sum: 5.7]
         [Processed Buffers: Min: 3, Avg: 5.0, Max: 11, Diff: 8, Sum: 20]
      [Scan RS (ms): Min: 0.0, Avg: 0.1, Max: 0.1, Diff: 0.0, Sum: 0.3]
      [Code Root Scanning (ms): Min: 0.0, Avg: 0.9, Max: 1.7, Diff: 1.7, Sum: 3.5]
      [Object Copy (ms): Min: 18.1, Avg: 18.8, Max: 19.4, Diff: 1.3, Sum: 75.3]
      [Termination (ms): Min: 0.0, Avg: 0.0, Max: 0.0, Diff: 0.0, Sum: 0.0]
         [Termination Attempts: Min: 1, Avg: 1.0, Max: 1, Diff: 0, Sum: 4]
      [GC Worker Other (ms): Min: 0.0, Avg: 0.0, Max: 0.0, Diff: 0.0, Sum: 0.1]
      [GC Worker Total (ms): Min: 23.2, Avg: 23.2, Max: 23.3, Diff: 0.0, Sum: 93.0]
      [GC Worker End (ms): Min: 66738313.1, Avg: 66738313.1, Max: 66738313.1, Diff: 0.0]
   [Code Root Fixup: 0.1 ms]
   [Code Root Purge: 0.0 ms]
   [Clear CT: 0.1 ms]
   [Other: 1.6 ms]
      [Choose CSet: 0.0 ms]
      [Ref Proc: 0.8 ms]
      [Ref Enq: 0.0 ms]
      [Redirty Cards: 0.0 ms]
      [Humongous Register: 0.0 ms]
      [Humongous Reclaim: 0.0 ms]
      [Free CSet: 0.4 ms]
   [Eden: 283.0M(283.0M)->0.0B(287.0M) Survivors: 24.0M->20.0M Heap: 332.2M(512.0M)->45.2M(512.0M)]
Heap after GC invocations=22 (full 0):
 garbage-first heap   total 524288K, used 46287K [0x00000000e0000000, 0x00000000e0101000, 0x0000000100000000)
  region size 1024K, 20 young (20480K), 20 survivors (20480K)
 Metaspace       used 56274K, capacity 58808K, committed 58960K, reserved 1101824K
  class space    used 6780K, capacity 7295K, committed 7296K, reserved 1048576K
}
 [Times: user=0.13 sys=0.00, real=0.02 secs] 
2020-10-25T11:43:14.188+0100: 66738.315: Total time for which application threads were stopped: 0.0259419 seconds, Stopping threads took: 0.0001009 seconds
2020-10-25T11:43:14.215+0100: 66738.342: Total time for which application threads were stopped: 0.0014402 seconds, Stopping threads took: 0.0011482 seconds
2020-10-25T11:43:14.217+0100: 66738.344: Total time for which application threads were stopped: 0.0003775 seconds, Stopping threads took: 0.0001020 seconds
2020-10-25T11:43:14.219+0100: 66738.346: Total time for which application threads were stopped: 0.0007828 seconds, Stopping threads took: 0.0004353 seconds
2020-10-25T11:43:14.433+0100: 66738.561: Total time for which application threads were stopped: 0.0010967 seconds, Stopping threads took: 0.0007753 seconds
2020-10-25T11:43:14.433+0100: 66738.561: Total time for which application threads were stopped: 0.0002985 seconds, Stopping threads took: 0.0000852 seconds
2020-10-25T11:43:14.434+0100: 66738.561: Total time for which application threads were stopped: 0.0002986 seconds, Stopping threads took: 0.0000823 seconds
2020-10-25T11:43:14.434+0100: 66738.562: Total time for which application threads were stopped: 0.0003520 seconds, Stopping threads took: 0.0000749 seconds
2020-10-25T11:43:14.434+0100: 66738.562: Total time for which application threads were stopped: 0.0002630 seconds, Stopping threads took: 0.0000784 seconds
2020-10-25T11:43:14.445+0100: 66738.573: Total time for which application threads were stopped: 0.0003729 seconds, Stopping threads took: 0.0001071 seconds
2020-10-25T11:43:14.446+0100: 66738.574: Total time for which application threads were stopped: 0.0002240 seconds, Stopping threads took: 0.0000657 seconds
2020-10-25T11:43:14.446+0100: 66738.574: Total time for which application threads were stopped: 0.0003236 seconds, Stopping threads took: 0.0000839 seconds
2020-10-25T11:43:14.448+0100: 66738.576: Total time for which application threads were stopped: 0.0004027 seconds, Stopping threads took: 0.0000822 seconds
2020-10-25T11:43:14.448+0100: 66738.576: Total time for which application threads were stopped: 0.0003292 seconds, Stopping threads took: 0.0000955 seconds
2020-10-25T11:43:14.449+0100: 66738.577: Total time for which application threads were stopped: 0.0002372 seconds, Stopping threads took: 0.0000832 seconds
2020-10-25T11:43:14.449+0100: 66738.577: Total time for which application threads were stopped: 0.0002650 seconds, Stopping threads took: 0.0000691 seconds
2020-10-25T11:43:14.450+0100: 66738.577: Total time for which application threads were stopped: 0.0002513 seconds, Stopping threads took: 0.0000593 seconds
2020-10-25T11:43:14.450+0100: 66738.578: Total time for which application threads were stopped: 0.0003448 seconds, Stopping threads took: 0.0000668 seconds
2020-10-25T11:43:14.450+0100: 66738.578: Total time for which application threads were stopped: 0.0002382 seconds, Stopping threads took: 0.0000817 seconds
2020-10-25T11:43:14.451+0100: 66738.578: Total time for which application threads were stopped: 0.0002226 seconds, Stopping threads took: 0.0000769 seconds
2020-10-25T11:43:14.451+0100: 66738.579: Total time for which application threads were stopped: 0.0002265 seconds, Stopping threads took: 0.0000658 seconds
2020-10-25T11:43:14.451+0100: 66738.579: Total time for which application threads were stopped: 0.0002647 seconds, Stopping threads took: 0.0000847 seconds
2020-10-25T11:43:14.451+0100: 66738.579: Total time for which application threads were stopped: 0.0002416 seconds, Stopping threads took: 0.0000897 seconds
2020-10-25T11:43:14.452+0100: 66738.580: Total time for which application threads were stopped: 0.0002356 seconds, Stopping threads took: 0.0000773 seconds
2020-10-25T11:43:14.452+0100: 66738.580: Total time for which application threads were stopped: 0.0002356 seconds, Stopping threads took: 0.0000949 seconds
2020-10-25T11:43:14.452+0100: 66738.580: Total time for which application threads were stopped: 0.0002409 seconds, Stopping threads took: 0.0000789 seconds
2020-10-25T11:43:14.453+0100: 66738.581: Total time for which application threads were stopped: 0.0002998 seconds, Stopping threads took: 0.0000792 seconds
2020-10-25T11:43:14.453+0100: 66738.581: Total time for which application threads were stopped: 0.0001864 seconds, Stopping threads took: 0.0000564 seconds
2020-10-25T11:43:14.454+0100: 66738.582: Total time for which application threads were stopped: 0.0009064 seconds, Stopping threads took: 0.0000674 seconds
2020-10-25T11:43:14.456+0100: 66738.584: Total time for which application threads were stopped: 0.0003578 seconds, Stopping threads took: 0.0000869 seconds
2020-10-25T11:43:14.461+0100: 66738.589: Total time for which application threads were stopped: 0.0003401 seconds, Stopping threads took: 0.0000646 seconds
2020-10-25T11:43:14.462+0100: 66738.590: Total time for which application threads were stopped: 0.0002999 seconds, Stopping threads took: 0.0000609 seconds
2020-10-25T11:43:14.630+0100: 66738.758: Total time for which application threads were stopped: 0.0003829 seconds, Stopping threads took: 0.0000714 seconds
2020-10-25T11:43:14.632+0100: 66738.760: Total time for which application threads were stopped: 0.0003383 seconds, Stopping threads took: 0.0000645 seconds
2020-10-25T11:43:14.677+0100: 66738.804: Total time for which application threads were stopped: 0.0004085 seconds, Stopping threads took: 0.0000998 seconds
2020-10-25T11:43:14.717+0100: 66738.845: Total time for which application threads were stopped: 0.0002490 seconds, Stopping threads took: 0.0000548 seconds
2020-10-25T11:43:14.718+0100: 66738.845: Total time for which application threads were stopped: 0.0001933 seconds, Stopping threads took: 0.0000429 seconds
2020-10-25T11:43:14.718+0100: 66738.846: Total time for which application threads were stopped: 0.0001949 seconds, Stopping threads took: 0.0000576 seconds
2020-10-25T11:43:14.718+0100: 66738.846: Total time for which application threads were stopped: 0.0001639 seconds, Stopping threads took: 0.0000362 seconds
2020-10-25T11:43:14.718+0100: 66738.846: Total time for which application threads were stopped: 0.0001540 seconds, Stopping threads took: 0.0000327 seconds
2020-10-25T11:43:14.728+0100: 66738.856: Total time for which application threads were stopped: 0.0003019 seconds, Stopping threads took: 0.0000990 seconds
2020-10-25T11:43:14.731+0100: 66738.858: Total time for which application threads were stopped: 0.0003398 seconds, Stopping threads took: 0.0001195 seconds
2020-10-25T11:43:14.731+0100: 66738.859: Total time for which application threads were stopped: 0.0002598 seconds, Stopping threads took: 0.0000858 seconds
2020-10-25T11:43:15.737+0100: 66739.864: Total time for which application threads were stopped: 0.0006283 seconds, Stopping threads took: 0.0002444 seconds
2020-10-25T11:43:16.675+0100: 66740.802: Total time for which application threads were stopped: 0.0004903 seconds, Stopping threads took: 0.0001090 seconds
2020-10-25T11:43:16.683+0100: 66740.810: Total time for which application threads were stopped: 0.0006617 seconds, Stopping threads took: 0.0001181 seconds
2020-10-25T11:43:16.693+0100: 66740.820: Total time for which application threads were stopped: 0.0007530 seconds, Stopping threads took: 0.0002798 seconds
2020-10-25T11:43:16.694+0100: 66740.821: Total time for which application threads were stopped: 0.0007057 seconds, Stopping threads took: 0.0003257 seconds
2020-10-25T11:43:16.695+0100: 66740.822: Total time for which application threads were stopped: 0.0006720 seconds, Stopping threads took: 0.0003134 seconds
2020-10-25T11:43:16.697+0100: 66740.824: Total time for which application threads were stopped: 0.0005647 seconds, Stopping threads took: 0.0002150 seconds
2020-10-25T11:43:16.698+0100: 66740.825: Total time for which application threads were stopped: 0.0005719 seconds, Stopping threads took: 0.0002164 seconds
2020-10-25T11:43:16.699+0100: 66740.826: Total time for which application threads were stopped: 0.0005970 seconds, Stopping threads took: 0.0002414 seconds
2020-10-25T11:43:16.704+0100: 66740.831: Total time for which application threads were stopped: 0.0007969 seconds, Stopping threads took: 0.0004089 seconds
2020-10-25T11:43:16.705+0100: 66740.832: Total time for which application threads were stopped: 0.0007660 seconds, Stopping threads took: 0.0002725 seconds
2020-10-25T11:43:16.706+0100: 66740.833: Total time for which application threads were stopped: 0.0006142 seconds, Stopping threads took: 0.0002541 seconds
2020-10-25T11:43:16.707+0100: 66740.834: Total time for which application threads were stopped: 0.0006709 seconds, Stopping threads took: 0.0002568 seconds
2020-10-25T11:43:16.708+0100: 66740.835: Total time for which application threads were stopped: 0.0006826 seconds, Stopping threads took: 0.0003129 seconds
2020-10-25T11:43:16.717+0100: 66740.844: Total time for which application threads were stopped: 0.0005092 seconds, Stopping threads took: 0.0001013 seconds
2020-10-25T11:43:16.804+0100: 66740.932: Total time for which application threads were stopped: 0.0003187 seconds, Stopping threads took: 0.0000641 seconds
2020-10-25T11:43:16.805+0100: 66740.933: Total time for which application threads were stopped: 0.0002366 seconds, Stopping threads took: 0.0000472 seconds
2020-10-25T11:43:16.805+0100: 66740.933: Total time for which application threads were stopped: 0.0002462 seconds, Stopping threads took: 0.0000489 seconds
2020-10-25T11:43:16.875+0100: 66741.003: Total time for which application threads were stopped: 0.0003370 seconds, Stopping threads took: 0.0001130 seconds
2020-10-25T11:43:16.875+0100: 66741.003: Total time for which application threads were stopped: 0.0002409 seconds, Stopping threads took: 0.0000903 seconds
2020-10-25T11:43:16.876+0100: 66741.003: Total time for which application threads were stopped: 0.0002351 seconds, Stopping threads took: 0.0001052 seconds
2020-10-25T11:43:16.876+0100: 66741.004: Total time for which application threads were stopped: 0.0002457 seconds, Stopping threads took: 0.0001363 seconds
2020-10-25T11:43:16.877+0100: 66741.005: Total time for which application threads were stopped: 0.0002591 seconds, Stopping threads took: 0.0000869 seconds
2020-10-25T11:43:16.879+0100: 66741.006: Total time for which application threads were stopped: 0.0006272 seconds, Stopping threads took: 0.0000552 seconds
2020-10-25T11:43:16.879+0100: 66741.007: Total time for which application threads were stopped: 0.0005499 seconds, Stopping threads took: 0.0000347 seconds
2020-10-25T11:43:16.880+0100: 66741.008: Total time for which application threads were stopped: 0.0005383 seconds, Stopping threads took: 0.0000320 seconds
2020-10-25T11:43:16.880+0100: 66741.008: Total time for which application threads were stopped: 0.0001500 seconds, Stopping threads took: 0.0000308 seconds
2020-10-25T11:43:16.881+0100: 66741.009: Total time for which application threads were stopped: 0.0004809 seconds, Stopping threads took: 0.0000305 seconds
2020-10-25T11:43:16.882+0100: 66741.010: Total time for which application threads were stopped: 0.0004464 seconds, Stopping threads took: 0.0000292 seconds
2020-10-25T11:43:16.883+0100: 66741.010: Total time for which application threads were stopped: 0.0001898 seconds, Stopping threads took: 0.0000677 seconds
2020-10-25T11:43:16.883+0100: 66741.010: Total time for which application threads were stopped: 0.0001805 seconds, Stopping threads took: 0.0000687 seconds
2020-10-25T11:43:16.884+0100: 66741.011: Total time for which application threads were stopped: 0.0001999 seconds, Stopping threads took: 0.0000680 seconds
2020-10-25T11:43:16.884+0100: 66741.011: Total time for which application threads were stopped: 0.0001562 seconds, Stopping threads took: 0.0000385 seconds
2020-10-25T11:43:16.888+0100: 66741.016: Total time for which application threads were stopped: 0.0003125 seconds, Stopping threads took: 0.0001013 seconds
2020-10-25T11:43:16.888+0100: 66741.016: Total time for which application threads were stopped: 0.0003455 seconds, Stopping threads took: 0.0001259 seconds
2020-10-25T11:43:16.889+0100: 66741.016: Total time for which application threads were stopped: 0.0002790 seconds, Stopping threads took: 0.0001049 seconds
2020-10-25T11:43:16.919+0100: 66741.047: Total time for which application threads were stopped: 0.0004090 seconds, Stopping threads took: 0.0001085 seconds
2020-10-25T11:43:16.920+0100: 66741.047: Total time for which application threads were stopped: 0.0002391 seconds, Stopping threads took: 0.0000764 seconds
2020-10-25T11:43:16.922+0100: 66741.050: Total time for which application threads were stopped: 0.0004859 seconds, Stopping threads took: 0.0002273 seconds
2020-10-25T11:43:16.923+0100: 66741.051: Total time for which application threads were stopped: 0.0002659 seconds, Stopping threads took: 0.0001162 seconds
2020-10-25T11:43:16.923+0100: 66741.051: Total time for which application threads were stopped: 0.0001803 seconds, Stopping threads took: 0.0000689 seconds
2020-10-25T11:43:16.935+0100: 66741.062: Total time for which application threads were stopped: 0.0003329 seconds, Stopping threads took: 0.0001255 seconds
2020-10-25T11:43:16.935+0100: 66741.063: Total time for which application threads were stopped: 0.0002654 seconds, Stopping threads took: 0.0000827 seconds
2020-10-25T11:43:16.935+0100: 66741.063: Total time for which application threads were stopped: 0.0002254 seconds, Stopping threads took: 0.0000889 seconds
2020-10-25T11:43:16.937+0100: 66741.065: Total time for which application threads were stopped: 0.0003077 seconds, Stopping threads took: 0.0001089 seconds
2020-10-25T11:43:16.937+0100: 66741.065: Total time for which application threads were stopped: 0.0002601 seconds, Stopping threads took: 0.0000431 seconds
2020-10-25T11:43:16.938+0100: 66741.065: Total time for which application threads were stopped: 0.0001828 seconds, Stopping threads took: 0.0000323 seconds
2020-10-25T11:43:16.938+0100: 66741.066: Total time for which application threads were stopped: 0.0001469 seconds, Stopping threads took: 0.0000315 seconds
2020-10-25T11:43:16.938+0100: 66741.066: Total time for which application threads were stopped: 0.0001189 seconds, Stopping threads took: 0.0000261 seconds
2020-10-25T11:43:16.939+0100: 66741.066: Total time for which application threads were stopped: 0.0002559 seconds, Stopping threads took: 0.0000837 seconds
2020-10-25T11:43:16.940+0100: 66741.067: Total time for which application threads were stopped: 0.0002673 seconds, Stopping threads took: 0.0000951 seconds
2020-10-25T11:43:16.940+0100: 66741.067: Total time for which application threads were stopped: 0.0002795 seconds, Stopping threads took: 0.0000710 seconds
2020-10-25T11:43:16.944+0100: 66741.072: Total time for which application threads were stopped: 0.0003096 seconds, Stopping threads took: 0.0001092 seconds
2020-10-25T11:43:16.945+0100: 66741.073: Total time for which application threads were stopped: 0.0002441 seconds, Stopping threads took: 0.0000859 seconds
2020-10-25T11:43:16.945+0100: 66741.073: Total time for which application threads were stopped: 0.0003664 seconds, Stopping threads took: 0.0000548 seconds
2020-10-25T11:43:17.949+0100: 66742.076: Total time for which application threads were stopped: 0.0009925 seconds, Stopping threads took: 0.0003862 seconds
2020-10-25T11:43:21.257+0100: 66745.385: Total time for which application threads were stopped: 0.0007758 seconds, Stopping threads took: 0.0001492 seconds
2020-10-25T11:43:40.306+0100: 66764.434: Total time for which application threads were stopped: 0.0009023 seconds, Stopping threads took: 0.0000763 seconds
2020-10-25T11:43:40.316+0100: 66764.444: Total time for which application threads were stopped: 0.0002984 seconds, Stopping threads took: 0.0000763 seconds
2020-10-25T11:43:41.102+0100: 66765.229: Total time for which application threads were stopped: 0.0075996 seconds, Stopping threads took: 0.0072993 seconds
{Heap before GC invocations=22 (full 0):
 garbage-first heap   total 524288K, used 340175K [0x00000000e0000000, 0x00000000e0101000, 0x0000000100000000)
  region size 1024K, 307 young (314368K), 20 survivors (20480K)
 Metaspace       used 56357K, capacity 58874K, committed 58960K, reserved 1101824K
  class space    used 6781K, capacity 7296K, committed 7296K, reserved 1048576K
2020-10-25T11:43:41.569+0100: 66765.696: [GC pause (G1 Evacuation Pause) (young)
Desired survivor size 20447232 bytes, new threshold 15 (max 15)
- age   1:    2287472 bytes,    2287472 total
- age   2:    6585816 bytes,    8873288 total
- age   3:    1177912 bytes,   10051200 total
- age   4:      82768 bytes,   10133968 total
- age   5:      80088 bytes,   10214056 total
- age   6:      66336 bytes,   10280392 total
- age   7:      59496 bytes,   10339888 total
- age   8:     110064 bytes,   10449952 total
- age   9:     218048 bytes,   10668000 total
- age  10:     749416 bytes,   11417416 total
- age  11:      58432 bytes,   11475848 total
- age  12:    3224752 bytes,   14700600 total
- age  13:    2665824 bytes,   17366424 total
, 0.0310926 secs]
   [Parallel Time: 26.4 ms, GC Workers: 4]
      [GC Worker Start (ms): Min: 66765696.1, Avg: 66765696.1, Max: 66765696.1, Diff: 0.0]
      [Ext Root Scanning (ms): Min: 0.9, Avg: 1.4, Max: 2.5, Diff: 1.6, Sum: 5.5]
      [Update RS (ms): Min: 0.7, Avg: 1.4, Max: 2.0, Diff: 1.4, Sum: 5.6]
         [Processed Buffers: Min: 1, Avg: 6.3, Max: 14, Diff: 13, Sum: 25]
      [Scan RS (ms): Min: 0.0, Avg: 0.1, Max: 0.1, Diff: 0.1, Sum: 0.2]
      [Code Root Scanning (ms): Min: 0.0, Avg: 1.1, Max: 2.2, Diff: 2.2, Sum: 4.3]
      [Object Copy (ms): Min: 21.4, Avg: 22.5, Max: 23.4, Diff: 2.0, Sum: 89.8]
      [Termination (ms): Min: 0.0, Avg: 0.0, Max: 0.0, Diff: 0.0, Sum: 0.0]
         [Termination Attempts: Min: 1, Avg: 1.0, Max: 1, Diff: 0, Sum: 4]
      [GC Worker Other (ms): Min: 0.0, Avg: 0.0, Max: 0.0, Diff: 0.0, Sum: 0.1]
      [GC Worker Total (ms): Min: 26.4, Avg: 26.4, Max: 26.4, Diff: 0.0, Sum: 105.5]
      [GC Worker End (ms): Min: 66765722.5, Avg: 66765722.5, Max: 66765722.5, Diff: 0.0]
   [Code Root Fixup: 0.1 ms]
   [Code Root Purge: 0.0 ms]
   [Clear CT: 0.1 ms]
   [Other: 4.4 ms]
      [Choose CSet: 0.0 ms]
      [Ref Proc: 3.7 ms]
      [Ref Enq: 0.1 ms]
      [Redirty Cards: 0.0 ms]
      [Humongous Register: 0.0 ms]
      [Humongous Reclaim: 0.0 ms]
      [Free CSet: 0.3 ms]
   [Eden: 287.0M(287.0M)->0.0B(283.0M) Survivors: 20.0M->24.0M Heap: 332.2M(512.0M)->49.2M(512.0M)]
Heap after GC invocations=23 (full 0):
 garbage-first heap   total 524288K, used 50383K [0x00000000e0000000, 0x00000000e0101000, 0x0000000100000000)
  region size 1024K, 24 young (24576K), 24 survivors (24576K)
 Metaspace       used 56357K, capacity 58874K, committed 58960K, reserved 1101824K
  class space    used 6781K, capacity 7296K, committed 7296K, reserved 1048576K
}
 [Times: user=0.13 sys=0.00, real=0.03 secs] 
2020-10-25T11:43:41.600+0100: 66765.727: Total time for which application threads were stopped: 0.0355509 seconds, Stopping threads took: 0.0037724 seconds
2020-10-25T11:43:41.654+0100: 66765.781: Total time for which application threads were stopped: 0.0196390 seconds, Stopping threads took: 0.0192899 seconds
2020-10-25T11:43:41.917+0100: 66766.044: Total time for which application threads were stopped: 0.0028533 seconds, Stopping threads took: 0.0025609 seconds
2020-10-25T11:43:41.945+0100: 66766.073: Total time for which application threads were stopped: 0.0213225 seconds, Stopping threads took: 0.0210799 seconds
2020-10-25T11:43:42.096+0100: 66766.224: Total time for which application threads were stopped: 0.0009751 seconds, Stopping threads took: 0.0000993 seconds
2020-10-25T11:43:42.098+0100: 66766.226: Total time for which application threads were stopped: 0.0003232 seconds, Stopping threads took: 0.0000788 seconds
2020-10-25T11:43:42.102+0100: 66766.230: Total time for which application threads were stopped: 0.0010441 seconds, Stopping threads took: 0.0000849 seconds
2020-10-25T11:43:42.211+0100: 66766.339: Total time for which application threads were stopped: 0.0142707 seconds, Stopping threads took: 0.0140275 seconds
2020-10-25T11:43:42.526+0100: 66766.654: Total time for which application threads were stopped: 0.0054429 seconds, Stopping threads took: 0.0051749 seconds
2020-10-25T11:43:42.526+0100: 66766.654: Total time for which application threads were stopped: 0.0002516 seconds, Stopping threads took: 0.0000547 seconds
2020-10-25T11:43:42.527+0100: 66766.654: Total time for which application threads were stopped: 0.0001909 seconds, Stopping threads took: 0.0000405 seconds
2020-10-25T11:43:42.527+0100: 66766.655: Total time for which application threads were stopped: 0.0001651 seconds, Stopping threads took: 0.0000357 seconds
2020-10-25T11:43:42.527+0100: 66766.655: Total time for which application threads were stopped: 0.0001645 seconds, Stopping threads took: 0.0000346 seconds
2020-10-25T11:43:42.587+0100: 66766.715: Total time for which application threads were stopped: 0.0041937 seconds, Stopping threads took: 0.0039511 seconds
2020-10-25T11:43:42.588+0100: 66766.715: Total time for which application threads were stopped: 0.0002927 seconds, Stopping threads took: 0.0000735 seconds
2020-10-25T11:43:42.631+0100: 66766.759: Total time for which application threads were stopped: 0.0003215 seconds, Stopping threads took: 0.0000770 seconds
2020-10-25T11:43:42.631+0100: 66766.759: Total time for which application threads were stopped: 0.0002507 seconds, Stopping threads took: 0.0000490 seconds
2020-10-25T11:43:42.632+0100: 66766.759: Total time for which application threads were stopped: 0.0002437 seconds, Stopping threads took: 0.0000456 seconds
2020-10-25T11:43:42.632+0100: 66766.759: Total time for which application threads were stopped: 0.0002267 seconds, Stopping threads took: 0.0000428 seconds
2020-10-25T11:43:42.635+0100: 66766.763: Total time for which application threads were stopped: 0.0003019 seconds, Stopping threads took: 0.0000536 seconds
2020-10-25T11:43:42.636+0100: 66766.763: Total time for which application threads were stopped: 0.0002942 seconds, Stopping threads took: 0.0000559 seconds
2020-10-25T11:43:42.636+0100: 66766.764: Total time for which application threads were stopped: 0.0002488 seconds, Stopping threads took: 0.0000473 seconds
2020-10-25T11:43:42.636+0100: 66766.764: Total time for which application threads were stopped: 0.0002558 seconds, Stopping threads took: 0.0000420 seconds
2020-10-25T11:43:42.637+0100: 66766.764: Total time for which application threads were stopped: 0.0002880 seconds, Stopping threads took: 0.0000748 seconds
2020-10-25T11:43:42.637+0100: 66766.764: Total time for which application threads were stopped: 0.0002154 seconds, Stopping threads took: 0.0000575 seconds
2020-10-25T11:43:42.637+0100: 66766.765: Total time for which application threads were stopped: 0.0002023 seconds, Stopping threads took: 0.0000530 seconds
2020-10-25T11:43:42.637+0100: 66766.765: Total time for which application threads were stopped: 0.0002506 seconds, Stopping threads took: 0.0000505 seconds
2020-10-25T11:43:42.638+0100: 66766.765: Total time for which application threads were stopped: 0.0001870 seconds, Stopping threads took: 0.0000529 seconds
2020-10-25T11:43:42.638+0100: 66766.765: Total time for which application threads were stopped: 0.0001853 seconds, Stopping threads took: 0.0000513 seconds
2020-10-25T11:43:42.638+0100: 66766.766: Total time for which application threads were stopped: 0.0001807 seconds, Stopping threads took: 0.0000512 seconds
2020-10-25T11:43:42.638+0100: 66766.766: Total time for which application threads were stopped: 0.0001826 seconds, Stopping threads took: 0.0000503 seconds
2020-10-25T11:43:42.639+0100: 66766.766: Total time for which application threads were stopped: 0.0001944 seconds, Stopping threads took: 0.0000500 seconds
2020-10-25T11:43:42.639+0100: 66766.767: Total time for which application threads were stopped: 0.0008375 seconds, Stopping threads took: 0.0000423 seconds
2020-10-25T11:43:42.642+0100: 66766.769: Total time for which application threads were stopped: 0.0004050 seconds, Stopping threads took: 0.0000736 seconds
2020-10-25T11:43:42.643+0100: 66766.771: Total time for which application threads were stopped: 0.0003496 seconds, Stopping threads took: 0.0000782 seconds
2020-10-25T11:43:42.644+0100: 66766.771: Total time for which application threads were stopped: 0.0003047 seconds, Stopping threads took: 0.0000576 seconds
2020-10-25T11:43:42.644+0100: 66766.772: Total time for which application threads were stopped: 0.0003647 seconds, Stopping threads took: 0.0000994 seconds
2020-10-25T11:43:42.645+0100: 66766.773: Total time for which application threads were stopped: 0.0003279 seconds, Stopping threads took: 0.0000662 seconds
2020-10-25T11:43:43.067+0100: 66767.194: Total time for which application threads were stopped: 0.0019488 seconds, Stopping threads took: 0.0010105 seconds
2020-10-25T11:43:43.113+0100: 66767.240: Total time for which application threads were stopped: 0.0002891 seconds, Stopping threads took: 0.0000723 seconds
2020-10-25T11:43:43.113+0100: 66767.241: Total time for which application threads were stopped: 0.0002033 seconds, Stopping threads took: 0.0000627 seconds
2020-10-25T11:43:43.114+0100: 66767.241: Total time for which application threads were stopped: 0.0001529 seconds, Stopping threads took: 0.0000261 seconds
2020-10-25T11:43:43.114+0100: 66767.241: Total time for which application threads were stopped: 0.0001373 seconds, Stopping threads took: 0.0000251 seconds
2020-10-25T11:43:43.114+0100: 66767.241: Total time for which application threads were stopped: 0.0001326 seconds, Stopping threads took: 0.0000248 seconds
2020-10-25T11:43:43.121+0100: 66767.248: Total time for which application threads were stopped: 0.0002890 seconds, Stopping threads took: 0.0000945 seconds
2020-10-25T11:43:43.122+0100: 66767.249: Total time for which application threads were stopped: 0.0002961 seconds, Stopping threads took: 0.0000779 seconds
2020-10-25T11:43:43.123+0100: 66767.250: Total time for which application threads were stopped: 0.0002733 seconds, Stopping threads took: 0.0000714 seconds
2020-10-25T11:43:43.124+0100: 66767.251: Total time for which application threads were stopped: 0.0003286 seconds, Stopping threads took: 0.0000830 seconds
2020-10-25T11:43:43.124+0100: 66767.251: Total time for which application threads were stopped: 0.0002481 seconds, Stopping threads took: 0.0000858 seconds
2020-10-25T11:43:43.124+0100: 66767.252: Total time for which application threads were stopped: 0.0002187 seconds, Stopping threads took: 0.0000646 seconds
2020-10-25T11:43:44.133+0100: 66768.260: Total time for which application threads were stopped: 0.0006407 seconds, Stopping threads took: 0.0001685 seconds
2020-10-25T11:44:21.476+0100: 66805.604: Total time for which application threads were stopped: 0.0004430 seconds, Stopping threads took: 0.0000777 seconds
2020-10-25T11:45:18.809+0100: 66862.936: Total time for which application threads were stopped: 0.0005222 seconds, Stopping threads took: 0.0001679 seconds
2020-10-25T11:45:18.810+0100: 66862.937: Total time for which application threads were stopped: 0.0003824 seconds, Stopping threads took: 0.0001053 seconds
2020-10-25T11:45:21.635+0100: 66865.764: Total time for which application threads were stopped: 0.0005493 seconds, Stopping threads took: 0.0001171 seconds
2020-10-25T11:46:27.747+0100: 66931.875: Total time for which application threads were stopped: 0.0003388 seconds, Stopping threads took: 0.0001000 seconds
2020-10-25T11:46:28.387+0100: 66932.514: Total time for which application threads were stopped: 0.0006972 seconds, Stopping threads took: 0.0001536 seconds
{Heap before GC invocations=23 (full 0):
 garbage-first heap   total 524288K, used 340175K [0x00000000e0000000, 0x00000000e0101000, 0x0000000100000000)
  region size 1024K, 307 young (314368K), 24 survivors (24576K)
 Metaspace       used 56437K, capacity 58960K, committed 59088K, reserved 1101824K
  class space    used 6783K, capacity 7299K, committed 7424K, reserved 1048576K
2020-10-25T11:46:28.556+0100: 66932.684: [GC pause (G1 Evacuation Pause) (young)
Desired survivor size 20447232 bytes, new threshold 15 (max 15)
- age   1:    9919752 bytes,    9919752 total
- age   2:    1256464 bytes,   11176216 total
- age   3:     734840 bytes,   11911056 total
- age   4:      72104 bytes,   11983160 total
- age   5:      82664 bytes,   12065824 total
- age   6:      79984 bytes,   12145808 total
- age   7:      65896 bytes,   12211704 total
- age   8:      59496 bytes,   12271200 total
- age   9:     106672 bytes,   12377872 total
- age  10:     217504 bytes,   12595376 total
- age  11:     740648 bytes,   13336024 total
- age  12:      57904 bytes,   13393928 total
- age  13:    3224752 bytes,   16618680 total
- age  14:    2665824 bytes,   19284504 total
, 0.0332065 secs]
   [Parallel Time: 25.7 ms, GC Workers: 4]
      [GC Worker Start (ms): Min: 66932683.7, Avg: 66932683.7, Max: 66932683.7, Diff: 0.0]
      [Ext Root Scanning (ms): Min: 0.9, Avg: 1.4, Max: 2.7, Diff: 1.9, Sum: 5.8]
      [Update RS (ms): Min: 0.7, Avg: 1.5, Max: 2.0, Diff: 1.3, Sum: 5.9]
         [Processed Buffers: Min: 1, Avg: 6.3, Max: 18, Diff: 17, Sum: 25]
      [Scan RS (ms): Min: 0.0, Avg: 0.1, Max: 0.1, Diff: 0.0, Sum: 0.2]
      [Code Root Scanning (ms): Min: 0.0, Avg: 1.0, Max: 2.0, Diff: 2.0, Sum: 4.0]
      [Object Copy (ms): Min: 20.7, Avg: 21.7, Max: 22.7, Diff: 2.0, Sum: 86.6]
      [Termination (ms): Min: 0.0, Avg: 0.0, Max: 0.0, Diff: 0.0, Sum: 0.0]
         [Termination Attempts: Min: 1, Avg: 1.0, Max: 1, Diff: 0, Sum: 4]
      [GC Worker Other (ms): Min: 0.0, Avg: 0.0, Max: 0.0, Diff: 0.0, Sum: 0.1]
      [GC Worker Total (ms): Min: 25.6, Avg: 25.7, Max: 25.7, Diff: 0.0, Sum: 102.6]
      [GC Worker End (ms): Min: 66932709.3, Avg: 66932709.3, Max: 66932709.4, Diff: 0.0]
   [Code Root Fixup: 0.1 ms]
   [Code Root Purge: 0.0 ms]
   [Clear CT: 0.2 ms]
   [Other: 7.2 ms]
      [Choose CSet: 0.0 ms]
      [Ref Proc: 6.4 ms]
      [Ref Enq: 0.1 ms]
      [Redirty Cards: 0.1 ms]
      [Humongous Register: 0.0 ms]
      [Humongous Reclaim: 0.0 ms]
      [Free CSet: 0.4 ms]
   [Eden: 283.0M(283.0M)->0.0B(283.0M) Survivors: 24.0M->24.0M Heap: 332.2M(512.0M)->49.2M(512.0M)]
Heap after GC invocations=24 (full 0):
 garbage-first heap   total 524288K, used 50383K [0x00000000e0000000, 0x00000000e0101000, 0x0000000100000000)
  region size 1024K, 24 young (24576K), 24 survivors (24576K)
 Metaspace       used 56437K, capacity 58960K, committed 59088K, reserved 1101824K
  class space    used 6783K, capacity 7299K, committed 7424K, reserved 1048576K
}
 [Times: user=0.19 sys=0.00, real=0.03 secs] 
2020-10-25T11:46:28.589+0100: 66932.717: Total time for which application threads were stopped: 0.0339027 seconds, Stopping threads took: 0.0000662 seconds
2020-10-25T11:46:28.630+0100: 66932.758: Total time for which application threads were stopped: 0.0011019 seconds, Stopping threads took: 0.0007740 seconds
2020-10-25T11:46:28.831+0100: 66932.959: Total time for which application threads were stopped: 0.0060580 seconds, Stopping threads took: 0.0056042 seconds
2020-10-25T11:46:29.272+0100: 66933.399: Total time for which application threads were stopped: 0.0037397 seconds, Stopping threads took: 0.0033356 seconds
2020-10-25T11:46:29.282+0100: 66933.409: Total time for which application threads were stopped: 0.0042047 seconds, Stopping threads took: 0.0039525 seconds
2020-10-25T11:46:29.418+0100: 66933.546: Total time for which application threads were stopped: 0.0757634 seconds, Stopping threads took: 0.0754781 seconds
2020-10-25T11:46:29.423+0100: 66933.551: Total time for which application threads were stopped: 0.0003255 seconds, Stopping threads took: 0.0000895 seconds
2020-10-25T11:46:29.425+0100: 66933.553: Total time for which application threads were stopped: 0.0003256 seconds, Stopping threads took: 0.0000928 seconds
{Heap before GC invocations=24 (full 0):
 garbage-first heap   total 524288K, used 340175K [0x00000000e0000000, 0x00000000e0101000, 0x0000000100000000)
  region size 1024K, 307 young (314368K), 24 survivors (24576K)
 Metaspace       used 56502K, capacity 59032K, committed 59344K, reserved 1101824K
  class space    used 6790K, capacity 7311K, committed 7424K, reserved 1048576K
2020-10-25T11:46:29.533+0100: 66933.660: [GC pause (G1 Evacuation Pause) (young)
Desired survivor size 20447232 bytes, new threshold 15 (max 15)
- age   1:    8710104 bytes,    8710104 total
- age   2:    1188792 bytes,    9898896 total
- age   3:      38160 bytes,    9937056 total
- age   4:     238776 bytes,   10175832 total
- age   5:      71816 bytes,   10247648 total
- age   6:      82640 bytes,   10330288 total
- age   7:      79984 bytes,   10410272 total
- age   8:      65896 bytes,   10476168 total
- age   9:      59496 bytes,   10535664 total
- age  10:     106672 bytes,   10642336 total
- age  11:     217360 bytes,   10859696 total
- age  12:     740648 bytes,   11600344 total
- age  13:      57904 bytes,   11658248 total
- age  14:    3224752 bytes,   14883000 total
- age  15:    2665824 bytes,   17548824 total
, 0.0298722 secs]
   [Parallel Time: 27.8 ms, GC Workers: 4]
      [GC Worker Start (ms): Min: 66933660.4, Avg: 66933660.4, Max: 66933660.4, Diff: 0.0]
      [Ext Root Scanning (ms): Min: 1.1, Avg: 1.5, Max: 2.3, Diff: 1.3, Sum: 6.2]
      [Update RS (ms): Min: 1.2, Avg: 1.4, Max: 1.8, Diff: 0.6, Sum: 5.7]
         [Processed Buffers: Min: 2, Avg: 4.3, Max: 9, Diff: 7, Sum: 17]
      [Scan RS (ms): Min: 0.0, Avg: 0.1, Max: 0.1, Diff: 0.1, Sum: 0.2]
      [Code Root Scanning (ms): Min: 0.0, Avg: 1.1, Max: 2.1, Diff: 2.1, Sum: 4.2]
      [Object Copy (ms): Min: 22.6, Avg: 23.6, Max: 24.7, Diff: 2.1, Sum: 94.5]
      [Termination (ms): Min: 0.0, Avg: 0.0, Max: 0.0, Diff: 0.0, Sum: 0.0]
         [Termination Attempts: Min: 1, Avg: 1.0, Max: 1, Diff: 0, Sum: 4]
      [GC Worker Other (ms): Min: 0.0, Avg: 0.0, Max: 0.0, Diff: 0.0, Sum: 0.1]
      [GC Worker Total (ms): Min: 27.7, Avg: 27.8, Max: 27.8, Diff: 0.0, Sum: 111.0]
      [GC Worker End (ms): Min: 66933688.2, Avg: 66933688.2, Max: 66933688.2, Diff: 0.0]
   [Code Root Fixup: 0.1 ms]
   [Code Root Purge: 0.0 ms]
   [Clear CT: 0.1 ms]
   [Other: 1.8 ms]
      [Choose CSet: 0.0 ms]
      [Ref Proc: 1.0 ms]
      [Ref Enq: 0.1 ms]
      [Redirty Cards: 0.0 ms]
      [Humongous Register: 0.0 ms]
      [Humongous Reclaim: 0.0 ms]
      [Free CSet: 0.4 ms]
   [Eden: 283.0M(283.0M)->0.0B(288.0M) Survivors: 24.0M->19.0M Heap: 332.2M(512.0M)->46.9M(512.0M)]
Heap after GC invocations=25 (full 0):
 garbage-first heap   total 524288K, used 48034K [0x00000000e0000000, 0x00000000e0101000, 0x0000000100000000)
  region size 1024K, 19 young (19456K), 19 survivors (19456K)
 Metaspace       used 56502K, capacity 59032K, committed 59344K, reserved 1101824K
  class space    used 6790K, capacity 7311K, committed 7424K, reserved 1048576K
}
 [Times: user=0.13 sys=0.00, real=0.03 secs] 
2020-10-25T11:46:29.563+0100: 66933.690: Total time for which application threads were stopped: 0.0402784 seconds, Stopping threads took: 0.0097522 seconds
2020-10-25T11:46:29.566+0100: 66933.693: Total time for which application threads were stopped: 0.0003090 seconds, Stopping threads took: 0.0000567 seconds
2020-10-25T11:46:29.692+0100: 66933.820: Total time for which application threads were stopped: 0.0456139 seconds, Stopping threads took: 0.0453150 seconds
2020-10-25T11:46:29.693+0100: 66933.820: Total time for which application threads were stopped: 0.0003416 seconds, Stopping threads took: 0.0000955 seconds
2020-10-25T11:46:29.694+0100: 66933.821: Total time for which application threads were stopped: 0.0002748 seconds, Stopping threads took: 0.0000697 seconds
2020-10-25T11:46:29.695+0100: 66933.822: Total time for which application threads were stopped: 0.0002254 seconds, Stopping threads took: 0.0000504 seconds
2020-10-25T11:46:29.695+0100: 66933.823: Total time for which application threads were stopped: 0.0003254 seconds, Stopping threads took: 0.0000641 seconds
2020-10-25T11:46:29.696+0100: 66933.823: Total time for which application threads were stopped: 0.0002424 seconds, Stopping threads took: 0.0000492 seconds
2020-10-25T11:46:29.706+0100: 66933.833: Total time for which application threads were stopped: 0.0003301 seconds, Stopping threads took: 0.0000636 seconds
2020-10-25T11:46:29.707+0100: 66933.834: Total time for which application threads were stopped: 0.0003084 seconds, Stopping threads took: 0.0000866 seconds
2020-10-25T11:46:29.707+0100: 66933.835: Total time for which application threads were stopped: 0.0002597 seconds, Stopping threads took: 0.0000584 seconds
2020-10-25T11:46:29.708+0100: 66933.835: Total time for which application threads were stopped: 0.0003297 seconds, Stopping threads took: 0.0001293 seconds
2020-10-25T11:46:29.708+0100: 66933.835: Total time for which application threads were stopped: 0.0003725 seconds, Stopping threads took: 0.0001423 seconds
2020-10-25T11:46:29.709+0100: 66933.836: Total time for which application threads were stopped: 0.0002221 seconds, Stopping threads took: 0.0000582 seconds
2020-10-25T11:46:29.709+0100: 66933.836: Total time for which application threads were stopped: 0.0002109 seconds, Stopping threads took: 0.0000656 seconds
2020-10-25T11:46:29.710+0100: 66933.837: Total time for which application threads were stopped: 0.0002488 seconds, Stopping threads took: 0.0000453 seconds
2020-10-25T11:46:29.710+0100: 66933.837: Total time for which application threads were stopped: 0.0001798 seconds, Stopping threads took: 0.0000498 seconds
2020-10-25T11:46:29.710+0100: 66933.837: Total time for which application threads were stopped: 0.0001929 seconds, Stopping threads took: 0.0000482 seconds
2020-10-25T11:46:29.710+0100: 66933.838: Total time for which application threads were stopped: 0.0001483 seconds, Stopping threads took: 0.0000309 seconds
2020-10-25T11:46:29.711+0100: 66933.838: Total time for which application threads were stopped: 0.0002020 seconds, Stopping threads took: 0.0000428 seconds
2020-10-25T11:46:29.711+0100: 66933.838: Total time for which application threads were stopped: 0.0002691 seconds, Stopping threads took: 0.0000367 seconds
2020-10-25T11:46:29.711+0100: 66933.838: Total time for which application threads were stopped: 0.0001815 seconds, Stopping threads took: 0.0000420 seconds
2020-10-25T11:46:29.711+0100: 66933.839: Total time for which application threads were stopped: 0.0001648 seconds, Stopping threads took: 0.0000490 seconds
2020-10-25T11:46:29.712+0100: 66933.839: Total time for which application threads were stopped: 0.0002588 seconds, Stopping threads took: 0.0001264 seconds
2020-10-25T11:46:29.712+0100: 66933.839: Total time for which application threads were stopped: 0.0002382 seconds, Stopping threads took: 0.0000595 seconds
2020-10-25T11:46:29.713+0100: 66933.840: Total time for which application threads were stopped: 0.0002126 seconds, Stopping threads took: 0.0000489 seconds
2020-10-25T11:46:29.713+0100: 66933.840: Total time for which application threads were stopped: 0.0005087 seconds, Stopping threads took: 0.0000692 seconds
2020-10-25T11:46:29.714+0100: 66933.841: Total time for which application threads were stopped: 0.0009207 seconds, Stopping threads took: 0.0000721 seconds
2020-10-25T11:46:29.717+0100: 66933.844: Total time for which application threads were stopped: 0.0003866 seconds, Stopping threads took: 0.0000943 seconds
2020-10-25T11:46:29.719+0100: 66933.846: Total time for which application threads were stopped: 0.0003736 seconds, Stopping threads took: 0.0000765 seconds
2020-10-25T11:46:29.719+0100: 66933.846: Total time for which application threads were stopped: 0.0002556 seconds, Stopping threads took: 0.0000617 seconds
2020-10-25T11:46:30.033+0100: 66934.160: Total time for which application threads were stopped: 0.0004046 seconds, Stopping threads took: 0.0000868 seconds
2020-10-25T11:46:30.047+0100: 66934.174: Total time for which application threads were stopped: 0.0003562 seconds, Stopping threads took: 0.0000980 seconds
2020-10-25T11:46:30.051+0100: 66934.178: Total time for which application threads were stopped: 0.0004313 seconds, Stopping threads took: 0.0000782 seconds
2020-10-25T11:46:30.073+0100: 66934.200: Total time for which application threads were stopped: 0.0057817 seconds, Stopping threads took: 0.0052777 seconds
2020-10-25T11:46:30.466+0100: 66934.594: Total time for which application threads were stopped: 0.0010171 seconds, Stopping threads took: 0.0000709 seconds
2020-10-25T11:46:30.467+0100: 66934.595: Total time for which application threads were stopped: 0.0007335 seconds, Stopping threads took: 0.0000600 seconds
2020-10-25T11:46:31.481+0100: 66935.609: Total time for which application threads were stopped: 0.0006087 seconds, Stopping threads took: 0.0002467 seconds
2020-10-25T11:47:42.378+0100: 67006.506: Total time for which application threads were stopped: 0.0003476 seconds, Stopping threads took: 0.0000753 seconds
2020-10-25T11:47:43.204+0100: 67007.332: Total time for which application threads were stopped: 0.0004497 seconds, Stopping threads took: 0.0001073 seconds
{Heap before GC invocations=25 (full 0):
 garbage-first heap   total 524288K, used 342946K [0x00000000e0000000, 0x00000000e0101000, 0x0000000100000000)
  region size 1024K, 307 young (314368K), 19 survivors (19456K)
 Metaspace       used 56548K, capacity 59120K, committed 59344K, reserved 1101824K
  class space    used 6792K, capacity 7315K, committed 7424K, reserved 1048576K
2020-10-25T11:47:43.495+0100: 67007.622: [GC pause (G1 Evacuation Pause) (young)
Desired survivor size 20447232 bytes, new threshold 15 (max 15)
- age   1:    3917024 bytes,    3917024 total
- age   2:    7725280 bytes,   11642304 total
- age   3:    1182840 bytes,   12825144 total
- age   4:      38120 bytes,   12863264 total
- age   5:     237896 bytes,   13101160 total
- age   6:      71816 bytes,   13172976 total
- age   7:      82640 bytes,   13255616 total
- age   8:      79984 bytes,   13335600 total
- age   9:      65896 bytes,   13401496 total
- age  10:      59496 bytes,   13460992 total
- age  11:     105424 bytes,   13566416 total
- age  12:     217360 bytes,   13783776 total
- age  13:     740648 bytes,   14524424 total
- age  14:      57904 bytes,   14582328 total
- age  15:    3224752 bytes,   17807080 total
, 0.0333478 secs]
   [Parallel Time: 26.5 ms, GC Workers: 4]
      [GC Worker Start (ms): Min: 67007622.6, Avg: 67007622.6, Max: 67007622.6, Diff: 0.0]
      [Ext Root Scanning (ms): Min: 0.9, Avg: 1.4, Max: 2.6, Diff: 1.7, Sum: 5.8]
      [Update RS (ms): Min: 2.0, Avg: 2.9, Max: 3.4, Diff: 1.4, Sum: 11.6]
         [Processed Buffers: Min: 3, Avg: 7.8, Max: 19, Diff: 16, Sum: 31]
      [Scan RS (ms): Min: 0.0, Avg: 0.1, Max: 0.1, Diff: 0.1, Sum: 0.2]
      [Code Root Scanning (ms): Min: 0.0, Avg: 1.0, Max: 2.0, Diff: 2.0, Sum: 4.0]
      [Object Copy (ms): Min: 19.9, Avg: 21.0, Max: 22.1, Diff: 2.2, Sum: 84.0]
      [Termination (ms): Min: 0.0, Avg: 0.0, Max: 0.0, Diff: 0.0, Sum: 0.0]
         [Termination Attempts: Min: 1, Avg: 1.5, Max: 2, Diff: 1, Sum: 6]
      [GC Worker Other (ms): Min: 0.0, Avg: 0.0, Max: 0.1, Diff: 0.0, Sum: 0.2]
      [GC Worker Total (ms): Min: 26.4, Avg: 26.4, Max: 26.5, Diff: 0.0, Sum: 105.8]
      [GC Worker End (ms): Min: 67007649.0, Avg: 67007649.0, Max: 67007649.0, Diff: 0.0]
   [Code Root Fixup: 0.1 ms]
   [Code Root Purge: 0.0 ms]
   [Clear CT: 0.1 ms]
   [Other: 6.6 ms]
      [Choose CSet: 0.0 ms]
      [Ref Proc: 5.8 ms]
      [Ref Enq: 0.1 ms]
      [Redirty Cards: 0.0 ms]
      [Humongous Register: 0.0 ms]
      [Humongous Reclaim: 0.0 ms]
      [Free CSet: 0.4 ms]
   [Eden: 288.0M(288.0M)->0.0B(288.0M) Survivors: 19.0M->19.0M Heap: 334.9M(512.0M)->51.3M(512.0M)]
Heap after GC invocations=26 (full 0):
 garbage-first heap   total 524288K, used 52484K [0x00000000e0000000, 0x00000000e0101000, 0x0000000100000000)
  region size 1024K, 19 young (19456K), 19 survivors (19456K)
 Metaspace       used 56548K, capacity 59120K, committed 59344K, reserved 1101824K
  class space    used 6792K, capacity 7315K, committed 7424K, reserved 1048576K
}
 [Times: user=0.13 sys=0.00, real=0.03 secs] 
2020-10-25T11:47:43.528+0100: 67007.656: Total time for which application threads were stopped: 0.0518559 seconds, Stopping threads took: 0.0177834 seconds
2020-10-25T11:47:43.620+0100: 67007.748: Total time for which application threads were stopped: 0.0473365 seconds, Stopping threads took: 0.0471004 seconds
2020-10-25T11:47:43.621+0100: 67007.749: Total time for which application threads were stopped: 0.0003760 seconds, Stopping threads took: 0.0000769 seconds
2020-10-25T11:47:43.735+0100: 67007.863: Total time for which application threads were stopped: 0.0413876 seconds, Stopping threads took: 0.0411101 seconds
2020-10-25T11:47:44.126+0100: 67008.254: Total time for which application threads were stopped: 0.0044927 seconds, Stopping threads took: 0.0042071 seconds
2020-10-25T11:47:44.146+0100: 67008.273: Total time for which application threads were stopped: 0.0003435 seconds, Stopping threads took: 0.0001008 seconds
2020-10-25T11:47:44.148+0100: 67008.275: Total time for which application threads were stopped: 0.0002995 seconds, Stopping threads took: 0.0000822 seconds
2020-10-25T11:47:44.231+0100: 67008.358: Total time for which application threads were stopped: 0.0410118 seconds, Stopping threads took: 0.0405943 seconds
2020-10-25T11:47:44.570+0100: 67008.697: Total time for which application threads were stopped: 0.0211879 seconds, Stopping threads took: 0.0209410 seconds
2020-10-25T11:47:44.570+0100: 67008.697: Total time for which application threads were stopped: 0.0002153 seconds, Stopping threads took: 0.0000504 seconds
2020-10-25T11:47:44.571+0100: 67008.698: Total time for which application threads were stopped: 0.0001777 seconds, Stopping threads took: 0.0000344 seconds
2020-10-25T11:47:44.585+0100: 67008.713: Total time for which application threads were stopped: 0.0125842 seconds, Stopping threads took: 0.0122856 seconds
2020-10-25T11:47:44.586+0100: 67008.713: Total time for which application threads were stopped: 0.0003115 seconds, Stopping threads took: 0.0000711 seconds
2020-10-25T11:47:44.587+0100: 67008.714: Total time for which application threads were stopped: 0.0003670 seconds, Stopping threads took: 0.0000704 seconds
2020-10-25T11:47:44.596+0100: 67008.723: Total time for which application threads were stopped: 0.0004170 seconds, Stopping threads took: 0.0001060 seconds
2020-10-25T11:47:44.596+0100: 67008.723: Total time for which application threads were stopped: 0.0002875 seconds, Stopping threads took: 0.0000702 seconds
2020-10-25T11:47:44.596+0100: 67008.724: Total time for which application threads were stopped: 0.0002107 seconds, Stopping threads took: 0.0000558 seconds
2020-10-25T11:47:44.597+0100: 67008.724: Total time for which application threads were stopped: 0.0003411 seconds, Stopping threads took: 0.0000751 seconds
2020-10-25T11:47:44.597+0100: 67008.724: Total time for which application threads were stopped: 0.0002198 seconds, Stopping threads took: 0.0000495 seconds
2020-10-25T11:47:44.598+0100: 67008.725: Total time for which application threads were stopped: 0.0001888 seconds, Stopping threads took: 0.0000426 seconds
2020-10-25T11:47:44.598+0100: 67008.725: Total time for which application threads were stopped: 0.0002824 seconds, Stopping threads took: 0.0000620 seconds
2020-10-25T11:47:44.599+0100: 67008.726: Total time for which application threads were stopped: 0.0003037 seconds, Stopping threads took: 0.0001520 seconds
2020-10-25T11:47:44.599+0100: 67008.726: Total time for which application threads were stopped: 0.0002642 seconds, Stopping threads took: 0.0000605 seconds
2020-10-25T11:47:44.599+0100: 67008.726: Total time for which application threads were stopped: 0.0002532 seconds, Stopping threads took: 0.0000477 seconds
2020-10-25T11:47:44.600+0100: 67008.727: Total time for which application threads were stopped: 0.0002715 seconds, Stopping threads took: 0.0000481 seconds
2020-10-25T11:47:44.600+0100: 67008.727: Total time for which application threads were stopped: 0.0003183 seconds, Stopping threads took: 0.0001435 seconds
2020-10-25T11:47:44.601+0100: 67008.728: Total time for which application threads were stopped: 0.0002815 seconds, Stopping threads took: 0.0000565 seconds
2020-10-25T11:47:44.601+0100: 67008.729: Total time for which application threads were stopped: 0.0002642 seconds, Stopping threads took: 0.0000531 seconds
2020-10-25T11:47:44.602+0100: 67008.729: Total time for which application threads were stopped: 0.0002649 seconds, Stopping threads took: 0.0000543 seconds
2020-10-25T11:47:44.602+0100: 67008.729: Total time for which application threads were stopped: 0.0001920 seconds, Stopping threads took: 0.0000517 seconds
2020-10-25T11:47:44.603+0100: 67008.730: Total time for which application threads were stopped: 0.0001950 seconds, Stopping threads took: 0.0000546 seconds
2020-10-25T11:47:44.603+0100: 67008.730: Total time for which application threads were stopped: 0.0002777 seconds, Stopping threads took: 0.0000466 seconds
2020-10-25T11:47:44.604+0100: 67008.731: Total time for which application threads were stopped: 0.0002854 seconds, Stopping threads took: 0.0000499 seconds
2020-10-25T11:47:44.604+0100: 67008.732: Total time for which application threads were stopped: 0.0008896 seconds, Stopping threads took: 0.0000448 seconds
2020-10-25T11:47:44.607+0100: 67008.734: Total time for which application threads were stopped: 0.0004024 seconds, Stopping threads took: 0.0000966 seconds
2020-10-25T11:47:44.616+0100: 67008.743: Total time for which application threads were stopped: 0.0049687 seconds, Stopping threads took: 0.0046813 seconds
2020-10-25T11:47:44.624+0100: 67008.752: Total time for which application threads were stopped: 0.0004626 seconds, Stopping threads took: 0.0000678 seconds
2020-10-25T11:47:44.768+0100: 67008.895: Total time for which application threads were stopped: 0.0003242 seconds, Stopping threads took: 0.0000658 seconds
2020-10-25T11:47:44.775+0100: 67008.902: Total time for which application threads were stopped: 0.0002646 seconds, Stopping threads took: 0.0000460 seconds
2020-10-25T11:47:44.777+0100: 67008.904: Total time for which application threads were stopped: 0.0002977 seconds, Stopping threads took: 0.0000765 seconds
2020-10-25T11:47:44.806+0100: 67008.933: Total time for which application threads were stopped: 0.0232970 seconds, Stopping threads took: 0.0229368 seconds
2020-10-25T11:47:44.983+0100: 67009.111: Total time for which application threads were stopped: 0.0003842 seconds, Stopping threads took: 0.0000933 seconds
2020-10-25T11:47:44.985+0100: 67009.113: Total time for which application threads were stopped: 0.0003801 seconds, Stopping threads took: 0.0001768 seconds
2020-10-25T11:47:44.985+0100: 67009.113: Total time for which application threads were stopped: 0.0001479 seconds, Stopping threads took: 0.0000332 seconds
2020-10-25T11:47:44.985+0100: 67009.113: Total time for which application threads were stopped: 0.0001289 seconds, Stopping threads took: 0.0000303 seconds
2020-10-25T11:47:44.985+0100: 67009.113: Total time for which application threads were stopped: 0.0001334 seconds, Stopping threads took: 0.0000308 seconds
2020-10-25T11:47:44.986+0100: 67009.113: Total time for which application threads were stopped: 0.0001344 seconds, Stopping threads took: 0.0000306 seconds
2020-10-25T11:47:44.995+0100: 67009.123: Total time for which application threads were stopped: 0.0003491 seconds, Stopping threads took: 0.0001144 seconds
2020-10-25T11:47:44.998+0100: 67009.126: Total time for which application threads were stopped: 0.0002499 seconds, Stopping threads took: 0.0000660 seconds
2020-10-25T11:47:44.999+0100: 67009.126: Total time for which application threads were stopped: 0.0001476 seconds, Stopping threads took: 0.0000325 seconds
2020-10-25T11:47:46.008+0100: 67010.136: Total time for which application threads were stopped: 0.0007080 seconds, Stopping threads took: 0.0002261 seconds
2020-10-25T11:48:22.310+0100: 67046.438: Total time for which application threads were stopped: 0.0004553 seconds, Stopping threads took: 0.0000814 seconds
2020-10-25T11:48:57.362+0100: 67081.489: Total time for which application threads were stopped: 0.0011005 seconds, Stopping threads took: 0.0000684 seconds
2020-10-25T11:48:57.388+0100: 67081.516: Total time for which application threads were stopped: 0.0012896 seconds, Stopping threads took: 0.0010583 seconds
2020-10-25T11:48:58.337+0100: 67082.464: Total time for which application threads were stopped: 0.0144179 seconds, Stopping threads took: 0.0140521 seconds
{Heap before GC invocations=26 (full 0):
 garbage-first heap   total 524288K, used 347396K [0x00000000e0000000, 0x00000000e0101000, 0x0000000100000000)
  region size 1024K, 307 young (314368K), 19 survivors (19456K)
 Metaspace       used 56591K, capacity 59150K, committed 59344K, reserved 1101824K
  class space    used 6795K, capacity 7320K, committed 7424K, reserved 1048576K
2020-10-25T11:48:58.360+0100: 67082.488: [GC pause (G1 Evacuation Pause) (young)
Desired survivor size 20447232 bytes, new threshold 15 (max 15)
- age   1:    8371296 bytes,    8371296 total
- age   2:    2430008 bytes,   10801304 total
- age   3:     651576 bytes,   11452880 total
- age   4:     172392 bytes,   11625272 total
- age   5:      38016 bytes,   11663288 total
- age   6:     237792 bytes,   11901080 total
- age   7:      71816 bytes,   11972896 total
- age   8:      82640 bytes,   12055536 total
- age   9:      79984 bytes,   12135520 total
- age  10:      65896 bytes,   12201416 total
- age  11:      59496 bytes,   12260912 total
- age  12:     105008 bytes,   12365920 total
- age  13:     217360 bytes,   12583280 total
- age  14:     740648 bytes,   13323928 total
- age  15:      57904 bytes,   13381832 total
, 0.0735309 secs]
   [Parallel Time: 46.0 ms, GC Workers: 4]
      [GC Worker Start (ms): Min: 67082487.7, Avg: 67082487.8, Max: 67082487.8, Diff: 0.1]
      [Ext Root Scanning (ms): Min: 0.8, Avg: 1.1, Max: 1.7, Diff: 0.9, Sum: 4.4]
      [Update RS (ms): Min: 5.7, Avg: 5.9, Max: 6.1, Diff: 0.3, Sum: 23.5]
         [Processed Buffers: Min: 7, Avg: 10.8, Max: 21, Diff: 14, Sum: 43]
      [Scan RS (ms): Min: 0.0, Avg: 0.1, Max: 0.1, Diff: 0.1, Sum: 0.2]
      [Code Root Scanning (ms): Min: 0.0, Avg: 7.2, Max: 26.8, Diff: 26.8, Sum: 28.7]
      [Object Copy (ms): Min: 0.3, Avg: 19.1, Max: 26.2, Diff: 25.9, Sum: 76.6]
      [Termination (ms): Min: 0.0, Avg: 9.4, Max: 12.8, Diff: 12.8, Sum: 37.6]
         [Termination Attempts: Min: 1, Avg: 26.8, Max: 38, Diff: 37, Sum: 107]
      [GC Worker Other (ms): Min: 0.0, Avg: 0.0, Max: 0.0, Diff: 0.0, Sum: 0.1]
      [GC Worker Total (ms): Min: 33.9, Avg: 42.8, Max: 45.9, Diff: 12.1, Sum: 171.0]
      [GC Worker End (ms): Min: 67082521.7, Avg: 67082530.5, Max: 67082533.7, Diff: 12.0]
   [Code Root Fixup: 0.0 ms]
   [Code Root Purge: 0.1 ms]
   [Clear CT: 0.2 ms]
   [Other: 27.2 ms]
      [Choose CSet: 0.0 ms]
      [Ref Proc: 26.4 ms]
      [Ref Enq: 0.1 ms]
      [Redirty Cards: 0.1 ms]
      [Humongous Register: 0.0 ms]
      [Humongous Reclaim: 0.0 ms]
      [Free CSet: 0.3 ms]
   [Eden: 288.0M(288.0M)->0.0B(288.0M) Survivors: 19.0M->19.0M Heap: 339.3M(512.0M)->53.5M(512.0M)]
Heap after GC invocations=27 (full 0):
 garbage-first heap   total 524288K, used 54784K [0x00000000e0000000, 0x00000000e0101000, 0x0000000100000000)
  region size 1024K, 19 young (19456K), 19 survivors (19456K)
 Metaspace       used 56591K, capacity 59150K, committed 59344K, reserved 1101824K
  class space    used 6795K, capacity 7320K, committed 7424K, reserved 1048576K
}
 [Times: user=0.13 sys=0.03, real=0.07 secs] 
2020-10-25T11:48:58.429+0100: 67082.561: Total time for which application threads were stopped: 0.0910015 seconds, Stopping threads took: 0.0168437 seconds
2020-10-25T11:48:58.733+0100: 67082.861: Total time for which application threads were stopped: 0.0025625 seconds, Stopping threads took: 0.0022639 seconds
2020-10-25T11:48:58.751+0100: 67082.879: Total time for which application threads were stopped: 0.0098957 seconds, Stopping threads took: 0.0095619 seconds
2020-10-25T11:48:59.241+0100: 67083.368: Total time for which application threads were stopped: 0.0294665 seconds, Stopping threads took: 0.0291760 seconds
2020-10-25T11:48:59.247+0100: 67083.375: Total time for which application threads were stopped: 0.0004778 seconds, Stopping threads took: 0.0002350 seconds
2020-10-25T11:48:59.250+0100: 67083.378: Total time for which application threads were stopped: 0.0003313 seconds, Stopping threads took: 0.0000901 seconds
2020-10-25T11:48:59.322+0100: 67083.450: Total time for which application threads were stopped: 0.0010684 seconds, Stopping threads took: 0.0004083 seconds
{Heap before GC invocations=27 (full 0):
 garbage-first heap   total 524288K, used 349696K [0x00000000e0000000, 0x00000000e0101000, 0x0000000100000000)
  region size 1024K, 307 young (314368K), 19 survivors (19456K)
 Metaspace       used 56598K, capacity 59150K, committed 59344K, reserved 1101824K
  class space    used 6795K, capacity 7320K, committed 7424K, reserved 1048576K
2020-10-25T11:48:59.564+0100: 67083.691: [GC pause (G1 Evacuation Pause) (young)
Desired survivor size 20447232 bytes, new threshold 15 (max 15)
- age   1:    8773272 bytes,    8773272 total
- age   2:    1093904 bytes,    9867176 total
- age   3:      53664 bytes,    9920840 total
- age   4:     167784 bytes,   10088624 total
- age   5:     171584 bytes,   10260208 total
- age   6:      37968 bytes,   10298176 total
- age   7:     237512 bytes,   10535688 total
- age   8:      71816 bytes,   10607504 total
- age   9:      82640 bytes,   10690144 total
- age  10:      79984 bytes,   10770128 total
- age  11:      65896 bytes,   10836024 total
- age  12:      59496 bytes,   10895520 total
- age  13:     105008 bytes,   11000528 total
- age  14:     217360 bytes,   11217888 total
- age  15:     740648 bytes,   11958536 total
, 0.0252486 secs]
   [Parallel Time: 23.1 ms, GC Workers: 4]
      [GC Worker Start (ms): Min: 67083691.1, Avg: 67083691.3, Max: 67083691.7, Diff: 0.6]
      [Ext Root Scanning (ms): Min: 0.8, Avg: 1.4, Max: 1.7, Diff: 1.0, Sum: 5.5]
      [Update RS (ms): Min: 2.4, Avg: 2.7, Max: 3.1, Diff: 0.7, Sum: 10.9]
         [Processed Buffers: Min: 2, Avg: 5.3, Max: 14, Diff: 12, Sum: 21]
      [Scan RS (ms): Min: 0.0, Avg: 0.1, Max: 0.1, Diff: 0.1, Sum: 0.2]
      [Code Root Scanning (ms): Min: 0.0, Avg: 0.6, Max: 1.3, Diff: 1.3, Sum: 2.6]
      [Object Copy (ms): Min: 17.6, Avg: 18.0, Max: 18.5, Diff: 0.9, Sum: 72.1]
      [Termination (ms): Min: 0.0, Avg: 0.0, Max: 0.0, Diff: 0.0, Sum: 0.0]
         [Termination Attempts: Min: 1, Avg: 1.0, Max: 1, Diff: 0, Sum: 4]
      [GC Worker Other (ms): Min: 0.0, Avg: 0.0, Max: 0.0, Diff: 0.0, Sum: 0.1]
      [GC Worker Total (ms): Min: 22.4, Avg: 22.9, Max: 23.0, Diff: 0.6, Sum: 91.4]
      [GC Worker End (ms): Min: 67083714.1, Avg: 67083714.1, Max: 67083714.1, Diff: 0.0]
   [Code Root Fixup: 0.1 ms]
   [Code Root Purge: 0.0 ms]
   [Clear CT: 0.1 ms]
   [Other: 2.0 ms]
      [Choose CSet: 0.0 ms]
      [Ref Proc: 1.2 ms]
      [Ref Enq: 0.1 ms]
      [Redirty Cards: 0.1 ms]
      [Humongous Register: 0.0 ms]
      [Humongous Reclaim: 0.0 ms]
      [Free CSet: 0.3 ms]
   [Eden: 288.0M(288.0M)->0.0B(290.0M) Survivors: 19.0M->17.0M Heap: 341.5M(512.0M)->52.4M(512.0M)]
Heap after GC invocations=28 (full 0):
 garbage-first heap   total 524288K, used 53647K [0x00000000e0000000, 0x00000000e0101000, 0x0000000100000000)
  region size 1024K, 17 young (17408K), 17 survivors (17408K)
 Metaspace       used 56598K, capacity 59150K, committed 59344K, reserved 1101824K
  class space    used 6795K, capacity 7320K, committed 7424K, reserved 1048576K
}
 [Times: user=0.08 sys=0.00, real=0.03 secs] 
2020-10-25T11:48:59.589+0100: 67083.717: Total time for which application threads were stopped: 0.0318953 seconds, Stopping threads took: 0.0058200 seconds
2020-10-25T11:48:59.948+0100: 67084.075: Total time for which application threads were stopped: 0.0003070 seconds, Stopping threads took: 0.0000600 seconds
2020-10-25T11:49:00.010+0100: 67084.137: Total time for which application threads were stopped: 0.0003089 seconds, Stopping threads took: 0.0000666 seconds
2020-10-25T11:49:00.014+0100: 67084.141: Total time for which application threads were stopped: 0.0003041 seconds, Stopping threads took: 0.0000615 seconds
2020-10-25T11:49:00.016+0100: 67084.143: Total time for which application threads were stopped: 0.0003765 seconds, Stopping threads took: 0.0001424 seconds
2020-10-25T11:49:00.225+0100: 67084.353: Total time for which application threads were stopped: 0.0118793 seconds, Stopping threads took: 0.0114931 seconds
2020-10-25T11:49:00.299+0100: 67084.427: Total time for which application threads were stopped: 0.0174809 seconds, Stopping threads took: 0.0172706 seconds
2020-10-25T11:49:00.299+0100: 67084.427: Total time for which application threads were stopped: 0.0002022 seconds, Stopping threads took: 0.0000437 seconds
2020-10-25T11:49:00.300+0100: 67084.428: Total time for which application threads were stopped: 0.0002320 seconds, Stopping threads took: 0.0000719 seconds
2020-10-25T11:49:00.300+0100: 67084.428: Total time for which application threads were stopped: 0.0001653 seconds, Stopping threads took: 0.0000400 seconds
2020-10-25T11:49:00.300+0100: 67084.428: Total time for which application threads were stopped: 0.0001520 seconds, Stopping threads took: 0.0000378 seconds
2020-10-25T11:49:00.300+0100: 67084.428: Total time for which application threads were stopped: 0.0001455 seconds, Stopping threads took: 0.0000374 seconds
2020-10-25T11:49:00.338+0100: 67084.466: Total time for which application threads were stopped: 0.0005056 seconds, Stopping threads took: 0.0002610 seconds
2020-10-25T11:49:00.339+0100: 67084.466: Total time for which application threads were stopped: 0.0004339 seconds, Stopping threads took: 0.0002304 seconds
2020-10-25T11:49:00.339+0100: 67084.467: Total time for which application threads were stopped: 0.0002264 seconds, Stopping threads took: 0.0000588 seconds
2020-10-25T11:49:00.341+0100: 67084.468: Total time for which application threads were stopped: 0.0004646 seconds, Stopping threads took: 0.0001955 seconds
2020-10-25T11:49:00.341+0100: 67084.469: Total time for which application threads were stopped: 0.0002212 seconds, Stopping threads took: 0.0000661 seconds
2020-10-25T11:49:00.342+0100: 67084.470: Total time for which application threads were stopped: 0.0003073 seconds, Stopping threads took: 0.0000672 seconds
2020-10-25T11:49:00.342+0100: 67084.470: Total time for which application threads were stopped: 0.0002400 seconds, Stopping threads took: 0.0000441 seconds
2020-10-25T11:49:00.342+0100: 67084.470: Total time for which application threads were stopped: 0.0001711 seconds, Stopping threads took: 0.0000453 seconds
2020-10-25T11:49:00.343+0100: 67084.471: Total time for which application threads were stopped: 0.0001525 seconds, Stopping threads took: 0.0000434 seconds
2020-10-25T11:49:00.343+0100: 67084.471: Total time for which application threads were stopped: 0.0001450 seconds, Stopping threads took: 0.0000316 seconds
2020-10-25T11:49:00.343+0100: 67084.471: Total time for which application threads were stopped: 0.0001908 seconds, Stopping threads took: 0.0000318 seconds
2020-10-25T11:49:00.343+0100: 67084.471: Total time for which application threads were stopped: 0.0001636 seconds, Stopping threads took: 0.0000487 seconds
2020-10-25T11:49:00.343+0100: 67084.471: Total time for which application threads were stopped: 0.0001619 seconds, Stopping threads took: 0.0000318 seconds
2020-10-25T11:49:00.344+0100: 67084.472: Total time for which application threads were stopped: 0.0001546 seconds, Stopping threads took: 0.0000341 seconds
2020-10-25T11:49:00.344+0100: 67084.472: Total time for which application threads were stopped: 0.0002592 seconds, Stopping threads took: 0.0000470 seconds
2020-10-25T11:49:00.344+0100: 67084.472: Total time for which application threads were stopped: 0.0001792 seconds, Stopping threads took: 0.0000429 seconds
2020-10-25T11:49:00.344+0100: 67084.472: Total time for which application threads were stopped: 0.0001632 seconds, Stopping threads took: 0.0000385 seconds
2020-10-25T11:49:00.345+0100: 67084.472: Total time for which application threads were stopped: 0.0001788 seconds, Stopping threads took: 0.0000369 seconds
2020-10-25T11:49:00.345+0100: 67084.473: Total time for which application threads were stopped: 0.0001738 seconds, Stopping threads took: 0.0000423 seconds
2020-10-25T11:49:00.346+0100: 67084.474: Total time for which application threads were stopped: 0.0007732 seconds, Stopping threads took: 0.0000382 seconds
2020-10-25T11:49:00.348+0100: 67084.476: Total time for which application threads were stopped: 0.0003124 seconds, Stopping threads took: 0.0000764 seconds
2020-10-25T11:49:00.350+0100: 67084.477: Total time for which application threads were stopped: 0.0002914 seconds, Stopping threads took: 0.0000679 seconds
2020-10-25T11:49:00.350+0100: 67084.478: Total time for which application threads were stopped: 0.0001828 seconds, Stopping threads took: 0.0000425 seconds
2020-10-25T11:49:01.364+0100: 67085.492: Total time for which application threads were stopped: 0.0003594 seconds, Stopping threads took: 0.0000639 seconds
2020-10-25T11:49:22.488+0100: 67106.615: Total time for which application threads were stopped: 0.0002921 seconds, Stopping threads took: 0.0000633 seconds
2020-10-25T11:50:18.863+0100: 67162.990: Total time for which application threads were stopped: 0.0010351 seconds, Stopping threads took: 0.0002382 seconds
2020-10-25T11:50:18.866+0100: 67162.993: Total time for which application threads were stopped: 0.0007716 seconds, Stopping threads took: 0.0002289 seconds
2020-10-25T11:50:22.291+0100: 67166.419: Total time for which application threads were stopped: 0.0002633 seconds, Stopping threads took: 0.0000584 seconds
2020-10-25T11:50:51.570+0100: 67195.697: Total time for which application threads were stopped: 0.0003276 seconds, Stopping threads took: 0.0000722 seconds
2020-10-25T11:50:52.236+0100: 67196.363: Total time for which application threads were stopped: 0.0004024 seconds, Stopping threads took: 0.0001087 seconds
{Heap before GC invocations=28 (full 0):
 garbage-first heap   total 524288K, used 350607K [0x00000000e0000000, 0x00000000e0101000, 0x0000000100000000)
  region size 1024K, 307 young (314368K), 17 survivors (17408K)
 Metaspace       used 56649K, capacity 59214K, committed 59344K, reserved 1101824K
  class space    used 6795K, capacity 7320K, committed 7424K, reserved 1048576K
2020-10-25T11:50:52.607+0100: 67196.734: [GC pause (G1 Evacuation Pause) (young)
Desired survivor size 20447232 bytes, new threshold 15 (max 15)
- age   1:    3871536 bytes,    3871536 total
- age   2:    7610952 bytes,   11482488 total
- age   3:    1091232 bytes,   12573720 total
- age   4:      53504 bytes,   12627224 total
- age   5:     167744 bytes,   12794968 total
- age   6:     171584 bytes,   12966552 total
- age   7:      37968 bytes,   13004520 total
- age   8:     237512 bytes,   13242032 total
- age   9:      71816 bytes,   13313848 total
- age  10:      82640 bytes,   13396488 total
- age  11:      79984 bytes,   13476472 total
- age  12:      65896 bytes,   13542368 total
- age  13:      59496 bytes,   13601864 total
- age  14:     105008 bytes,   13706872 total
- age  15:     217360 bytes,   13924232 total
, 0.0322616 secs]
   [Parallel Time: 24.8 ms, GC Workers: 4]
      [GC Worker Start (ms): Min: 67196734.2, Avg: 67196734.3, Max: 67196734.5, Diff: 0.3]
      [Ext Root Scanning (ms): Min: 1.2, Avg: 1.5, Max: 1.6, Diff: 0.4, Sum: 5.9]
      [Update RS (ms): Min: 3.7, Avg: 5.9, Max: 12.3, Diff: 8.7, Sum: 23.5]
         [Processed Buffers: Min: 1, Avg: 7.8, Max: 20, Diff: 19, Sum: 31]
      [Scan RS (ms): Min: 0.0, Avg: 0.1, Max: 0.1, Diff: 0.1, Sum: 0.3]
      [Code Root Scanning (ms): Min: 0.0, Avg: 0.3, Max: 0.8, Diff: 0.8, Sum: 1.3]
      [Object Copy (ms): Min: 10.9, Avg: 16.9, Max: 19.1, Diff: 8.3, Sum: 67.6]
      [Termination (ms): Min: 0.0, Avg: 0.0, Max: 0.0, Diff: 0.0, Sum: 0.0]
         [Termination Attempts: Min: 1, Avg: 1.0, Max: 1, Diff: 0, Sum: 4]
      [GC Worker Other (ms): Min: 0.0, Avg: 0.0, Max: 0.0, Diff: 0.0, Sum: 0.1]
      [GC Worker Total (ms): Min: 24.5, Avg: 24.7, Max: 24.8, Diff: 0.3, Sum: 98.7]
      [GC Worker End (ms): Min: 67196759.0, Avg: 67196759.0, Max: 67196759.0, Diff: 0.0]
   [Code Root Fixup: 0.0 ms]
   [Code Root Purge: 0.0 ms]
   [Clear CT: 0.1 ms]
   [Other: 7.2 ms]
      [Choose CSet: 0.0 ms]
      [Ref Proc: 6.4 ms]
      [Ref Enq: 0.1 ms]
      [Redirty Cards: 0.1 ms]
      [Humongous Register: 0.0 ms]
      [Humongous Reclaim: 0.0 ms]
      [Free CSet: 0.4 ms]
   [Eden: 290.0M(290.0M)->0.0B(289.0M) Survivors: 17.0M->18.0M Heap: 342.4M(512.0M)->54.6M(512.0M)]
Heap after GC invocations=29 (full 0):
 garbage-first heap   total 524288K, used 55938K [0x00000000e0000000, 0x00000000e0101000, 0x0000000100000000)
  region size 1024K, 18 young (18432K), 18 survivors (18432K)
 Metaspace       used 56649K, capacity 59214K, committed 59344K, reserved 1101824K
  class space    used 6795K, capacity 7320K, committed 7424K, reserved 1048576K
}
 [Times: user=0.11 sys=0.00, real=0.03 secs] 
2020-10-25T11:50:52.639+0100: 67196.767: Total time for which application threads were stopped: 0.0363359 seconds, Stopping threads took: 0.0033435 seconds
2020-10-25T11:50:52.642+0100: 67196.770: Total time for which application threads were stopped: 0.0003685 seconds, Stopping threads took: 0.0000931 seconds
2020-10-25T11:50:52.643+0100: 67196.770: Total time for which application threads were stopped: 0.0003492 seconds, Stopping threads took: 0.0000477 seconds
2020-10-25T11:50:52.651+0100: 67196.778: Total time for which application threads were stopped: 0.0046174 seconds, Stopping threads took: 0.0043514 seconds
2020-10-25T11:50:53.088+0100: 67197.215: Total time for which application threads were stopped: 0.0004844 seconds, Stopping threads took: 0.0001037 seconds
2020-10-25T11:50:53.113+0100: 67197.240: Total time for which application threads were stopped: 0.0052781 seconds, Stopping threads took: 0.0041591 seconds
2020-10-25T11:50:53.134+0100: 67197.261: Total time for which application threads were stopped: 0.0003614 seconds, Stopping threads took: 0.0000950 seconds
2020-10-25T11:50:53.450+0100: 67197.578: Total time for which application threads were stopped: 0.0006335 seconds, Stopping threads took: 0.0001968 seconds
2020-10-25T11:50:53.464+0100: 67197.592: Total time for which application threads were stopped: 0.0014688 seconds, Stopping threads took: 0.0006958 seconds
2020-10-25T11:50:53.466+0100: 67197.593: Total time for which application threads were stopped: 0.0009045 seconds, Stopping threads took: 0.0000622 seconds
2020-10-25T11:50:53.467+0100: 67197.594: Total time for which application threads were stopped: 0.0008558 seconds, Stopping threads took: 0.0000680 seconds
2020-10-25T11:50:53.468+0100: 67197.595: Total time for which application threads were stopped: 0.0008270 seconds, Stopping threads took: 0.0000642 seconds
2020-10-25T11:50:53.482+0100: 67197.610: Total time for which application threads were stopped: 0.0009126 seconds, Stopping threads took: 0.0000770 seconds
2020-10-25T11:50:53.487+0100: 67197.615: Total time for which application threads were stopped: 0.0008554 seconds, Stopping threads took: 0.0000766 seconds
2020-10-25T11:50:53.580+0100: 67197.708: Total time for which application threads were stopped: 0.0036727 seconds, Stopping threads took: 0.0029406 seconds
2020-10-25T11:50:53.582+0100: 67197.710: Total time for which application threads were stopped: 0.0008743 seconds, Stopping threads took: 0.0000805 seconds
2020-10-25T11:50:53.591+0100: 67197.718: Total time for which application threads were stopped: 0.0004732 seconds, Stopping threads took: 0.0002205 seconds
2020-10-25T11:50:53.624+0100: 67197.751: Total time for which application threads were stopped: 0.0010971 seconds, Stopping threads took: 0.0000969 seconds
2020-10-25T11:50:53.628+0100: 67197.755: Total time for which application threads were stopped: 0.0004405 seconds, Stopping threads took: 0.0000593 seconds
2020-10-25T11:50:53.760+0100: 67197.888: Total time for which application threads were stopped: 0.0006636 seconds, Stopping threads took: 0.0004301 seconds
2020-10-25T11:50:53.761+0100: 67197.889: Total time for which application threads were stopped: 0.0003852 seconds, Stopping threads took: 0.0001391 seconds
2020-10-25T11:50:53.762+0100: 67197.890: Total time for which application threads were stopped: 0.0003037 seconds, Stopping threads took: 0.0000469 seconds
2020-10-25T11:51:23.036+0100: 67227.164: Total time for which application threads were stopped: 0.0007295 seconds, Stopping threads took: 0.0001619 seconds
2020-10-25T11:51:52.507+0100: 67256.634: Total time for which application threads were stopped: 0.0003065 seconds, Stopping threads took: 0.0000584 seconds
2020-10-25T11:51:53.126+0100: 67257.254: Total time for which application threads were stopped: 0.0004636 seconds, Stopping threads took: 0.0001480 seconds
{Heap before GC invocations=29 (full 0):
 garbage-first heap   total 524288K, used 351874K [0x00000000e0000000, 0x00000000e0101000, 0x0000000100000000)
  region size 1024K, 307 young (314368K), 18 survivors (18432K)
 Metaspace       used 56683K, capacity 59224K, committed 59344K, reserved 1101824K
  class space    used 6796K, capacity 7321K, committed 7424K, reserved 1048576K
2020-10-25T11:51:53.210+0100: 67257.338: [GC pause (G1 Evacuation Pause) (young)
Desired survivor size 20447232 bytes, new threshold 15 (max 15)
- age   1:    6749880 bytes,    6749880 total
- age   2:    2671456 bytes,    9421336 total
- age   3:    2144000 bytes,   11565336 total
- age   4:      65880 bytes,   11631216 total
- age   5:      53400 bytes,   11684616 total
- age   6:     100560 bytes,   11785176 total
- age   7:     171104 bytes,   11956280 total
- age   8:      37896 bytes,   11994176 total
- age   9:     237512 bytes,   12231688 total
- age  10:      71816 bytes,   12303504 total
- age  11:      82640 bytes,   12386144 total
- age  12:      79984 bytes,   12466128 total
- age  13:      65896 bytes,   12532024 total
- age  14:      59496 bytes,   12591520 total
- age  15:     105008 bytes,   12696528 total
, 0.0313419 secs]
   [Parallel Time: 24.5 ms, GC Workers: 4]
      [GC Worker Start (ms): Min: 67257337.8, Avg: 67257339.0, Max: 67257342.5, Diff: 4.7]
      [Ext Root Scanning (ms): Min: 0.0, Avg: 1.3, Max: 1.8, Diff: 1.8, Sum: 5.1]
      [Update RS (ms): Min: 0.0, Avg: 2.3, Max: 3.8, Diff: 3.8, Sum: 9.4]
         [Processed Buffers: Min: 3, Avg: 6.5, Max: 14, Diff: 11, Sum: 26]
      [Scan RS (ms): Min: 0.0, Avg: 0.1, Max: 0.1, Diff: 0.1, Sum: 0.3]
      [Code Root Scanning (ms): Min: 0.0, Avg: 3.7, Max: 14.3, Diff: 14.3, Sum: 14.8]
      [Object Copy (ms): Min: 5.5, Avg: 15.8, Max: 20.0, Diff: 14.6, Sum: 63.2]
      [Termination (ms): Min: 0.0, Avg: 0.0, Max: 0.0, Diff: 0.0, Sum: 0.0]
         [Termination Attempts: Min: 1, Avg: 1.0, Max: 1, Diff: 0, Sum: 4]
      [GC Worker Other (ms): Min: 0.0, Avg: 0.0, Max: 0.1, Diff: 0.0, Sum: 0.2]
      [GC Worker Total (ms): Min: 19.7, Avg: 23.2, Max: 24.4, Diff: 4.7, Sum: 93.0]
      [GC Worker End (ms): Min: 67257362.2, Avg: 67257362.2, Max: 67257362.3, Diff: 0.0]
   [Code Root Fixup: 0.0 ms]
   [Code Root Purge: 0.0 ms]
   [Clear CT: 0.2 ms]
   [Other: 6.6 ms]
      [Choose CSet: 0.0 ms]
      [Ref Proc: 5.9 ms]
      [Ref Enq: 0.1 ms]
      [Redirty Cards: 0.1 ms]
      [Humongous Register: 0.0 ms]
      [Humongous Reclaim: 0.0 ms]
      [Free CSet: 0.3 ms]
   [Eden: 289.0M(289.0M)->0.0B(289.0M) Survivors: 18.0M->18.0M Heap: 343.6M(512.0M)->54.3M(512.0M)]
Heap after GC invocations=30 (full 0):
 garbage-first heap   total 524288K, used 55640K [0x00000000e0000000, 0x00000000e0101000, 0x0000000100000000)
  region size 1024K, 18 young (18432K), 18 survivors (18432K)
 Metaspace       used 56683K, capacity 59224K, committed 59344K, reserved 1101824K
  class space    used 6796K, capacity 7321K, committed 7424K, reserved 1048576K
}
 [Times: user=0.09 sys=0.00, real=0.03 secs] 
2020-10-25T11:51:53.241+0100: 67257.369: Total time for which application threads were stopped: 0.0321396 seconds, Stopping threads took: 0.0000928 seconds
2020-10-25T11:51:53.446+0100: 67257.574: Total time for which application threads were stopped: 0.0022136 seconds, Stopping threads took: 0.0019452 seconds
2020-10-25T11:51:53.577+0100: 67257.704: Total time for which application threads were stopped: 0.0078360 seconds, Stopping threads took: 0.0075712 seconds
2020-10-25T11:51:53.577+0100: 67257.705: Total time for which application threads were stopped: 0.0002904 seconds, Stopping threads took: 0.0000455 seconds
2020-10-25T11:51:53.879+0100: 67258.007: Total time for which application threads were stopped: 0.0042304 seconds, Stopping threads took: 0.0039618 seconds
2020-10-25T11:51:53.883+0100: 67258.011: Total time for which application threads were stopped: 0.0003786 seconds, Stopping threads took: 0.0000936 seconds
2020-10-25T11:51:53.886+0100: 67258.013: Total time for which application threads were stopped: 0.0003174 seconds, Stopping threads took: 0.0000801 seconds
2020-10-25T11:51:54.001+0100: 67258.128: Total time for which application threads were stopped: 0.0011525 seconds, Stopping threads took: 0.0001695 seconds
2020-10-25T11:51:54.115+0100: 67258.243: Total time for which application threads were stopped: 0.0003700 seconds, Stopping threads took: 0.0000750 seconds
2020-10-25T11:51:54.317+0100: 67258.445: Total time for which application threads were stopped: 0.0780977 seconds, Stopping threads took: 0.0778774 seconds
2020-10-25T11:51:54.318+0100: 67258.445: Total time for which application threads were stopped: 0.0002925 seconds, Stopping threads took: 0.0000657 seconds
2020-10-25T11:51:54.318+0100: 67258.445: Total time for which application threads were stopped: 0.0003273 seconds, Stopping threads took: 0.0000816 seconds
2020-10-25T11:51:54.320+0100: 67258.447: Total time for which application threads were stopped: 0.0003296 seconds, Stopping threads took: 0.0000901 seconds
2020-10-25T11:51:54.335+0100: 67258.462: Total time for which application threads were stopped: 0.0128734 seconds, Stopping threads took: 0.0126317 seconds
2020-10-25T11:51:54.335+0100: 67258.463: Total time for which application threads were stopped: 0.0002415 seconds, Stopping threads took: 0.0000528 seconds
2020-10-25T11:51:54.363+0100: 67258.490: Total time for which application threads were stopped: 0.0102110 seconds, Stopping threads took: 0.0099840 seconds
2020-10-25T11:51:54.364+0100: 67258.491: Total time for which application threads were stopped: 0.0002592 seconds, Stopping threads took: 0.0000585 seconds
2020-10-25T11:51:54.364+0100: 67258.492: Total time for which application threads were stopped: 0.0002784 seconds, Stopping threads took: 0.0000880 seconds
2020-10-25T11:51:54.365+0100: 67258.493: Total time for which application threads were stopped: 0.0002750 seconds, Stopping threads took: 0.0000735 seconds
2020-10-25T11:51:54.366+0100: 67258.493: Total time for which application threads were stopped: 0.0002085 seconds, Stopping threads took: 0.0000437 seconds
2020-10-25T11:51:54.367+0100: 67258.494: Total time for which application threads were stopped: 0.0002835 seconds, Stopping threads took: 0.0000951 seconds
2020-10-25T11:51:54.367+0100: 67258.494: Total time for which application threads were stopped: 0.0003274 seconds, Stopping threads took: 0.0001051 seconds
2020-10-25T11:51:54.367+0100: 67258.495: Total time for which application threads were stopped: 0.0001949 seconds, Stopping threads took: 0.0000469 seconds
2020-10-25T11:51:54.368+0100: 67258.495: Total time for which application threads were stopped: 0.0002324 seconds, Stopping threads took: 0.0000534 seconds
2020-10-25T11:51:54.368+0100: 67258.495: Total time for which application threads were stopped: 0.0002001 seconds, Stopping threads took: 0.0000447 seconds
2020-10-25T11:51:54.369+0100: 67258.496: Total time for which application threads were stopped: 0.0002303 seconds, Stopping threads took: 0.0000571 seconds
2020-10-25T11:51:54.369+0100: 67258.496: Total time for which application threads were stopped: 0.0002389 seconds, Stopping threads took: 0.0000456 seconds
2020-10-25T11:51:54.369+0100: 67258.496: Total time for which application threads were stopped: 0.0001790 seconds, Stopping threads took: 0.0000420 seconds
2020-10-25T11:51:54.369+0100: 67258.497: Total time for which application threads were stopped: 0.0001630 seconds, Stopping threads took: 0.0000413 seconds
2020-10-25T11:51:54.370+0100: 67258.497: Total time for which application threads were stopped: 0.0001627 seconds, Stopping threads took: 0.0000390 seconds
2020-10-25T11:51:54.370+0100: 67258.497: Total time for which application threads were stopped: 0.0001599 seconds, Stopping threads took: 0.0000399 seconds
2020-10-25T11:51:54.370+0100: 67258.497: Total time for which application threads were stopped: 0.0001589 seconds, Stopping threads took: 0.0000386 seconds
2020-10-25T11:51:54.370+0100: 67258.497: Total time for which application threads were stopped: 0.0001605 seconds, Stopping threads took: 0.0000406 seconds
2020-10-25T11:51:54.370+0100: 67258.498: Total time for which application threads were stopped: 0.0001651 seconds, Stopping threads took: 0.0000391 seconds
2020-10-25T11:51:54.371+0100: 67258.499: Total time for which application threads were stopped: 0.0010857 seconds, Stopping threads took: 0.0000396 seconds
2020-10-25T11:51:54.374+0100: 67258.501: Total time for which application threads were stopped: 0.0003825 seconds, Stopping threads took: 0.0000704 seconds
2020-10-25T11:51:54.376+0100: 67258.503: Total time for which application threads were stopped: 0.0004089 seconds, Stopping threads took: 0.0001300 seconds
2020-10-25T11:51:54.377+0100: 67258.505: Total time for which application threads were stopped: 0.0004642 seconds, Stopping threads took: 0.0001780 seconds
2020-10-25T11:51:54.503+0100: 67258.630: Total time for which application threads were stopped: 0.0003030 seconds, Stopping threads took: 0.0000728 seconds
2020-10-25T11:51:54.510+0100: 67258.637: Total time for which application threads were stopped: 0.0003121 seconds, Stopping threads took: 0.0000895 seconds
2020-10-25T11:51:54.512+0100: 67258.639: Total time for which application threads were stopped: 0.0002823 seconds, Stopping threads took: 0.0000489 seconds
2020-10-25T11:51:54.514+0100: 67258.641: Total time for which application threads were stopped: 0.0003871 seconds, Stopping threads took: 0.0001418 seconds
2020-10-25T11:51:54.621+0100: 67258.749: Total time for which application threads were stopped: 0.0004179 seconds, Stopping threads took: 0.0000824 seconds
{Heap before GC invocations=30 (full 0):
 garbage-first heap   total 524288K, used 351576K [0x00000000e0000000, 0x00000000e0101000, 0x0000000100000000)
  region size 1024K, 307 young (314368K), 18 survivors (18432K)
 Metaspace       used 56738K, capacity 59288K, committed 59600K, reserved 1101824K
  class space    used 6796K, capacity 7321K, committed 7424K, reserved 1048576K
2020-10-25T11:51:54.662+0100: 67258.789: [GC pause (G1 Evacuation Pause) (young)
Desired survivor size 20447232 bytes, new threshold 15 (max 15)
- age   1:    7856864 bytes,    7856864 total
- age   2:    2757312 bytes,   10614176 total
- age   3:      44488 bytes,   10658664 total
- age   4:      77192 bytes,   10735856 total
- age   5:      65568 bytes,   10801424 total
- age   6:      53400 bytes,   10854824 total
- age   7:     100400 bytes,   10955224 total
- age   8:     171104 bytes,   11126328 total
- age   9:      37656 bytes,   11163984 total
- age  10:     237512 bytes,   11401496 total
- age  11:      71816 bytes,   11473312 total
- age  12:      82640 bytes,   11555952 total
- age  13:      79984 bytes,   11635936 total
- age  14:      65896 bytes,   11701832 total
- age  15:      59496 bytes,   11761328 total
, 0.0229818 secs]
   [Parallel Time: 18.9 ms, GC Workers: 4]
      [GC Worker Start (ms): Min: 67258788.8, Avg: 67258788.8, Max: 67258788.8, Diff: 0.0]
      [Ext Root Scanning (ms): Min: 0.8, Avg: 1.0, Max: 1.4, Diff: 0.6, Sum: 4.1]
      [Update RS (ms): Min: 1.4, Avg: 1.9, Max: 2.3, Diff: 0.9, Sum: 7.5]
         [Processed Buffers: Min: 2, Avg: 4.8, Max: 13, Diff: 11, Sum: 19]
      [Scan RS (ms): Min: 0.0, Avg: 0.1, Max: 0.1, Diff: 0.1, Sum: 0.2]
      [Code Root Scanning (ms): Min: 0.0, Avg: 0.2, Max: 0.5, Diff: 0.5, Sum: 0.9]
      [Object Copy (ms): Min: 15.5, Avg: 15.6, Max: 16.0, Diff: 0.6, Sum: 62.6]
      [Termination (ms): Min: 0.0, Avg: 0.0, Max: 0.0, Diff: 0.0, Sum: 0.0]
         [Termination Attempts: Min: 1, Avg: 1.0, Max: 1, Diff: 0, Sum: 4]
      [GC Worker Other (ms): Min: 0.0, Avg: 0.0, Max: 0.0, Diff: 0.0, Sum: 0.1]
      [GC Worker Total (ms): Min: 18.8, Avg: 18.9, Max: 18.9, Diff: 0.0, Sum: 75.4]
      [GC Worker End (ms): Min: 67258807.6, Avg: 67258807.6, Max: 67258807.7, Diff: 0.0]
   [Code Root Fixup: 0.0 ms]
   [Code Root Purge: 0.0 ms]
   [Clear CT: 0.1 ms]
   [Other: 3.9 ms]
      [Choose CSet: 0.0 ms]
      [Ref Proc: 3.3 ms]
      [Ref Enq: 0.0 ms]
      [Redirty Cards: 0.0 ms]
      [Humongous Register: 0.0 ms]
      [Humongous Reclaim: 0.0 ms]
      [Free CSet: 0.3 ms]
   [Eden: 289.0M(289.0M)->0.0B(291.0M) Survivors: 18.0M->16.0M Heap: 343.3M(512.0M)->53.0M(512.0M)]
Heap after GC invocations=31 (full 0):
 garbage-first heap   total 524288K, used 54242K [0x00000000e0000000, 0x00000000e0101000, 0x0000000100000000)
  region size 1024K, 16 young (16384K), 16 survivors (16384K)
 Metaspace       used 56738K, capacity 59288K, committed 59600K, reserved 1101824K
  class space    used 6796K, capacity 7321K, committed 7424K, reserved 1048576K
}
 [Times: user=0.13 sys=0.00, real=0.02 secs] 
2020-10-25T11:51:54.685+0100: 67258.812: Total time for which application threads were stopped: 0.0237426 seconds, Stopping threads took: 0.0001046 seconds
2020-10-25T11:51:54.718+0100: 67258.845: Total time for which application threads were stopped: 0.0116111 seconds, Stopping threads took: 0.0113761 seconds
2020-10-25T11:51:54.743+0100: 67258.870: Total time for which application threads were stopped: 0.0064126 seconds, Stopping threads took: 0.0061761 seconds
2020-10-25T11:51:54.744+0100: 67258.871: Total time for which application threads were stopped: 0.0004240 seconds, Stopping threads took: 0.0002127 seconds
2020-10-25T11:51:54.748+0100: 67258.875: Total time for which application threads were stopped: 0.0002875 seconds, Stopping threads took: 0.0000596 seconds
2020-10-25T11:51:54.748+0100: 67258.875: Total time for which application threads were stopped: 0.0002450 seconds, Stopping threads took: 0.0000529 seconds
2020-10-25T11:51:54.748+0100: 67258.875: Total time for which application threads were stopped: 0.0001697 seconds, Stopping threads took: 0.0000437 seconds
2020-10-25T11:51:54.777+0100: 67258.904: Total time for which application threads were stopped: 0.0003262 seconds, Stopping threads took: 0.0000797 seconds
2020-10-25T11:51:54.778+0100: 67258.905: Total time for which application threads were stopped: 0.0003061 seconds, Stopping threads took: 0.0000766 seconds
2020-10-25T11:51:54.778+0100: 67258.905: Total time for which application threads were stopped: 0.0002378 seconds, Stopping threads took: 0.0000517 seconds
2020-10-25T11:51:55.793+0100: 67259.920: Total time for which application threads were stopped: 0.0006269 seconds, Stopping threads took: 0.0001098 seconds
2020-10-25T11:52:09.162+0100: 67273.289: Total time for which application threads were stopped: 0.0003480 seconds, Stopping threads took: 0.0000754 seconds
2020-10-25T11:52:09.832+0100: 67273.960: Total time for which application threads were stopped: 0.0004727 seconds, Stopping threads took: 0.0001034 seconds
2020-10-25T11:52:10.149+0100: 67274.277: Total time for which application threads were stopped: 0.0026082 seconds, Stopping threads took: 0.0023494 seconds
2020-10-25T11:52:10.163+0100: 67274.291: Total time for which application threads were stopped: 0.0031399 seconds, Stopping threads took: 0.0021583 seconds
2020-10-25T11:52:10.164+0100: 67274.292: Total time for which application threads were stopped: 0.0003014 seconds, Stopping threads took: 0.0000518 seconds
{Heap before GC invocations=31 (full 0):
 garbage-first heap   total 524288K, used 352226K [0x00000000e0000000, 0x00000000e0101000, 0x0000000100000000)
  region size 1024K, 307 young (314368K), 16 survivors (16384K)
 Metaspace       used 56778K, capacity 59352K, committed 59600K, reserved 1101824K
  class space    used 6796K, capacity 7321K, committed 7424K, reserved 1048576K
2020-10-25T11:52:10.181+0100: 67274.309: [GC pause (G1 Evacuation Pause) (young)
Desired survivor size 20447232 bytes, new threshold 15 (max 15)
- age   1:    5929616 bytes,    5929616 total
- age   2:    2865808 bytes,    8795424 total
- age   3:    2210760 bytes,   11006184 total
- age   4:      44168 bytes,   11050352 total
- age   5:      77048 bytes,   11127400 total
- age   6:      65568 bytes,   11192968 total
- age   7:      53400 bytes,   11246368 total
- age   8:     100160 bytes,   11346528 total
- age   9:     170272 bytes,   11516800 total
- age  10:      37656 bytes,   11554456 total
- age  11:     237512 bytes,   11791968 total
- age  12:      71816 bytes,   11863784 total
- age  13:      82640 bytes,   11946424 total
- age  14:      79984 bytes,   12026408 total
- age  15:      65896 bytes,   12092304 total
, 0.0229855 secs]
   [Parallel Time: 18.7 ms, GC Workers: 4]
      [GC Worker Start (ms): Min: 67274309.0, Avg: 67274309.0, Max: 67274309.0, Diff: 0.0]
      [Ext Root Scanning (ms): Min: 1.2, Avg: 1.3, Max: 1.4, Diff: 0.2, Sum: 5.1]
      [Update RS (ms): Min: 1.7, Avg: 1.9, Max: 2.5, Diff: 0.9, Sum: 7.7]
         [Processed Buffers: Min: 2, Avg: 5.5, Max: 11, Diff: 9, Sum: 22]
      [Scan RS (ms): Min: 0.0, Avg: 0.1, Max: 0.1, Diff: 0.1, Sum: 0.2]
      [Code Root Scanning (ms): Min: 0.0, Avg: 0.3, Max: 0.8, Diff: 0.8, Sum: 1.1]
      [Object Copy (ms): Min: 14.9, Avg: 15.1, Max: 15.3, Diff: 0.4, Sum: 60.2]
      [Termination (ms): Min: 0.0, Avg: 0.0, Max: 0.0, Diff: 0.0, Sum: 0.0]
         [Termination Attempts: Min: 1, Avg: 1.0, Max: 1, Diff: 0, Sum: 4]
      [GC Worker Other (ms): Min: 0.0, Avg: 0.0, Max: 0.1, Diff: 0.0, Sum: 0.1]
      [GC Worker Total (ms): Min: 18.6, Avg: 18.6, Max: 18.6, Diff: 0.0, Sum: 74.5]
      [GC Worker End (ms): Min: 67274327.6, Avg: 67274327.6, Max: 67274327.6, Diff: 0.0]
   [Code Root Fixup: 0.0 ms]
   [Code Root Purge: 0.0 ms]
   [Clear CT: 0.1 ms]
   [Other: 4.1 ms]
      [Choose CSet: 0.0 ms]
      [Ref Proc: 3.4 ms]
      [Ref Enq: 0.1 ms]
      [Redirty Cards: 0.1 ms]
      [Humongous Register: 0.0 ms]
      [Humongous Reclaim: 0.0 ms]
      [Free CSet: 0.2 ms]
   [Eden: 291.0M(291.0M)->0.0B(290.0M) Survivors: 16.0M->17.0M Heap: 344.0M(512.0M)->53.6M(512.0M)]
Heap after GC invocations=32 (full 0):
 garbage-first heap   total 524288K, used 54851K [0x00000000e0000000, 0x00000000e0101000, 0x0000000100000000)
  region size 1024K, 17 young (17408K), 17 survivors (17408K)
 Metaspace       used 56778K, capacity 59352K, committed 59600K, reserved 1101824K
  class space    used 6796K, capacity 7321K, committed 7424K, reserved 1048576K
}
 [Times: user=0.11 sys=0.00, real=0.02 secs] 
2020-10-25T11:52:10.204+0100: 67274.332: Total time for which application threads were stopped: 0.0299022 seconds, Stopping threads took: 0.0061833 seconds
2020-10-25T11:52:10.467+0100: 67274.594: Total time for which application threads were stopped: 0.0004038 seconds, Stopping threads took: 0.0000999 seconds
2020-10-25T11:52:10.495+0100: 67274.622: Total time for which application threads were stopped: 0.0003382 seconds, Stopping threads took: 0.0001001 seconds
2020-10-25T11:52:10.497+0100: 67274.624: Total time for which application threads were stopped: 0.0003163 seconds, Stopping threads took: 0.0000846 seconds
2020-10-25T11:52:10.560+0100: 67274.687: Total time for which application threads were stopped: 0.0005052 seconds, Stopping threads took: 0.0001068 seconds
2020-10-25T11:52:10.783+0100: 67274.911: Total time for which application threads were stopped: 0.1034704 seconds, Stopping threads took: 0.1032073 seconds
2020-10-25T11:52:10.784+0100: 67274.912: Total time for which application threads were stopped: 0.0003179 seconds, Stopping threads took: 0.0000531 seconds
2020-10-25T11:52:10.784+0100: 67274.912: Total time for which application threads were stopped: 0.0002177 seconds, Stopping threads took: 0.0000489 seconds
2020-10-25T11:52:10.784+0100: 67274.912: Total time for which application threads were stopped: 0.0001737 seconds, Stopping threads took: 0.0000410 seconds
2020-10-25T11:52:10.785+0100: 67274.913: Total time for which application threads were stopped: 0.0002343 seconds, Stopping threads took: 0.0000663 seconds
2020-10-25T11:52:10.785+0100: 67274.913: Total time for which application threads were stopped: 0.0003077 seconds, Stopping threads took: 0.0000628 seconds
2020-10-25T11:52:10.801+0100: 67274.929: Total time for which application threads were stopped: 0.0003110 seconds, Stopping threads took: 0.0000626 seconds
2020-10-25T11:52:10.818+0100: 67274.946: Total time for which application threads were stopped: 0.0096856 seconds, Stopping threads took: 0.0094184 seconds
2020-10-25T11:52:10.819+0100: 67274.947: Total time for which application threads were stopped: 0.0002483 seconds, Stopping threads took: 0.0000443 seconds
2020-10-25T11:52:10.821+0100: 67274.949: Total time for which application threads were stopped: 0.0002764 seconds, Stopping threads took: 0.0000640 seconds
2020-10-25T11:52:10.821+0100: 67274.949: Total time for which application threads were stopped: 0.0001709 seconds, Stopping threads took: 0.0000414 seconds
2020-10-25T11:52:10.821+0100: 67274.949: Total time for which application threads were stopped: 0.0001621 seconds, Stopping threads took: 0.0000393 seconds
2020-10-25T11:52:10.821+0100: 67274.949: Total time for which application threads were stopped: 0.0001600 seconds, Stopping threads took: 0.0000387 seconds
2020-10-25T11:52:10.822+0100: 67274.950: Total time for which application threads were stopped: 0.0001648 seconds, Stopping threads took: 0.0000437 seconds
2020-10-25T11:52:10.822+0100: 67274.950: Total time for which application threads were stopped: 0.0002425 seconds, Stopping threads took: 0.0000917 seconds
2020-10-25T11:52:10.822+0100: 67274.950: Total time for which application threads were stopped: 0.0003365 seconds, Stopping threads took: 0.0001923 seconds
2020-10-25T11:52:10.823+0100: 67274.951: Total time for which application threads were stopped: 0.0002444 seconds, Stopping threads took: 0.0000501 seconds
2020-10-25T11:52:10.824+0100: 67274.952: Total time for which application threads were stopped: 0.0002559 seconds, Stopping threads took: 0.0000535 seconds
2020-10-25T11:52:10.824+0100: 67274.952: Total time for which application threads were stopped: 0.0002421 seconds, Stopping threads took: 0.0000634 seconds
2020-10-25T11:52:10.825+0100: 67274.953: Total time for which application threads were stopped: 0.0002349 seconds, Stopping threads took: 0.0000477 seconds
2020-10-25T11:52:10.826+0100: 67274.954: Total time for which application threads were stopped: 0.0002398 seconds, Stopping threads took: 0.0000428 seconds
2020-10-25T11:52:10.826+0100: 67274.954: Total time for which application threads were stopped: 0.0002891 seconds, Stopping threads took: 0.0000544 seconds
2020-10-25T11:52:10.827+0100: 67274.955: Total time for which application threads were stopped: 0.0004139 seconds, Stopping threads took: 0.0002266 seconds
2020-10-25T11:52:10.827+0100: 67274.955: Total time for which application threads were stopped: 0.0002193 seconds, Stopping threads took: 0.0000428 seconds
2020-10-25T11:52:10.827+0100: 67274.955: Total time for which application threads were stopped: 0.0002297 seconds, Stopping threads took: 0.0000627 seconds
2020-10-25T11:52:10.828+0100: 67274.956: Total time for which application threads were stopped: 0.0002207 seconds, Stopping threads took: 0.0000460 seconds
2020-10-25T11:52:10.829+0100: 67274.957: Total time for which application threads were stopped: 0.0009710 seconds, Stopping threads took: 0.0001015 seconds
2020-10-25T11:52:10.833+0100: 67274.961: Total time for which application threads were stopped: 0.0004090 seconds, Stopping threads took: 0.0000682 seconds
2020-10-25T11:52:10.835+0100: 67274.963: Total time for which application threads were stopped: 0.0003158 seconds, Stopping threads took: 0.0000496 seconds
2020-10-25T11:52:10.836+0100: 67274.964: Total time for which application threads were stopped: 0.0003242 seconds, Stopping threads took: 0.0000523 seconds
2020-10-25T11:52:10.979+0100: 67275.107: Total time for which application threads were stopped: 0.0003185 seconds, Stopping threads took: 0.0000641 seconds
2020-10-25T11:52:10.984+0100: 67275.111: Total time for which application threads were stopped: 0.0003243 seconds, Stopping threads took: 0.0000730 seconds
2020-10-25T11:52:10.986+0100: 67275.114: Total time for which application threads were stopped: 0.0002653 seconds, Stopping threads took: 0.0000554 seconds
2020-10-25T11:52:11.021+0100: 67275.148: Total time for which application threads were stopped: 0.0036223 seconds, Stopping threads took: 0.0033538 seconds
2020-10-25T11:52:11.152+0100: 67275.279: Total time for which application threads were stopped: 0.0003003 seconds, Stopping threads took: 0.0000587 seconds
2020-10-25T11:52:11.152+0100: 67275.280: Total time for which application threads were stopped: 0.0001642 seconds, Stopping threads took: 0.0000342 seconds
2020-10-25T11:52:11.152+0100: 67275.280: Total time for which application threads were stopped: 0.0001609 seconds, Stopping threads took: 0.0000325 seconds
2020-10-25T11:52:11.152+0100: 67275.280: Total time for which application threads were stopped: 0.0001596 seconds, Stopping threads took: 0.0000318 seconds
2020-10-25T11:52:11.153+0100: 67275.280: Total time for which application threads were stopped: 0.0001603 seconds, Stopping threads took: 0.0000316 seconds
2020-10-25T11:52:11.153+0100: 67275.281: Total time for which application threads were stopped: 0.0001568 seconds, Stopping threads took: 0.0000314 seconds
2020-10-25T11:52:11.166+0100: 67275.293: Total time for which application threads were stopped: 0.0003628 seconds, Stopping threads took: 0.0000914 seconds
2020-10-25T11:52:11.167+0100: 67275.295: Total time for which application threads were stopped: 0.0003428 seconds, Stopping threads took: 0.0000839 seconds
2020-10-25T11:52:11.167+0100: 67275.295: Total time for which application threads were stopped: 0.0002459 seconds, Stopping threads took: 0.0000644 seconds
2020-10-25T11:52:23.269+0100: 67287.396: Total time for which application threads were stopped: 0.0003361 seconds, Stopping threads took: 0.0000896 seconds
2020-10-25T11:53:22.787+0100: 67346.914: Total time for which application threads were stopped: 0.0003085 seconds, Stopping threads took: 0.0000687 seconds
2020-10-25T13:22:36.128+0100: 72700.265: Total time for which application threads were stopped: 0.0006163 seconds, Stopping threads took: 0.0001019 seconds
2020-10-25T13:22:36.189+0100: 72700.326: Total time for which application threads were stopped: 0.0009143 seconds, Stopping threads took: 0.0001035 seconds
2020-10-25T13:22:36.190+0100: 72700.327: Total time for which application threads were stopped: 0.0004332 seconds, Stopping threads took: 0.0000638 seconds
2020-10-25T13:22:36.194+0100: 72700.330: Total time for which application threads were stopped: 0.0005139 seconds, Stopping threads took: 0.0000675 seconds
2020-10-25T13:22:36.237+0100: 72700.374: Total time for which application threads were stopped: 0.0431470 seconds, Stopping threads took: 0.0427396 seconds
2020-10-25T13:22:36.239+0100: 72700.376: Total time for which application threads were stopped: 0.0004478 seconds, Stopping threads took: 0.0000668 seconds
2020-10-25T13:22:36.247+0100: 72700.384: Total time for which application threads were stopped: 0.0004760 seconds, Stopping threads took: 0.0000739 seconds
2020-10-25T13:22:36.248+0100: 72700.384: Total time for which application threads were stopped: 0.0003956 seconds, Stopping threads took: 0.0000465 seconds
2020-10-25T13:22:36.273+0100: 72700.409: Total time for which application threads were stopped: 0.0004808 seconds, Stopping threads took: 0.0000778 seconds
2020-10-25T13:22:36.274+0100: 72700.410: Total time for which application threads were stopped: 0.0007914 seconds, Stopping threads took: 0.0000526 seconds
2020-10-25T13:22:36.300+0100: 72700.437: Total time for which application threads were stopped: 0.0013847 seconds, Stopping threads took: 0.0009950 seconds
2020-10-25T13:22:37.702+0100: 72701.839: Total time for which application threads were stopped: 0.0009127 seconds, Stopping threads took: 0.0005927 seconds
2020-10-25T13:22:37.703+0100: 72701.840: Total time for which application threads were stopped: 0.0003130 seconds, Stopping threads took: 0.0000485 seconds
2020-10-25T13:22:37.703+0100: 72701.840: Total time for which application threads were stopped: 0.0002977 seconds, Stopping threads took: 0.0000445 seconds
2020-10-25T13:22:38.432+0100: 72702.568: Total time for which application threads were stopped: 0.0005726 seconds, Stopping threads took: 0.0001077 seconds
2020-10-25T13:22:39.445+0100: 72703.581: Total time for which application threads were stopped: 0.0004153 seconds, Stopping threads took: 0.0000709 seconds
2020-10-25T13:22:39.641+0100: 72703.777: Total time for which application threads were stopped: 0.0083637 seconds, Stopping threads took: 0.0079986 seconds
2020-10-25T13:22:39.644+0100: 72703.780: Total time for which application threads were stopped: 0.0005171 seconds, Stopping threads took: 0.0000809 seconds
2020-10-25T13:22:40.856+0100: 72704.992: Total time for which application threads were stopped: 0.0006396 seconds, Stopping threads took: 0.0000970 seconds
2020-10-25T13:22:40.857+0100: 72704.993: Total time for which application threads were stopped: 0.0004175 seconds, Stopping threads took: 0.0000829 seconds
2020-10-25T13:22:41.235+0100: 72705.372: Total time for which application threads were stopped: 0.0004976 seconds, Stopping threads took: 0.0000700 seconds
2020-10-25T13:22:41.267+0100: 72705.404: Total time for which application threads were stopped: 0.0009013 seconds, Stopping threads took: 0.0005042 seconds
2020-10-25T13:22:41.268+0100: 72705.405: Total time for which application threads were stopped: 0.0005164 seconds, Stopping threads took: 0.0001005 seconds
2020-10-25T13:22:41.946+0100: 72706.082: Total time for which application threads were stopped: 0.0005855 seconds, Stopping threads took: 0.0001095 seconds
2020-10-25T13:22:43.821+0100: 72707.957: Total time for which application threads were stopped: 0.0005324 seconds, Stopping threads took: 0.0000782 seconds
2020-10-25T13:22:45.069+0100: 72709.206: Total time for which application threads were stopped: 0.0004558 seconds, Stopping threads took: 0.0000623 seconds
2020-10-25T13:22:45.069+0100: 72709.206: Total time for which application threads were stopped: 0.0004315 seconds, Stopping threads took: 0.0000702 seconds
2020-10-25T13:22:45.075+0100: 72709.212: Total time for which application threads were stopped: 0.0004572 seconds, Stopping threads took: 0.0000649 seconds
2020-10-25T13:22:45.172+0100: 72709.309: Total time for which application threads were stopped: 0.0004381 seconds, Stopping threads took: 0.0000795 seconds
2020-10-25T13:22:45.174+0100: 72709.310: Total time for which application threads were stopped: 0.0005429 seconds, Stopping threads took: 0.0000922 seconds
2020-10-25T13:22:46.188+0100: 72710.324: Total time for which application threads were stopped: 0.0004904 seconds, Stopping threads took: 0.0000762 seconds
2020-10-25T13:23:39.823+0100: 72763.961: Total time for which application threads were stopped: 0.0004132 seconds, Stopping threads took: 0.0000845 seconds
2020-10-25T13:23:39.824+0100: 72763.962: Total time for which application threads were stopped: 0.0002999 seconds, Stopping threads took: 0.0000454 seconds
2020-10-25T13:23:43.999+0100: 72768.135: Total time for which application threads were stopped: 0.0002532 seconds, Stopping threads took: 0.0000623 seconds
2020-10-25T13:23:45.005+0100: 72769.142: Total time for which application threads were stopped: 0.0003334 seconds, Stopping threads took: 0.0000871 seconds
2020-10-25T13:24:44.431+0100: 72828.567: Total time for which application threads were stopped: 0.0003689 seconds, Stopping threads took: 0.0000860 seconds
2020-10-25T13:24:45.441+0100: 72829.577: Total time for which application threads were stopped: 0.0004007 seconds, Stopping threads took: 0.0000743 seconds
2020-10-25T13:26:45.934+0100: 72950.070: Total time for which application threads were stopped: 0.0003633 seconds, Stopping threads took: 0.0000953 seconds
2020-10-25T13:26:46.737+0100: 72950.873: Total time for which application threads were stopped: 0.0039209 seconds, Stopping threads took: 0.0034986 seconds
2020-10-25T13:26:46.742+0100: 72950.878: Total time for which application threads were stopped: 0.0038120 seconds, Stopping threads took: 0.0028146 seconds
{Heap before GC invocations=32 (full 0):
 garbage-first heap   total 524288K, used 351811K [0x00000000e0000000, 0x00000000e0101000, 0x0000000100000000)
  region size 1024K, 307 young (314368K), 17 survivors (17408K)
 Metaspace       used 57080K, capacity 59778K, committed 59856K, reserved 1101824K
  class space    used 6829K, capacity 7380K, committed 7424K, reserved 1048576K
2020-10-25T13:26:46.806+0100: 72950.942: [GC pause (G1 Evacuation Pause) (young)
Desired survivor size 20447232 bytes, new threshold 15 (max 15)
- age   1:    4942448 bytes,    4942448 total
- age   2:    5615520 bytes,   10557968 total
- age   3:     953352 bytes,   11511320 total
- age   4:     132736 bytes,   11644056 total
- age   5:      44064 bytes,   11688120 total
- age   6:      77024 bytes,   11765144 total
- age   7:      65568 bytes,   11830712 total
- age   8:      53400 bytes,   11884112 total
- age   9:     100160 bytes,   11984272 total
- age  10:     170272 bytes,   12154544 total
- age  11:      37656 bytes,   12192200 total
- age  12:     237512 bytes,   12429712 total
- age  13:      71816 bytes,   12501528 total
- age  14:      82640 bytes,   12584168 total
- age  15:      79984 bytes,   12664152 total
, 0.0295408 secs]
   [Parallel Time: 20.8 ms, GC Workers: 4]
      [GC Worker Start (ms): Min: 72950942.4, Avg: 72950942.4, Max: 72950942.5, Diff: 0.0]
      [Ext Root Scanning (ms): Min: 1.0, Avg: 1.3, Max: 1.6, Diff: 0.6, Sum: 5.1]
      [Update RS (ms): Min: 2.4, Avg: 2.6, Max: 2.9, Diff: 0.6, Sum: 10.3]
         [Processed Buffers: Min: 3, Avg: 10.3, Max: 18, Diff: 15, Sum: 41]
      [Scan RS (ms): Min: 0.0, Avg: 0.1, Max: 0.1, Diff: 0.1, Sum: 0.3]
      [Code Root Scanning (ms): Min: 0.0, Avg: 0.3, Max: 0.6, Diff: 0.6, Sum: 1.0]
      [Object Copy (ms): Min: 16.2, Avg: 16.5, Max: 16.8, Diff: 0.5, Sum: 66.0]
      [Termination (ms): Min: 0.0, Avg: 0.0, Max: 0.0, Diff: 0.0, Sum: 0.0]
         [Termination Attempts: Min: 1, Avg: 1.0, Max: 1, Diff: 0, Sum: 4]
      [GC Worker Other (ms): Min: 0.0, Avg: 0.0, Max: 0.0, Diff: 0.0, Sum: 0.1]
      [GC Worker Total (ms): Min: 20.7, Avg: 20.7, Max: 20.7, Diff: 0.0, Sum: 82.8]
      [GC Worker End (ms): Min: 72950963.1, Avg: 72950963.1, Max: 72950963.1, Diff: 0.0]
   [Code Root Fixup: 0.0 ms]
   [Code Root Purge: 0.0 ms]
   [Clear CT: 0.1 ms]
   [Other: 8.6 ms]
      [Choose CSet: 0.0 ms]
      [Ref Proc: 7.8 ms]
      [Ref Enq: 0.1 ms]
      [Redirty Cards: 0.0 ms]
      [Humongous Register: 0.0 ms]
      [Humongous Reclaim: 0.0 ms]
      [Free CSet: 0.4 ms]
   [Eden: 290.0M(290.0M)->0.0B(289.0M) Survivors: 17.0M->18.0M Heap: 343.6M(512.0M)->55.2M(512.0M)]
Heap after GC invocations=33 (full 0):
 garbage-first heap   total 524288K, used 56506K [0x00000000e0000000, 0x00000000e0101000, 0x0000000100000000)
  region size 1024K, 18 young (18432K), 18 survivors (18432K)
 Metaspace       used 57080K, capacity 59778K, committed 59856K, reserved 1101824K
  class space    used 6829K, capacity 7380K, committed 7424K, reserved 1048576K
}
 [Times: user=0.13 sys=0.00, real=0.03 secs] 
2020-10-25T13:26:46.836+0100: 72950.972: Total time for which application threads were stopped: 0.0340717 seconds, Stopping threads took: 0.0038747 seconds
2020-10-25T13:26:46.985+0100: 72951.122: Total time for which application threads were stopped: 0.0027948 seconds, Stopping threads took: 0.0025139 seconds
2020-10-25T13:26:46.986+0100: 72951.123: Total time for which application threads were stopped: 0.0004133 seconds, Stopping threads took: 0.0001381 seconds
2020-10-25T13:26:47.430+0100: 72951.567: Total time for which application threads were stopped: 0.0081319 seconds, Stopping threads took: 0.0078658 seconds
2020-10-25T13:26:47.432+0100: 72951.569: Total time for which application threads were stopped: 0.0004675 seconds, Stopping threads took: 0.0002023 seconds
2020-10-25T13:26:47.441+0100: 72951.577: Total time for which application threads were stopped: 0.0024921 seconds, Stopping threads took: 0.0022062 seconds
2020-10-25T13:26:47.443+0100: 72951.580: Total time for which application threads were stopped: 0.0003456 seconds, Stopping threads took: 0.0000928 seconds
2020-10-25T13:26:47.915+0100: 72952.051: Total time for which application threads were stopped: 0.0022975 seconds, Stopping threads took: 0.0020771 seconds
2020-10-25T13:26:47.915+0100: 72952.052: Total time for which application threads were stopped: 0.0001931 seconds, Stopping threads took: 0.0000627 seconds
2020-10-25T13:26:47.916+0100: 72952.053: Total time for which application threads were stopped: 0.0002922 seconds, Stopping threads took: 0.0000761 seconds
2020-10-25T13:26:47.916+0100: 72952.053: Total time for which application threads were stopped: 0.0002201 seconds, Stopping threads took: 0.0000696 seconds
2020-10-25T13:26:47.917+0100: 72952.053: Total time for which application threads were stopped: 0.0002306 seconds, Stopping threads took: 0.0000546 seconds
2020-10-25T13:26:47.928+0100: 72952.065: Total time for which application threads were stopped: 0.0004727 seconds, Stopping threads took: 0.0002635 seconds
2020-10-25T13:26:47.929+0100: 72952.066: Total time for which application threads were stopped: 0.0003851 seconds, Stopping threads took: 0.0000992 seconds
2020-10-25T13:26:47.930+0100: 72952.067: Total time for which application threads were stopped: 0.0004576 seconds, Stopping threads took: 0.0001961 seconds
2020-10-25T13:26:48.057+0100: 72952.193: Total time for which application threads were stopped: 0.0095144 seconds, Stopping threads took: 0.0092645 seconds
2020-10-25T13:26:48.135+0100: 72952.271: Total time for which application threads were stopped: 0.0003287 seconds, Stopping threads took: 0.0000863 seconds
2020-10-25T13:26:48.139+0100: 72952.276: Total time for which application threads were stopped: 0.0003162 seconds, Stopping threads took: 0.0000811 seconds
2020-10-25T13:26:48.142+0100: 72952.279: Total time for which application threads were stopped: 0.0003065 seconds, Stopping threads took: 0.0000831 seconds
2020-10-25T13:26:48.160+0100: 72952.297: Total time for which application threads were stopped: 0.0004108 seconds, Stopping threads took: 0.0000678 seconds
2020-10-25T13:26:48.245+0100: 72952.381: Total time for which application threads were stopped: 0.0002899 seconds, Stopping threads took: 0.0000678 seconds
2020-10-25T13:26:48.245+0100: 72952.382: Total time for which application threads were stopped: 0.0002025 seconds, Stopping threads took: 0.0000439 seconds
2020-10-25T13:26:48.246+0100: 72952.382: Total time for which application threads were stopped: 0.0001973 seconds, Stopping threads took: 0.0000404 seconds
2020-10-25T13:26:48.246+0100: 72952.382: Total time for which application threads were stopped: 0.0001860 seconds, Stopping threads took: 0.0000400 seconds
2020-10-25T13:26:48.246+0100: 72952.382: Total time for which application threads were stopped: 0.0001765 seconds, Stopping threads took: 0.0000392 seconds
2020-10-25T13:26:48.254+0100: 72952.390: Total time for which application threads were stopped: 0.0003376 seconds, Stopping threads took: 0.0001014 seconds
2020-10-25T13:26:48.255+0100: 72952.392: Total time for which application threads were stopped: 0.0003365 seconds, Stopping threads took: 0.0000590 seconds
2020-10-25T13:26:48.256+0100: 72952.392: Total time for which application threads were stopped: 0.0002772 seconds, Stopping threads took: 0.0000550 seconds
2020-10-25T13:26:49.258+0100: 72953.394: Total time for which application threads were stopped: 0.0005520 seconds, Stopping threads took: 0.0002063 seconds
2020-10-25T13:27:44.726+0100: 73008.863: Total time for which application threads were stopped: 0.0008699 seconds, Stopping threads took: 0.0003001 seconds
2020-10-25T13:27:53.570+0100: 73017.706: Total time for which application threads were stopped: 0.0002222 seconds, Stopping threads took: 0.0000482 seconds
{Heap before GC invocations=33 (full 0):
 garbage-first heap   total 524288K, used 352442K [0x00000000e0000000, 0x00000000e0101000, 0x0000000100000000)
  region size 1024K, 307 young (314368K), 18 survivors (18432K)
 Metaspace       used 57113K, capacity 59842K, committed 60112K, reserved 1101824K
  class space    used 6829K, capacity 7380K, committed 7424K, reserved 1048576K
2020-10-25T13:27:54.134+0100: 73018.271: [GC pause (G1 Evacuation Pause) (young)
Desired survivor size 20447232 bytes, new threshold 15 (max 15)
- age   1:   10015328 bytes,   10015328 total
- age   2:    1142056 bytes,   11157384 total
- age   3:      56208 bytes,   11213592 total
- age   4:      68904 bytes,   11282496 total
- age   5:      57792 bytes,   11340288 total
- age   6:      42904 bytes,   11383192 total
- age   7:      70864 bytes,   11454056 total
- age   8:      60248 bytes,   11514304 total
- age   9:      52056 bytes,   11566360 total
- age  10:      81328 bytes,   11647688 total
- age  11:     155224 bytes,   11802912 total
- age  12:      35256 bytes,   11838168 total
- age  13:     203432 bytes,   12041600 total
- age  14:      64808 bytes,   12106408 total
- age  15:      80896 bytes,   12187304 total
, 0.0322292 secs]
   [Parallel Time: 29.2 ms, GC Workers: 4]
      [GC Worker Start (ms): Min: 73018271.0, Avg: 73018276.2, Max: 73018291.8, Diff: 20.8]
      [Ext Root Scanning (ms): Min: 0.0, Avg: 1.2, Max: 1.7, Diff: 1.7, Sum: 4.8]
      [Update RS (ms): Min: 0.0, Avg: 2.3, Max: 3.5, Diff: 3.5, Sum: 9.4]
         [Processed Buffers: Min: 0, Avg: 6.8, Max: 20, Diff: 20, Sum: 27]
      [Scan RS (ms): Min: 0.0, Avg: 0.1, Max: 0.1, Diff: 0.1, Sum: 0.2]
      [Code Root Scanning (ms): Min: 0.0, Avg: 0.2, Max: 1.0, Diff: 1.0, Sum: 1.0]
      [Object Copy (ms): Min: 8.2, Avg: 20.0, Max: 24.2, Diff: 16.0, Sum: 79.9]
      [Termination (ms): Min: 0.0, Avg: 0.1, Max: 0.1, Diff: 0.1, Sum: 0.3]
         [Termination Attempts: Min: 1, Avg: 8.5, Max: 13, Diff: 12, Sum: 34]
      [GC Worker Other (ms): Min: 0.0, Avg: 0.0, Max: 0.0, Diff: 0.0, Sum: 0.1]
      [GC Worker Total (ms): Min: 8.3, Avg: 23.9, Max: 29.1, Diff: 20.8, Sum: 95.6]
      [GC Worker End (ms): Min: 73018300.1, Avg: 73018300.1, Max: 73018300.1, Diff: 0.0]
   [Code Root Fixup: 0.0 ms]
   [Code Root Purge: 0.0 ms]
   [Clear CT: 0.3 ms]
   [Other: 2.7 ms]
      [Choose CSet: 0.0 ms]
      [Ref Proc: 1.7 ms]
      [Ref Enq: 0.0 ms]
      [Redirty Cards: 0.2 ms]
      [Humongous Register: 0.0 ms]
      [Humongous Reclaim: 0.0 ms]
      [Free CSet: 0.4 ms]
   [Eden: 289.0M(289.0M)->0.0B(292.0M) Survivors: 18.0M->15.0M Heap: 344.2M(512.0M)->52.3M(512.0M)]
Heap after GC invocations=34 (full 0):
 garbage-first heap   total 524288K, used 53576K [0x00000000e0000000, 0x00000000e0101000, 0x0000000100000000)
  region size 1024K, 15 young (15360K), 15 survivors (15360K)
 Metaspace       used 57113K, capacity 59842K, committed 60112K, reserved 1101824K
  class space    used 6829K, capacity 7380K, committed 7424K, reserved 1048576K
}
 [Times: user=0.11 sys=0.00, real=0.03 secs] 
2020-10-25T13:27:54.167+0100: 73018.303: Total time for which application threads were stopped: 0.0329638 seconds, Stopping threads took: 0.0001116 seconds
2020-10-25T13:27:54.271+0100: 73018.407: Total time for which application threads were stopped: 0.0019804 seconds, Stopping threads took: 0.0016322 seconds
2020-10-25T13:27:54.472+0100: 73018.608: Total time for which application threads were stopped: 0.0033696 seconds, Stopping threads took: 0.0030789 seconds
2020-10-25T13:27:54.477+0100: 73018.614: Total time for which application threads were stopped: 0.0032258 seconds, Stopping threads took: 0.0029738 seconds
{Heap before GC invocations=34 (full 0):
 garbage-first heap   total 524288K, used 352584K [0x00000000e0000000, 0x00000000e0101000, 0x0000000100000000)
  region size 1024K, 307 young (314368K), 15 survivors (15360K)
 Metaspace       used 57124K, capacity 59842K, committed 60112K, reserved 1101824K
  class space    used 6829K, capacity 7380K, committed 7424K, reserved 1048576K
2020-10-25T13:27:54.598+0100: 73018.734: [GC pause (G1 Evacuation Pause) (young)
Desired survivor size 20447232 bytes, new threshold 15 (max 15)
- age   1:    4476224 bytes,    4476224 total
- age   2:    6485232 bytes,   10961456 total
- age   3:    1141448 bytes,   12102904 total
- age   4:      51936 bytes,   12154840 total
- age   5:      68592 bytes,   12223432 total
- age   6:      57400 bytes,   12280832 total
- age   7:      42872 bytes,   12323704 total
- age   8:      70272 bytes,   12393976 total
- age   9:      59736 bytes,   12453712 total
- age  10:      49112 bytes,   12502824 total
- age  11:      81136 bytes,   12583960 total
- age  12:     154840 bytes,   12738800 total
- age  13:      35256 bytes,   12774056 total
- age  14:     203152 bytes,   12977208 total
- age  15:      64712 bytes,   13041920 total
, 0.0312982 secs]
   [Parallel Time: 29.6 ms, GC Workers: 4]
      [GC Worker Start (ms): Min: 73018734.5, Avg: 73018741.8, Max: 73018763.6, Diff: 29.1]
      [Ext Root Scanning (ms): Min: 0.0, Avg: 1.0, Max: 1.4, Diff: 1.3, Sum: 3.9]
      [Update RS (ms): Min: 0.0, Avg: 2.1, Max: 3.0, Diff: 3.0, Sum: 8.3]
         [Processed Buffers: Min: 0, Avg: 5.3, Max: 14, Diff: 14, Sum: 21]
      [Scan RS (ms): Min: 0.0, Avg: 0.1, Max: 0.1, Diff: 0.1, Sum: 0.2]
      [Code Root Scanning (ms): Min: 0.0, Avg: 0.2, Max: 0.5, Diff: 0.5, Sum: 0.9]
      [Object Copy (ms): Min: 0.4, Avg: 19.0, Max: 25.4, Diff: 25.1, Sum: 75.8]
      [Termination (ms): Min: 0.0, Avg: 0.0, Max: 0.0, Diff: 0.0, Sum: 0.0]
         [Termination Attempts: Min: 1, Avg: 1.0, Max: 1, Diff: 0, Sum: 4]
      [GC Worker Other (ms): Min: 0.0, Avg: 0.0, Max: 0.0, Diff: 0.0, Sum: 0.1]
      [GC Worker Total (ms): Min: 0.4, Avg: 22.3, Max: 29.6, Diff: 29.2, Sum: 89.2]
      [GC Worker End (ms): Min: 73018764.1, Avg: 73018764.1, Max: 73018764.1, Diff: 0.0]
   [Code Root Fixup: 0.0 ms]
   [Code Root Purge: 0.0 ms]
   [Clear CT: 0.1 ms]
   [Other: 1.5 ms]
      [Choose CSet: 0.0 ms]
      [Ref Proc: 0.9 ms]
      [Ref Enq: 0.0 ms]
      [Redirty Cards: 0.0 ms]
      [Humongous Register: 0.0 ms]
      [Humongous Reclaim: 0.0 ms]
      [Free CSet: 0.2 ms]
   [Eden: 292.0M(292.0M)->0.0B(291.0M) Survivors: 15.0M->16.0M Heap: 344.3M(512.0M)->53.4M(512.0M)]
Heap after GC invocations=35 (full 0):
 garbage-first heap   total 524288K, used 54683K [0x00000000e0000000, 0x00000000e0101000, 0x0000000100000000)
  region size 1024K, 16 young (16384K), 16 survivors (16384K)
 Metaspace       used 57124K, capacity 59842K, committed 60112K, reserved 1101824K
  class space    used 6829K, capacity 7380K, committed 7424K, reserved 1048576K
}
 [Times: user=0.09 sys=0.00, real=0.03 secs] 
2020-10-25T13:27:54.630+0100: 73018.766: Total time for which application threads were stopped: 0.0343198 seconds, Stopping threads took: 0.0023877 seconds
2020-10-25T13:27:54.896+0100: 73019.033: Total time for which application threads were stopped: 0.0039983 seconds, Stopping threads took: 0.0036384 seconds
2020-10-25T13:27:54.973+0100: 73019.110: Total time for which application threads were stopped: 0.0003906 seconds, Stopping threads took: 0.0001116 seconds
2020-10-25T13:27:54.980+0100: 73019.117: Total time for which application threads were stopped: 0.0013002 seconds, Stopping threads took: 0.0000682 seconds
2020-10-25T13:27:55.060+0100: 73019.197: Total time for which application threads were stopped: 0.0004199 seconds, Stopping threads took: 0.0000902 seconds
2020-10-25T13:27:55.250+0100: 73019.386: Total time for which application threads were stopped: 0.0005356 seconds, Stopping threads took: 0.0001596 seconds
2020-10-25T13:27:55.368+0100: 73019.504: Total time for which application threads were stopped: 0.0434791 seconds, Stopping threads took: 0.0432624 seconds
2020-10-25T13:27:55.368+0100: 73019.505: Total time for which application threads were stopped: 0.0002140 seconds, Stopping threads took: 0.0000763 seconds
2020-10-25T13:27:55.368+0100: 73019.505: Total time for which application threads were stopped: 0.0001975 seconds, Stopping threads took: 0.0000371 seconds
2020-10-25T13:27:55.369+0100: 73019.505: Total time for which application threads were stopped: 0.0002944 seconds, Stopping threads took: 0.0001401 seconds
2020-10-25T13:27:55.369+0100: 73019.506: Total time for which application threads were stopped: 0.0001983 seconds, Stopping threads took: 0.0000652 seconds
2020-10-25T13:27:55.369+0100: 73019.506: Total time for which application threads were stopped: 0.0001935 seconds, Stopping threads took: 0.0000597 seconds
2020-10-25T13:27:55.379+0100: 73019.515: Total time for which application threads were stopped: 0.0004256 seconds, Stopping threads took: 0.0000795 seconds
2020-10-25T13:27:55.380+0100: 73019.517: Total time for which application threads were stopped: 0.0003483 seconds, Stopping threads took: 0.0000876 seconds
2020-10-25T13:27:55.381+0100: 73019.518: Total time for which application threads were stopped: 0.0002923 seconds, Stopping threads took: 0.0000672 seconds
2020-10-25T13:27:55.382+0100: 73019.519: Total time for which application threads were stopped: 0.0003056 seconds, Stopping threads took: 0.0000741 seconds
2020-10-25T13:27:55.384+0100: 73019.520: Total time for which application threads were stopped: 0.0002958 seconds, Stopping threads took: 0.0000788 seconds
2020-10-25T13:27:55.594+0100: 73019.731: Total time for which application threads were stopped: 0.0041584 seconds, Stopping threads took: 0.0038921 seconds
2020-10-25T13:27:55.595+0100: 73019.732: Total time for which application threads were stopped: 0.0002789 seconds, Stopping threads took: 0.0000575 seconds
2020-10-25T13:27:55.598+0100: 73019.735: Total time for which application threads were stopped: 0.0005147 seconds, Stopping threads took: 0.0002107 seconds
2020-10-25T13:28:36.438+0100: 73060.575: Total time for which application threads were stopped: 0.0003082 seconds, Stopping threads took: 0.0000590 seconds
2020-10-25T13:28:37.111+0100: 73061.248: Total time for which application threads were stopped: 0.0019436 seconds, Stopping threads took: 0.0016110 seconds
{Heap before GC invocations=35 (full 0):
 garbage-first heap   total 524288K, used 352667K [0x00000000e0000000, 0x00000000e0101000, 0x0000000100000000)
  region size 1024K, 307 young (314368K), 16 survivors (16384K)
 Metaspace       used 57153K, capacity 59842K, committed 60112K, reserved 1101824K
  class space    used 6829K, capacity 7380K, committed 7424K, reserved 1048576K
2020-10-25T13:28:37.199+0100: 73061.335: [GC pause (G1 Evacuation Pause) (young)
Desired survivor size 20447232 bytes, new threshold 15 (max 15)
- age   1:    2835072 bytes,    2835072 total
- age   2:    4362648 bytes,    7197720 total
- age   3:    6484600 bytes,   13682320 total
- age   4:    1141448 bytes,   14823768 total
- age   5:      51936 bytes,   14875704 total
- age   6:      68592 bytes,   14944296 total
- age   7:      57400 bytes,   15001696 total
- age   8:      42872 bytes,   15044568 total
- age   9:      70272 bytes,   15114840 total
- age  10:      59736 bytes,   15174576 total
- age  11:      49112 bytes,   15223688 total
- age  12:      81136 bytes,   15304824 total
- age  13:     154840 bytes,   15459664 total
- age  14:      35256 bytes,   15494920 total
- age  15:     203152 bytes,   15698072 total
, 0.0304985 secs]
   [Parallel Time: 23.5 ms, GC Workers: 4]
      [GC Worker Start (ms): Min: 73061335.6, Avg: 73061335.7, Max: 73061335.7, Diff: 0.0]
      [Ext Root Scanning (ms): Min: 0.9, Avg: 1.1, Max: 1.2, Diff: 0.3, Sum: 4.3]
      [Update RS (ms): Min: 1.9, Avg: 2.0, Max: 2.1, Diff: 0.2, Sum: 8.1]
         [Processed Buffers: Min: 2, Avg: 5.3, Max: 11, Diff: 9, Sum: 21]
      [Scan RS (ms): Min: 0.0, Avg: 0.1, Max: 0.1, Diff: 0.1, Sum: 0.2]
      [Code Root Scanning (ms): Min: 0.0, Avg: 0.2, Max: 0.7, Diff: 0.7, Sum: 0.9]
      [Object Copy (ms): Min: 19.5, Avg: 20.0, Max: 20.3, Diff: 0.8, Sum: 80.2]
      [Termination (ms): Min: 0.0, Avg: 0.0, Max: 0.0, Diff: 0.0, Sum: 0.0]
         [Termination Attempts: Min: 1, Avg: 2.3, Max: 4, Diff: 3, Sum: 9]
      [GC Worker Other (ms): Min: 0.0, Avg: 0.0, Max: 0.0, Diff: 0.0, Sum: 0.1]
      [GC Worker Total (ms): Min: 23.4, Avg: 23.5, Max: 23.5, Diff: 0.0, Sum: 93.9]
      [GC Worker End (ms): Min: 73061359.1, Avg: 73061359.1, Max: 73061359.1, Diff: 0.0]
   [Code Root Fixup: 0.0 ms]
   [Code Root Purge: 0.0 ms]
   [Clear CT: 0.2 ms]
   [Other: 6.8 ms]
      [Choose CSet: 0.0 ms]
      [Ref Proc: 6.1 ms]
      [Ref Enq: 0.1 ms]
      [Redirty Cards: 0.1 ms]
      [Humongous Register: 0.0 ms]
      [Humongous Reclaim: 0.0 ms]
      [Free CSet: 0.2 ms]
   [Eden: 291.0M(291.0M)->0.0B(285.0M) Survivors: 16.0M->22.0M Heap: 344.4M(512.0M)->59.1M(512.0M)]
Heap after GC invocations=36 (full 0):
 garbage-first heap   total 524288K, used 60537K [0x00000000e0000000, 0x00000000e0101000, 0x0000000100000000)
  region size 1024K, 22 young (22528K), 22 survivors (22528K)
 Metaspace       used 57153K, capacity 59842K, committed 60112K, reserved 1101824K
  class space    used 6829K, capacity 7380K, committed 7424K, reserved 1048576K
}
 [Times: user=0.11 sys=0.00, real=0.03 secs] 
2020-10-25T13:28:37.230+0100: 73061.366: Total time for which application threads were stopped: 0.0316055 seconds, Stopping threads took: 0.0001004 seconds
2020-10-25T13:28:37.289+0100: 73061.425: Total time for which application threads were stopped: 0.0010556 seconds, Stopping threads took: 0.0007870 seconds
2020-10-25T13:28:37.290+0100: 73061.426: Total time for which application threads were stopped: 0.0003900 seconds, Stopping threads took: 0.0001172 seconds
2020-10-25T13:28:37.436+0100: 73061.573: Total time for which application threads were stopped: 0.0043979 seconds, Stopping threads took: 0.0041624 seconds
2020-10-25T13:28:37.991+0100: 73062.128: Total time for which application threads were stopped: 0.0416731 seconds, Stopping threads took: 0.0414155 seconds
2020-10-25T13:28:37.997+0100: 73062.134: Total time for which application threads were stopped: 0.0004354 seconds, Stopping threads took: 0.0002003 seconds
2020-10-25T13:28:37.999+0100: 73062.136: Total time for which application threads were stopped: 0.0002875 seconds, Stopping threads took: 0.0000633 seconds
2020-10-25T13:28:38.173+0100: 73062.310: Total time for which application threads were stopped: 0.0191184 seconds, Stopping threads took: 0.0188410 seconds
2020-10-25T13:28:38.347+0100: 73062.484: Total time for which application threads were stopped: 0.0004371 seconds, Stopping threads took: 0.0000969 seconds
2020-10-25T13:28:38.352+0100: 73062.488: Total time for which application threads were stopped: 0.0003049 seconds, Stopping threads took: 0.0000749 seconds
2020-10-25T13:28:38.354+0100: 73062.491: Total time for which application threads were stopped: 0.0002817 seconds, Stopping threads took: 0.0000611 seconds
2020-10-25T13:28:38.356+0100: 73062.493: Total time for which application threads were stopped: 0.0002665 seconds, Stopping threads took: 0.0000620 seconds
2020-10-25T13:28:39.368+0100: 73063.505: Total time for which application threads were stopped: 0.0005859 seconds, Stopping threads took: 0.0002213 seconds
2020-10-25T13:28:39.882+0100: 73064.018: Total time for which application threads were stopped: 0.0008545 seconds, Stopping threads took: 0.0003344 seconds
2020-10-25T13:28:39.883+0100: 73064.020: Total time for which application threads were stopped: 0.0007931 seconds, Stopping threads took: 0.0001433 seconds
2020-10-25T13:28:44.689+0100: 73068.825: Total time for which application threads were stopped: 0.0003913 seconds, Stopping threads took: 0.0000762 seconds
2020-10-25T13:29:35.231+0100: 73119.367: Total time for which application threads were stopped: 0.0002449 seconds, Stopping threads took: 0.0000552 seconds
{Heap before GC invocations=36 (full 0):
 garbage-first heap   total 524288K, used 352377K [0x00000000e0000000, 0x00000000e0101000, 0x0000000100000000)
  region size 1024K, 307 young (314368K), 22 survivors (22528K)
 Metaspace       used 57220K, capacity 59978K, committed 60112K, reserved 1101824K
  class space    used 6829K, capacity 7380K, committed 7424K, reserved 1048576K
2020-10-25T13:29:35.808+0100: 73119.945: [GC pause (G1 Evacuation Pause) (young)
Desired survivor size 20447232 bytes, new threshold 15 (max 15)
- age   1:    6924136 bytes,    6924136 total
- age   2:    1099864 bytes,    8024000 total
- age   3:     118424 bytes,    8142424 total
- age   4:    5602712 bytes,   13745136 total
- age   5:    1141448 bytes,   14886584 total
- age   6:      51936 bytes,   14938520 total
- age   7:      68592 bytes,   15007112 total
- age   8:      57352 bytes,   15064464 total
- age   9:      42872 bytes,   15107336 total
- age  10:      70272 bytes,   15177608 total
- age  11:      59736 bytes,   15237344 total
- age  12:      49112 bytes,   15286456 total
- age  13:      81136 bytes,   15367592 total
- age  14:     154840 bytes,   15522432 total
- age  15:      35256 bytes,   15557688 total
, 0.0307280 secs]
   [Parallel Time: 23.4 ms, GC Workers: 4]
      [GC Worker Start (ms): Min: 73119945.5, Avg: 73119945.5, Max: 73119945.5, Diff: 0.0]
      [Ext Root Scanning (ms): Min: 1.3, Avg: 1.6, Max: 1.7, Diff: 0.4, Sum: 6.4]
      [Update RS (ms): Min: 2.1, Avg: 2.3, Max: 3.1, Diff: 1.1, Sum: 9.4]
         [Processed Buffers: Min: 2, Avg: 7.3, Max: 18, Diff: 16, Sum: 29]
      [Scan RS (ms): Min: 0.0, Avg: 0.2, Max: 0.6, Diff: 0.6, Sum: 0.7]
      [Code Root Scanning (ms): Min: 0.0, Avg: 0.3, Max: 0.6, Diff: 0.6, Sum: 1.1]
      [Object Copy (ms): Min: 18.5, Avg: 18.9, Max: 19.1, Diff: 0.6, Sum: 75.4]
      [Termination (ms): Min: 0.0, Avg: 0.0, Max: 0.0, Diff: 0.0, Sum: 0.0]
         [Termination Attempts: Min: 1, Avg: 1.0, Max: 1, Diff: 0, Sum: 4]
      [GC Worker Other (ms): Min: 0.0, Avg: 0.0, Max: 0.0, Diff: 0.0, Sum: 0.1]
      [GC Worker Total (ms): Min: 23.3, Avg: 23.3, Max: 23.3, Diff: 0.0, Sum: 93.2]
      [GC Worker End (ms): Min: 73119968.8, Avg: 73119968.8, Max: 73119968.8, Diff: 0.0]
   [Code Root Fixup: 0.0 ms]
   [Code Root Purge: 0.0 ms]
   [Clear CT: 0.1 ms]
   [Other: 7.2 ms]
      [Choose CSet: 0.0 ms]
      [Ref Proc: 6.4 ms]
      [Ref Enq: 0.1 ms]
      [Redirty Cards: 0.1 ms]
      [Humongous Register: 0.0 ms]
      [Humongous Reclaim: 0.0 ms]
      [Free CSet: 0.3 ms]
   [Eden: 285.0M(285.0M)->0.0B(288.0M) Survivors: 22.0M->19.0M Heap: 344.1M(512.0M)->56.8M(512.0M)]
Heap after GC invocations=37 (full 0):
 garbage-first heap   total 524288K, used 58141K [0x00000000e0000000, 0x00000000e0101000, 0x0000000100000000)
  region size 1024K, 19 young (19456K), 19 survivors (19456K)
 Metaspace       used 57220K, capacity 59978K, committed 60112K, reserved 1101824K
  class space    used 6829K, capacity 7380K, committed 7424K, reserved 1048576K
}
 [Times: user=0.09 sys=0.00, real=0.03 secs] 
2020-10-25T13:29:35.839+0100: 73119.976: Total time for which application threads were stopped: 0.0312731 seconds, Stopping threads took: 0.0000485 seconds
2020-10-25T13:29:35.871+0100: 73120.008: Total time for which application threads were stopped: 0.0004576 seconds, Stopping threads took: 0.0000719 seconds
2020-10-25T13:29:36.208+0100: 73120.345: Total time for which application threads were stopped: 0.0003776 seconds, Stopping threads took: 0.0001055 seconds
2020-10-25T13:29:36.230+0100: 73120.366: Total time for which application threads were stopped: 0.0008524 seconds, Stopping threads took: 0.0005732 seconds
2020-10-25T13:29:36.230+0100: 73120.367: Total time for which application threads were stopped: 0.0003164 seconds, Stopping threads took: 0.0000497 seconds
{Heap before GC invocations=37 (full 0):
 garbage-first heap   total 524288K, used 353053K [0x00000000e0000000, 0x00000000e0101000, 0x0000000100000000)
  region size 1024K, 307 young (314368K), 19 survivors (19456K)
 Metaspace       used 57222K, capacity 59978K, committed 60112K, reserved 1101824K
  class space    used 6829K, capacity 7380K, committed 7424K, reserved 1048576K
2020-10-25T13:29:36.667+0100: 73120.803: [GC pause (G1 Evacuation Pause) (young)
Desired survivor size 20447232 bytes, new threshold 15 (max 15)
- age   1:    5054704 bytes,    5054704 total
- age   2:    1049472 bytes,    6104176 total
- age   3:      27864 bytes,    6132040 total
- age   4:      91576 bytes,    6223616 total
- age   5:    5535280 bytes,   11758896 total
- age   6:    1141448 bytes,   12900344 total
- age   7:      51936 bytes,   12952280 total
- age   8:      68592 bytes,   13020872 total
- age   9:      57352 bytes,   13078224 total
- age  10:      42872 bytes,   13121096 total
- age  11:      70272 bytes,   13191368 total
- age  12:      59736 bytes,   13251104 total
- age  13:      49112 bytes,   13300216 total
- age  14:      81136 bytes,   13381352 total
- age  15:     154840 bytes,   13536192 total
, 0.0240711 secs]
   [Parallel Time: 22.0 ms, GC Workers: 4]
      [GC Worker Start (ms): Min: 73120803.7, Avg: 73120803.7, Max: 73120803.7, Diff: 0.0]
      [Ext Root Scanning (ms): Min: 0.9, Avg: 1.0, Max: 1.2, Diff: 0.3, Sum: 4.0]
      [Update RS (ms): Min: 1.7, Avg: 2.0, Max: 2.4, Diff: 0.7, Sum: 8.0]
         [Processed Buffers: Min: 2, Avg: 5.0, Max: 13, Diff: 11, Sum: 20]
      [Scan RS (ms): Min: 0.0, Avg: 0.0, Max: 0.1, Diff: 0.1, Sum: 0.2]
      [Code Root Scanning (ms): Min: 0.0, Avg: 0.2, Max: 0.7, Diff: 0.7, Sum: 0.7]
      [Object Copy (ms): Min: 18.3, Avg: 18.7, Max: 19.0, Diff: 0.7, Sum: 74.6]
      [Termination (ms): Min: 0.0, Avg: 0.0, Max: 0.0, Diff: 0.0, Sum: 0.0]
         [Termination Attempts: Min: 1, Avg: 1.0, Max: 1, Diff: 0, Sum: 4]
      [GC Worker Other (ms): Min: 0.0, Avg: 0.0, Max: 0.1, Diff: 0.0, Sum: 0.1]
      [GC Worker Total (ms): Min: 21.9, Avg: 21.9, Max: 21.9, Diff: 0.0, Sum: 87.6]
      [GC Worker End (ms): Min: 73120825.6, Avg: 73120825.6, Max: 73120825.6, Diff: 0.0]
   [Code Root Fixup: 0.0 ms]
   [Code Root Purge: 0.0 ms]
   [Clear CT: 0.1 ms]
   [Other: 1.9 ms]
      [Choose CSet: 0.0 ms]
      [Ref Proc: 1.1 ms]
      [Ref Enq: 0.1 ms]
      [Redirty Cards: 0.1 ms]
      [Humongous Register: 0.0 ms]
      [Humongous Reclaim: 0.0 ms]
      [Free CSet: 0.3 ms]
   [Eden: 288.0M(288.0M)->0.0B(291.0M) Survivors: 19.0M->16.0M Heap: 344.8M(512.0M)->53.9M(512.0M)]
Heap after GC invocations=38 (full 0):
 garbage-first heap   total 524288K, used 55243K [0x00000000e0000000, 0x00000000e0101000, 0x0000000100000000)
  region size 1024K, 16 young (16384K), 16 survivors (16384K)
 Metaspace       used 57222K, capacity 59978K, committed 60112K, reserved 1101824K
  class space    used 6829K, capacity 7380K, committed 7424K, reserved 1048576K
}
 [Times: user=0.06 sys=0.00, real=0.02 secs] 
2020-10-25T13:29:36.691+0100: 73120.828: Total time for which application threads were stopped: 0.0248173 seconds, Stopping threads took: 0.0000792 seconds
2020-10-25T13:29:36.791+0100: 73120.927: Total time for which application threads were stopped: 0.0019495 seconds, Stopping threads took: 0.0017142 seconds
2020-10-25T13:29:36.796+0100: 73120.932: Total time for which application threads were stopped: 0.0003455 seconds, Stopping threads took: 0.0000953 seconds
2020-10-25T13:29:36.798+0100: 73120.934: Total time for which application threads were stopped: 0.0003710 seconds, Stopping threads took: 0.0000859 seconds
2020-10-25T13:29:36.881+0100: 73121.017: Total time for which application threads were stopped: 0.0256273 seconds, Stopping threads took: 0.0251836 seconds
2020-10-25T13:29:37.129+0100: 73121.265: Total time for which application threads were stopped: 0.0008816 seconds, Stopping threads took: 0.0000639 seconds
2020-10-25T13:29:37.130+0100: 73121.267: Total time for which application threads were stopped: 0.0003482 seconds, Stopping threads took: 0.0000600 seconds
2020-10-25T13:29:37.135+0100: 73121.271: Total time for which application threads were stopped: 0.0004268 seconds, Stopping threads took: 0.0000841 seconds
2020-10-25T13:29:37.137+0100: 73121.273: Total time for which application threads were stopped: 0.0003222 seconds, Stopping threads took: 0.0000622 seconds
2020-10-25T13:29:37.253+0100: 73121.389: Total time for which application threads were stopped: 0.0005890 seconds, Stopping threads took: 0.0001291 seconds
2020-10-25T13:31:00.851+0100: 73204.987: Total time for which application threads were stopped: 0.0003404 seconds, Stopping threads took: 0.0000703 seconds
2020-10-25T13:31:01.584+0100: 73205.720: Total time for which application threads were stopped: 0.0007507 seconds, Stopping threads took: 0.0004310 seconds
2020-10-25T13:31:01.823+0100: 73205.959: Total time for which application threads were stopped: 0.0026901 seconds, Stopping threads took: 0.0024144 seconds
2020-10-25T13:31:01.823+0100: 73205.960: Total time for which application threads were stopped: 0.0003555 seconds, Stopping threads took: 0.0000501 seconds
2020-10-25T13:31:01.834+0100: 73205.971: Total time for which application threads were stopped: 0.0014999 seconds, Stopping threads took: 0.0012387 seconds
{Heap before GC invocations=38 (full 0):
 garbage-first heap   total 524288K, used 353227K [0x00000000e0000000, 0x00000000e0101000, 0x0000000100000000)
  region size 1024K, 307 young (314368K), 16 survivors (16384K)
 Metaspace       used 57328K, capacity 60106K, committed 60368K, reserved 1101824K
  class space    used 6829K, capacity 7380K, committed 7424K, reserved 1048576K
2020-10-25T13:31:01.964+0100: 73206.101: [GC pause (G1 Evacuation Pause) (young)
Desired survivor size 20447232 bytes, new threshold 15 (max 15)
- age   1:    2590864 bytes,    2590864 total
- age   2:    4790472 bytes,    7381336 total
- age   3:    1048400 bytes,    8429736 total
- age   4:      27784 bytes,    8457520 total
- age   5:      91576 bytes,    8549096 total
- age   6:    5535120 bytes,   14084216 total
- age   7:    1141448 bytes,   15225664 total
- age   8:      51936 bytes,   15277600 total
- age   9:      68592 bytes,   15346192 total
- age  10:      57352 bytes,   15403544 total
- age  11:      42872 bytes,   15446416 total
- age  12:      70272 bytes,   15516688 total
- age  13:      59736 bytes,   15576424 total
- age  14:      49112 bytes,   15625536 total
- age  15:      81136 bytes,   15706672 total
, 0.0324578 secs]
   [Parallel Time: 25.1 ms, GC Workers: 4]
      [GC Worker Start (ms): Min: 73206101.4, Avg: 73206101.4, Max: 73206101.4, Diff: 0.0]
      [Ext Root Scanning (ms): Min: 0.9, Avg: 1.0, Max: 1.2, Diff: 0.3, Sum: 4.2]
      [Update RS (ms): Min: 2.3, Avg: 2.5, Max: 2.6, Diff: 0.4, Sum: 9.8]
         [Processed Buffers: Min: 2, Avg: 5.8, Max: 13, Diff: 11, Sum: 23]
      [Scan RS (ms): Min: 0.0, Avg: 0.1, Max: 0.1, Diff: 0.1, Sum: 0.2]
      [Code Root Scanning (ms): Min: 0.0, Avg: 0.2, Max: 0.4, Diff: 0.4, Sum: 0.7]
      [Object Copy (ms): Min: 21.1, Avg: 21.2, Max: 21.4, Diff: 0.4, Sum: 85.0]
      [Termination (ms): Min: 0.0, Avg: 0.0, Max: 0.0, Diff: 0.0, Sum: 0.0]
         [Termination Attempts: Min: 1, Avg: 10.5, Max: 18, Diff: 17, Sum: 42]
      [GC Worker Other (ms): Min: 0.0, Avg: 0.0, Max: 0.0, Diff: 0.0, Sum: 0.1]
      [GC Worker Total (ms): Min: 25.0, Avg: 25.0, Max: 25.0, Diff: 0.0, Sum: 100.0]
      [GC Worker End (ms): Min: 73206126.4, Avg: 73206126.4, Max: 73206126.4, Diff: 0.0]
   [Code Root Fixup: 0.0 ms]
   [Code Root Purge: 0.0 ms]
   [Clear CT: 0.1 ms]
   [Other: 7.2 ms]
      [Choose CSet: 0.0 ms]
      [Ref Proc: 6.5 ms]
      [Ref Enq: 0.1 ms]
      [Redirty Cards: 0.0 ms]
      [Humongous Register: 0.0 ms]
      [Humongous Reclaim: 0.0 ms]
      [Free CSet: 0.3 ms]
   [Eden: 291.0M(291.0M)->0.0B(284.0M) Survivors: 16.0M->23.0M Heap: 344.9M(512.0M)->60.6M(512.0M)]
Heap after GC invocations=39 (full 0):
 garbage-first heap   total 524288K, used 62078K [0x00000000e0000000, 0x00000000e0101000, 0x0000000100000000)
  region size 1024K, 23 young (23552K), 23 survivors (23552K)
 Metaspace       used 57328K, capacity 60106K, committed 60368K, reserved 1101824K
  class space    used 6829K, capacity 7380K, committed 7424K, reserved 1048576K
}
 [Times: user=0.09 sys=0.00, real=0.03 secs] 
2020-10-25T13:31:01.997+0100: 73206.134: Total time for which application threads were stopped: 0.0657948 seconds, Stopping threads took: 0.0327121 seconds
2020-10-25T13:31:02.586+0100: 73206.723: Total time for which application threads were stopped: 0.0003676 seconds, Stopping threads took: 0.0001013 seconds
2020-10-25T13:31:02.598+0100: 73206.735: Total time for which application threads were stopped: 0.0003744 seconds, Stopping threads took: 0.0001067 seconds
2020-10-25T13:31:02.603+0100: 73206.740: Total time for which application threads were stopped: 0.0002985 seconds, Stopping threads took: 0.0000766 seconds
2020-10-25T13:31:02.687+0100: 73206.824: Total time for which application threads were stopped: 0.0102825 seconds, Stopping threads took: 0.0099511 seconds
2020-10-25T13:31:03.031+0100: 73207.168: Total time for which application threads were stopped: 0.0134886 seconds, Stopping threads took: 0.0132397 seconds
2020-10-25T13:31:03.033+0100: 73207.170: Total time for which application threads were stopped: 0.0011655 seconds, Stopping threads took: 0.0008684 seconds
2020-10-25T13:31:03.034+0100: 73207.170: Total time for which application threads were stopped: 0.0003374 seconds, Stopping threads took: 0.0000706 seconds
2020-10-25T13:31:03.064+0100: 73207.201: Total time for which application threads were stopped: 0.0278760 seconds, Stopping threads took: 0.0276093 seconds
2020-10-25T13:31:03.065+0100: 73207.201: Total time for which application threads were stopped: 0.0002683 seconds, Stopping threads took: 0.0000575 seconds
2020-10-25T13:31:03.065+0100: 73207.201: Total time for which application threads were stopped: 0.0002289 seconds, Stopping threads took: 0.0000646 seconds
2020-10-25T13:31:03.093+0100: 73207.229: Total time for which application threads were stopped: 0.0003557 seconds, Stopping threads took: 0.0000892 seconds
2020-10-25T13:31:03.096+0100: 73207.232: Total time for which application threads were stopped: 0.0003174 seconds, Stopping threads took: 0.0000744 seconds
2020-10-25T13:31:03.096+0100: 73207.233: Total time for which application threads were stopped: 0.0002777 seconds, Stopping threads took: 0.0000575 seconds
2020-10-25T13:31:03.285+0100: 73207.421: Total time for which application threads were stopped: 0.0002897 seconds, Stopping threads took: 0.0000611 seconds
2020-10-25T13:31:03.289+0100: 73207.425: Total time for which application threads were stopped: 0.0002879 seconds, Stopping threads took: 0.0000586 seconds
2020-10-25T13:31:03.292+0100: 73207.428: Total time for which application threads were stopped: 0.0002834 seconds, Stopping threads took: 0.0000557 seconds
2020-10-25T13:31:03.349+0100: 73207.485: Total time for which application threads were stopped: 0.0026986 seconds, Stopping threads took: 0.0018564 seconds
2020-10-25T13:31:03.444+0100: 73207.581: Total time for which application threads were stopped: 0.0004672 seconds, Stopping threads took: 0.0000936 seconds
2020-10-25T13:31:03.445+0100: 73207.581: Total time for which application threads were stopped: 0.0002752 seconds, Stopping threads took: 0.0000471 seconds
2020-10-25T13:31:03.445+0100: 73207.581: Total time for which application threads were stopped: 0.0002346 seconds, Stopping threads took: 0.0000434 seconds
2020-10-25T13:31:03.445+0100: 73207.582: Total time for which application threads were stopped: 0.0002321 seconds, Stopping threads took: 0.0000418 seconds
2020-10-25T13:31:03.446+0100: 73207.582: Total time for which application threads were stopped: 0.0001822 seconds, Stopping threads took: 0.0000335 seconds
2020-10-25T13:31:03.446+0100: 73207.582: Total time for which application threads were stopped: 0.0002390 seconds, Stopping threads took: 0.0000584 seconds
2020-10-25T13:31:03.465+0100: 73207.602: Total time for which application threads were stopped: 0.0003677 seconds, Stopping threads took: 0.0001079 seconds
2020-10-25T13:31:03.469+0100: 73207.605: Total time for which application threads were stopped: 0.0003337 seconds, Stopping threads took: 0.0000958 seconds
2020-10-25T13:31:03.469+0100: 73207.606: Total time for which application threads were stopped: 0.0002540 seconds, Stopping threads took: 0.0000375 seconds
2020-10-25T13:31:03.491+0100: 73207.627: Total time for which application threads were stopped: 0.0008848 seconds, Stopping threads took: 0.0000666 seconds
2020-10-25T13:31:03.493+0100: 73207.629: Total time for which application threads were stopped: 0.0011173 seconds, Stopping threads took: 0.0001380 seconds
2020-10-25T13:31:03.579+0100: 73207.715: Total time for which application threads were stopped: 0.0003414 seconds, Stopping threads took: 0.0000625 seconds
2020-10-25T13:31:45.901+0100: 73250.038: Total time for which application threads were stopped: 0.0008885 seconds, Stopping threads took: 0.0002142 seconds
2020-10-25T13:31:57.230+0100: 73261.367: Total time for which application threads were stopped: 0.0008685 seconds, Stopping threads took: 0.0000684 seconds
2020-10-25T13:31:57.237+0100: 73261.374: Total time for which application threads were stopped: 0.0002792 seconds, Stopping threads took: 0.0000682 seconds
{Heap before GC invocations=39 (full 0):
 garbage-first heap   total 524288K, used 352894K [0x00000000e0000000, 0x00000000e0101000, 0x0000000100000000)
  region size 1024K, 307 young (314368K), 23 survivors (23552K)
 Metaspace       used 57387K, capacity 60170K, committed 60368K, reserved 1101824K
  class space    used 6829K, capacity 7380K, committed 7424K, reserved 1048576K
2020-10-25T13:31:57.838+0100: 73261.974: [GC pause (G1 Evacuation Pause) (young)
Desired survivor size 20447232 bytes, new threshold 15 (max 15)
- age   1:    6565712 bytes,    6565712 total
- age   2:     983584 bytes,    7549296 total
- age   3:     584744 bytes,    8134040 total
- age   4:      69104 bytes,    8203144 total
- age   5:      27680 bytes,    8230824 total
- age   6:      90608 bytes,    8321432 total
- age   7:    5535120 bytes,   13856552 total
- age   8:    1141448 bytes,   14998000 total
- age   9:      51936 bytes,   15049936 total
- age  10:      68592 bytes,   15118528 total
- age  11:      56680 bytes,   15175208 total
- age  12:      42872 bytes,   15218080 total
- age  13:      70272 bytes,   15288352 total
- age  14:      59736 bytes,   15348088 total
- age  15:      49112 bytes,   15397200 total
, 0.0304695 secs]
   [Parallel Time: 23.7 ms, GC Workers: 4]
      [GC Worker Start (ms): Min: 73261974.6, Avg: 73261974.6, Max: 73261974.6, Diff: 0.0]
      [Ext Root Scanning (ms): Min: 0.7, Avg: 1.1, Max: 1.4, Diff: 0.8, Sum: 4.4]
      [Update RS (ms): Min: 2.1, Avg: 2.2, Max: 2.3, Diff: 0.2, Sum: 8.7]
         [Processed Buffers: Min: 2, Avg: 7.0, Max: 18, Diff: 16, Sum: 28]
      [Scan RS (ms): Min: 0.0, Avg: 0.1, Max: 0.1, Diff: 0.1, Sum: 0.2]
      [Code Root Scanning (ms): Min: 0.0, Avg: 0.2, Max: 0.4, Diff: 0.4, Sum: 0.9]
      [Object Copy (ms): Min: 19.6, Avg: 20.0, Max: 20.6, Diff: 1.0, Sum: 80.2]
      [Termination (ms): Min: 0.0, Avg: 0.0, Max: 0.0, Diff: 0.0, Sum: 0.0]
         [Termination Attempts: Min: 1, Avg: 15.8, Max: 29, Diff: 28, Sum: 63]
      [GC Worker Other (ms): Min: 0.0, Avg: 0.0, Max: 0.0, Diff: 0.0, Sum: 0.1]
      [GC Worker Total (ms): Min: 23.6, Avg: 23.6, Max: 23.6, Diff: 0.0, Sum: 94.5]
      [GC Worker End (ms): Min: 73261998.2, Avg: 73261998.2, Max: 73261998.3, Diff: 0.0]
   [Code Root Fixup: 0.0 ms]
   [Code Root Purge: 0.0 ms]
   [Clear CT: 0.1 ms]
   [Other: 6.6 ms]
      [Choose CSet: 0.0 ms]
      [Ref Proc: 5.9 ms]
      [Ref Enq: 0.1 ms]
      [Redirty Cards: 0.0 ms]
      [Humongous Register: 0.0 ms]
      [Humongous Reclaim: 0.0 ms]
      [Free CSet: 0.3 ms]
   [Eden: 284.0M(284.0M)->0.0B(287.0M) Survivors: 23.0M->20.0M Heap: 344.6M(512.0M)->57.7M(512.0M)]
Heap after GC invocations=40 (full 0):
 garbage-first heap   total 524288K, used 59098K [0x00000000e0000000, 0x00000000e0101000, 0x0000000100000000)
  region size 1024K, 20 young (20480K), 20 survivors (20480K)
 Metaspace       used 57387K, capacity 60170K, committed 60368K, reserved 1101824K
  class space    used 6829K, capacity 7380K, committed 7424K, reserved 1048576K
}
 [Times: user=0.05 sys=0.00, real=0.03 secs] 
2020-10-25T13:31:57.869+0100: 73262.005: Total time for which application threads were stopped: 0.0312123 seconds, Stopping threads took: 0.0000801 seconds
2020-10-25T13:31:57.920+0100: 73262.056: Total time for which application threads were stopped: 0.0049811 seconds, Stopping threads took: 0.0046810 seconds
2020-10-25T13:31:58.142+0100: 73262.278: Total time for which application threads were stopped: 0.0004808 seconds, Stopping threads took: 0.0001003 seconds
2020-10-25T13:31:58.171+0100: 73262.307: Total time for which application threads were stopped: 0.0052640 seconds, Stopping threads took: 0.0049825 seconds
2020-10-25T13:31:58.172+0100: 73262.309: Total time for which application threads were stopped: 0.0004790 seconds, Stopping threads took: 0.0002046 seconds
{Heap before GC invocations=40 (full 0):
 garbage-first heap   total 524288K, used 352986K [0x00000000e0000000, 0x00000000e0101000, 0x0000000100000000)
  region size 1024K, 307 young (314368K), 20 survivors (20480K)
 Metaspace       used 57393K, capacity 60170K, committed 60368K, reserved 1101824K
  class space    used 6829K, capacity 7380K, committed 7424K, reserved 1048576K
2020-10-25T13:31:58.612+0100: 73262.748: [GC pause (G1 Evacuation Pause) (young)
Desired survivor size 20447232 bytes, new threshold 15 (max 15)
- age   1:    5495312 bytes,    5495312 total
- age   2:    1068568 bytes,    6563880 total
- age   3:      32168 bytes,    6596048 total
- age   4:     138360 bytes,    6734408 total
- age   5:      68816 bytes,    6803224 total
- age   6:      27680 bytes,    6830904 total
- age   7:      90584 bytes,    6921488 total
- age   8:    5535048 bytes,   12456536 total
- age   9:    1141448 bytes,   13597984 total
- age  10:      51936 bytes,   13649920 total
- age  11:      68592 bytes,   13718512 total
- age  12:      56680 bytes,   13775192 total
- age  13:      42872 bytes,   13818064 total
- age  14:      70272 bytes,   13888336 total
- age  15:      59736 bytes,   13948072 total
, 0.0301693 secs]
   [Parallel Time: 27.2 ms, GC Workers: 4]
      [GC Worker Start (ms): Min: 73262748.6, Avg: 73262748.6, Max: 73262748.6, Diff: 0.0]
      [Ext Root Scanning (ms): Min: 0.4, Avg: 1.8, Max: 2.7, Diff: 2.3, Sum: 7.2]
      [Update RS (ms): Min: 1.4, Avg: 2.3, Max: 2.8, Diff: 1.5, Sum: 9.1]
         [Processed Buffers: Min: 2, Avg: 5.5, Max: 14, Diff: 12, Sum: 22]
      [Scan RS (ms): Min: 0.0, Avg: 0.1, Max: 0.1, Diff: 0.1, Sum: 0.2]
      [Code Root Scanning (ms): Min: 0.0, Avg: 0.2, Max: 0.4, Diff: 0.4, Sum: 0.7]
      [Object Copy (ms): Min: 21.4, Avg: 22.5, Max: 24.6, Diff: 3.2, Sum: 89.8]
      [Termination (ms): Min: 0.0, Avg: 0.2, Max: 0.3, Diff: 0.3, Sum: 0.9]
         [Termination Attempts: Min: 1, Avg: 13.5, Max: 26, Diff: 25, Sum: 54]
      [GC Worker Other (ms): Min: 0.0, Avg: 0.0, Max: 0.0, Diff: 0.0, Sum: 0.1]
      [GC Worker Total (ms): Min: 26.8, Avg: 27.0, Max: 27.1, Diff: 0.3, Sum: 108.1]
      [GC Worker End (ms): Min: 73262775.5, Avg: 73262775.7, Max: 73262775.7, Diff: 0.3]
   [Code Root Fixup: 0.0 ms]
   [Code Root Purge: 0.0 ms]
   [Clear CT: 0.4 ms]
   [Other: 2.6 ms]
      [Choose CSet: 0.0 ms]
      [Ref Proc: 2.1 ms]
      [Ref Enq: 0.0 ms]
      [Redirty Cards: 0.0 ms]
      [Humongous Register: 0.0 ms]
      [Humongous Reclaim: 0.0 ms]
      [Free CSet: 0.2 ms]
   [Eden: 287.0M(287.0M)->0.0B(291.0M) Survivors: 20.0M->16.0M Heap: 344.7M(512.0M)->53.8M(512.0M)]
Heap after GC invocations=41 (full 0):
 garbage-first heap   total 524288K, used 55077K [0x00000000e0000000, 0x00000000e0101000, 0x0000000100000000)
  region size 1024K, 16 young (16384K), 16 survivors (16384K)
 Metaspace       used 57393K, capacity 60170K, committed 60368K, reserved 1101824K
  class space    used 6829K, capacity 7380K, committed 7424K, reserved 1048576K
}
 [Times: user=0.13 sys=0.00, real=0.03 secs] 
2020-10-25T13:31:58.643+0100: 73262.779: Total time for which application threads were stopped: 0.0818665 seconds, Stopping threads took: 0.0510942 seconds
2020-10-25T13:31:58.670+0100: 73262.806: Total time for which application threads were stopped: 0.0003848 seconds, Stopping threads took: 0.0000961 seconds
2020-10-25T13:31:58.688+0100: 73262.824: Total time for which application threads were stopped: 0.0141343 seconds, Stopping threads took: 0.0133879 seconds
2020-10-25T13:31:58.690+0100: 73262.826: Total time for which application threads were stopped: 0.0004730 seconds, Stopping threads took: 0.0000912 seconds
2020-10-25T13:31:59.139+0100: 73263.276: Total time for which application threads were stopped: 0.0503004 seconds, Stopping threads took: 0.0500149 seconds
2020-10-25T13:31:59.139+0100: 73263.276: Total time for which application threads were stopped: 0.0002149 seconds, Stopping threads took: 0.0000460 seconds
2020-10-25T13:31:59.142+0100: 73263.279: Total time for which application threads were stopped: 0.0003260 seconds, Stopping threads took: 0.0000749 seconds
2020-10-25T13:31:59.142+0100: 73263.279: Total time for which application threads were stopped: 0.0002993 seconds, Stopping threads took: 0.0000565 seconds
2020-10-25T13:31:59.143+0100: 73263.280: Total time for which application threads were stopped: 0.0002778 seconds, Stopping threads took: 0.0000489 seconds
2020-10-25T13:31:59.143+0100: 73263.280: Total time for which application threads were stopped: 0.0003408 seconds, Stopping threads took: 0.0000635 seconds
2020-10-25T13:31:59.184+0100: 73263.321: Total time for which application threads were stopped: 0.0251916 seconds, Stopping threads took: 0.0249372 seconds
2020-10-25T13:31:59.186+0100: 73263.323: Total time for which application threads were stopped: 0.0003526 seconds, Stopping threads took: 0.0000593 seconds
2020-10-25T13:31:59.186+0100: 73263.323: Total time for which application threads were stopped: 0.0002943 seconds, Stopping threads took: 0.0000447 seconds
2020-10-25T13:31:59.187+0100: 73263.324: Total time for which application threads were stopped: 0.0003334 seconds, Stopping threads took: 0.0000633 seconds
2020-10-25T13:31:59.188+0100: 73263.325: Total time for which application threads were stopped: 0.0005302 seconds, Stopping threads took: 0.0000639 seconds
2020-10-25T13:31:59.429+0100: 73263.566: Total time for which application threads were stopped: 0.0003626 seconds, Stopping threads took: 0.0000688 seconds
2020-10-25T13:31:59.529+0100: 73263.665: Total time for which application threads were stopped: 0.0025307 seconds, Stopping threads took: 0.0022716 seconds
2020-10-25T13:31:59.529+0100: 73263.666: Total time for which application threads were stopped: 0.0001822 seconds, Stopping threads took: 0.0000629 seconds
2020-10-25T13:31:59.529+0100: 73263.666: Total time for which application threads were stopped: 0.0001878 seconds, Stopping threads took: 0.0000417 seconds
2020-10-25T13:31:59.529+0100: 73263.666: Total time for which application threads were stopped: 0.0001791 seconds, Stopping threads took: 0.0000377 seconds
2020-10-25T13:31:59.530+0100: 73263.666: Total time for which application threads were stopped: 0.0001778 seconds, Stopping threads took: 0.0000386 seconds
2020-10-25T13:31:59.530+0100: 73263.667: Total time for which application threads were stopped: 0.0001705 seconds, Stopping threads took: 0.0000376 seconds
2020-10-25T13:31:59.538+0100: 73263.675: Total time for which application threads were stopped: 0.0003610 seconds, Stopping threads took: 0.0000737 seconds
2020-10-25T13:31:59.539+0100: 73263.676: Total time for which application threads were stopped: 0.0003605 seconds, Stopping threads took: 0.0000780 seconds
2020-10-25T13:31:59.540+0100: 73263.676: Total time for which application threads were stopped: 0.0002103 seconds, Stopping threads took: 0.0000430 seconds
2020-10-25T13:31:59.540+0100: 73263.677: Total time for which application threads were stopped: 0.0001828 seconds, Stopping threads took: 0.0000354 seconds
2020-10-25T13:31:59.540+0100: 73263.677: Total time for which application threads were stopped: 0.0002926 seconds, Stopping threads took: 0.0000461 seconds
2020-10-25T13:32:45.946+0100: 73310.083: Total time for which application threads were stopped: 0.0006381 seconds, Stopping threads took: 0.0001888 seconds
2020-10-25T13:33:39.922+0100: 73364.059: Total time for which application threads were stopped: 0.0018468 seconds, Stopping threads took: 0.0001692 seconds
2020-10-25T13:33:45.331+0100: 73369.467: Total time for which application threads were stopped: 0.0002479 seconds, Stopping threads took: 0.0000439 seconds
2020-10-25T13:34:45.955+0100: 73430.091: Total time for which application threads were stopped: 0.0003823 seconds, Stopping threads took: 0.0001289 seconds
2020-10-25T13:35:00.334+0100: 73444.471: Total time for which application threads were stopped: 0.0002530 seconds, Stopping threads took: 0.0000535 seconds
2020-10-25T13:35:00.999+0100: 73445.135: Total time for which application threads were stopped: 0.0005221 seconds, Stopping threads took: 0.0001077 seconds
2020-10-25T13:35:01.041+0100: 73445.178: Total time for which application threads were stopped: 0.0102567 seconds, Stopping threads took: 0.0094248 seconds
{Heap before GC invocations=41 (full 0):
 garbage-first heap   total 524288K, used 353061K [0x00000000e0000000, 0x00000000e0101000, 0x0000000100000000)
  region size 1024K, 307 young (314368K), 16 survivors (16384K)
 Metaspace       used 57421K, capacity 60170K, committed 60368K, reserved 1101824K
  class space    used 6829K, capacity 7380K, committed 7424K, reserved 1048576K
2020-10-25T13:35:01.159+0100: 73445.295: [GC pause (G1 Evacuation Pause) (young)
Desired survivor size 20447232 bytes, new threshold 15 (max 15)
- age   1:    2115864 bytes,    2115864 total
- age   2:    4726184 bytes,    6842048 total
- age   3:    1067496 bytes,    7909544 total
- age   4:      32128 bytes,    7941672 total
- age   5:     138320 bytes,    8079992 total
- age   6:      68816 bytes,    8148808 total
- age   7:      27680 bytes,    8176488 total
- age   8:      90584 bytes,    8267072 total
- age   9:    5535048 bytes,   13802120 total
- age  10:    1141448 bytes,   14943568 total
- age  11:      51936 bytes,   14995504 total
- age  12:      68592 bytes,   15064096 total
- age  13:      56680 bytes,   15120776 total
- age  14:      42872 bytes,   15163648 total
- age  15:      70272 bytes,   15233920 total
, 0.0310849 secs]
   [Parallel Time: 24.2 ms, GC Workers: 4]
      [GC Worker Start (ms): Min: 73445295.4, Avg: 73445295.5, Max: 73445295.5, Diff: 0.0]
      [Ext Root Scanning (ms): Min: 0.9, Avg: 1.3, Max: 1.7, Diff: 0.8, Sum: 5.0]
      [Update RS (ms): Min: 2.2, Avg: 2.4, Max: 2.6, Diff: 0.4, Sum: 9.4]
         [Processed Buffers: Min: 2, Avg: 7.0, Max: 20, Diff: 18, Sum: 28]
      [Scan RS (ms): Min: 0.0, Avg: 0.1, Max: 0.1, Diff: 0.1, Sum: 0.2]
      [Code Root Scanning (ms): Min: 0.0, Avg: 0.2, Max: 0.7, Diff: 0.7, Sum: 0.8]
      [Object Copy (ms): Min: 20.1, Avg: 20.2, Max: 20.7, Diff: 0.6, Sum: 81.0]
      [Termination (ms): Min: 0.0, Avg: 0.0, Max: 0.0, Diff: 0.0, Sum: 0.0]
         [Termination Attempts: Min: 1, Avg: 6.5, Max: 11, Diff: 10, Sum: 26]
      [GC Worker Other (ms): Min: 0.0, Avg: 0.0, Max: 0.0, Diff: 0.0, Sum: 0.1]
      [GC Worker Total (ms): Min: 24.1, Avg: 24.1, Max: 24.2, Diff: 0.0, Sum: 96.6]
      [GC Worker End (ms): Min: 73445319.6, Avg: 73445319.6, Max: 73445319.6, Diff: 0.0]
   [Code Root Fixup: 0.0 ms]
   [Code Root Purge: 0.0 ms]
   [Clear CT: 0.2 ms]
   [Other: 6.7 ms]
      [Choose CSet: 0.0 ms]
      [Ref Proc: 5.9 ms]
      [Ref Enq: 0.1 ms]
      [Redirty Cards: 0.1 ms]
      [Humongous Register: 0.0 ms]
      [Humongous Reclaim: 0.0 ms]
      [Free CSet: 0.4 ms]
   [Eden: 291.0M(291.0M)->0.0B(285.0M) Survivors: 16.0M->22.0M Heap: 344.8M(512.0M)->59.9M(512.0M)]
Heap after GC invocations=42 (full 0):
 garbage-first heap   total 524288K, used 61325K [0x00000000e0000000, 0x00000000e0101000, 0x0000000100000000)
  region size 1024K, 22 young (22528K), 22 survivors (22528K)
 Metaspace       used 57421K, capacity 60170K, committed 60368K, reserved 1101824K
  class space    used 6829K, capacity 7380K, committed 7424K, reserved 1048576K
}
 [Times: user=0.13 sys=0.00, real=0.03 secs] 
2020-10-25T13:35:01.190+0100: 73445.327: Total time for which application threads were stopped: 0.0318986 seconds, Stopping threads took: 0.0000898 seconds
2020-10-25T13:35:01.191+0100: 73445.327: Total time for which application threads were stopped: 0.0003173 seconds, Stopping threads took: 0.0000546 seconds
2020-10-25T13:35:01.249+0100: 73445.385: Total time for which application threads were stopped: 0.0007432 seconds, Stopping threads took: 0.0003545 seconds
2020-10-25T13:35:01.398+0100: 73445.534: Total time for which application threads were stopped: 0.0005977 seconds, Stopping threads took: 0.0001449 seconds
2020-10-25T13:35:01.501+0100: 73445.637: Total time for which application threads were stopped: 0.0003663 seconds, Stopping threads took: 0.0001169 seconds
2020-10-25T13:35:01.505+0100: 73445.641: Total time for which application threads were stopped: 0.0004249 seconds, Stopping threads took: 0.0000914 seconds
2020-10-25T13:35:01.507+0100: 73445.644: Total time for which application threads were stopped: 0.0003191 seconds, Stopping threads took: 0.0000917 seconds
2020-10-25T13:35:01.572+0100: 73445.708: Total time for which application threads were stopped: 0.0005152 seconds, Stopping threads took: 0.0000822 seconds
2020-10-25T13:35:01.800+0100: 73445.937: Total time for which application threads were stopped: 0.0018560 seconds, Stopping threads took: 0.0015955 seconds
2020-10-25T13:35:01.800+0100: 73445.937: Total time for which application threads were stopped: 0.0002838 seconds, Stopping threads took: 0.0000673 seconds
2020-10-25T13:35:01.801+0100: 73445.938: Total time for which application threads were stopped: 0.0002606 seconds, Stopping threads took: 0.0000521 seconds
2020-10-25T13:35:01.801+0100: 73445.938: Total time for which application threads were stopped: 0.0002559 seconds, Stopping threads took: 0.0000591 seconds
2020-10-25T13:35:01.802+0100: 73445.939: Total time for which application threads were stopped: 0.0001996 seconds, Stopping threads took: 0.0000349 seconds
2020-10-25T13:35:01.802+0100: 73445.939: Total time for which application threads were stopped: 0.0002266 seconds, Stopping threads took: 0.0000475 seconds
2020-10-25T13:35:01.812+0100: 73445.949: Total time for which application threads were stopped: 0.0003780 seconds, Stopping threads took: 0.0001336 seconds
2020-10-25T13:35:01.814+0100: 73445.951: Total time for which application threads were stopped: 0.0004457 seconds, Stopping threads took: 0.0001057 seconds
2020-10-25T13:35:01.816+0100: 73445.953: Total time for which application threads were stopped: 0.0004430 seconds, Stopping threads took: 0.0000840 seconds
2020-10-25T13:35:01.817+0100: 73445.954: Total time for which application threads were stopped: 0.0003249 seconds, Stopping threads took: 0.0000797 seconds
2020-10-25T13:35:01.823+0100: 73445.960: Total time for which application threads were stopped: 0.0003146 seconds, Stopping threads took: 0.0000592 seconds
2020-10-25T13:35:01.825+0100: 73445.962: Total time for which application threads were stopped: 0.0002828 seconds, Stopping threads took: 0.0000617 seconds
2020-10-25T13:35:01.842+0100: 73445.979: Total time for which application threads were stopped: 0.0003649 seconds, Stopping threads took: 0.0001035 seconds
2020-10-25T13:35:01.925+0100: 73446.062: Total time for which application threads were stopped: 0.0020291 seconds, Stopping threads took: 0.0018171 seconds
2020-10-25T13:35:01.926+0100: 73446.063: Total time for which application threads were stopped: 0.0002337 seconds, Stopping threads took: 0.0000724 seconds
2020-10-25T13:35:01.926+0100: 73446.063: Total time for which application threads were stopped: 0.0002020 seconds, Stopping threads took: 0.0000409 seconds
2020-10-25T13:35:01.926+0100: 73446.063: Total time for which application threads were stopped: 0.0001900 seconds, Stopping threads took: 0.0000416 seconds
2020-10-25T13:35:01.927+0100: 73446.064: Total time for which application threads were stopped: 0.0002011 seconds, Stopping threads took: 0.0000424 seconds
2020-10-25T13:35:01.927+0100: 73446.064: Total time for which application threads were stopped: 0.0004110 seconds, Stopping threads took: 0.0000425 seconds
2020-10-25T13:35:01.936+0100: 73446.073: Total time for which application threads were stopped: 0.0002998 seconds, Stopping threads took: 0.0000702 seconds
2020-10-25T13:35:01.937+0100: 73446.074: Total time for which application threads were stopped: 0.0002975 seconds, Stopping threads took: 0.0000901 seconds
2020-10-25T13:35:01.937+0100: 73446.074: Total time for which application threads were stopped: 0.0002424 seconds, Stopping threads took: 0.0000659 seconds
2020-10-25T13:35:43.743+0100: 73487.880: Total time for which application threads were stopped: 0.0003064 seconds, Stopping threads took: 0.0000577 seconds
{Heap before GC invocations=42 (full 0):
 garbage-first heap   total 524288K, used 353165K [0x00000000e0000000, 0x00000000e0101000, 0x0000000100000000)
  region size 1024K, 307 young (314368K), 22 survivors (22528K)
 Metaspace       used 57435K, capacity 60170K, committed 60368K, reserved 1101824K
  class space    used 6829K, capacity 7380K, committed 7424K, reserved 1048576K
2020-10-25T13:35:44.455+0100: 73488.591: [GC pause (G1 Evacuation Pause) (young)
Desired survivor size 20447232 bytes, new threshold 15 (max 15)
- age   1:    6579192 bytes,    6579192 total
- age   2:    1230920 bytes,    7810112 total
- age   3:     534248 bytes,    8344360 total
- age   4:      72320 bytes,    8416680 total
- age   5:      32024 bytes,    8448704 total
- age   6:      71136 bytes,    8519840 total
- age   7:      68776 bytes,    8588616 total
- age   8:      27680 bytes,    8616296 total
- age   9:      90584 bytes,    8706880 total
- age  10:    5534856 bytes,   14241736 total
- age  11:    1141448 bytes,   15383184 total
- age  12:      51936 bytes,   15435120 total
- age  13:      68152 bytes,   15503272 total
- age  14:      56680 bytes,   15559952 total
- age  15:      42872 bytes,   15602824 total
, 0.0305566 secs]
   [Parallel Time: 23.6 ms, GC Workers: 4]
      [GC Worker Start (ms): Min: 73488591.1, Avg: 73488591.1, Max: 73488591.2, Diff: 0.1]
      [Ext Root Scanning (ms): Min: 0.8, Avg: 1.0, Max: 1.2, Diff: 0.4, Sum: 4.1]
      [Update RS (ms): Min: 2.1, Avg: 2.3, Max: 2.4, Diff: 0.3, Sum: 9.0]
         [Processed Buffers: Min: 2, Avg: 6.3, Max: 17, Diff: 15, Sum: 25]
      [Scan RS (ms): Min: 0.0, Avg: 0.1, Max: 0.1, Diff: 0.1, Sum: 0.2]
      [Code Root Scanning (ms): Min: 0.0, Avg: 0.2, Max: 0.4, Diff: 0.4, Sum: 0.8]
      [Object Copy (ms): Min: 19.6, Avg: 19.9, Max: 20.2, Diff: 0.5, Sum: 79.6]
      [Termination (ms): Min: 0.0, Avg: 0.0, Max: 0.0, Diff: 0.0, Sum: 0.0]
         [Termination Attempts: Min: 1, Avg: 5.5, Max: 11, Diff: 10, Sum: 22]
      [GC Worker Other (ms): Min: 0.0, Avg: 0.0, Max: 0.0, Diff: 0.0, Sum: 0.1]
      [GC Worker Total (ms): Min: 23.4, Avg: 23.5, Max: 23.5, Diff: 0.1, Sum: 93.8]
      [GC Worker End (ms): Min: 73488614.6, Avg: 73488614.6, Max: 73488614.6, Diff: 0.0]
   [Code Root Fixup: 0.0 ms]
   [Code Root Purge: 0.0 ms]
   [Clear CT: 0.1 ms]
   [Other: 6.8 ms]
      [Choose CSet: 0.0 ms]
      [Ref Proc: 6.2 ms]
      [Ref Enq: 0.1 ms]
      [Redirty Cards: 0.0 ms]
      [Humongous Register: 0.0 ms]
      [Humongous Reclaim: 0.0 ms]
      [Free CSet: 0.3 ms]
   [Eden: 285.0M(285.0M)->0.0B(286.0M) Survivors: 22.0M->21.0M Heap: 344.9M(512.0M)->59.0M(512.0M)]
Heap after GC invocations=43 (full 0):
 garbage-first heap   total 524288K, used 60398K [0x00000000e0000000, 0x00000000e0101000, 0x0000000100000000)
  region size 1024K, 21 young (21504K), 21 survivors (21504K)
 Metaspace       used 57435K, capacity 60170K, committed 60368K, reserved 1101824K
  class space    used 6829K, capacity 7380K, committed 7424K, reserved 1048576K
}
 [Times: user=0.13 sys=0.00, real=0.03 secs] 
2020-10-25T13:35:44.486+0100: 73488.622: Total time for which application threads were stopped: 0.0313114 seconds, Stopping threads took: 0.0000714 seconds
2020-10-25T13:35:44.491+0100: 73488.628: Total time for which application threads were stopped: 0.0004955 seconds, Stopping threads took: 0.0001009 seconds
2020-10-25T13:35:44.638+0100: 73488.775: Total time for which application threads were stopped: 0.0003641 seconds, Stopping threads took: 0.0000949 seconds
2020-10-25T13:35:44.692+0100: 73488.828: Total time for which application threads were stopped: 0.0240465 seconds, Stopping threads took: 0.0237942 seconds
2020-10-25T13:35:44.693+0100: 73488.829: Total time for which application threads were stopped: 0.0003627 seconds, Stopping threads took: 0.0000809 seconds
2020-10-25T13:35:45.044+0100: 73489.181: Total time for which application threads were stopped: 0.0003984 seconds, Stopping threads took: 0.0001127 seconds
2020-10-25T13:35:45.049+0100: 73489.186: Total time for which application threads were stopped: 0.0003457 seconds, Stopping threads took: 0.0001174 seconds
2020-10-25T13:35:45.052+0100: 73489.189: Total time for which application threads were stopped: 0.0008094 seconds, Stopping threads took: 0.0005055 seconds
{Heap before GC invocations=43 (full 0):
 garbage-first heap   total 524288K, used 353262K [0x00000000e0000000, 0x00000000e0101000, 0x0000000100000000)
  region size 1024K, 307 young (314368K), 21 survivors (21504K)
 Metaspace       used 57435K, capacity 60170K, committed 60368K, reserved 1101824K
  class space    used 6829K, capacity 7380K, committed 7424K, reserved 1048576K
2020-10-25T13:35:45.151+0100: 73489.287: [GC pause (G1 Evacuation Pause) (young)
Desired survivor size 20447232 bytes, new threshold 15 (max 15)
- age   1:    5900280 bytes,    5900280 total
- age   2:    1174360 bytes,    7074640 total
- age   3:      32328 bytes,    7106968 total
- age   4:      81024 bytes,    7187992 total
- age   5:      72032 bytes,    7260024 total
- age   6:      32024 bytes,    7292048 total
- age   7:      70976 bytes,    7363024 total
- age   8:      68776 bytes,    7431800 total
- age   9:      27680 bytes,    7459480 total
- age  10:      90584 bytes,    7550064 total
- age  11:    5534856 bytes,   13084920 total
- age  12:    1141448 bytes,   14226368 total
- age  13:      51936 bytes,   14278304 total
- age  14:      68152 bytes,   14346456 total
- age  15:      56680 bytes,   14403136 total
, 0.0255924 secs]
   [Parallel Time: 23.5 ms, GC Workers: 4]
      [GC Worker Start (ms): Min: 73489286.9, Avg: 73489286.9, Max: 73489286.9, Diff: 0.0]
      [Ext Root Scanning (ms): Min: 1.0, Avg: 1.4, Max: 1.9, Diff: 0.9, Sum: 5.4]
      [Update RS (ms): Min: 1.7, Avg: 2.2, Max: 2.7, Diff: 1.0, Sum: 8.8]
         [Processed Buffers: Min: 2, Avg: 5.5, Max: 14, Diff: 12, Sum: 22]
      [Scan RS (ms): Min: 0.0, Avg: 0.1, Max: 0.1, Diff: 0.1, Sum: 0.2]
      [Code Root Scanning (ms): Min: 0.0, Avg: 0.2, Max: 0.4, Diff: 0.4, Sum: 0.8]
      [Object Copy (ms): Min: 19.3, Avg: 19.6, Max: 19.8, Diff: 0.5, Sum: 78.3]
      [Termination (ms): Min: 0.0, Avg: 0.0, Max: 0.0, Diff: 0.0, Sum: 0.0]
         [Termination Attempts: Min: 1, Avg: 7.0, Max: 15, Diff: 14, Sum: 28]
      [GC Worker Other (ms): Min: 0.0, Avg: 0.0, Max: 0.0, Diff: 0.0, Sum: 0.1]
      [GC Worker Total (ms): Min: 23.4, Avg: 23.4, Max: 23.4, Diff: 0.0, Sum: 93.7]
      [GC Worker End (ms): Min: 73489310.3, Avg: 73489310.3, Max: 73489310.4, Diff: 0.0]
   [Code Root Fixup: 0.0 ms]
   [Code Root Purge: 0.0 ms]
   [Clear CT: 0.2 ms]
   [Other: 1.9 ms]
      [Choose CSet: 0.0 ms]
      [Ref Proc: 1.2 ms]
      [Ref Enq: 0.1 ms]
      [Redirty Cards: 0.1 ms]
      [Humongous Register: 0.0 ms]
      [Humongous Reclaim: 0.0 ms]
      [Free CSet: 0.3 ms]
   [Eden: 286.0M(286.0M)->0.0B(291.0M) Survivors: 21.0M->16.0M Heap: 345.0M(512.0M)->54.6M(512.0M)]
Heap after GC invocations=44 (full 0):
 garbage-first heap   total 524288K, used 55862K [0x00000000e0000000, 0x00000000e0101000, 0x0000000100000000)
  region size 1024K, 16 young (16384K), 16 survivors (16384K)
 Metaspace       used 57435K, capacity 60170K, committed 60368K, reserved 1101824K
  class space    used 6829K, capacity 7380K, committed 7424K, reserved 1048576K
}
 [Times: user=0.06 sys=0.00, real=0.03 secs] 
2020-10-25T13:35:45.177+0100: 73489.313: Total time for which application threads were stopped: 0.0264197 seconds, Stopping threads took: 0.0000644 seconds
2020-10-25T13:35:45.190+0100: 73489.326: Total time for which application threads were stopped: 0.0083533 seconds, Stopping threads took: 0.0078439 seconds
2020-10-25T13:35:45.414+0100: 73489.550: Total time for which application threads were stopped: 0.0003707 seconds, Stopping threads took: 0.0000965 seconds
2020-10-25T13:35:45.418+0100: 73489.554: Total time for which application threads were stopped: 0.0003154 seconds, Stopping threads took: 0.0000874 seconds
2020-10-25T13:35:45.423+0100: 73489.559: Total time for which application threads were stopped: 0.0031716 seconds, Stopping threads took: 0.0029109 seconds
2020-10-25T13:35:45.427+0100: 73489.563: Total time for which application threads were stopped: 0.0003473 seconds, Stopping threads took: 0.0001004 seconds
2020-10-25T13:35:45.427+0100: 73489.563: Total time for which application threads were stopped: 0.0003458 seconds, Stopping threads took: 0.0000772 seconds
2020-10-25T13:35:45.427+0100: 73489.564: Total time for which application threads were stopped: 0.0002711 seconds, Stopping threads took: 0.0000613 seconds
2020-10-25T13:35:45.428+0100: 73489.564: Total time for which application threads were stopped: 0.0001887 seconds, Stopping threads took: 0.0000374 seconds
2020-10-25T13:35:45.428+0100: 73489.564: Total time for which application threads were stopped: 0.0001758 seconds, Stopping threads took: 0.0000366 seconds
2020-10-25T13:35:45.428+0100: 73489.564: Total time for which application threads were stopped: 0.0001748 seconds, Stopping threads took: 0.0000351 seconds
2020-10-25T13:35:45.439+0100: 73489.575: Total time for which application threads were stopped: 0.0004625 seconds, Stopping threads took: 0.0000944 seconds
2020-10-25T13:35:45.440+0100: 73489.576: Total time for which application threads were stopped: 0.0003218 seconds, Stopping threads took: 0.0000795 seconds
2020-10-25T13:35:45.441+0100: 73489.577: Total time for which application threads were stopped: 0.0003335 seconds, Stopping threads took: 0.0000626 seconds
2020-10-25T13:35:45.474+0100: 73489.610: Total time for which application threads were stopped: 0.0003212 seconds, Stopping threads took: 0.0000837 seconds
2020-10-25T13:35:45.530+0100: 73489.666: Total time for which application threads were stopped: 0.0003117 seconds, Stopping threads took: 0.0000599 seconds
2020-10-25T13:35:45.531+0100: 73489.667: Total time for which application threads were stopped: 0.0001830 seconds, Stopping threads took: 0.0000387 seconds
2020-10-25T13:35:45.531+0100: 73489.667: Total time for which application threads were stopped: 0.0001921 seconds, Stopping threads took: 0.0000361 seconds
2020-10-25T13:35:45.531+0100: 73489.667: Total time for which application threads were stopped: 0.0001829 seconds, Stopping threads took: 0.0000383 seconds
2020-10-25T13:35:45.531+0100: 73489.667: Total time for which application threads were stopped: 0.0001647 seconds, Stopping threads took: 0.0000361 seconds
2020-10-25T13:35:45.532+0100: 73489.668: Total time for which application threads were stopped: 0.0001819 seconds, Stopping threads took: 0.0000342 seconds
2020-10-25T13:35:45.542+0100: 73489.678: Total time for which application threads were stopped: 0.0005888 seconds, Stopping threads took: 0.0001269 seconds
2020-10-25T13:35:45.543+0100: 73489.679: Total time for which application threads were stopped: 0.0003115 seconds, Stopping threads took: 0.0000834 seconds
2020-10-25T13:35:45.543+0100: 73489.680: Total time for which application threads were stopped: 0.0002046 seconds, Stopping threads took: 0.0000545 seconds
2020-10-25T13:36:44.441+0100: 73548.578: Total time for which application threads were stopped: 0.0003148 seconds, Stopping threads took: 0.0000624 seconds
2020-10-25T13:36:45.152+0100: 73549.288: Total time for which application threads were stopped: 0.0006609 seconds, Stopping threads took: 0.0003164 seconds
2020-10-25T13:36:45.310+0100: 73549.447: Total time for which application threads were stopped: 0.0004923 seconds, Stopping threads took: 0.0001343 seconds
{Heap before GC invocations=44 (full 0):
 garbage-first heap   total 524288K, used 353846K [0x00000000e0000000, 0x00000000e0101000, 0x0000000100000000)
  region size 1024K, 307 young (314368K), 16 survivors (16384K)
 Metaspace       used 57445K, capacity 60170K, committed 60368K, reserved 1101824K
  class space    used 6829K, capacity 7380K, committed 7424K, reserved 1048576K
2020-10-25T13:36:45.319+0100: 73549.455: [GC pause (G1 Evacuation Pause) (young)
Desired survivor size 20447232 bytes, new threshold 15 (max 15)
- age   1:    2775376 bytes,    2775376 total
- age   2:    4483272 bytes,    7258648 total
- age   3:    1170576 bytes,    8429224 total
- age   4:      32288 bytes,    8461512 total
- age   5:      80984 bytes,    8542496 total
- age   6:      72032 bytes,    8614528 total
- age   7:      32024 bytes,    8646552 total
- age   8:      70976 bytes,    8717528 total
- age   9:      68776 bytes,    8786304 total
- age  10:      27680 bytes,    8813984 total
- age  11:      90584 bytes,    8904568 total
- age  12:    5534856 bytes,   14439424 total
- age  13:    1141216 bytes,   15580640 total
- age  14:      51936 bytes,   15632576 total
- age  15:      68152 bytes,   15700728 total
, 0.0317311 secs]
   [Parallel Time: 25.2 ms, GC Workers: 4]
      [GC Worker Start (ms): Min: 73549455.3, Avg: 73549457.4, Max: 73549463.5, Diff: 8.1]
      [Ext Root Scanning (ms): Min: 0.0, Avg: 1.0, Max: 1.5, Diff: 1.5, Sum: 4.1]
      [Update RS (ms): Min: 0.0, Avg: 2.6, Max: 3.7, Diff: 3.7, Sum: 10.5]
         [Processed Buffers: Min: 0, Avg: 6.5, Max: 19, Diff: 19, Sum: 26]
      [Scan RS (ms): Min: 0.0, Avg: 0.1, Max: 0.1, Diff: 0.1, Sum: 0.2]
      [Code Root Scanning (ms): Min: 0.0, Avg: 0.2, Max: 0.5, Diff: 0.5, Sum: 0.7]
      [Object Copy (ms): Min: 16.9, Avg: 19.2, Max: 20.1, Diff: 3.2, Sum: 76.6]
      [Termination (ms): Min: 0.0, Avg: 0.0, Max: 0.0, Diff: 0.0, Sum: 0.0]
         [Termination Attempts: Min: 1, Avg: 1.0, Max: 1, Diff: 0, Sum: 4]
      [GC Worker Other (ms): Min: 0.0, Avg: 0.0, Max: 0.0, Diff: 0.0, Sum: 0.1]
      [GC Worker Total (ms): Min: 17.0, Avg: 23.1, Max: 25.1, Diff: 8.1, Sum: 92.3]
      [GC Worker End (ms): Min: 73549480.4, Avg: 73549480.5, Max: 73549480.5, Diff: 0.0]
   [Code Root Fixup: 0.0 ms]
   [Code Root Purge: 0.0 ms]
   [Clear CT: 0.1 ms]
   [Other: 6.4 ms]
      [Choose CSet: 0.0 ms]
      [Ref Proc: 5.6 ms]
      [Ref Enq: 0.2 ms]
      [Redirty Cards: 0.1 ms]
      [Humongous Register: 0.0 ms]
      [Humongous Reclaim: 0.0 ms]
      [Free CSet: 0.3 ms]
   [Eden: 291.0M(291.0M)->0.0B(286.0M) Survivors: 16.0M->21.0M Heap: 345.6M(512.0M)->59.2M(512.0M)]
Heap after GC invocations=45 (full 0):
 garbage-first heap   total 524288K, used 60569K [0x00000000e0000000, 0x00000000e0101000, 0x0000000100000000)
  region size 1024K, 21 young (21504K), 21 survivors (21504K)
 Metaspace       used 57445K, capacity 60170K, committed 60368K, reserved 1101824K
  class space    used 6829K, capacity 7380K, committed 7424K, reserved 1048576K
}
 [Times: user=0.11 sys=0.00, real=0.03 secs] 
2020-10-25T13:36:45.351+0100: 73549.487: Total time for which application threads were stopped: 0.0356368 seconds, Stopping threads took: 0.0033038 seconds
2020-10-25T13:36:45.367+0100: 73549.504: Total time for which application threads were stopped: 0.0003820 seconds, Stopping threads took: 0.0001088 seconds
2020-10-25T13:36:45.368+0100: 73549.505: Total time for which application threads were stopped: 0.0004450 seconds, Stopping threads took: 0.0000950 seconds
2020-10-25T13:36:45.596+0100: 73549.732: Total time for which application threads were stopped: 0.0019425 seconds, Stopping threads took: 0.0016415 seconds
2020-10-25T13:36:45.601+0100: 73549.738: Total time for which application threads were stopped: 0.0003149 seconds, Stopping threads took: 0.0000916 seconds
2020-10-25T13:36:45.604+0100: 73549.740: Total time for which application threads were stopped: 0.0004138 seconds, Stopping threads took: 0.0000899 seconds
2020-10-25T13:36:45.740+0100: 73549.877: Total time for which application threads were stopped: 0.0005652 seconds, Stopping threads took: 0.0000954 seconds
2020-10-25T13:36:45.861+0100: 73549.998: Total time for which application threads were stopped: 0.0003585 seconds, Stopping threads took: 0.0000814 seconds
2020-10-25T13:36:45.861+0100: 73549.998: Total time for which application threads were stopped: 0.0002641 seconds, Stopping threads took: 0.0000571 seconds
2020-10-25T13:36:45.862+0100: 73549.999: Total time for which application threads were stopped: 0.0003377 seconds, Stopping threads took: 0.0000547 seconds
2020-10-25T13:36:45.863+0100: 73550.000: Total time for which application threads were stopped: 0.0003322 seconds, Stopping threads took: 0.0000607 seconds
2020-10-25T13:36:45.863+0100: 73550.000: Total time for which application threads were stopped: 0.0002604 seconds, Stopping threads took: 0.0000391 seconds
2020-10-25T13:36:45.863+0100: 73550.000: Total time for which application threads were stopped: 0.0002592 seconds, Stopping threads took: 0.0000612 seconds
2020-10-25T13:36:45.874+0100: 73550.011: Total time for which application threads were stopped: 0.0004169 seconds, Stopping threads took: 0.0001370 seconds
2020-10-25T13:36:45.876+0100: 73550.013: Total time for which application threads were stopped: 0.0004427 seconds, Stopping threads took: 0.0000788 seconds
2020-10-25T13:36:45.877+0100: 73550.014: Total time for which application threads were stopped: 0.0002952 seconds, Stopping threads took: 0.0000662 seconds
2020-10-25T13:36:45.923+0100: 73550.060: Total time for which application threads were stopped: 0.0002808 seconds, Stopping threads took: 0.0000671 seconds
2020-10-25T13:36:45.926+0100: 73550.063: Total time for which application threads were stopped: 0.0020835 seconds, Stopping threads took: 0.0017580 seconds
2020-10-25T13:36:45.938+0100: 73550.074: Total time for which application threads were stopped: 0.0063284 seconds, Stopping threads took: 0.0060791 seconds
2020-10-25T13:36:45.942+0100: 73550.079: Total time for which application threads were stopped: 0.0018106 seconds, Stopping threads took: 0.0015715 seconds
2020-10-25T13:36:46.103+0100: 73550.239: Total time for which application threads were stopped: 0.0119919 seconds, Stopping threads took: 0.0117624 seconds
2020-10-25T13:36:46.103+0100: 73550.240: Total time for which application threads were stopped: 0.0002844 seconds, Stopping threads took: 0.0000708 seconds
2020-10-25T13:36:46.103+0100: 73550.240: Total time for which application threads were stopped: 0.0002461 seconds, Stopping threads took: 0.0000668 seconds
2020-10-25T13:36:46.104+0100: 73550.240: Total time for which application threads were stopped: 0.0002375 seconds, Stopping threads took: 0.0000588 seconds
2020-10-25T13:36:46.104+0100: 73550.241: Total time for which application threads were stopped: 0.0002145 seconds, Stopping threads took: 0.0000484 seconds
2020-10-25T13:36:46.104+0100: 73550.241: Total time for which application threads were stopped: 0.0002135 seconds, Stopping threads took: 0.0000518 seconds
2020-10-25T13:36:46.117+0100: 73550.254: Total time for which application threads were stopped: 0.0029897 seconds, Stopping threads took: 0.0026608 seconds
2020-10-25T13:36:46.119+0100: 73550.256: Total time for which application threads were stopped: 0.0002832 seconds, Stopping threads took: 0.0000689 seconds
2020-10-25T13:36:46.120+0100: 73550.257: Total time for which application threads were stopped: 0.0002837 seconds, Stopping threads took: 0.0000545 seconds
2020-10-25T13:36:47.135+0100: 73551.272: Total time for which application threads were stopped: 0.0005961 seconds, Stopping threads took: 0.0002349 seconds
2020-10-25T13:37:18.023+0100: 73582.159: Total time for which application threads were stopped: 0.0003712 seconds, Stopping threads took: 0.0000858 seconds
2020-10-25T13:37:18.678+0100: 73582.815: Total time for which application threads were stopped: 0.0007583 seconds, Stopping threads took: 0.0004185 seconds
{Heap before GC invocations=45 (full 0):
 garbage-first heap   total 524288K, used 353433K [0x00000000e0000000, 0x00000000e0101000, 0x0000000100000000)
  region size 1024K, 307 young (314368K), 21 survivors (21504K)
 Metaspace       used 57460K, capacity 60170K, committed 60368K, reserved 1101824K
  class space    used 6829K, capacity 7380K, committed 7424K, reserved 1048576K
2020-10-25T13:37:18.734+0100: 73582.871: [GC pause (G1 Evacuation Pause) (young)
Desired survivor size 20447232 bytes, new threshold 15 (max 15)
- age   1:    6038176 bytes,    6038176 total
- age   2:    1670432 bytes,    7708608 total
- age   3:     553472 bytes,    8262080 total
- age   4:     150512 bytes,    8412592 total
- age   5:      32184 bytes,    8444776 total
- age   6:      80880 bytes,    8525656 total
- age   7:      72032 bytes,    8597688 total
- age   8:      32024 bytes,    8629712 total
- age   9:      70976 bytes,    8700688 total
- age  10:      68776 bytes,    8769464 total
- age  11:      27680 bytes,    8797144 total
- age  12:      90584 bytes,    8887728 total
- age  13:    5534856 bytes,   14422584 total
- age  14:    1141216 bytes,   15563800 total
- age  15:      51936 bytes,   15615736 total
, 0.0298088 secs]
   [Parallel Time: 22.8 ms, GC Workers: 4]
      [GC Worker Start (ms): Min: 73582871.5, Avg: 73582871.6, Max: 73582871.8, Diff: 0.4]
      [Ext Root Scanning (ms): Min: 1.0, Avg: 2.1, Max: 3.9, Diff: 2.9, Sum: 8.6]
      [Update RS (ms): Min: 0.9, Avg: 2.2, Max: 3.2, Diff: 2.3, Sum: 8.9]
         [Processed Buffers: Min: 1, Avg: 6.8, Max: 18, Diff: 17, Sum: 27]
      [Scan RS (ms): Min: 0.0, Avg: 0.1, Max: 0.1, Diff: 0.1, Sum: 0.2]
      [Code Root Scanning (ms): Min: 0.0, Avg: 0.2, Max: 0.5, Diff: 0.5, Sum: 0.8]
      [Object Copy (ms): Min: 17.9, Avg: 18.0, Max: 18.1, Diff: 0.3, Sum: 72.0]
      [Termination (ms): Min: 0.0, Avg: 0.0, Max: 0.0, Diff: 0.0, Sum: 0.0]
         [Termination Attempts: Min: 1, Avg: 1.5, Max: 2, Diff: 1, Sum: 6]
      [GC Worker Other (ms): Min: 0.0, Avg: 0.0, Max: 0.1, Diff: 0.0, Sum: 0.1]
      [GC Worker Total (ms): Min: 22.4, Avg: 22.7, Max: 22.8, Diff: 0.4, Sum: 90.7]
      [GC Worker End (ms): Min: 73582894.2, Avg: 73582894.3, Max: 73582894.3, Diff: 0.0]
   [Code Root Fixup: 0.0 ms]
   [Code Root Purge: 0.0 ms]
   [Clear CT: 0.2 ms]
   [Other: 6.8 ms]
      [Choose CSet: 0.0 ms]
      [Ref Proc: 5.9 ms]
      [Ref Enq: 0.1 ms]
      [Redirty Cards: 0.1 ms]
      [Humongous Register: 0.0 ms]
      [Humongous Reclaim: 0.0 ms]
      [Free CSet: 0.4 ms]
   [Eden: 286.0M(286.0M)->0.0B(286.0M) Survivors: 21.0M->21.0M Heap: 345.2M(512.0M)->59.2M(512.0M)]
Heap after GC invocations=46 (full 0):
 garbage-first heap   total 524288K, used 60663K [0x00000000e0000000, 0x00000000e0101000, 0x0000000100000000)
  region size 1024K, 21 young (21504K), 21 survivors (21504K)
 Metaspace       used 57460K, capacity 60170K, committed 60368K, reserved 1101824K
  class space    used 6829K, capacity 7380K, committed 7424K, reserved 1048576K
}
 [Times: user=0.13 sys=0.00, real=0.03 secs] 
2020-10-25T13:37:18.765+0100: 73582.901: Total time for which application threads were stopped: 0.0305198 seconds, Stopping threads took: 0.0000877 seconds
2020-10-25T13:37:18.858+0100: 73582.995: Total time for which application threads were stopped: 0.0004375 seconds, Stopping threads took: 0.0001003 seconds
2020-10-25T13:37:18.859+0100: 73582.996: Total time for which application threads were stopped: 0.0004502 seconds, Stopping threads took: 0.0000879 seconds
2020-10-25T13:37:18.860+0100: 73582.997: Total time for which application threads were stopped: 0.0003547 seconds, Stopping threads took: 0.0000483 seconds
2020-10-25T13:37:19.277+0100: 73583.414: Total time for which application threads were stopped: 0.0192326 seconds, Stopping threads took: 0.0189151 seconds
2020-10-25T13:37:19.278+0100: 73583.415: Total time for which application threads were stopped: 0.0004773 seconds, Stopping threads took: 0.0000905 seconds
2020-10-25T13:37:19.290+0100: 73583.426: Total time for which application threads were stopped: 0.0051029 seconds, Stopping threads took: 0.0043094 seconds
{Heap before GC invocations=46 (full 0):
 garbage-first heap   total 524288K, used 353527K [0x00000000e0000000, 0x00000000e0101000, 0x0000000100000000)
  region size 1024K, 307 young (314368K), 21 survivors (21504K)
 Metaspace       used 57468K, capacity 60170K, committed 60368K, reserved 1101824K
  class space    used 6829K, capacity 7380K, committed 7424K, reserved 1048576K
2020-10-25T13:37:19.585+0100: 73583.722: [GC pause (G1 Evacuation Pause) (young)
Desired survivor size 20447232 bytes, new threshold 15 (max 15)
- age   1:    6180608 bytes,    6180608 total
- age   2:    1112056 bytes,    7292664 total
- age   3:      31752 bytes,    7324416 total
- age   4:      66352 bytes,    7390768 total
- age   5:     150160 bytes,    7540928 total
- age   6:      32184 bytes,    7573112 total
- age   7:      80856 bytes,    7653968 total
- age   8:      72032 bytes,    7726000 total
- age   9:      32024 bytes,    7758024 total
- age  10:      70976 bytes,    7829000 total
- age  11:      68776 bytes,    7897776 total
- age  12:      27680 bytes,    7925456 total
- age  13:      90584 bytes,    8016040 total
- age  14:    5534856 bytes,   13550896 total
- age  15:    1141216 bytes,   14692112 total
, 0.0260169 secs]
   [Parallel Time: 24.1 ms, GC Workers: 4]
      [GC Worker Start (ms): Min: 73583721.7, Avg: 73583721.7, Max: 73583721.8, Diff: 0.0]
      [Ext Root Scanning (ms): Min: 1.0, Avg: 1.2, Max: 1.3, Diff: 0.3, Sum: 4.7]
      [Update RS (ms): Min: 2.0, Avg: 2.1, Max: 2.2, Diff: 0.2, Sum: 8.4]
         [Processed Buffers: Min: 3, Avg: 5.5, Max: 9, Diff: 6, Sum: 22]
      [Scan RS (ms): Min: 0.0, Avg: 0.1, Max: 0.1, Diff: 0.1, Sum: 0.2]
      [Code Root Scanning (ms): Min: 0.0, Avg: 0.2, Max: 0.7, Diff: 0.7, Sum: 0.7]
      [Object Copy (ms): Min: 19.9, Avg: 20.5, Max: 20.7, Diff: 0.8, Sum: 81.9]
      [Termination (ms): Min: 0.0, Avg: 0.0, Max: 0.0, Diff: 0.0, Sum: 0.0]
         [Termination Attempts: Min: 1, Avg: 1.0, Max: 1, Diff: 0, Sum: 4]
      [GC Worker Other (ms): Min: 0.0, Avg: 0.0, Max: 0.0, Diff: 0.0, Sum: 0.1]
      [GC Worker Total (ms): Min: 24.0, Avg: 24.0, Max: 24.0, Diff: 0.0, Sum: 96.0]
      [GC Worker End (ms): Min: 73583745.7, Avg: 73583745.7, Max: 73583745.8, Diff: 0.0]
   [Code Root Fixup: 0.0 ms]
   [Code Root Purge: 0.0 ms]
   [Clear CT: 0.1 ms]
   [Other: 1.8 ms]
      [Choose CSet: 0.0 ms]
      [Ref Proc: 1.0 ms]
      [Ref Enq: 0.1 ms]
      [Redirty Cards: 0.1 ms]
      [Humongous Register: 0.0 ms]
      [Humongous Reclaim: 0.0 ms]
      [Free CSet: 0.4 ms]
   [Eden: 286.0M(286.0M)->0.0B(289.0M) Survivors: 21.0M->18.0M Heap: 345.2M(512.0M)->57.4M(512.0M)]
Heap after GC invocations=47 (full 0):
 garbage-first heap   total 524288K, used 58736K [0x00000000e0000000, 0x00000000e0101000, 0x0000000100000000)
  region size 1024K, 18 young (18432K), 18 survivors (18432K)
 Metaspace       used 57468K, capacity 60170K, committed 60368K, reserved 1101824K
  class space    used 6829K, capacity 7380K, committed 7424K, reserved 1048576K
}
 [Times: user=0.13 sys=0.00, real=0.03 secs] 
2020-10-25T13:37:19.612+0100: 73583.748: Total time for which application threads were stopped: 0.0332003 seconds, Stopping threads took: 0.0063062 seconds
2020-10-25T13:37:19.665+0100: 73583.801: Total time for which application threads were stopped: 0.0004092 seconds, Stopping threads took: 0.0000876 seconds
2020-10-25T13:37:19.665+0100: 73583.802: Total time for which application threads were stopped: 0.0003778 seconds, Stopping threads took: 0.0000730 seconds
2020-10-25T13:37:19.692+0100: 73583.828: Total time for which application threads were stopped: 0.0108892 seconds, Stopping threads took: 0.0097171 seconds
2020-10-25T13:37:19.726+0100: 73583.863: Total time for which application threads were stopped: 0.0023135 seconds, Stopping threads took: 0.0020773 seconds
2020-10-25T13:37:19.763+0100: 73583.900: Total time for which application threads were stopped: 0.0003638 seconds, Stopping threads took: 0.0000812 seconds
2020-10-25T13:37:19.764+0100: 73583.900: Total time for which application threads were stopped: 0.0002452 seconds, Stopping threads took: 0.0000492 seconds
2020-10-25T13:37:19.764+0100: 73583.901: Total time for which application threads were stopped: 0.0002893 seconds, Stopping threads took: 0.0000659 seconds
2020-10-25T13:37:19.765+0100: 73583.901: Total time for which application threads were stopped: 0.0002313 seconds, Stopping threads took: 0.0000398 seconds
2020-10-25T13:37:19.765+0100: 73583.901: Total time for which application threads were stopped: 0.0002418 seconds, Stopping threads took: 0.0000428 seconds
2020-10-25T13:37:19.765+0100: 73583.901: Total time for which application threads were stopped: 0.0001894 seconds, Stopping threads took: 0.0000325 seconds
2020-10-25T13:37:19.773+0100: 73583.909: Total time for which application threads were stopped: 0.0003993 seconds, Stopping threads took: 0.0001356 seconds
2020-10-25T13:37:19.774+0100: 73583.910: Total time for which application threads were stopped: 0.0003301 seconds, Stopping threads took: 0.0000548 seconds
2020-10-25T13:37:19.775+0100: 73583.911: Total time for which application threads were stopped: 0.0003326 seconds, Stopping threads took: 0.0000455 seconds
2020-10-25T13:37:19.775+0100: 73583.911: Total time for which application threads were stopped: 0.0002712 seconds, Stopping threads took: 0.0000448 seconds
2020-10-25T13:37:19.775+0100: 73583.912: Total time for which application threads were stopped: 0.0002359 seconds, Stopping threads took: 0.0000422 seconds
2020-10-25T13:37:20.786+0100: 73584.923: Total time for which application threads were stopped: 0.0007517 seconds, Stopping threads took: 0.0002743 seconds
2020-10-25T13:38:39.985+0100: 73664.122: Total time for which application threads were stopped: 0.0002845 seconds, Stopping threads took: 0.0000647 seconds
2020-10-25T13:38:39.986+0100: 73664.123: Total time for which application threads were stopped: 0.0002475 seconds, Stopping threads took: 0.0000739 seconds
2020-10-25T13:38:45.721+0100: 73669.858: Total time for which application threads were stopped: 0.0002933 seconds, Stopping threads took: 0.0000665 seconds
2020-10-25T13:38:45.984+0100: 73670.120: Total time for which application threads were stopped: 0.0003349 seconds, Stopping threads took: 0.0000649 seconds
2020-10-25T13:38:46.413+0100: 73670.550: Total time for which application threads were stopped: 0.0004079 seconds, Stopping threads took: 0.0000932 seconds
2020-10-25T13:38:46.591+0100: 73670.727: Total time for which application threads were stopped: 0.0045955 seconds, Stopping threads took: 0.0043679 seconds
2020-10-25T13:38:46.591+0100: 73670.728: Total time for which application threads were stopped: 0.0002712 seconds, Stopping threads took: 0.0000471 seconds
2020-10-25T13:38:46.592+0100: 73670.729: Total time for which application threads were stopped: 0.0006000 seconds, Stopping threads took: 0.0001182 seconds
{Heap before GC invocations=47 (full 0):
 garbage-first heap   total 524288K, used 354672K [0x00000000e0000000, 0x00000000e0101000, 0x0000000100000000)
  region size 1024K, 307 young (314368K), 18 survivors (18432K)
 Metaspace       used 57476K, capacity 60234K, committed 60368K, reserved 1101824K
  class space    used 6829K, capacity 7380K, committed 7424K, reserved 1048576K
2020-10-25T13:38:46.689+0100: 73670.826: [GC pause (G1 Evacuation Pause) (young)
Desired survivor size 20447232 bytes, new threshold 15 (max 15)
- age   1:    3481464 bytes,    3481464 total
- age   2:    4716072 bytes,    8197536 total
- age   3:    1109488 bytes,    9307024 total
- age   4:      31592 bytes,    9338616 total
- age   5:      66312 bytes,    9404928 total
- age   6:     150160 bytes,    9555088 total
- age   7:      32184 bytes,    9587272 total
- age   8:      80856 bytes,    9668128 total
- age   9:      72032 bytes,    9740160 total
- age  10:      32024 bytes,    9772184 total
- age  11:      70976 bytes,    9843160 total
- age  12:      68776 bytes,    9911936 total
- age  13:      27680 bytes,    9939616 total
- age  14:      90584 bytes,   10030200 total
- age  15:    5534856 bytes,   15565056 total
, 0.0299040 secs]
   [Parallel Time: 23.4 ms, GC Workers: 4]
      [GC Worker Start (ms): Min: 73670825.9, Avg: 73670825.9, Max: 73670826.0, Diff: 0.0]
      [Ext Root Scanning (ms): Min: 0.9, Avg: 1.2, Max: 1.7, Diff: 0.8, Sum: 4.9]
      [Update RS (ms): Min: 2.6, Avg: 3.0, Max: 3.4, Diff: 0.7, Sum: 12.1]
         [Processed Buffers: Min: 3, Avg: 7.8, Max: 17, Diff: 14, Sum: 31]
      [Scan RS (ms): Min: 0.0, Avg: 0.1, Max: 0.1, Diff: 0.1, Sum: 0.2]
      [Code Root Scanning (ms): Min: 0.0, Avg: 0.2, Max: 0.4, Diff: 0.4, Sum: 0.7]
      [Object Copy (ms): Min: 18.6, Avg: 18.8, Max: 18.9, Diff: 0.4, Sum: 75.3]
      [Termination (ms): Min: 0.0, Avg: 0.0, Max: 0.0, Diff: 0.0, Sum: 0.0]
         [Termination Attempts: Min: 1, Avg: 1.0, Max: 1, Diff: 0, Sum: 4]
      [GC Worker Other (ms): Min: 0.0, Avg: 0.0, Max: 0.1, Diff: 0.0, Sum: 0.1]
      [GC Worker Total (ms): Min: 23.3, Avg: 23.3, Max: 23.4, Diff: 0.0, Sum: 93.4]
      [GC Worker End (ms): Min: 73670849.3, Avg: 73670849.3, Max: 73670849.3, Diff: 0.0]
   [Code Root Fixup: 0.0 ms]
   [Code Root Purge: 0.0 ms]
   [Clear CT: 0.1 ms]
   [Other: 6.3 ms]
      [Choose CSet: 0.0 ms]
      [Ref Proc: 5.7 ms]
      [Ref Enq: 0.0 ms]
      [Redirty Cards: 0.1 ms]
      [Humongous Register: 0.0 ms]
      [Humongous Reclaim: 0.0 ms]
      [Free CSet: 0.2 ms]
   [Eden: 289.0M(289.0M)->0.0B(292.0M) Survivors: 18.0M->15.0M Heap: 346.4M(512.0M)->60.3M(512.0M)]
Heap after GC invocations=48 (full 0):
 garbage-first heap   total 524288K, used 61747K [0x00000000e0000000, 0x00000000e0101000, 0x0000000100000000)
  region size 1024K, 15 young (15360K), 15 survivors (15360K)
 Metaspace       used 57476K, capacity 60234K, committed 60368K, reserved 1101824K
  class space    used 6829K, capacity 7380K, committed 7424K, reserved 1048576K
}
 [Times: user=0.13 sys=0.00, real=0.03 secs] 
2020-10-25T13:38:46.719+0100: 73670.856: Total time for which application threads were stopped: 0.0314800 seconds, Stopping threads took: 0.0008886 seconds
2020-10-25T13:38:47.150+0100: 73671.287: Total time for which application threads were stopped: 0.0163931 seconds, Stopping threads took: 0.0160473 seconds
2020-10-25T13:38:47.155+0100: 73671.291: Total time for which application threads were stopped: 0.0004337 seconds, Stopping threads took: 0.0001098 seconds
2020-10-25T13:38:47.158+0100: 73671.294: Total time for which application threads were stopped: 0.0005451 seconds, Stopping threads took: 0.0002244 seconds
2020-10-25T13:38:47.560+0100: 73671.697: Total time for which application threads were stopped: 0.0004726 seconds, Stopping threads took: 0.0001021 seconds
2020-10-25T13:38:47.564+0100: 73671.700: Total time for which application threads were stopped: 0.0003494 seconds, Stopping threads took: 0.0000822 seconds
2020-10-25T13:38:47.565+0100: 73671.702: Total time for which application threads were stopped: 0.0003411 seconds, Stopping threads took: 0.0000545 seconds
2020-10-25T13:38:47.567+0100: 73671.703: Total time for which application threads were stopped: 0.0004314 seconds, Stopping threads took: 0.0000883 seconds
2020-10-25T13:38:47.572+0100: 73671.709: Total time for which application threads were stopped: 0.0012541 seconds, Stopping threads took: 0.0009813 seconds
2020-10-25T13:38:47.601+0100: 73671.737: Total time for which application threads were stopped: 0.0037255 seconds, Stopping threads took: 0.0035094 seconds
2020-10-25T13:38:47.603+0100: 73671.740: Total time for which application threads were stopped: 0.0025912 seconds, Stopping threads took: 0.0023830 seconds
2020-10-25T13:38:47.608+0100: 73671.744: Total time for which application threads were stopped: 0.0002893 seconds, Stopping threads took: 0.0000869 seconds
2020-10-25T13:38:47.608+0100: 73671.745: Total time for which application threads were stopped: 0.0001624 seconds, Stopping threads took: 0.0000367 seconds
2020-10-25T13:38:47.609+0100: 73671.745: Total time for which application threads were stopped: 0.0001502 seconds, Stopping threads took: 0.0000348 seconds
2020-10-25T13:38:47.609+0100: 73671.745: Total time for which application threads were stopped: 0.0001457 seconds, Stopping threads took: 0.0000336 seconds
2020-10-25T13:38:47.621+0100: 73671.757: Total time for which application threads were stopped: 0.0004815 seconds, Stopping threads took: 0.0002071 seconds
2020-10-25T13:38:47.622+0100: 73671.758: Total time for which application threads were stopped: 0.0003147 seconds, Stopping threads took: 0.0000855 seconds
2020-10-25T13:38:47.622+0100: 73671.758: Total time for which application threads were stopped: 0.0002450 seconds, Stopping threads took: 0.0000581 seconds
2020-10-25T13:38:47.699+0100: 73671.835: Total time for which application threads were stopped: 0.0008110 seconds, Stopping threads took: 0.0000637 seconds
2020-10-25T13:38:47.700+0100: 73671.836: Total time for which application threads were stopped: 0.0008093 seconds, Stopping threads took: 0.0000471 seconds
2020-10-25T13:38:47.701+0100: 73671.837: Total time for which application threads were stopped: 0.0007359 seconds, Stopping threads took: 0.0000382 seconds
2020-10-25T13:38:47.702+0100: 73671.838: Total time for which application threads were stopped: 0.0007232 seconds, Stopping threads took: 0.0000380 seconds
2020-10-25T13:38:47.703+0100: 73671.839: Total time for which application threads were stopped: 0.0006996 seconds, Stopping threads took: 0.0000371 seconds
2020-10-25T13:38:47.703+0100: 73671.839: Total time for which application threads were stopped: 0.0006827 seconds, Stopping threads took: 0.0000352 seconds
2020-10-25T13:38:47.715+0100: 73671.851: Total time for which application threads were stopped: 0.0009454 seconds, Stopping threads took: 0.0002384 seconds
2020-10-25T13:38:47.717+0100: 73671.853: Total time for which application threads were stopped: 0.0007941 seconds, Stopping threads took: 0.0000811 seconds
2020-10-25T13:38:47.718+0100: 73671.854: Total time for which application threads were stopped: 0.0008223 seconds, Stopping threads took: 0.0000669 seconds
2020-10-25T13:39:46.248+0100: 73730.385: Total time for which application threads were stopped: 0.0010210 seconds, Stopping threads took: 0.0002278 seconds
2020-10-25T13:40:57.798+0100: 73801.934: Total time for which application threads were stopped: 0.0003602 seconds, Stopping threads took: 0.0000725 seconds
2020-10-25T13:40:58.476+0100: 73802.612: Total time for which application threads were stopped: 0.0051525 seconds, Stopping threads took: 0.0047881 seconds
{Heap before GC invocations=48 (full 0):
 garbage-first heap   total 524288K, used 360755K [0x00000000e0000000, 0x00000000e0101000, 0x0000000100000000)
  region size 1024K, 307 young (314368K), 15 survivors (15360K)
 Metaspace       used 57530K, capacity 60298K, committed 60368K, reserved 1101824K
  class space    used 6829K, capacity 7380K, committed 7424K, reserved 1048576K
2020-10-25T13:40:58.595+0100: 73802.732: [GC pause (G1 Evacuation Pause) (young)
Desired survivor size 20447232 bytes, new threshold 15 (max 15)
- age   1:    4865112 bytes,    4865112 total
- age   2:    2764320 bytes,    7629432 total
- age   3:     927704 bytes,    8557136 total
- age   4:      68240 bytes,    8625376 total
- age   5:      31360 bytes,    8656736 total
- age   6:      66184 bytes,    8722920 total
- age   7:      82640 bytes,    8805560 total
- age   8:      32144 bytes,    8837704 total
- age   9:      80856 bytes,    8918560 total
- age  10:      72032 bytes,    8990592 total
- age  11:      32024 bytes,    9022616 total
- age  12:      70976 bytes,    9093592 total
- age  13:      68776 bytes,    9162368 total
- age  14:      27680 bytes,    9190048 total
- age  15:      90584 bytes,    9280632 total
, 0.0246863 secs]
   [Parallel Time: 17.5 ms, GC Workers: 4]
      [GC Worker Start (ms): Min: 73802731.8, Avg: 73802731.9, Max: 73802731.9, Diff: 0.1]
      [Ext Root Scanning (ms): Min: 1.2, Avg: 1.5, Max: 1.9, Diff: 0.7, Sum: 5.9]
      [Update RS (ms): Min: 4.7, Avg: 4.8, Max: 4.9, Diff: 0.1, Sum: 19.2]
         [Processed Buffers: Min: 4, Avg: 9.3, Max: 12, Diff: 8, Sum: 37]
      [Scan RS (ms): Min: 0.0, Avg: 0.1, Max: 0.1, Diff: 0.1, Sum: 0.2]
      [Code Root Scanning (ms): Min: 0.0, Avg: 0.2, Max: 0.5, Diff: 0.5, Sum: 0.9]
      [Object Copy (ms): Min: 10.6, Avg: 10.8, Max: 11.1, Diff: 0.6, Sum: 43.1]
      [Termination (ms): Min: 0.0, Avg: 0.0, Max: 0.0, Diff: 0.0, Sum: 0.0]
         [Termination Attempts: Min: 1, Avg: 1.0, Max: 1, Diff: 0, Sum: 4]
      [GC Worker Other (ms): Min: 0.0, Avg: 0.0, Max: 0.0, Diff: 0.0, Sum: 0.1]
      [GC Worker Total (ms): Min: 17.4, Avg: 17.4, Max: 17.4, Diff: 0.0, Sum: 69.5]
      [GC Worker End (ms): Min: 73802749.2, Avg: 73802749.2, Max: 73802749.3, Diff: 0.0]
   [Code Root Fixup: 0.0 ms]
   [Code Root Purge: 0.0 ms]
   [Clear CT: 0.3 ms]
   [Other: 6.8 ms]
      [Choose CSet: 0.0 ms]
      [Ref Proc: 6.1 ms]
      [Ref Enq: 0.1 ms]
      [Redirty Cards: 0.1 ms]
      [Humongous Register: 0.0 ms]
      [Humongous Reclaim: 0.0 ms]
      [Free CSet: 0.3 ms]
   [Eden: 292.0M(292.0M)->0.0B(293.0M) Survivors: 15.0M->14.0M Heap: 352.3M(512.0M)->62.0M(512.0M)]
Heap after GC invocations=49 (full 0):
 garbage-first heap   total 524288K, used 63488K [0x00000000e0000000, 0x00000000e0101000, 0x0000000100000000)
  region size 1024K, 14 young (14336K), 14 survivors (14336K)
 Metaspace       used 57530K, capacity 60298K, committed 60368K, reserved 1101824K
  class space    used 6829K, capacity 7380K, committed 7424K, reserved 1048576K
}
 [Times: user=0.06 sys=0.02, real=0.02 secs] 
2020-10-25T13:40:58.620+0100: 73802.757: Total time for which application threads were stopped: 0.0255592 seconds, Stopping threads took: 0.0000843 seconds
2020-10-25T13:40:58.642+0100: 73802.778: Total time for which application threads were stopped: 0.0006484 seconds, Stopping threads took: 0.0003966 seconds
2020-10-25T13:40:58.642+0100: 73802.779: Total time for which application threads were stopped: 0.0003345 seconds, Stopping threads took: 0.0000546 seconds
2020-10-25T13:40:59.097+0100: 73803.234: Total time for which application threads were stopped: 0.0015608 seconds, Stopping threads took: 0.0004447 seconds
2020-10-25T13:40:59.150+0100: 73803.287: Total time for which application threads were stopped: 0.0011051 seconds, Stopping threads took: 0.0008051 seconds
2020-10-25T13:40:59.155+0100: 73803.292: Total time for which application threads were stopped: 0.0003667 seconds, Stopping threads took: 0.0000941 seconds
2020-10-25T13:40:59.157+0100: 73803.294: Total time for which application threads were stopped: 0.0003602 seconds, Stopping threads took: 0.0000936 seconds
2020-10-25T13:40:59.266+0100: 73803.403: Total time for which application threads were stopped: 0.0013889 seconds, Stopping threads took: 0.0011216 seconds
2020-10-25T13:40:59.267+0100: 73803.404: Total time for which application threads were stopped: 0.0004216 seconds, Stopping threads took: 0.0000984 seconds
2020-10-25T13:40:59.403+0100: 73803.540: Total time for which application threads were stopped: 0.0092721 seconds, Stopping threads took: 0.0089816 seconds
2020-10-25T13:40:59.404+0100: 73803.541: Total time for which application threads were stopped: 0.0003463 seconds, Stopping threads took: 0.0001245 seconds
2020-10-25T13:40:59.404+0100: 73803.541: Total time for which application threads were stopped: 0.0002256 seconds, Stopping threads took: 0.0000661 seconds
2020-10-25T13:40:59.405+0100: 73803.542: Total time for which application threads were stopped: 0.0003483 seconds, Stopping threads took: 0.0000976 seconds
2020-10-25T13:40:59.413+0100: 73803.550: Total time for which application threads were stopped: 0.0078386 seconds, Stopping threads took: 0.0076013 seconds
2020-10-25T13:40:59.413+0100: 73803.550: Total time for which application threads were stopped: 0.0002723 seconds, Stopping threads took: 0.0000772 seconds
2020-10-25T13:40:59.429+0100: 73803.566: Total time for which application threads were stopped: 0.0026368 seconds, Stopping threads took: 0.0023902 seconds
2020-10-25T13:40:59.430+0100: 73803.567: Total time for which application threads were stopped: 0.0004537 seconds, Stopping threads took: 0.0000628 seconds
2020-10-25T13:40:59.431+0100: 73803.568: Total time for which application threads were stopped: 0.0003132 seconds, Stopping threads took: 0.0000841 seconds
2020-10-25T13:40:59.595+0100: 73803.732: Total time for which application threads were stopped: 0.0004406 seconds, Stopping threads took: 0.0000611 seconds
2020-10-25T13:40:59.599+0100: 73803.736: Total time for which application threads were stopped: 0.0002794 seconds, Stopping threads took: 0.0000614 seconds
2020-10-25T13:40:59.601+0100: 73803.738: Total time for which application threads were stopped: 0.0002733 seconds, Stopping threads took: 0.0000669 seconds
2020-10-25T13:40:59.682+0100: 73803.818: Total time for which application threads were stopped: 0.0004203 seconds, Stopping threads took: 0.0000646 seconds
2020-10-25T13:41:00.684+0100: 73804.821: Total time for which application threads were stopped: 0.0008054 seconds, Stopping threads took: 0.0001526 seconds
2020-10-25T13:42:46.721+0100: 73910.858: Total time for which application threads were stopped: 0.0004354 seconds, Stopping threads took: 0.0001403 seconds
2020-10-25T13:43:40.040+0100: 73964.177: Total time for which application threads were stopped: 0.0004032 seconds, Stopping threads took: 0.0000676 seconds
2020-10-25T13:43:40.041+0100: 73964.178: Total time for which application threads were stopped: 0.0003028 seconds, Stopping threads took: 0.0000758 seconds
2020-10-25T13:43:44.531+0100: 73968.668: Total time for which application threads were stopped: 0.0002774 seconds, Stopping threads took: 0.0000536 seconds
{Heap before GC invocations=49 (full 0):
 garbage-first heap   total 524288K, used 363520K [0x00000000e0000000, 0x00000000e0101000, 0x0000000100000000)
  region size 1024K, 307 young (314368K), 14 survivors (14336K)
 Metaspace       used 57570K, capacity 60298K, committed 60368K, reserved 1101824K
  class space    used 6829K, capacity 7380K, committed 7424K, reserved 1048576K
2020-10-25T13:43:45.393+0100: 73969.530: [GC pause (G1 Evacuation Pause) (young)
Desired survivor size 20447232 bytes, new threshold 15 (max 15)
- age   1:    6237896 bytes,    6237896 total
- age   2:    1193640 bytes,    7431536 total
- age   3:      40552 bytes,    7472088 total
- age   4:      66848 bytes,    7538936 total
- age   5:      67952 bytes,    7606888 total
- age   6:      31360 bytes,    7638248 total
- age   7:      66184 bytes,    7704432 total
- age   8:      82408 bytes,    7786840 total
- age   9:      32072 bytes,    7818912 total
- age  10:      80832 bytes,    7899744 total
- age  11:      72032 bytes,    7971776 total
- age  12:      32024 bytes,    8003800 total
- age  13:      70976 bytes,    8074776 total
- age  14:      68776 bytes,    8143552 total
- age  15:      27680 bytes,    8171232 total
, 0.0207227 secs]
   [Parallel Time: 12.8 ms, GC Workers: 4]
      [GC Worker Start (ms): Min: 73969529.9, Avg: 73969529.9, Max: 73969530.0, Diff: 0.0]
      [Ext Root Scanning (ms): Min: 0.9, Avg: 1.5, Max: 2.0, Diff: 1.1, Sum: 5.8]
      [Update RS (ms): Min: 0.4, Avg: 1.0, Max: 1.3, Diff: 1.0, Sum: 4.0]
         [Processed Buffers: Min: 1, Avg: 6.5, Max: 22, Diff: 21, Sum: 26]
      [Scan RS (ms): Min: 0.0, Avg: 0.1, Max: 0.1, Diff: 0.1, Sum: 0.2]
      [Code Root Scanning (ms): Min: 0.0, Avg: 0.2, Max: 0.4, Diff: 0.4, Sum: 0.8]
      [Object Copy (ms): Min: 9.6, Avg: 9.9, Max: 10.1, Diff: 0.5, Sum: 39.7]
      [Termination (ms): Min: 0.0, Avg: 0.0, Max: 0.0, Diff: 0.0, Sum: 0.0]
         [Termination Attempts: Min: 1, Avg: 1.0, Max: 1, Diff: 0, Sum: 4]
      [GC Worker Other (ms): Min: 0.0, Avg: 0.0, Max: 0.0, Diff: 0.0, Sum: 0.1]
      [GC Worker Total (ms): Min: 12.7, Avg: 12.7, Max: 12.7, Diff: 0.0, Sum: 50.7]
      [GC Worker End (ms): Min: 73969542.6, Avg: 73969542.6, Max: 73969542.6, Diff: 0.0]
   [Code Root Fixup: 0.0 ms]
   [Code Root Purge: 0.0 ms]
   [Clear CT: 0.2 ms]
   [Other: 7.7 ms]
      [Choose CSet: 0.0 ms]
      [Ref Proc: 6.9 ms]
      [Ref Enq: 0.1 ms]
      [Redirty Cards: 0.1 ms]
      [Humongous Register: 0.0 ms]
      [Humongous Reclaim: 0.0 ms]
      [Free CSet: 0.4 ms]
   [Eden: 293.0M(293.0M)->0.0B(294.0M) Survivors: 14.0M->13.0M Heap: 355.0M(512.0M)->61.3M(512.0M)]
Heap after GC invocations=50 (full 0):
 garbage-first heap   total 524288K, used 62757K [0x00000000e0000000, 0x00000000e0101000, 0x0000000100000000)
  region size 1024K, 13 young (13312K), 13 survivors (13312K)
 Metaspace       used 57570K, capacity 60298K, committed 60368K, reserved 1101824K
  class space    used 6829K, capacity 7380K, committed 7424K, reserved 1048576K
}
 [Times: user=0.06 sys=0.00, real=0.02 secs] 
2020-10-25T13:43:45.414+0100: 73969.551: Total time for which application threads were stopped: 0.0214098 seconds, Stopping threads took: 0.0000491 seconds
2020-10-25T13:43:45.493+0100: 73969.630: Total time for which application threads were stopped: 0.0009212 seconds, Stopping threads took: 0.0005709 seconds
2020-10-25T13:43:45.649+0100: 73969.785: Total time for which application threads were stopped: 0.0003414 seconds, Stopping threads took: 0.0000996 seconds
2020-10-25T13:43:45.654+0100: 73969.790: Total time for which application threads were stopped: 0.0025090 seconds, Stopping threads took: 0.0022277 seconds
2020-10-25T13:43:45.654+0100: 73969.791: Total time for which application threads were stopped: 0.0003997 seconds, Stopping threads took: 0.0000992 seconds
{Heap before GC invocations=50 (full 0):
 garbage-first heap   total 524288K, used 363813K [0x00000000e0000000, 0x00000000e0101000, 0x0000000100000000)
  region size 1024K, 307 young (314368K), 13 survivors (13312K)
 Metaspace       used 57574K, capacity 60298K, committed 60368K, reserved 1101824K
  class space    used 6829K, capacity 7380K, committed 7424K, reserved 1048576K
2020-10-25T13:43:45.760+0100: 73969.897: [GC pause (G1 Evacuation Pause) (young)
Desired survivor size 20447232 bytes, new threshold 15 (max 15)
- age   1:    4874272 bytes,    4874272 total
- age   2:     975688 bytes,    5849960 total
- age   3:      63400 bytes,    5913360 total
- age   4:      40272 bytes,    5953632 total
- age   5:      66080 bytes,    6019712 total
- age   6:      67952 bytes,    6087664 total
- age   7:      31360 bytes,    6119024 total
- age   8:      66184 bytes,    6185208 total
- age   9:      82152 bytes,    6267360 total
- age  10:      32072 bytes,    6299432 total
- age  11:      80832 bytes,    6380264 total
- age  12:      72032 bytes,    6452296 total
- age  13:      31952 bytes,    6484248 total
- age  14:      70976 bytes,    6555224 total
- age  15:      68776 bytes,    6624000 total
, 0.0143081 secs]
   [Parallel Time: 12.6 ms, GC Workers: 4]
      [GC Worker Start (ms): Min: 73969896.8, Avg: 73969896.9, Max: 73969897.1, Diff: 0.2]
      [Ext Root Scanning (ms): Min: 0.9, Avg: 1.2, Max: 1.9, Diff: 0.9, Sum: 4.9]
      [Update RS (ms): Min: 0.0, Avg: 0.4, Max: 0.9, Diff: 0.9, Sum: 1.8]
         [Processed Buffers: Min: 0, Avg: 4.5, Max: 12, Diff: 12, Sum: 18]
      [Scan RS (ms): Min: 0.0, Avg: 0.1, Max: 0.1, Diff: 0.1, Sum: 0.2]
      [Code Root Scanning (ms): Min: 0.0, Avg: 0.2, Max: 0.4, Diff: 0.4, Sum: 0.9]
      [Object Copy (ms): Min: 10.4, Avg: 10.5, Max: 10.6, Diff: 0.2, Sum: 42.1]
      [Termination (ms): Min: 0.0, Avg: 0.0, Max: 0.0, Diff: 0.0, Sum: 0.0]
         [Termination Attempts: Min: 1, Avg: 1.0, Max: 1, Diff: 0, Sum: 4]
      [GC Worker Other (ms): Min: 0.0, Avg: 0.0, Max: 0.0, Diff: 0.0, Sum: 0.1]
      [GC Worker Total (ms): Min: 12.3, Avg: 12.5, Max: 12.6, Diff: 0.2, Sum: 50.0]
      [GC Worker End (ms): Min: 73969909.4, Avg: 73969909.4, Max: 73969909.4, Diff: 0.0]
   [Code Root Fixup: 0.0 ms]
   [Code Root Purge: 0.0 ms]
   [Clear CT: 0.1 ms]
   [Other: 1.5 ms]
      [Choose CSet: 0.0 ms]
      [Ref Proc: 0.9 ms]
      [Ref Enq: 0.0 ms]
      [Redirty Cards: 0.1 ms]
      [Humongous Register: 0.0 ms]
      [Humongous Reclaim: 0.0 ms]
      [Free CSet: 0.3 ms]
   [Eden: 294.0M(294.0M)->0.0B(296.0M) Survivors: 13.0M->11.0M Heap: 355.3M(512.0M)->59.6M(512.0M)]
Heap after GC invocations=51 (full 0):
 garbage-first heap   total 524288K, used 60996K [0x00000000e0000000, 0x00000000e0101000, 0x0000000100000000)
  region size 1024K, 11 young (11264K), 11 survivors (11264K)
 Metaspace       used 57574K, capacity 60298K, committed 60368K, reserved 1101824K
  class space    used 6829K, capacity 7380K, committed 7424K, reserved 1048576K
}
 [Times: user=0.00 sys=0.00, real=0.02 secs] 
2020-10-25T13:43:45.775+0100: 73969.911: Total time for which application threads were stopped: 0.0153009 seconds, Stopping threads took: 0.0001981 seconds
2020-10-25T13:43:46.049+0100: 73970.186: Total time for which application threads were stopped: 0.0004259 seconds, Stopping threads took: 0.0000719 seconds
2020-10-25T13:43:46.053+0100: 73970.190: Total time for which application threads were stopped: 0.0004754 seconds, Stopping threads took: 0.0001767 seconds
2020-10-25T13:43:46.056+0100: 73970.192: Total time for which application threads were stopped: 0.0004062 seconds, Stopping threads took: 0.0000681 seconds
2020-10-25T13:43:46.144+0100: 73970.281: Total time for which application threads were stopped: 0.0005050 seconds, Stopping threads took: 0.0000931 seconds
2020-10-25T13:43:46.262+0100: 73970.398: Total time for which application threads were stopped: 0.0024844 seconds, Stopping threads took: 0.0021878 seconds
2020-10-25T13:43:46.262+0100: 73970.399: Total time for which application threads were stopped: 0.0002674 seconds, Stopping threads took: 0.0000363 seconds
2020-10-25T13:43:46.262+0100: 73970.399: Total time for which application threads were stopped: 0.0002569 seconds, Stopping threads took: 0.0000490 seconds
2020-10-25T13:43:46.263+0100: 73970.400: Total time for which application threads were stopped: 0.0003108 seconds, Stopping threads took: 0.0000705 seconds
2020-10-25T13:43:46.264+0100: 73970.400: Total time for which application threads were stopped: 0.0002874 seconds, Stopping threads took: 0.0000568 seconds
2020-10-25T13:43:46.283+0100: 73970.420: Total time for which application threads were stopped: 0.0175075 seconds, Stopping threads took: 0.0172469 seconds
2020-10-25T13:43:46.317+0100: 73970.454: Total time for which application threads were stopped: 0.0002995 seconds, Stopping threads took: 0.0000718 seconds
2020-10-25T13:43:46.318+0100: 73970.455: Total time for which application threads were stopped: 0.0002807 seconds, Stopping threads took: 0.0000561 seconds
2020-10-25T13:43:46.319+0100: 73970.456: Total time for which application threads were stopped: 0.0003501 seconds, Stopping threads took: 0.0000432 seconds
2020-10-25T13:43:46.321+0100: 73970.458: Total time for which application threads were stopped: 0.0003157 seconds, Stopping threads took: 0.0000897 seconds
2020-10-25T13:43:46.325+0100: 73970.461: Total time for which application threads were stopped: 0.0004203 seconds, Stopping threads took: 0.0000848 seconds
2020-10-25T13:43:46.327+0100: 73970.463: Total time for which application threads were stopped: 0.0002842 seconds, Stopping threads took: 0.0000584 seconds
2020-10-25T13:43:46.351+0100: 73970.488: Total time for which application threads were stopped: 0.0003616 seconds, Stopping threads took: 0.0000843 seconds
2020-10-25T13:43:46.465+0100: 73970.601: Total time for which application threads were stopped: 0.0003336 seconds, Stopping threads took: 0.0000599 seconds
2020-10-25T13:43:46.465+0100: 73970.601: Total time for which application threads were stopped: 0.0002841 seconds, Stopping threads took: 0.0000541 seconds
2020-10-25T13:43:46.465+0100: 73970.602: Total time for which application threads were stopped: 0.0003187 seconds, Stopping threads took: 0.0000854 seconds
2020-10-25T13:43:46.465+0100: 73970.602: Total time for which application threads were stopped: 0.0002380 seconds, Stopping threads took: 0.0000794 seconds
2020-10-25T13:43:46.466+0100: 73970.602: Total time for which application threads were stopped: 0.0002159 seconds, Stopping threads took: 0.0000495 seconds
2020-10-25T13:43:46.466+0100: 73970.603: Total time for which application threads were stopped: 0.0001953 seconds, Stopping threads took: 0.0000343 seconds
2020-10-25T13:43:46.473+0100: 73970.610: Total time for which application threads were stopped: 0.0002513 seconds, Stopping threads took: 0.0000742 seconds
2020-10-25T13:43:46.475+0100: 73970.612: Total time for which application threads were stopped: 0.0008291 seconds, Stopping threads took: 0.0005528 seconds
2020-10-25T13:43:46.476+0100: 73970.613: Total time for which application threads were stopped: 0.0002757 seconds, Stopping threads took: 0.0000382 seconds
2020-10-25T13:43:46.636+0100: 73970.773: Total time for which application threads were stopped: 0.0006784 seconds, Stopping threads took: 0.0000463 seconds
2020-10-25T13:43:46.640+0100: 73970.777: Total time for which application threads were stopped: 0.0002272 seconds, Stopping threads took: 0.0000480 seconds
2020-10-25T13:44:47.241+0100: 74031.378: Total time for which application threads were stopped: 0.0007881 seconds, Stopping threads took: 0.0002766 seconds
2020-10-25T13:46:47.452+0100: 74151.588: Total time for which application threads were stopped: 0.0009653 seconds, Stopping threads took: 0.0004302 seconds
2020-10-25T13:48:40.072+0100: 74264.208: Total time for which application threads were stopped: 0.0005103 seconds, Stopping threads took: 0.0001126 seconds
2020-10-25T13:48:40.072+0100: 74264.209: Total time for which application threads were stopped: 0.0003811 seconds, Stopping threads took: 0.0000676 seconds
2020-10-25T13:48:47.320+0100: 74271.457: Total time for which application threads were stopped: 0.0002415 seconds, Stopping threads took: 0.0000493 seconds
2020-10-25T13:49:29.888+0100: 74314.025: Total time for which application threads were stopped: 0.0003508 seconds, Stopping threads took: 0.0000741 seconds
2020-10-25T13:49:30.559+0100: 74314.696: Total time for which application threads were stopped: 0.0004502 seconds, Stopping threads took: 0.0001076 seconds
{Heap before GC invocations=51 (full 0):
 garbage-first heap   total 524288K, used 364100K [0x00000000e0000000, 0x00000000e0101000, 0x0000000100000000)
  region size 1024K, 307 young (314368K), 11 survivors (11264K)
 Metaspace       used 57592K, capacity 60298K, committed 60368K, reserved 1101824K
  class space    used 6829K, capacity 7380K, committed 7424K, reserved 1048576K
2020-10-25T13:49:30.672+0100: 74314.808: [GC pause (G1 Evacuation Pause) (young)
Desired survivor size 20447232 bytes, new threshold 15 (max 15)
- age   1:    2995984 bytes,    2995984 total
- age   2:    4691208 bytes,    7687192 total
- age   3:     974384 bytes,    8661576 total
- age   4:      63160 bytes,    8724736 total
- age   5:      40272 bytes,    8765008 total
- age   6:      66080 bytes,    8831088 total
- age   7:      67952 bytes,    8899040 total
- age   8:      31360 bytes,    8930400 total
- age   9:      66184 bytes,    8996584 total
- age  10:      82152 bytes,    9078736 total
- age  11:      32072 bytes,    9110808 total
- age  12:      80832 bytes,    9191640 total
- age  13:      72032 bytes,    9263672 total
- age  14:      31952 bytes,    9295624 total
- age  15:      70976 bytes,    9366600 total
, 0.0216458 secs]
   [Parallel Time: 14.3 ms, GC Workers: 4]
      [GC Worker Start (ms): Min: 74314807.9, Avg: 74314808.0, Max: 74314808.0, Diff: 0.0]
      [Ext Root Scanning (ms): Min: 0.8, Avg: 1.2, Max: 1.5, Diff: 0.7, Sum: 4.9]
      [Update RS (ms): Min: 0.3, Avg: 0.6, Max: 1.0, Diff: 0.7, Sum: 2.4]
         [Processed Buffers: Min: 1, Avg: 5.8, Max: 20, Diff: 19, Sum: 23]
      [Scan RS (ms): Min: 0.0, Avg: 0.1, Max: 0.1, Diff: 0.1, Sum: 0.2]
      [Code Root Scanning (ms): Min: 0.0, Avg: 0.2, Max: 0.4, Diff: 0.4, Sum: 0.7]
      [Object Copy (ms): Min: 11.9, Avg: 12.2, Max: 12.4, Diff: 0.4, Sum: 48.7]
      [Termination (ms): Min: 0.0, Avg: 0.0, Max: 0.0, Diff: 0.0, Sum: 0.0]
         [Termination Attempts: Min: 1, Avg: 1.0, Max: 1, Diff: 0, Sum: 4]
      [GC Worker Other (ms): Min: 0.0, Avg: 0.0, Max: 0.0, Diff: 0.0, Sum: 0.1]
      [GC Worker Total (ms): Min: 14.2, Avg: 14.3, Max: 14.3, Diff: 0.0, Sum: 57.0]
      [GC Worker End (ms): Min: 74314822.2, Avg: 74314822.2, Max: 74314822.2, Diff: 0.0]
   [Code Root Fixup: 0.0 ms]
   [Code Root Purge: 0.0 ms]
   [Clear CT: 0.1 ms]
   [Other: 7.1 ms]
      [Choose CSet: 0.0 ms]
      [Ref Proc: 6.3 ms]
      [Ref Enq: 0.0 ms]
      [Redirty Cards: 0.0 ms]
      [Humongous Register: 0.0 ms]
      [Humongous Reclaim: 0.0 ms]
      [Free CSet: 0.4 ms]
   [Eden: 296.0M(296.0M)->0.0B(291.0M) Survivors: 11.0M->16.0M Heap: 355.6M(512.0M)->64.7M(512.0M)]
Heap after GC invocations=52 (full 0):
 garbage-first heap   total 524288K, used 66244K [0x00000000e0000000, 0x00000000e0101000, 0x0000000100000000)
  region size 1024K, 16 young (16384K), 16 survivors (16384K)
 Metaspace       used 57592K, capacity 60298K, committed 60368K, reserved 1101824K
  class space    used 6829K, capacity 7380K, committed 7424K, reserved 1048576K
}
 [Times: user=0.05 sys=0.00, real=0.02 secs] 
2020-10-25T13:49:30.694+0100: 74314.830: Total time for which application threads were stopped: 0.0223973 seconds, Stopping threads took: 0.0000728 seconds
2020-10-25T13:49:30.719+0100: 74314.856: Total time for which application threads were stopped: 0.0006362 seconds, Stopping threads took: 0.0003671 seconds
2020-10-25T13:49:30.734+0100: 74314.870: Total time for which application threads were stopped: 0.0020536 seconds, Stopping threads took: 0.0017820 seconds
2020-10-25T13:49:30.735+0100: 74314.871: Total time for which application threads were stopped: 0.0003657 seconds, Stopping threads took: 0.0000647 seconds
2020-10-25T13:49:31.143+0100: 74315.280: Total time for which application threads were stopped: 0.0004650 seconds, Stopping threads took: 0.0000726 seconds
2020-10-25T13:49:31.150+0100: 74315.287: Total time for which application threads were stopped: 0.0015422 seconds, Stopping threads took: 0.0000901 seconds
2020-10-25T13:49:31.255+0100: 74315.392: Total time for which application threads were stopped: 0.0049415 seconds, Stopping threads took: 0.0045416 seconds
2020-10-25T13:49:31.349+0100: 74315.485: Total time for which application threads were stopped: 0.0011626 seconds, Stopping threads took: 0.0000707 seconds
2020-10-25T13:49:31.349+0100: 74315.486: Total time for which application threads were stopped: 0.0003751 seconds, Stopping threads took: 0.0000606 seconds
2020-10-25T13:49:31.392+0100: 74315.529: Total time for which application threads were stopped: 0.0019464 seconds, Stopping threads took: 0.0016620 seconds
2020-10-25T13:49:31.394+0100: 74315.531: Total time for which application threads were stopped: 0.0003592 seconds, Stopping threads took: 0.0000698 seconds
2020-10-25T13:49:31.395+0100: 74315.532: Total time for which application threads were stopped: 0.0002372 seconds, Stopping threads took: 0.0000497 seconds
2020-10-25T13:49:31.395+0100: 74315.532: Total time for which application threads were stopped: 0.0001732 seconds, Stopping threads took: 0.0000389 seconds
2020-10-25T13:49:31.396+0100: 74315.533: Total time for which application threads were stopped: 0.0004657 seconds, Stopping threads took: 0.0000389 seconds
2020-10-25T13:49:31.397+0100: 74315.534: Total time for which application threads were stopped: 0.0003066 seconds, Stopping threads took: 0.0000710 seconds
2020-10-25T13:49:31.419+0100: 74315.556: Total time for which application threads were stopped: 0.0023917 seconds, Stopping threads took: 0.0021463 seconds
2020-10-25T13:49:31.422+0100: 74315.559: Total time for which application threads were stopped: 0.0003327 seconds, Stopping threads took: 0.0000867 seconds
2020-10-25T13:49:31.427+0100: 74315.564: Total time for which application threads were stopped: 0.0003512 seconds, Stopping threads took: 0.0000936 seconds
2020-10-25T13:49:31.428+0100: 74315.565: Total time for which application threads were stopped: 0.0003279 seconds, Stopping threads took: 0.0000717 seconds
2020-10-25T13:49:31.429+0100: 74315.565: Total time for which application threads were stopped: 0.0003962 seconds, Stopping threads took: 0.0000718 seconds
2020-10-25T13:49:31.530+0100: 74315.666: Total time for which application threads were stopped: 0.0105143 seconds, Stopping threads took: 0.0102867 seconds
2020-10-25T13:49:31.530+0100: 74315.667: Total time for which application threads were stopped: 0.0002175 seconds, Stopping threads took: 0.0000729 seconds
2020-10-25T13:49:31.530+0100: 74315.667: Total time for which application threads were stopped: 0.0002313 seconds, Stopping threads took: 0.0000593 seconds
2020-10-25T13:49:31.530+0100: 74315.667: Total time for which application threads were stopped: 0.0002232 seconds, Stopping threads took: 0.0000344 seconds
2020-10-25T13:49:31.531+0100: 74315.668: Total time for which application threads were stopped: 0.0001780 seconds, Stopping threads took: 0.0000395 seconds
2020-10-25T13:49:31.531+0100: 74315.668: Total time for which application threads were stopped: 0.0001610 seconds, Stopping threads took: 0.0000327 seconds
2020-10-25T13:49:31.549+0100: 74315.686: Total time for which application threads were stopped: 0.0005587 seconds, Stopping threads took: 0.0000878 seconds
2020-10-25T13:49:31.550+0100: 74315.687: Total time for which application threads were stopped: 0.0002457 seconds, Stopping threads took: 0.0000616 seconds
2020-10-25T13:49:31.551+0100: 74315.688: Total time for which application threads were stopped: 0.0002518 seconds, Stopping threads took: 0.0000717 seconds
2020-10-25T13:49:31.553+0100: 74315.690: Total time for which application threads were stopped: 0.0012381 seconds, Stopping threads took: 0.0009653 seconds
2020-10-25T13:49:31.554+0100: 74315.691: Total time for which application threads were stopped: 0.0003404 seconds, Stopping threads took: 0.0000783 seconds
2020-10-25T13:49:31.554+0100: 74315.691: Total time for which application threads were stopped: 0.0003024 seconds, Stopping threads took: 0.0000698 seconds
2020-10-25T13:50:34.127+0100: 74378.264: Total time for which application threads were stopped: 0.0003555 seconds, Stopping threads took: 0.0000799 seconds
{Heap before GC invocations=52 (full 0):
 garbage-first heap   total 524288K, used 364228K [0x00000000e0000000, 0x00000000e0101000, 0x0000000100000000)
  region size 1024K, 307 young (314368K), 16 survivors (16384K)
 Metaspace       used 57599K, capacity 60298K, committed 60368K, reserved 1101824K
  class space    used 6829K, capacity 7380K, committed 7424K, reserved 1048576K
2020-10-25T13:50:34.744+0100: 74378.881: [GC pause (G1 Evacuation Pause) (young)
Desired survivor size 20447232 bytes, new threshold 15 (max 15)
- age   1:    7250976 bytes,    7250976 total
- age   2:     764424 bytes,    8015400 total
- age   3:     452720 bytes,    8468120 total
- age   4:      83520 bytes,    8551640 total
- age   5:      62952 bytes,    8614592 total
- age   6:      40272 bytes,    8654864 total
- age   7:      66080 bytes,    8720944 total
- age   8:      67512 bytes,    8788456 total
- age   9:      31360 bytes,    8819816 total
- age  10:      66184 bytes,    8886000 total
- age  11:      82152 bytes,    8968152 total
- age  12:      32072 bytes,    9000224 total
- age  13:      80832 bytes,    9081056 total
- age  14:      72032 bytes,    9153088 total
- age  15:      31952 bytes,    9185040 total
, 0.0194831 secs]
   [Parallel Time: 12.5 ms, GC Workers: 4]
      [GC Worker Start (ms): Min: 74378880.7, Avg: 74378880.8, Max: 74378880.8, Diff: 0.0]
      [Ext Root Scanning (ms): Min: 1.0, Avg: 1.1, Max: 1.4, Diff: 0.5, Sum: 4.6]
      [Update RS (ms): Min: 0.3, Avg: 0.6, Max: 0.9, Diff: 0.7, Sum: 2.3]
         [Processed Buffers: Min: 1, Avg: 6.5, Max: 22, Diff: 21, Sum: 26]
      [Scan RS (ms): Min: 0.0, Avg: 0.1, Max: 0.1, Diff: 0.1, Sum: 0.2]
      [Code Root Scanning (ms): Min: 0.0, Avg: 0.2, Max: 0.4, Diff: 0.4, Sum: 0.7]
      [Object Copy (ms): Min: 10.2, Avg: 10.5, Max: 10.6, Diff: 0.3, Sum: 41.9]
      [Termination (ms): Min: 0.0, Avg: 0.0, Max: 0.0, Diff: 0.0, Sum: 0.0]
         [Termination Attempts: Min: 1, Avg: 1.0, Max: 1, Diff: 0, Sum: 4]
      [GC Worker Other (ms): Min: 0.0, Avg: 0.0, Max: 0.0, Diff: 0.0, Sum: 0.1]
      [GC Worker Total (ms): Min: 12.4, Avg: 12.4, Max: 12.5, Diff: 0.0, Sum: 49.8]
      [GC Worker End (ms): Min: 74378893.2, Avg: 74378893.2, Max: 74378893.2, Diff: 0.0]
   [Code Root Fixup: 0.0 ms]
   [Code Root Purge: 0.0 ms]
   [Clear CT: 0.1 ms]
   [Other: 6.8 ms]
      [Choose CSet: 0.0 ms]
      [Ref Proc: 6.1 ms]
      [Ref Enq: 0.1 ms]
      [Redirty Cards: 0.1 ms]
      [Humongous Register: 0.0 ms]
      [Humongous Reclaim: 0.0 ms]
      [Free CSet: 0.3 ms]
   [Eden: 291.0M(291.0M)->0.0B(293.0M) Survivors: 16.0M->14.0M Heap: 355.7M(512.0M)->62.8M(512.0M)]
Heap after GC invocations=53 (full 0):
 garbage-first heap   total 524288K, used 64267K [0x00000000e0000000, 0x00000000e0101000, 0x0000000100000000)
  region size 1024K, 14 young (14336K), 14 survivors (14336K)
 Metaspace       used 57599K, capacity 60298K, committed 60368K, reserved 1101824K
  class space    used 6829K, capacity 7380K, committed 7424K, reserved 1048576K
}
 [Times: user=0.13 sys=0.00, real=0.02 secs] 
2020-10-25T13:50:34.764+0100: 74378.900: Total time for which application threads were stopped: 0.0200896 seconds, Stopping threads took: 0.0000673 seconds
2020-10-25T13:50:34.802+0100: 74378.939: Total time for which application threads were stopped: 0.0053675 seconds, Stopping threads took: 0.0050123 seconds
2020-10-25T13:50:34.966+0100: 74379.102: Total time for which application threads were stopped: 0.0004787 seconds, Stopping threads took: 0.0002418 seconds
2020-10-25T13:50:34.969+0100: 74379.106: Total time for which application threads were stopped: 0.0019453 seconds, Stopping threads took: 0.0016785 seconds
2020-10-25T13:50:34.970+0100: 74379.106: Total time for which application threads were stopped: 0.0004294 seconds, Stopping threads took: 0.0000850 seconds
{Heap before GC invocations=53 (full 0):
 garbage-first heap   total 524288K, used 364299K [0x00000000e0000000, 0x00000000e0101000, 0x0000000100000000)
  region size 1024K, 307 young (314368K), 14 survivors (14336K)
 Metaspace       used 57617K, capacity 60362K, committed 60508K, reserved 1101824K
  class space    used 6829K, capacity 7380K, committed 7424K, reserved 1048576K
2020-10-25T13:50:35.216+0100: 74379.352: [GC pause (G1 Evacuation Pause) (young)
Desired survivor size 20447232 bytes, new threshold 15 (max 15)
- age   1:    5634784 bytes,    5634784 total
- age   2:    1147696 bytes,    6782480 total
- age   3:      28432 bytes,    6810912 total
- age   4:      90040 bytes,    6900952 total
- age   5:      83272 bytes,    6984224 total
- age   6:      62952 bytes,    7047176 total
- age   7:      40272 bytes,    7087448 total
- age   8:      66080 bytes,    7153528 total
- age   9:      67512 bytes,    7221040 total
- age  10:      31360 bytes,    7252400 total
- age  11:      66184 bytes,    7318584 total
- age  12:      82152 bytes,    7400736 total
- age  13:      32072 bytes,    7432808 total
- age  14:      80832 bytes,    7513640 total
- age  15:      72032 bytes,    7585672 total
, 0.0161213 secs]
   [Parallel Time: 14.2 ms, GC Workers: 4]
      [GC Worker Start (ms): Min: 74379352.5, Avg: 74379353.2, Max: 74379355.4, Diff: 2.8]
      [Ext Root Scanning (ms): Min: 0.0, Avg: 1.3, Max: 1.9, Diff: 1.9, Sum: 5.3]
      [Update RS (ms): Min: 0.0, Avg: 0.4, Max: 0.8, Diff: 0.8, Sum: 1.7]
         [Processed Buffers: Min: 0, Avg: 4.5, Max: 8, Diff: 8, Sum: 18]
      [Scan RS (ms): Min: 0.0, Avg: 0.1, Max: 0.1, Diff: 0.1, Sum: 0.3]
      [Code Root Scanning (ms): Min: 0.0, Avg: 1.8, Max: 6.7, Diff: 6.7, Sum: 7.0]
      [Object Copy (ms): Min: 5.3, Avg: 9.8, Max: 11.4, Diff: 6.1, Sum: 39.1]
      [Termination (ms): Min: 0.0, Avg: 0.0, Max: 0.0, Diff: 0.0, Sum: 0.0]
         [Termination Attempts: Min: 1, Avg: 1.0, Max: 1, Diff: 0, Sum: 4]
      [GC Worker Other (ms): Min: 0.0, Avg: 0.0, Max: 0.0, Diff: 0.0, Sum: 0.1]
      [GC Worker Total (ms): Min: 11.3, Avg: 13.4, Max: 14.1, Diff: 2.9, Sum: 53.6]
      [GC Worker End (ms): Min: 74379366.6, Avg: 74379366.6, Max: 74379366.6, Diff: 0.0]
   [Code Root Fixup: 0.0 ms]
   [Code Root Purge: 0.0 ms]
   [Clear CT: 0.1 ms]
   [Other: 1.8 ms]
      [Choose CSet: 0.0 ms]
      [Ref Proc: 1.2 ms]
      [Ref Enq: 0.1 ms]
      [Redirty Cards: 0.1 ms]
      [Humongous Register: 0.0 ms]
      [Humongous Reclaim: 0.0 ms]
      [Free CSet: 0.2 ms]
   [Eden: 293.0M(293.0M)->0.0B(298.0M) Survivors: 14.0M->9216.0K Heap: 355.8M(512.0M)->58.3M(512.0M)]
Heap after GC invocations=54 (full 0):
 garbage-first heap   total 524288K, used 59743K [0x00000000e0000000, 0x00000000e0101000, 0x0000000100000000)
  region size 1024K, 9 young (9216K), 9 survivors (9216K)
 Metaspace       used 57617K, capacity 60362K, committed 60508K, reserved 1101824K
  class space    used 6829K, capacity 7380K, committed 7424K, reserved 1048576K
}
 [Times: user=0.06 sys=0.00, real=0.02 secs] 
2020-10-25T13:50:35.233+0100: 74379.369: Total time for which application threads were stopped: 0.0192878 seconds, Stopping threads took: 0.0024348 seconds
2020-10-25T13:50:35.329+0100: 74379.466: Total time for which application threads were stopped: 0.0003780 seconds, Stopping threads took: 0.0001172 seconds
2020-10-25T13:50:35.333+0100: 74379.470: Total time for which application threads were stopped: 0.0004540 seconds, Stopping threads took: 0.0001059 seconds
2020-10-25T13:50:35.336+0100: 74379.473: Total time for which application threads were stopped: 0.0004000 seconds, Stopping threads took: 0.0000941 seconds
2020-10-25T13:50:35.371+0100: 74379.508: Total time for which application threads were stopped: 0.0025512 seconds, Stopping threads took: 0.0022870 seconds
2020-10-25T13:50:35.588+0100: 74379.725: Total time for which application threads were stopped: 0.0004184 seconds, Stopping threads took: 0.0000700 seconds
2020-10-25T13:50:35.593+0100: 74379.730: Total time for which application threads were stopped: 0.0008706 seconds, Stopping threads took: 0.0006292 seconds
2020-10-25T13:50:35.595+0100: 74379.732: Total time for which application threads were stopped: 0.0002788 seconds, Stopping threads took: 0.0000482 seconds
2020-10-25T13:50:35.654+0100: 74379.791: Total time for which application threads were stopped: 0.0174812 seconds, Stopping threads took: 0.0170581 seconds
2020-10-25T13:50:35.655+0100: 74379.792: Total time for which application threads were stopped: 0.0004940 seconds, Stopping threads took: 0.0002034 seconds
2020-10-25T13:50:35.656+0100: 74379.792: Total time for which application threads were stopped: 0.0003869 seconds, Stopping threads took: 0.0000619 seconds
2020-10-25T13:50:35.657+0100: 74379.794: Total time for which application threads were stopped: 0.0005647 seconds, Stopping threads took: 0.0003422 seconds
2020-10-25T13:50:35.658+0100: 74379.794: Total time for which application threads were stopped: 0.0004492 seconds, Stopping threads took: 0.0000734 seconds
2020-10-25T13:50:35.658+0100: 74379.795: Total time for which application threads were stopped: 0.0005263 seconds, Stopping threads took: 0.0001220 seconds
2020-10-25T13:50:35.707+0100: 74379.844: Total time for which application threads were stopped: 0.0323342 seconds, Stopping threads took: 0.0309770 seconds
2020-10-25T13:50:35.737+0100: 74379.874: Total time for which application threads were stopped: 0.0155330 seconds, Stopping threads took: 0.0152519 seconds
2020-10-25T13:50:35.738+0100: 74379.875: Total time for which application threads were stopped: 0.0003722 seconds, Stopping threads took: 0.0000767 seconds
2020-10-25T13:50:35.739+0100: 74379.876: Total time for which application threads were stopped: 0.0007840 seconds, Stopping threads took: 0.0001019 seconds
2020-10-25T13:50:35.768+0100: 74379.905: Total time for which application threads were stopped: 0.0005021 seconds, Stopping threads took: 0.0001183 seconds
2020-10-25T13:50:35.783+0100: 74379.920: Total time for which application threads were stopped: 0.0010689 seconds, Stopping threads took: 0.0006932 seconds
2020-10-25T13:50:35.784+0100: 74379.921: Total time for which application threads were stopped: 0.0003181 seconds, Stopping threads took: 0.0000694 seconds
2020-10-25T13:50:35.784+0100: 74379.921: Total time for which application threads were stopped: 0.0004016 seconds, Stopping threads took: 0.0000618 seconds
2020-10-25T13:50:35.785+0100: 74379.922: Total time for which application threads were stopped: 0.0003077 seconds, Stopping threads took: 0.0001274 seconds
2020-10-25T13:50:35.785+0100: 74379.922: Total time for which application threads were stopped: 0.0002254 seconds, Stopping threads took: 0.0000754 seconds
2020-10-25T13:50:35.785+0100: 74379.922: Total time for which application threads were stopped: 0.0002624 seconds, Stopping threads took: 0.0000575 seconds
2020-10-25T13:50:35.794+0100: 74379.931: Total time for which application threads were stopped: 0.0002614 seconds, Stopping threads took: 0.0000620 seconds
2020-10-25T13:50:35.795+0100: 74379.932: Total time for which application threads were stopped: 0.0003405 seconds, Stopping threads took: 0.0000558 seconds
2020-10-25T13:50:35.795+0100: 74379.932: Total time for which application threads were stopped: 0.0002441 seconds, Stopping threads took: 0.0000445 seconds
2020-10-25T13:50:35.816+0100: 74379.953: Total time for which application threads were stopped: 0.0008441 seconds, Stopping threads took: 0.0000557 seconds
2020-10-25T13:50:35.818+0100: 74379.954: Total time for which application threads were stopped: 0.0010115 seconds, Stopping threads took: 0.0000908 seconds
2020-10-25T13:50:36.822+0100: 74380.958: Total time for which application threads were stopped: 0.0005556 seconds, Stopping threads took: 0.0002308 seconds
2020-10-25T13:52:11.640+0100: 74475.782: Total time for which application threads were stopped: 0.0003011 seconds, Stopping threads took: 0.0000731 seconds
2020-10-25T13:52:12.330+0100: 74476.470: Total time for which application threads were stopped: 0.0005697 seconds, Stopping threads took: 0.0001869 seconds
{Heap before GC invocations=54 (full 0):
 garbage-first heap   total 524288K, used 364895K [0x00000000e0000000, 0x00000000e0101000, 0x0000000100000000)
  region size 1024K, 307 young (314368K), 9 survivors (9216K)
 Metaspace       used 57639K, capacity 60362K, committed 60508K, reserved 1101824K
  class space    used 6830K, capacity 7380K, committed 7424K, reserved 1048576K
2020-10-25T13:52:12.483+0100: 74476.620: [GC pause (G1 Evacuation Pause) (young)
Desired survivor size 20447232 bytes, new threshold 15 (max 15)
- age   1:    2289760 bytes,    2289760 total
- age   2:    4736728 bytes,    7026488 total
- age   3:    1146624 bytes,    8173112 total
- age   4:      28352 bytes,    8201464 total
- age   5:      89992 bytes,    8291456 total
- age   6:      83272 bytes,    8374728 total
- age   7:      62952 bytes,    8437680 total
- age   8:      40272 bytes,    8477952 total
- age   9:      66080 bytes,    8544032 total
- age  10:      67512 bytes,    8611544 total
- age  11:      31360 bytes,    8642904 total
- age  12:      66184 bytes,    8709088 total
- age  13:      82152 bytes,    8791240 total
- age  14:      32072 bytes,    8823312 total
- age  15:      80832 bytes,    8904144 total
, 0.0210840 secs]
   [Parallel Time: 13.7 ms, GC Workers: 4]
      [GC Worker Start (ms): Min: 74476620.3, Avg: 74476620.3, Max: 74476620.3, Diff: 0.0]
      [Ext Root Scanning (ms): Min: 1.0, Avg: 1.3, Max: 1.9, Diff: 0.9, Sum: 5.3]
      [Update RS (ms): Min: 0.1, Avg: 0.6, Max: 1.0, Diff: 1.0, Sum: 2.4]
         [Processed Buffers: Min: 1, Avg: 6.0, Max: 10, Diff: 9, Sum: 24]
      [Scan RS (ms): Min: 0.0, Avg: 0.1, Max: 0.1, Diff: 0.1, Sum: 0.2]
      [Code Root Scanning (ms): Min: 0.0, Avg: 0.1, Max: 0.4, Diff: 0.4, Sum: 0.6]
      [Object Copy (ms): Min: 11.1, Avg: 11.5, Max: 11.7, Diff: 0.6, Sum: 45.8]
      [Termination (ms): Min: 0.0, Avg: 0.0, Max: 0.0, Diff: 0.0, Sum: 0.0]
         [Termination Attempts: Min: 1, Avg: 1.0, Max: 1, Diff: 0, Sum: 4]
      [GC Worker Other (ms): Min: 0.0, Avg: 0.0, Max: 0.0, Diff: 0.0, Sum: 0.1]
      [GC Worker Total (ms): Min: 13.6, Avg: 13.6, Max: 13.6, Diff: 0.0, Sum: 54.4]
      [GC Worker End (ms): Min: 74476633.9, Avg: 74476633.9, Max: 74476633.9, Diff: 0.0]
   [Code Root Fixup: 0.0 ms]
   [Code Root Purge: 0.0 ms]
   [Clear CT: 0.1 ms]
   [Other: 7.2 ms]
      [Choose CSet: 0.0 ms]
      [Ref Proc: 6.2 ms]
      [Ref Enq: 0.1 ms]
      [Redirty Cards: 0.1 ms]
      [Humongous Register: 0.0 ms]
      [Humongous Reclaim: 0.0 ms]
      [Free CSet: 0.4 ms]
   [Eden: 298.0M(298.0M)->0.0B(292.0M) Survivors: 9216.0K->15.0M Heap: 356.3M(512.0M)->64.4M(512.0M)]
Heap after GC invocations=55 (full 0):
 garbage-first heap   total 524288K, used 65991K [0x00000000e0000000, 0x00000000e0101000, 0x0000000100000000)
  region size 1024K, 15 young (15360K), 15 survivors (15360K)
 Metaspace       used 57639K, capacity 60362K, committed 60508K, reserved 1101824K
  class space    used 6830K, capacity 7380K, committed 7424K, reserved 1048576K
}
 [Times: user=0.06 sys=0.00, real=0.02 secs] 
2020-10-25T13:52:12.505+0100: 74476.641: Total time for which application threads were stopped: 0.0219410 seconds, Stopping threads took: 0.0000915 seconds
2020-10-25T13:52:12.531+0100: 74476.668: Total time for which application threads were stopped: 0.0037177 seconds, Stopping threads took: 0.0033525 seconds
2020-10-25T13:52:12.532+0100: 74476.669: Total time for which application threads were stopped: 0.0004540 seconds, Stopping threads took: 0.0000769 seconds
2020-10-25T13:52:12.869+0100: 74477.006: Total time for which application threads were stopped: 0.0004609 seconds, Stopping threads took: 0.0000951 seconds
2020-10-25T13:52:12.874+0100: 74477.010: Total time for which application threads were stopped: 0.0003215 seconds, Stopping threads took: 0.0000635 seconds
2020-10-25T13:52:12.874+0100: 74477.011: Total time for which application threads were stopped: 0.0002976 seconds, Stopping threads took: 0.0000504 seconds
2020-10-25T13:52:12.880+0100: 74477.017: Total time for which application threads were stopped: 0.0034962 seconds, Stopping threads took: 0.0032505 seconds
2020-10-25T13:52:12.887+0100: 74477.024: Total time for which application threads were stopped: 0.0031868 seconds, Stopping threads took: 0.0029047 seconds
2020-10-25T13:52:13.253+0100: 74477.390: Total time for which application threads were stopped: 0.0003179 seconds, Stopping threads took: 0.0000638 seconds
2020-10-25T13:52:13.257+0100: 74477.393: Total time for which application threads were stopped: 0.0003545 seconds, Stopping threads took: 0.0000972 seconds
2020-10-25T13:52:13.259+0100: 74477.396: Total time for which application threads were stopped: 0.0003363 seconds, Stopping threads took: 0.0000916 seconds
2020-10-25T13:52:13.310+0100: 74477.446: Total time for which application threads were stopped: 0.0079416 seconds, Stopping threads took: 0.0076133 seconds
2020-10-25T13:53:40.124+0100: 74564.260: Total time for which application threads were stopped: 0.0006128 seconds, Stopping threads took: 0.0001341 seconds
2020-10-25T13:53:40.125+0100: 74564.261: Total time for which application threads were stopped: 0.0004204 seconds, Stopping threads took: 0.0001369 seconds
2020-10-25T13:53:47.922+0100: 74572.059: Total time for which application threads were stopped: 0.0003092 seconds, Stopping threads took: 0.0000641 seconds
2020-10-25T13:53:48.178+0100: 74572.314: Total time for which application threads were stopped: 0.0002970 seconds, Stopping threads took: 0.0000595 seconds
{Heap before GC invocations=55 (full 0):
 garbage-first heap   total 524288K, used 364999K [0x00000000e0000000, 0x00000000e0101000, 0x0000000100000000)
  region size 1024K, 307 young (314368K), 15 survivors (15360K)
 Metaspace       used 57670K, capacity 60362K, committed 60508K, reserved 1101824K
  class space    used 6830K, capacity 7380K, committed 7424K, reserved 1048576K
2020-10-25T13:53:48.809+0100: 74572.946: [GC pause (G1 Evacuation Pause) (young)
Desired survivor size 20447232 bytes, new threshold 15 (max 15)
- age   1:    6706096 bytes,    6706096 total
- age   2:    1020992 bytes,    7727088 total
- age   3:     520728 bytes,    8247816 total
- age   4:     176184 bytes,    8424000 total
- age   5:      28248 bytes,    8452248 total
- age   6:      89840 bytes,    8542088 total
- age   7:      83272 bytes,    8625360 total
- age   8:      62952 bytes,    8688312 total
- age   9:      40272 bytes,    8728584 total
- age  10:      66080 bytes,    8794664 total
- age  11:      67512 bytes,    8862176 total
- age  12:      31360 bytes,    8893536 total
- age  13:      66184 bytes,    8959720 total
- age  14:      82152 bytes,    9041872 total
- age  15:      32072 bytes,    9073944 total
, 0.0191227 secs]
   [Parallel Time: 12.5 ms, GC Workers: 4]
      [GC Worker Start (ms): Min: 74572946.3, Avg: 74572946.3, Max: 74572946.3, Diff: 0.0]
      [Ext Root Scanning (ms): Min: 0.9, Avg: 1.2, Max: 1.8, Diff: 0.9, Sum: 4.7]
      [Update RS (ms): Min: 0.0, Avg: 0.5, Max: 0.9, Diff: 0.9, Sum: 2.1]
         [Processed Buffers: Min: 0, Avg: 5.5, Max: 17, Diff: 17, Sum: 22]
      [Scan RS (ms): Min: 0.0, Avg: 0.1, Max: 0.1, Diff: 0.1, Sum: 0.2]
      [Code Root Scanning (ms): Min: 0.0, Avg: 0.1, Max: 0.2, Diff: 0.2, Sum: 0.4]
      [Object Copy (ms): Min: 10.3, Avg: 10.5, Max: 10.7, Diff: 0.4, Sum: 41.9]
      [Termination (ms): Min: 0.0, Avg: 0.0, Max: 0.0, Diff: 0.0, Sum: 0.0]
         [Termination Attempts: Min: 1, Avg: 1.0, Max: 1, Diff: 0, Sum: 4]
      [GC Worker Other (ms): Min: 0.0, Avg: 0.0, Max: 0.0, Diff: 0.0, Sum: 0.1]
      [GC Worker Total (ms): Min: 12.4, Avg: 12.4, Max: 12.4, Diff: 0.0, Sum: 49.5]
      [GC Worker End (ms): Min: 74572958.7, Avg: 74572958.7, Max: 74572958.7, Diff: 0.0]
   [Code Root Fixup: 0.0 ms]
   [Code Root Purge: 0.0 ms]
   [Clear CT: 0.1 ms]
   [Other: 6.5 ms]
      [Choose CSet: 0.0 ms]
      [Ref Proc: 5.8 ms]
      [Ref Enq: 0.1 ms]
      [Redirty Cards: 0.0 ms]
      [Humongous Register: 0.0 ms]
      [Humongous Reclaim: 0.0 ms]
      [Free CSet: 0.3 ms]
   [Eden: 292.0M(292.0M)->0.0B(293.0M) Survivors: 15.0M->14.0M Heap: 356.4M(512.0M)->63.5M(512.0M)]
Heap after GC invocations=56 (full 0):
 garbage-first heap   total 524288K, used 65021K [0x00000000e0000000, 0x00000000e0101000, 0x0000000100000000)
  region size 1024K, 14 young (14336K), 14 survivors (14336K)
 Metaspace       used 57670K, capacity 60362K, committed 60508K, reserved 1101824K
  class space    used 6830K, capacity 7380K, committed 7424K, reserved 1048576K
}
 [Times: user=0.06 sys=0.00, real=0.02 secs] 
2020-10-25T13:53:48.829+0100: 74572.966: Total time for which application threads were stopped: 0.0199314 seconds, Stopping threads took: 0.0000974 seconds
2020-10-25T13:53:48.835+0100: 74572.972: Total time for which application threads were stopped: 0.0008727 seconds, Stopping threads took: 0.0005284 seconds
2020-10-25T13:53:49.040+0100: 74573.177: Total time for which application threads were stopped: 0.0015280 seconds, Stopping threads took: 0.0011474 seconds
2020-10-25T13:53:49.160+0100: 74573.297: Total time for which application threads were stopped: 0.0004032 seconds, Stopping threads took: 0.0000845 seconds
2020-10-25T13:53:49.163+0100: 74573.300: Total time for which application threads were stopped: 0.0003988 seconds, Stopping threads took: 0.0000811 seconds
2020-10-25T13:53:49.337+0100: 74573.474: Total time for which application threads were stopped: 0.0021642 seconds, Stopping threads took: 0.0018962 seconds
2020-10-25T13:53:49.348+0100: 74573.485: Total time for which application threads were stopped: 0.0003546 seconds, Stopping threads took: 0.0001052 seconds
2020-10-25T13:53:49.361+0100: 74573.498: Total time for which application threads were stopped: 0.0003554 seconds, Stopping threads took: 0.0001100 seconds
2020-10-25T13:53:49.423+0100: 74573.560: Total time for which application threads were stopped: 0.0004326 seconds, Stopping threads took: 0.0000642 seconds
{Heap before GC invocations=56 (full 0):
 garbage-first heap   total 524288K, used 365053K [0x00000000e0000000, 0x00000000e0101000, 0x0000000100000000)
  region size 1024K, 307 young (314368K), 14 survivors (14336K)
 Metaspace       used 57680K, capacity 60362K, committed 60508K, reserved 1101824K
  class space    used 6830K, capacity 7380K, committed 7424K, reserved 1048576K
2020-10-25T13:53:49.587+0100: 74573.723: [GC pause (G1 Evacuation Pause) (young)
Desired survivor size 20447232 bytes, new threshold 15 (max 15)
- age   1:    5699072 bytes,    5699072 total
- age   2:    1096312 bytes,    6795384 total
- age   3:      32544 bytes,    6827928 total
- age   4:      70376 bytes,    6898304 total
- age   5:     108776 bytes,    7007080 total
- age   6:      28248 bytes,    7035328 total
- age   7:      89768 bytes,    7125096 total
- age   8:      83272 bytes,    7208368 total
- age   9:      62952 bytes,    7271320 total
- age  10:      40272 bytes,    7311592 total
- age  11:      66080 bytes,    7377672 total
- age  12:      67512 bytes,    7445184 total
- age  13:      31360 bytes,    7476544 total
- age  14:      66184 bytes,    7542728 total
- age  15:      82152 bytes,    7624880 total
, 0.0160697 secs]
   [Parallel Time: 14.0 ms, GC Workers: 4]
      [GC Worker Start (ms): Min: 74573723.3, Avg: 74573723.3, Max: 74573723.3, Diff: 0.0]
      [Ext Root Scanning (ms): Min: 0.8, Avg: 1.1, Max: 1.5, Diff: 0.6, Sum: 4.4]
      [Update RS (ms): Min: 0.0, Avg: 0.4, Max: 0.7, Diff: 0.7, Sum: 1.5]
         [Processed Buffers: Min: 0, Avg: 4.3, Max: 14, Diff: 14, Sum: 17]
      [Scan RS (ms): Min: 0.0, Avg: 0.1, Max: 0.2, Diff: 0.1, Sum: 0.2]
      [Code Root Scanning (ms): Min: 0.0, Avg: 0.1, Max: 0.2, Diff: 0.2, Sum: 0.4]
      [Object Copy (ms): Min: 12.2, Avg: 12.3, Max: 12.5, Diff: 0.3, Sum: 49.2]
      [Termination (ms): Min: 0.0, Avg: 0.0, Max: 0.0, Diff: 0.0, Sum: 0.0]
         [Termination Attempts: Min: 1, Avg: 1.0, Max: 1, Diff: 0, Sum: 4]
      [GC Worker Other (ms): Min: 0.0, Avg: 0.0, Max: 0.0, Diff: 0.0, Sum: 0.1]
      [GC Worker Total (ms): Min: 13.9, Avg: 13.9, Max: 13.9, Diff: 0.0, Sum: 55.8]
      [GC Worker End (ms): Min: 74573737.2, Avg: 74573737.2, Max: 74573737.2, Diff: 0.0]
   [Code Root Fixup: 0.0 ms]
   [Code Root Purge: 0.0 ms]
   [Clear CT: 0.2 ms]
   [Other: 1.8 ms]
      [Choose CSet: 0.0 ms]
      [Ref Proc: 1.1 ms]
      [Ref Enq: 0.1 ms]
      [Redirty Cards: 0.1 ms]
      [Humongous Register: 0.0 ms]
      [Humongous Reclaim: 0.0 ms]
      [Free CSet: 0.3 ms]
   [Eden: 293.0M(293.0M)->0.0B(294.0M) Survivors: 14.0M->13.0M Heap: 356.5M(512.0M)->62.1M(512.0M)]
Heap after GC invocations=57 (full 0):
 garbage-first heap   total 524288K, used 63581K [0x00000000e0000000, 0x00000000e0101000, 0x0000000100000000)
  region size 1024K, 13 young (13312K), 13 survivors (13312K)
 Metaspace       used 57680K, capacity 60362K, committed 60508K, reserved 1101824K
  class space    used 6830K, capacity 7380K, committed 7424K, reserved 1048576K
}
 [Times: user=0.05 sys=0.02, real=0.02 secs] 
2020-10-25T13:53:49.603+0100: 74573.740: Total time for which application threads were stopped: 0.0175506 seconds, Stopping threads took: 0.0007114 seconds
2020-10-25T13:53:49.704+0100: 74573.841: Total time for which application threads were stopped: 0.0235250 seconds, Stopping threads took: 0.0232956 seconds
2020-10-25T13:53:49.704+0100: 74573.841: Total time for which application threads were stopped: 0.0002339 seconds, Stopping threads took: 0.0000548 seconds
2020-10-25T13:53:49.710+0100: 74573.846: Total time for which application threads were stopped: 0.0035734 seconds, Stopping threads took: 0.0033099 seconds
2020-10-25T13:53:49.710+0100: 74573.847: Total time for which application threads were stopped: 0.0004640 seconds, Stopping threads took: 0.0000951 seconds
2020-10-25T13:53:49.720+0100: 74573.857: Total time for which application threads were stopped: 0.0003093 seconds, Stopping threads took: 0.0000695 seconds
2020-10-25T13:53:49.721+0100: 74573.857: Total time for which application threads were stopped: 0.0003594 seconds, Stopping threads took: 0.0001305 seconds
2020-10-25T13:53:49.732+0100: 74573.868: Total time for which application threads were stopped: 0.0004454 seconds, Stopping threads took: 0.0000939 seconds
2020-10-25T13:53:49.733+0100: 74573.870: Total time for which application threads were stopped: 0.0003199 seconds, Stopping threads took: 0.0000911 seconds
2020-10-25T13:53:49.733+0100: 74573.870: Total time for which application threads were stopped: 0.0002563 seconds, Stopping threads took: 0.0000632 seconds
2020-10-25T13:53:49.740+0100: 74573.876: Total time for which application threads were stopped: 0.0005097 seconds, Stopping threads took: 0.0001164 seconds
2020-10-25T13:53:49.745+0100: 74573.882: Total time for which application threads were stopped: 0.0003267 seconds, Stopping threads took: 0.0000917 seconds
2020-10-25T13:53:49.749+0100: 74573.885: Total time for which application threads were stopped: 0.0003293 seconds, Stopping threads took: 0.0000840 seconds
2020-10-25T13:53:49.828+0100: 74573.964: Total time for which application threads were stopped: 0.0039991 seconds, Stopping threads took: 0.0037415 seconds
2020-10-25T13:53:50.834+0100: 74574.971: Total time for which application threads were stopped: 0.0008260 seconds, Stopping threads took: 0.0002275 seconds
2020-10-25T13:54:46.706+0100: 74630.843: Total time for which application threads were stopped: 0.0003901 seconds, Stopping threads took: 0.0000867 seconds
2020-10-25T13:54:47.347+0100: 74631.484: Total time for which application threads were stopped: 0.0023708 seconds, Stopping threads took: 0.0019940 seconds
{Heap before GC invocations=57 (full 0):
 garbage-first heap   total 524288K, used 364637K [0x00000000e0000000, 0x00000000e0101000, 0x0000000100000000)
  region size 1024K, 307 young (314368K), 13 survivors (13312K)
 Metaspace       used 57701K, capacity 60428K, committed 60508K, reserved 1101824K
  class space    used 6831K, capacity 7381K, committed 7424K, reserved 1048576K
2020-10-25T13:54:47.490+0100: 74631.627: [GC pause (G1 Evacuation Pause) (young)
Desired survivor size 20447232 bytes, new threshold 15 (max 15)
- age   1:    3502248 bytes,    3502248 total
- age   2:    4557616 bytes,    8059864 total
- age   3:    1093464 bytes,    9153328 total
- age   4:      32504 bytes,    9185832 total
- age   5:      70336 bytes,    9256168 total
- age   6:     108616 bytes,    9364784 total
- age   7:      28248 bytes,    9393032 total
- age   8:      89768 bytes,    9482800 total
- age   9:      83272 bytes,    9566072 total
- age  10:      62952 bytes,    9629024 total
- age  11:      40272 bytes,    9669296 total
- age  12:      66080 bytes,    9735376 total
- age  13:      67512 bytes,    9802888 total
- age  14:      31360 bytes,    9834248 total
- age  15:      66184 bytes,    9900432 total
, 0.0197857 secs]
   [Parallel Time: 13.2 ms, GC Workers: 4]
      [GC Worker Start (ms): Min: 74631627.1, Avg: 74631627.2, Max: 74631627.2, Diff: 0.0]
      [Ext Root Scanning (ms): Min: 0.9, Avg: 1.2, Max: 1.5, Diff: 0.6, Sum: 4.8]
      [Update RS (ms): Min: 0.1, Avg: 0.5, Max: 0.9, Diff: 0.8, Sum: 2.0]
         [Processed Buffers: Min: 1, Avg: 6.0, Max: 13, Diff: 12, Sum: 24]
      [Scan RS (ms): Min: 0.0, Avg: 0.0, Max: 0.1, Diff: 0.1, Sum: 0.2]
      [Code Root Scanning (ms): Min: 0.0, Avg: 0.1, Max: 0.2, Diff: 0.2, Sum: 0.4]
      [Object Copy (ms): Min: 11.1, Avg: 11.2, Max: 11.3, Diff: 0.2, Sum: 44.9]
      [Termination (ms): Min: 0.0, Avg: 0.0, Max: 0.0, Diff: 0.0, Sum: 0.0]
         [Termination Attempts: Min: 1, Avg: 1.0, Max: 1, Diff: 0, Sum: 4]
      [GC Worker Other (ms): Min: 0.0, Avg: 0.0, Max: 0.0, Diff: 0.0, Sum: 0.1]
      [GC Worker Total (ms): Min: 13.1, Avg: 13.1, Max: 13.1, Diff: 0.0, Sum: 52.4]
      [GC Worker End (ms): Min: 74631640.3, Avg: 74631640.3, Max: 74631640.3, Diff: 0.0]
   [Code Root Fixup: 0.0 ms]
   [Code Root Purge: 0.0 ms]
   [Clear CT: 0.2 ms]
   [Other: 6.4 ms]
      [Choose CSet: 0.0 ms]
      [Ref Proc: 5.8 ms]
      [Ref Enq: 0.1 ms]
      [Redirty Cards: 0.0 ms]
      [Humongous Register: 0.0 ms]
      [Humongous Reclaim: 0.0 ms]
      [Free CSet: 0.3 ms]
   [Eden: 294.0M(294.0M)->0.0B(292.0M) Survivors: 13.0M->15.0M Heap: 356.1M(512.0M)->64.7M(512.0M)]
Heap after GC invocations=58 (full 0):
 garbage-first heap   total 524288K, used 66226K [0x00000000e0000000, 0x00000000e0101000, 0x0000000100000000)
  region size 1024K, 15 young (15360K), 15 survivors (15360K)
 Metaspace       used 57701K, capacity 60428K, committed 60508K, reserved 1101824K
  class space    used 6831K, capacity 7381K, committed 7424K, reserved 1048576K
}
 [Times: user=0.09 sys=0.02, real=0.02 secs] 
2020-10-25T13:54:47.510+0100: 74631.647: Total time for which application threads were stopped: 0.0205237 seconds, Stopping threads took: 0.0001113 seconds
2020-10-25T13:54:47.549+0100: 74631.686: Total time for which application threads were stopped: 0.0012108 seconds, Stopping threads took: 0.0000907 seconds
2020-10-25T13:54:47.550+0100: 74631.687: Total time for which application threads were stopped: 0.0003647 seconds, Stopping threads took: 0.0000672 seconds
2020-10-25T13:54:47.665+0100: 74631.801: Total time for which application threads were stopped: 0.0004169 seconds, Stopping threads took: 0.0001088 seconds
2020-10-25T13:54:47.695+0100: 74631.831: Total time for which application threads were stopped: 0.0007939 seconds, Stopping threads took: 0.0005215 seconds
2020-10-25T13:54:47.782+0100: 74631.919: Total time for which application threads were stopped: 0.0010344 seconds, Stopping threads took: 0.0007700 seconds
2020-10-25T13:54:47.789+0100: 74631.926: Total time for which application threads were stopped: 0.0011033 seconds, Stopping threads took: 0.0000586 seconds
2020-10-25T13:54:47.915+0100: 74632.052: Total time for which application threads were stopped: 0.0024172 seconds, Stopping threads took: 0.0019501 seconds
2020-10-25T13:54:48.115+0100: 74632.252: Total time for which application threads were stopped: 0.0044111 seconds, Stopping threads took: 0.0039879 seconds
2020-10-25T13:54:48.126+0100: 74632.262: Total time for which application threads were stopped: 0.0004209 seconds, Stopping threads took: 0.0000836 seconds
2020-10-25T13:54:48.126+0100: 74632.263: Total time for which application threads were stopped: 0.0002939 seconds, Stopping threads took: 0.0000883 seconds
2020-10-25T13:54:48.126+0100: 74632.263: Total time for which application threads were stopped: 0.0003027 seconds, Stopping threads took: 0.0000742 seconds
2020-10-25T13:54:48.127+0100: 74632.263: Total time for which application threads were stopped: 0.0002689 seconds, Stopping threads took: 0.0000710 seconds
2020-10-25T13:54:48.127+0100: 74632.264: Total time for which application threads were stopped: 0.0002711 seconds, Stopping threads took: 0.0000704 seconds
2020-10-25T13:54:48.127+0100: 74632.264: Total time for which application threads were stopped: 0.0002381 seconds, Stopping threads took: 0.0000605 seconds
2020-10-25T13:54:48.138+0100: 74632.274: Total time for which application threads were stopped: 0.0004570 seconds, Stopping threads took: 0.0001113 seconds
2020-10-25T13:54:48.140+0100: 74632.277: Total time for which application threads were stopped: 0.0002997 seconds, Stopping threads took: 0.0000648 seconds
2020-10-25T13:54:48.141+0100: 74632.277: Total time for which application threads were stopped: 0.0002373 seconds, Stopping threads took: 0.0000647 seconds
2020-10-25T13:54:48.142+0100: 74632.279: Total time for which application threads were stopped: 0.0003219 seconds, Stopping threads took: 0.0000683 seconds
2020-10-25T13:54:48.143+0100: 74632.279: Total time for which application threads were stopped: 0.0002907 seconds, Stopping threads took: 0.0000747 seconds
2020-10-25T13:54:48.215+0100: 74632.352: Total time for which application threads were stopped: 0.0019881 seconds, Stopping threads took: 0.0017642 seconds
2020-10-25T13:54:48.216+0100: 74632.352: Total time for which application threads were stopped: 0.0002400 seconds, Stopping threads took: 0.0000645 seconds
2020-10-25T13:54:48.216+0100: 74632.353: Total time for which application threads were stopped: 0.0002233 seconds, Stopping threads took: 0.0000367 seconds
2020-10-25T13:54:48.216+0100: 74632.353: Total time for which application threads were stopped: 0.0001510 seconds, Stopping threads took: 0.0000307 seconds
2020-10-25T13:54:48.217+0100: 74632.353: Total time for which application threads were stopped: 0.0002660 seconds, Stopping threads took: 0.0000350 seconds
2020-10-25T13:54:48.217+0100: 74632.353: Total time for which application threads were stopped: 0.0002270 seconds, Stopping threads took: 0.0000410 seconds
{Heap before GC invocations=58 (full 0):
 garbage-first heap   total 524288K, used 231090K [0x00000000e0000000, 0x00000000e0101000, 0x0000000100000000)
  region size 1024K, 177 young (181248K), 15 survivors (15360K)
 Metaspace       used 57711K, capacity 60436K, committed 60508K, reserved 1101824K
  class space    used 6831K, capacity 7381K, committed 7424K, reserved 1048576K
2020-10-25T13:54:48.218+0100: 74632.354: [GC pause (Metadata GC Threshold) (young) (initial-mark)
Desired survivor size 20447232 bytes, new threshold 15 (max 15)
- age   1:    5337824 bytes,    5337824 total
- age   2:    2692072 bytes,    8029896 total
- age   3:     641160 bytes,    8671056 total
- age   4:      72648 bytes,    8743704 total
- age   5:      32400 bytes,    8776104 total
- age   6:      70232 bytes,    8846336 total
- age   7:     108616 bytes,    8954952 total
- age   8:      28248 bytes,    8983200 total
- age   9:      89656 bytes,    9072856 total
- age  10:      83272 bytes,    9156128 total
- age  11:      62952 bytes,    9219080 total
- age  12:      40272 bytes,    9259352 total
- age  13:      66080 bytes,    9325432 total
- age  14:      67512 bytes,    9392944 total
- age  15:      31360 bytes,    9424304 total
, 0.0200773 secs]
   [Parallel Time: 14.8 ms, GC Workers: 4]
      [GC Worker Start (ms): Min: 74632354.6, Avg: 74632354.7, Max: 74632354.8, Diff: 0.2]
      [Ext Root Scanning (ms): Min: 2.5, Avg: 2.9, Max: 3.2, Diff: 0.7, Sum: 11.8]
      [Update RS (ms): Min: 0.1, Avg: 0.4, Max: 0.7, Diff: 0.6, Sum: 1.6]
         [Processed Buffers: Min: 1, Avg: 4.8, Max: 10, Diff: 9, Sum: 19]
      [Scan RS (ms): Min: 0.0, Avg: 0.0, Max: 0.1, Diff: 0.1, Sum: 0.1]
      [Code Root Scanning (ms): Min: 0.0, Avg: 0.1, Max: 0.3, Diff: 0.3, Sum: 0.3]
      [Object Copy (ms): Min: 10.7, Avg: 11.0, Max: 11.7, Diff: 1.0, Sum: 44.0]
      [Termination (ms): Min: 0.0, Avg: 0.0, Max: 0.0, Diff: 0.0, Sum: 0.0]
         [Termination Attempts: Min: 1, Avg: 1.0, Max: 1, Diff: 0, Sum: 4]
      [GC Worker Other (ms): Min: 0.0, Avg: 0.0, Max: 0.1, Diff: 0.1, Sum: 0.1]
      [GC Worker Total (ms): Min: 14.4, Avg: 14.5, Max: 14.6, Diff: 0.2, Sum: 58.0]
      [GC Worker End (ms): Min: 74632369.2, Avg: 74632369.2, Max: 74632369.2, Diff: 0.0]
   [Code Root Fixup: 0.0 ms]
   [Code Root Purge: 0.0 ms]
   [Clear CT: 0.1 ms]
   [Other: 5.2 ms]
      [Choose CSet: 0.0 ms]
      [Ref Proc: 4.3 ms]
      [Ref Enq: 0.1 ms]
      [Redirty Cards: 0.1 ms]
      [Humongous Register: 0.0 ms]
      [Humongous Reclaim: 0.0 ms]
      [Free CSet: 0.2 ms]
   [Eden: 162.0M(292.0M)->0.0B(294.0M) Survivors: 15.0M->13.0M Heap: 225.9M(512.0M)->62.3M(512.0M)]
Heap after GC invocations=59 (full 0):
 garbage-first heap   total 524288K, used 63748K [0x00000000e0000000, 0x00000000e0101000, 0x0000000100000000)
  region size 1024K, 13 young (13312K), 13 survivors (13312K)
 Metaspace       used 57711K, capacity 60436K, committed 60508K, reserved 1101824K
  class space    used 6831K, capacity 7381K, committed 7424K, reserved 1048576K
}
 [Times: user=0.06 sys=0.00, real=0.02 secs] 
2020-10-25T13:54:48.238+0100: 2020-10-25T13:54:48.238+0100: 74632.375: 74632.375: [GC concurrent-root-region-scan-start]
Total time for which application threads were stopped: 0.0209465 seconds, Stopping threads took: 0.0000721 seconds
2020-10-25T13:54:48.255+0100: 74632.392: Total time for which application threads were stopped: 0.0003275 seconds, Stopping threads took: 0.0000648 seconds
2020-10-25T13:54:48.257+0100: 74632.393: Total time for which application threads were stopped: 0.0004127 seconds, Stopping threads took: 0.0001745 seconds
2020-10-25T13:54:48.257+0100: 74632.393: Total time for which application threads were stopped: 0.0002534 seconds, Stopping threads took: 0.0000737 seconds
2020-10-25T13:54:48.257+0100: 74632.394: Total time for which application threads were stopped: 0.0002444 seconds, Stopping threads took: 0.0000617 seconds
2020-10-25T13:54:48.258+0100: 74632.394: Total time for which application threads were stopped: 0.0002720 seconds, Stopping threads took: 0.0000664 seconds
2020-10-25T13:54:48.258+0100: 74632.395: Total time for which application threads were stopped: 0.0002452 seconds, Stopping threads took: 0.0000798 seconds
2020-10-25T13:54:48.268+0100: 74632.404: [GC concurrent-root-region-scan-end, 0.0296074 secs]
2020-10-25T13:54:48.268+0100: 74632.404: [GC concurrent-mark-start]
2020-10-25T13:54:48.474+0100: 74632.610: [GC concurrent-mark-end, 0.2059748 secs]
2020-10-25T13:54:48.474+0100: 74632.611: [GC remark 2020-10-25T13:54:48.474+0100: 74632.611: [Finalize Marking, 0.0001579 secs] 2020-10-25T13:54:48.475+0100: 74632.611: [GC ref-proc, 0.0042408 secs] 2020-10-25T13:54:48.479+0100: 74632.615: [Unloading, 0.1041693 secs], 0.1091297 secs]
 [Times: user=0.11 sys=0.14, real=0.11 secs] 
2020-10-25T13:54:48.584+0100: 74632.720: Total time for which application threads were stopped: 0.1094739 seconds, Stopping threads took: 0.0000610 seconds
2020-10-25T13:54:48.584+0100: 74632.720: [GC cleanup 65M->65M(512M), 0.0026820 secs]
 [Times: user=0.00 sys=0.00, real=0.00 secs] 
2020-10-25T13:54:48.587+0100: 74632.723: Total time for which application threads were stopped: 0.0030407 seconds, Stopping threads took: 0.0000499 seconds
2020-10-25T13:54:49.602+0100: 74633.739: Total time for which application threads were stopped: 0.0005752 seconds, Stopping threads took: 0.0001441 seconds
2020-10-25T13:55:00.870+0100: 74645.007: Total time for which application threads were stopped: 0.0004070 seconds, Stopping threads took: 0.0001002 seconds
2020-10-25T13:55:01.513+0100: 74645.650: Total time for which application threads were stopped: 0.0004782 seconds, Stopping threads took: 0.0000721 seconds
2020-10-25T13:55:01.522+0100: 74645.658: Total time for which application threads were stopped: 0.0018786 seconds, Stopping threads took: 0.0009245 seconds
2020-10-25T13:55:01.657+0100: 74645.793: Total time for which application threads were stopped: 0.0004020 seconds, Stopping threads took: 0.0000970 seconds
2020-10-25T13:55:01.658+0100: 74645.794: Total time for which application threads were stopped: 0.0004748 seconds, Stopping threads took: 0.0000711 seconds
{Heap before GC invocations=60 (full 0):
 garbage-first heap   total 524288K, used 364804K [0x00000000e0000000, 0x00000000e0101000, 0x0000000100000000)
  region size 1024K, 307 young (314368K), 13 survivors (13312K)
 Metaspace       used 57535K, capacity 60096K, committed 60624K, reserved 1101824K
  class space    used 6784K, capacity 7297K, committed 7424K, reserved 1048576K
2020-10-25T13:55:01.721+0100: 74645.857: [GC pause (G1 Evacuation Pause) (young)
Desired survivor size 20447232 bytes, new threshold 15 (max 15)
- age   1:    4110800 bytes,    4110800 total
- age   2:    1328824 bytes,    5439624 total
- age   3:    1712616 bytes,    7152240 total
- age   4:     636448 bytes,    7788688 total
- age   5:      72464 bytes,    7861152 total
- age   6:      32400 bytes,    7893552 total
- age   7:      70232 bytes,    7963784 total
- age   8:     108616 bytes,    8072400 total
- age   9:      28248 bytes,    8100648 total
- age  10:      89656 bytes,    8190304 total
- age  11:      83272 bytes,    8273576 total
- age  12:      62952 bytes,    8336528 total
- age  13:      40272 bytes,    8376800 total
- age  14:      66080 bytes,    8442880 total
- age  15:      67512 bytes,    8510392 total
, 0.0169423 secs]
   [Parallel Time: 12.6 ms, GC Workers: 4]
      [GC Worker Start (ms): Min: 74645857.5, Avg: 74645857.6, Max: 74645857.6, Diff: 0.0]
      [Ext Root Scanning (ms): Min: 0.8, Avg: 1.0, Max: 1.4, Diff: 0.5, Sum: 4.1]
      [Update RS (ms): Min: 0.3, Avg: 0.6, Max: 0.8, Diff: 0.5, Sum: 2.4]
         [Processed Buffers: Min: 1, Avg: 5.0, Max: 11, Diff: 10, Sum: 20]
      [Scan RS (ms): Min: 0.0, Avg: 0.1, Max: 0.1, Diff: 0.1, Sum: 0.2]
      [Code Root Scanning (ms): Min: 0.0, Avg: 0.1, Max: 0.3, Diff: 0.3, Sum: 0.4]
      [Object Copy (ms): Min: 10.6, Avg: 10.8, Max: 10.9, Diff: 0.3, Sum: 43.1]
      [Termination (ms): Min: 0.0, Avg: 0.0, Max: 0.0, Diff: 0.0, Sum: 0.0]
         [Termination Attempts: Min: 1, Avg: 1.0, Max: 1, Diff: 0, Sum: 4]
      [GC Worker Other (ms): Min: 0.0, Avg: 0.0, Max: 0.0, Diff: 0.0, Sum: 0.1]
      [GC Worker Total (ms): Min: 12.6, Avg: 12.6, Max: 12.6, Diff: 0.0, Sum: 50.2]
      [GC Worker End (ms): Min: 74645870.1, Avg: 74645870.1, Max: 74645870.1, Diff: 0.0]
   [Code Root Fixup: 0.0 ms]
   [Code Root Purge: 0.0 ms]
   [Clear CT: 0.2 ms]
   [Other: 4.0 ms]
      [Choose CSet: 0.0 ms]
      [Ref Proc: 3.4 ms]
      [Ref Enq: 0.1 ms]
      [Redirty Cards: 0.1 ms]
      [Humongous Register: 0.0 ms]
      [Humongous Reclaim: 0.0 ms]
      [Free CSet: 0.3 ms]
   [Eden: 294.0M(294.0M)->0.0B(294.0M) Survivors: 13.0M->13.0M Heap: 356.3M(512.0M)->62.8M(512.0M)]
Heap after GC invocations=61 (full 0):
 garbage-first heap   total 524288K, used 64326K [0x00000000e0000000, 0x00000000e0101000, 0x0000000100000000)
  region size 1024K, 13 young (13312K), 13 survivors (13312K)
 Metaspace       used 57535K, capacity 60096K, committed 60624K, reserved 1101824K
  class space    used 6784K, capacity 7297K, committed 7424K, reserved 1048576K
}
 [Times: user=0.06 sys=0.00, real=0.02 secs] 
2020-10-25T13:55:01.738+0100: 74645.875: Total time for which application threads were stopped: 0.0176514 seconds, Stopping threads took: 0.0000631 seconds
2020-10-25T13:55:01.905+0100: 74646.041: Total time for which application threads were stopped: 0.0003788 seconds, Stopping threads took: 0.0000948 seconds
2020-10-25T13:55:01.915+0100: 74646.051: Total time for which application threads were stopped: 0.0003836 seconds, Stopping threads took: 0.0001302 seconds
2020-10-25T13:55:01.917+0100: 74646.053: Total time for which application threads were stopped: 0.0003835 seconds, Stopping threads took: 0.0000940 seconds
2020-10-25T13:55:01.977+0100: 74646.113: Total time for which application threads were stopped: 0.0015589 seconds, Stopping threads took: 0.0011420 seconds
2020-10-25T13:55:02.088+0100: 74646.225: Total time for which application threads were stopped: 0.0085688 seconds, Stopping threads took: 0.0083112 seconds
2020-10-25T13:55:02.089+0100: 74646.225: Total time for which application threads were stopped: 0.0002229 seconds, Stopping threads took: 0.0000782 seconds
2020-10-25T13:55:02.089+0100: 74646.225: Total time for which application threads were stopped: 0.0002185 seconds, Stopping threads took: 0.0000558 seconds
2020-10-25T13:55:02.089+0100: 74646.226: Total time for which application threads were stopped: 0.0002368 seconds, Stopping threads took: 0.0000527 seconds
2020-10-25T13:55:02.090+0100: 74646.226: Total time for which application threads were stopped: 0.0001794 seconds, Stopping threads took: 0.0000469 seconds
2020-10-25T13:55:02.090+0100: 74646.226: Total time for which application threads were stopped: 0.0001878 seconds, Stopping threads took: 0.0000566 seconds
2020-10-25T13:55:02.143+0100: 74646.279: Total time for which application threads were stopped: 0.0003287 seconds, Stopping threads took: 0.0000882 seconds
2020-10-25T13:55:02.156+0100: 74646.292: Total time for which application threads were stopped: 0.0115404 seconds, Stopping threads took: 0.0112361 seconds
2020-10-25T13:55:02.157+0100: 74646.293: Total time for which application threads were stopped: 0.0003476 seconds, Stopping threads took: 0.0000814 seconds
2020-10-25T13:55:02.263+0100: 74646.400: Total time for which application threads were stopped: 0.0050512 seconds, Stopping threads took: 0.0047913 seconds
2020-10-25T13:55:02.268+0100: 74646.405: Total time for which application threads were stopped: 0.0003033 seconds, Stopping threads took: 0.0000708 seconds
2020-10-25T13:55:02.270+0100: 74646.407: Total time for which application threads were stopped: 0.0002816 seconds, Stopping threads took: 0.0000612 seconds
2020-10-25T13:55:02.364+0100: 74646.501: Total time for which application threads were stopped: 0.0004956 seconds, Stopping threads took: 0.0000702 seconds
2020-10-25T13:55:02.418+0100: 74646.555: Total time for which application threads were stopped: 0.0003074 seconds, Stopping threads took: 0.0000762 seconds
2020-10-25T13:55:02.418+0100: 74646.555: Total time for which application threads were stopped: 0.0002357 seconds, Stopping threads took: 0.0000550 seconds
2020-10-25T13:55:02.419+0100: 74646.556: Total time for which application threads were stopped: 0.0001696 seconds, Stopping threads took: 0.0000385 seconds
2020-10-25T13:55:02.419+0100: 74646.556: Total time for which application threads were stopped: 0.0001538 seconds, Stopping threads took: 0.0000362 seconds
2020-10-25T13:55:02.419+0100: 74646.556: Total time for which application threads were stopped: 0.0001485 seconds, Stopping threads took: 0.0000352 seconds
2020-10-25T13:55:02.419+0100: 74646.556: Total time for which application threads were stopped: 0.0001449 seconds, Stopping threads took: 0.0000343 seconds
2020-10-25T13:55:02.427+0100: 74646.564: Total time for which application threads were stopped: 0.0002924 seconds, Stopping threads took: 0.0000876 seconds
2020-10-25T13:55:02.429+0100: 74646.566: Total time for which application threads were stopped: 0.0011987 seconds, Stopping threads took: 0.0009628 seconds
2020-10-25T13:55:02.429+0100: 74646.566: Total time for which application threads were stopped: 0.0002887 seconds, Stopping threads took: 0.0000609 seconds
2020-10-25T16:23:14.586+0100: 83538.732: Total time for which application threads were stopped: 0.0006113 seconds, Stopping threads took: 0.0001150 seconds
2020-10-25T16:23:15.449+0100: 83539.594: Total time for which application threads were stopped: 0.0005041 seconds, Stopping threads took: 0.0001286 seconds
2020-10-25T16:23:15.449+0100: 83539.595: Total time for which application threads were stopped: 0.0002818 seconds, Stopping threads took: 0.0000403 seconds
2020-10-25T16:23:15.451+0100: 83539.596: Total time for which application threads were stopped: 0.0006912 seconds, Stopping threads took: 0.0002916 seconds
2020-10-25T16:23:15.456+0100: 83539.601: Total time for which application threads were stopped: 0.0004955 seconds, Stopping threads took: 0.0000927 seconds
2020-10-25T16:23:15.462+0100: 83539.608: Total time for which application threads were stopped: 0.0062443 seconds, Stopping threads took: 0.0058716 seconds
2020-10-25T16:23:15.466+0100: 83539.611: Total time for which application threads were stopped: 0.0004496 seconds, Stopping threads took: 0.0000566 seconds
2020-10-25T16:23:15.491+0100: 83539.637: Total time for which application threads were stopped: 0.0011252 seconds, Stopping threads took: 0.0005952 seconds
2020-10-25T16:23:16.491+0100: 83540.637: Total time for which application threads were stopped: 0.0004983 seconds, Stopping threads took: 0.0001169 seconds
2020-10-25T16:23:17.878+0100: 83542.024: Total time for which application threads were stopped: 0.0005541 seconds, Stopping threads took: 0.0001111 seconds
2020-10-25T16:23:18.041+0100: 83542.186: Total time for which application threads were stopped: 0.0003100 seconds, Stopping threads took: 0.0000606 seconds
2020-10-25T16:23:18.041+0100: 83542.187: Total time for which application threads were stopped: 0.0002020 seconds, Stopping threads took: 0.0000269 seconds
2020-10-25T16:23:18.042+0100: 83542.187: Total time for which application threads were stopped: 0.0002000 seconds, Stopping threads took: 0.0000240 seconds
2020-10-25T16:23:19.049+0100: 83543.194: Total time for which application threads were stopped: 0.0003912 seconds, Stopping threads took: 0.0000809 seconds
2020-10-25T16:23:19.653+0100: 83543.799: Total time for which application threads were stopped: 0.0004304 seconds, Stopping threads took: 0.0000599 seconds
2020-10-25T16:23:20.656+0100: 83544.802: Total time for which application threads were stopped: 0.0004260 seconds, Stopping threads took: 0.0000895 seconds
2020-10-25T16:23:21.665+0100: 83545.811: Total time for which application threads were stopped: 0.0003729 seconds, Stopping threads took: 0.0000749 seconds
2020-10-25T16:23:21.958+0100: 83546.104: Total time for which application threads were stopped: 0.1186127 seconds, Stopping threads took: 0.1183401 seconds
2020-10-25T16:23:21.958+0100: 83546.105: Total time for which application threads were stopped: 0.0004724 seconds, Stopping threads took: 0.0000720 seconds
2020-10-25T16:23:22.969+0100: 83547.115: Total time for which application threads were stopped: 0.0004033 seconds, Stopping threads took: 0.0000775 seconds
2020-10-25T16:23:23.186+0100: 83547.333: Total time for which application threads were stopped: 0.0003511 seconds, Stopping threads took: 0.0000682 seconds
2020-10-25T16:23:23.186+0100: 83547.334: Total time for which application threads were stopped: 0.0001954 seconds, Stopping threads took: 0.0000195 seconds
2020-10-25T16:23:23.622+0100: 83547.770: Total time for which application threads were stopped: 0.0004278 seconds, Stopping threads took: 0.0000574 seconds
2020-10-25T16:23:23.622+0100: 83547.770: Total time for which application threads were stopped: 0.0003937 seconds, Stopping threads took: 0.0000510 seconds
2020-10-25T16:23:23.690+0100: 83547.837: Total time for which application threads were stopped: 0.0004314 seconds, Stopping threads took: 0.0000549 seconds
2020-10-25T16:23:23.718+0100: 83547.865: Total time for which application threads were stopped: 0.0004887 seconds, Stopping threads took: 0.0000625 seconds
2020-10-25T16:23:24.721+0100: 83548.867: Total time for which application threads were stopped: 0.0003438 seconds, Stopping threads took: 0.0000579 seconds
2020-10-25T16:23:26.741+0100: 83550.887: Total time for which application threads were stopped: 0.0004341 seconds, Stopping threads took: 0.0000697 seconds
2020-10-25T16:23:26.866+0100: 83551.011: Total time for which application threads were stopped: 0.0004757 seconds, Stopping threads took: 0.0000717 seconds
2020-10-25T16:23:26.866+0100: 83551.012: Total time for which application threads were stopped: 0.0003574 seconds, Stopping threads took: 0.0000660 seconds
2020-10-25T16:23:26.872+0100: 83551.018: Total time for which application threads were stopped: 0.0004312 seconds, Stopping threads took: 0.0000609 seconds
2020-10-25T16:23:26.911+0100: 83551.057: Total time for which application threads were stopped: 0.0005482 seconds, Stopping threads took: 0.0000652 seconds
2020-10-25T16:23:27.698+0100: 83551.844: Total time for which application threads were stopped: 0.0004370 seconds, Stopping threads took: 0.0000748 seconds
2020-10-25T16:23:28.957+0100: 83553.103: Total time for which application threads were stopped: 0.0004283 seconds, Stopping threads took: 0.0000780 seconds
2020-10-25T16:23:39.919+0100: 83564.064: Total time for which application threads were stopped: 0.0004684 seconds, Stopping threads took: 0.0001150 seconds
2020-10-25T16:23:39.920+0100: 83564.065: Total time for which application threads were stopped: 0.0005585 seconds, Stopping threads took: 0.0000948 seconds
2020-10-25T16:23:40.925+0100: 83565.071: Total time for which application threads were stopped: 0.0003859 seconds, Stopping threads took: 0.0000773 seconds
2020-10-25T16:23:54.055+0100: 83578.200: Total time for which application threads were stopped: 0.0003345 seconds, Stopping threads took: 0.0000882 seconds
2020-10-25T16:24:17.996+0100: 83602.142: Total time for which application threads were stopped: 0.0005025 seconds, Stopping threads took: 0.0001985 seconds
2020-10-25T16:24:19.003+0100: 83603.149: Total time for which application threads were stopped: 0.0005301 seconds, Stopping threads took: 0.0001059 seconds
2020-10-25T16:24:30.115+0100: 83614.261: Total time for which application threads were stopped: 0.0003052 seconds, Stopping threads took: 0.0000685 seconds
2020-10-25T16:24:54.327+0100: 83638.473: Total time for which application threads were stopped: 0.0003367 seconds, Stopping threads took: 0.0000832 seconds
2020-10-25T16:25:18.559+0100: 83662.705: Total time for which application threads were stopped: 0.0006573 seconds, Stopping threads took: 0.0001377 seconds
2020-10-25T16:25:29.632+0100: 83673.777: Total time for which application threads were stopped: 0.0003686 seconds, Stopping threads took: 0.0000856 seconds
2020-10-25T16:26:09.955+0100: 83714.101: Total time for which application threads were stopped: 0.0004513 seconds, Stopping threads took: 0.0000927 seconds
2020-10-25T16:26:09.956+0100: 83714.102: Total time for which application threads were stopped: 0.0004603 seconds, Stopping threads took: 0.0000664 seconds
2020-10-25T16:26:18.265+0100: 83722.411: Total time for which application threads were stopped: 0.0002352 seconds, Stopping threads took: 0.0000493 seconds
2020-10-25T16:27:18.772+0100: 83782.917: Total time for which application threads were stopped: 0.0003935 seconds, Stopping threads took: 0.0000868 seconds
2020-10-25T16:29:43.344+0100: 83927.496: Total time for which application threads were stopped: 0.0003732 seconds, Stopping threads took: 0.0001016 seconds
2020-10-25T16:29:43.934+0100: 83928.086: Total time for which application threads were stopped: 0.0006352 seconds, Stopping threads took: 0.0003044 seconds
{Heap before GC invocations=61 (full 0):
 garbage-first heap   total 524288K, used 365382K [0x00000000e0000000, 0x00000000e0101000, 0x0000000100000000)
  region size 1024K, 307 young (314368K), 13 survivors (13312K)
 Metaspace       used 57543K, capacity 60108K, committed 60624K, reserved 1101824K
  class space    used 6785K, capacity 7299K, committed 7424K, reserved 1048576K
2020-10-25T16:29:44.004+0100: 83928.150: [GC pause (G1 Evacuation Pause) (young)
Desired survivor size 20447232 bytes, new threshold 15 (max 15)
- age   1:    3291016 bytes,    3291016 total
- age   2:    4030472 bytes,    7321488 total
- age   3:    1114784 bytes,    8436272 total
- age   4:      42368 bytes,    8478640 total
- age   5:     145424 bytes,    8624064 total
- age   6:      72296 bytes,    8696360 total
- age   7:      32384 bytes,    8728744 total
- age   8:      70232 bytes,    8798976 total
- age   9:     108616 bytes,    8907592 total
- age  10:      28248 bytes,    8935840 total
- age  11:      89640 bytes,    9025480 total
- age  12:      83272 bytes,    9108752 total
- age  13:      62952 bytes,    9171704 total
- age  14:      40272 bytes,    9211976 total
- age  15:      66080 bytes,    9278056 total
, 0.0216841 secs]
   [Parallel Time: 14.9 ms, GC Workers: 4]
      [GC Worker Start (ms): Min: 83928150.3, Avg: 83928150.3, Max: 83928150.4, Diff: 0.1]
      [Ext Root Scanning (ms): Min: 0.9, Avg: 1.2, Max: 1.5, Diff: 0.5, Sum: 4.7]
      [Update RS (ms): Min: 0.9, Avg: 1.2, Max: 1.4, Diff: 0.5, Sum: 4.6]
         [Processed Buffers: Min: 4, Avg: 10.5, Max: 21, Diff: 17, Sum: 42]
      [Scan RS (ms): Min: 0.0, Avg: 0.1, Max: 0.1, Diff: 0.1, Sum: 0.2]
      [Code Root Scanning (ms): Min: 0.0, Avg: 0.1, Max: 0.4, Diff: 0.4, Sum: 0.5]
      [Object Copy (ms): Min: 12.0, Avg: 12.2, Max: 12.5, Diff: 0.5, Sum: 48.8]
      [Termination (ms): Min: 0.0, Avg: 0.0, Max: 0.0, Diff: 0.0, Sum: 0.0]
         [Termination Attempts: Min: 1, Avg: 1.0, Max: 1, Diff: 0, Sum: 4]
      [GC Worker Other (ms): Min: 0.0, Avg: 0.0, Max: 0.1, Diff: 0.0, Sum: 0.2]
      [GC Worker Total (ms): Min: 14.7, Avg: 14.8, Max: 14.8, Diff: 0.1, Sum: 59.0]
      [GC Worker End (ms): Min: 83928165.1, Avg: 83928165.1, Max: 83928165.1, Diff: 0.0]
   [Code Root Fixup: 0.0 ms]
   [Code Root Purge: 0.0 ms]
   [Clear CT: 0.1 ms]
   [Other: 6.6 ms]
      [Choose CSet: 0.0 ms]
      [Ref Proc: 5.9 ms]
      [Ref Enq: 0.1 ms]
      [Redirty Cards: 0.1 ms]
      [Humongous Register: 0.0 ms]
      [Humongous Reclaim: 0.0 ms]
      [Free CSet: 0.3 ms]
   [Eden: 294.0M(294.0M)->0.0B(292.0M) Survivors: 13.0M->15.0M Heap: 356.8M(512.0M)->64.9M(512.0M)]
Heap after GC invocations=62 (full 0):
 garbage-first heap   total 524288K, used 66470K [0x00000000e0000000, 0x00000000e0101000, 0x0000000100000000)
  region size 1024K, 15 young (15360K), 15 survivors (15360K)
 Metaspace       used 57543K, capacity 60108K, committed 60624K, reserved 1101824K
  class space    used 6785K, capacity 7299K, committed 7424K, reserved 1048576K
}
 [Times: user=0.06 sys=0.00, real=0.02 secs] 
2020-10-25T16:29:44.024+0100: 83928.172: Total time for which application threads were stopped: 0.0224507 seconds, Stopping threads took: 0.0000729 seconds
2020-10-25T16:29:44.134+0100: 83928.281: Total time for which application threads were stopped: 0.0005665 seconds, Stopping threads took: 0.0003176 seconds
2020-10-25T16:29:44.154+0100: 83928.303: Total time for which application threads were stopped: 0.0025680 seconds, Stopping threads took: 0.0021818 seconds
2020-10-25T16:29:44.446+0100: 83928.592: Total time for which application threads were stopped: 0.0192383 seconds, Stopping threads took: 0.0189740 seconds
2020-10-25T16:29:44.447+0100: 83928.593: Total time for which application threads were stopped: 0.0006418 seconds, Stopping threads took: 0.0003815 seconds
2020-10-25T16:29:44.456+0100: 83928.601: Total time for which application threads were stopped: 0.0051743 seconds, Stopping threads took: 0.0048737 seconds
2020-10-25T16:29:44.458+0100: 83928.604: Total time for which application threads were stopped: 0.0003748 seconds, Stopping threads took: 0.0000936 seconds
2020-10-25T16:29:44.765+0100: 83928.911: Total time for which application threads were stopped: 0.0109920 seconds, Stopping threads took: 0.0106345 seconds
2020-10-25T16:29:44.766+0100: 83928.912: Total time for which application threads were stopped: 0.0003096 seconds, Stopping threads took: 0.0000533 seconds
2020-10-25T16:29:44.767+0100: 83928.913: Total time for which application threads were stopped: 0.0011716 seconds, Stopping threads took: 0.0000468 seconds
2020-10-25T16:29:44.777+0100: 83928.923: Total time for which application threads were stopped: 0.0048181 seconds, Stopping threads took: 0.0045928 seconds
2020-10-25T16:29:44.799+0100: 83928.945: Total time for which application threads were stopped: 0.0161672 seconds, Stopping threads took: 0.0159126 seconds
2020-10-25T16:29:44.836+0100: 83928.981: Total time for which application threads were stopped: 0.0183444 seconds, Stopping threads took: 0.0181323 seconds
2020-10-25T16:29:44.836+0100: 83928.982: Total time for which application threads were stopped: 0.0002255 seconds, Stopping threads took: 0.0000427 seconds
2020-10-25T16:29:44.837+0100: 83928.982: Total time for which application threads were stopped: 0.0002508 seconds, Stopping threads took: 0.0000688 seconds
2020-10-25T16:29:44.837+0100: 83928.983: Total time for which application threads were stopped: 0.0002440 seconds, Stopping threads took: 0.0000781 seconds
2020-10-25T16:29:44.837+0100: 83928.983: Total time for which application threads were stopped: 0.0002181 seconds, Stopping threads took: 0.0000568 seconds
2020-10-25T16:29:44.842+0100: 83928.987: Total time for which application threads were stopped: 0.0003568 seconds, Stopping threads took: 0.0001242 seconds
2020-10-25T16:29:44.859+0100: 83929.005: Total time for which application threads were stopped: 0.0047628 seconds, Stopping threads took: 0.0045473 seconds
2020-10-25T16:29:44.861+0100: 83929.006: Total time for which application threads were stopped: 0.0003133 seconds, Stopping threads took: 0.0001008 seconds
2020-10-25T16:29:44.862+0100: 83929.007: Total time for which application threads were stopped: 0.0002523 seconds, Stopping threads took: 0.0000661 seconds
2020-10-25T16:29:44.889+0100: 83929.034: Total time for which application threads were stopped: 0.0003486 seconds, Stopping threads took: 0.0000885 seconds
2020-10-25T16:29:44.941+0100: 83929.087: Total time for which application threads were stopped: 0.0002422 seconds, Stopping threads took: 0.0000511 seconds
2020-10-25T16:29:44.942+0100: 83929.087: Total time for which application threads were stopped: 0.0001679 seconds, Stopping threads took: 0.0000358 seconds
2020-10-25T16:29:44.942+0100: 83929.087: Total time for which application threads were stopped: 0.0001498 seconds, Stopping threads took: 0.0000318 seconds
2020-10-25T16:29:44.942+0100: 83929.088: Total time for which application threads were stopped: 0.0001541 seconds, Stopping threads took: 0.0000313 seconds
2020-10-25T16:29:44.942+0100: 83929.088: Total time for which application threads were stopped: 0.0003285 seconds, Stopping threads took: 0.0000309 seconds
2020-10-25T16:29:44.951+0100: 83929.096: Total time for which application threads were stopped: 0.0003712 seconds, Stopping threads took: 0.0000739 seconds
2020-10-25T16:29:44.952+0100: 83929.097: Total time for which application threads were stopped: 0.0003210 seconds, Stopping threads took: 0.0000803 seconds
2020-10-25T16:29:44.952+0100: 83929.098: Total time for which application threads were stopped: 0.0002235 seconds, Stopping threads took: 0.0000463 seconds
2020-10-25T16:29:45.966+0100: 83930.111: Total time for which application threads were stopped: 0.0003712 seconds, Stopping threads took: 0.0001404 seconds
2020-10-25T16:30:19.262+0100: 83963.408: Total time for which application threads were stopped: 0.0004727 seconds, Stopping threads took: 0.0001376 seconds
2020-10-25T16:31:09.986+0100: 84014.132: Total time for which application threads were stopped: 0.0002863 seconds, Stopping threads took: 0.0000558 seconds
2020-10-25T16:31:09.987+0100: 84014.132: Total time for which application threads were stopped: 0.0002792 seconds, Stopping threads took: 0.0000467 seconds
2020-10-25T16:31:13.187+0100: 84017.342: Total time for which application threads were stopped: 0.0003366 seconds, Stopping threads took: 0.0000890 seconds
{Heap before GC invocations=62 (full 0):
 garbage-first heap   total 524288K, used 365478K [0x00000000e0000000, 0x00000000e0101000, 0x0000000100000000)
  region size 1024K, 307 young (314368K), 15 survivors (15360K)
 Metaspace       used 57543K, capacity 60108K, committed 60624K, reserved 1101824K
  class space    used 6785K, capacity 7299K, committed 7424K, reserved 1048576K
2020-10-25T16:31:13.737+0100: 84017.892: [GC pause (G1 Evacuation Pause) (young)
Desired survivor size 20447232 bytes, new threshold 15 (max 15)
- age   1:    6845736 bytes,    6845736 total
- age   2:    1165504 bytes,    8011240 total
- age   3:      47160 bytes,    8058400 total
- age   4:      53864 bytes,    8112264 total
- age   5:      40144 bytes,    8152408 total
- age   6:      70720 bytes,    8223128 total
- age   7:      66192 bytes,    8289320 total
- age   8:      31120 bytes,    8320440 total
- age   9:      65328 bytes,    8385768 total
- age  10:      92808 bytes,    8478576 total
- age  11:      27608 bytes,    8506184 total
- age  12:      81152 bytes,    8587336 total
- age  13:      76120 bytes,    8663456 total
- age  14:      57896 bytes,    8721352 total
- age  15:      38768 bytes,    8760120 total
, 0.0183246 secs]
   [Parallel Time: 16.6 ms, GC Workers: 4]
      [GC Worker Start (ms): Min: 84017892.5, Avg: 84017892.5, Max: 84017892.5, Diff: 0.1]
      [Ext Root Scanning (ms): Min: 0.9, Avg: 1.1, Max: 1.4, Diff: 0.5, Sum: 4.3]
      [Update RS (ms): Min: 0.9, Avg: 1.1, Max: 1.2, Diff: 0.3, Sum: 4.3]
         [Processed Buffers: Min: 2, Avg: 6.0, Max: 13, Diff: 11, Sum: 24]
      [Scan RS (ms): Min: 0.0, Avg: 0.1, Max: 0.1, Diff: 0.0, Sum: 0.2]
      [Code Root Scanning (ms): Min: 0.0, Avg: 0.1, Max: 0.2, Diff: 0.2, Sum: 0.5]
      [Object Copy (ms): Min: 13.9, Avg: 14.1, Max: 14.3, Diff: 0.4, Sum: 56.4]
      [Termination (ms): Min: 0.0, Avg: 0.0, Max: 0.0, Diff: 0.0, Sum: 0.0]
         [Termination Attempts: Min: 1, Avg: 1.0, Max: 1, Diff: 0, Sum: 4]
      [GC Worker Other (ms): Min: 0.0, Avg: 0.0, Max: 0.1, Diff: 0.0, Sum: 0.1]
      [GC Worker Total (ms): Min: 16.4, Avg: 16.5, Max: 16.5, Diff: 0.1, Sum: 65.8]
      [GC Worker End (ms): Min: 84017908.9, Avg: 84017908.9, Max: 84017909.0, Diff: 0.0]
   [Code Root Fixup: 0.0 ms]
   [Code Root Purge: 0.0 ms]
   [Clear CT: 0.1 ms]
   [Other: 1.6 ms]
      [Choose CSet: 0.0 ms]
      [Ref Proc: 1.0 ms]
      [Ref Enq: 0.0 ms]
      [Redirty Cards: 0.1 ms]
      [Humongous Register: 0.0 ms]
      [Humongous Reclaim: 0.0 ms]
      [Free CSet: 0.3 ms]
   [Eden: 292.0M(292.0M)->0.0B(294.0M) Survivors: 15.0M->13.0M Heap: 356.9M(512.0M)->63.0M(512.0M)]
Heap after GC invocations=63 (full 0):
 garbage-first heap   total 524288K, used 64494K [0x00000000e0000000, 0x00000000e0101000, 0x0000000100000000)
  region size 1024K, 13 young (13312K), 13 survivors (13312K)
 Metaspace       used 57543K, capacity 60108K, committed 60624K, reserved 1101824K
  class space    used 6785K, capacity 7299K, committed 7424K, reserved 1048576K
}
 [Times: user=0.03 sys=0.02, real=0.02 secs] 
2020-10-25T16:31:13.757+0100: 84017.911: Total time for which application threads were stopped: 0.0189748 seconds, Stopping threads took: 0.0000656 seconds
2020-10-25T16:31:13.827+0100: 84017.978: Total time for which application threads were stopped: 0.0003338 seconds, Stopping threads took: 0.0000875 seconds
2020-10-25T16:31:14.017+0100: 84018.164: Total time for which application threads were stopped: 0.0004106 seconds, Stopping threads took: 0.0001037 seconds
2020-10-25T16:31:14.017+0100: 84018.165: Total time for which application threads were stopped: 0.0004101 seconds, Stopping threads took: 0.0000805 seconds
2020-10-25T16:31:14.027+0100: 84018.179: Total time for which application threads were stopped: 0.0003298 seconds, Stopping threads took: 0.0000804 seconds
{Heap before GC invocations=63 (full 0):
 garbage-first heap   total 524288K, used 365550K [0x00000000e0000000, 0x00000000e0101000, 0x0000000100000000)
  region size 1024K, 307 young (314368K), 13 survivors (13312K)
 Metaspace       used 57543K, capacity 60108K, committed 60624K, reserved 1101824K
  class space    used 6785K, capacity 7299K, committed 7424K, reserved 1048576K
2020-10-25T16:31:14.107+0100: 84018.255: [GC pause (G1 Evacuation Pause) (young)
Desired survivor size 20447232 bytes, new threshold 15 (max 15)
- age   1:    4846408 bytes,    4846408 total
- age   2:    3503808 bytes,    8350216 total
- age   3:    1165016 bytes,    9515232 total
- age   4:      42832 bytes,    9558064 total
- age   5:      53592 bytes,    9611656 total
- age   6:      40144 bytes,    9651800 total
- age   7:      70368 bytes,    9722168 total
- age   8:      66000 bytes,    9788168 total
- age   9:      31120 bytes,    9819288 total
- age  10:      65136 bytes,    9884424 total
- age  11:      92616 bytes,    9977040 total
- age  12:      27608 bytes,   10004648 total
- age  13:      80728 bytes,   10085376 total
- age  14:      75488 bytes,   10160864 total
- age  15:      57704 bytes,   10218568 total
, 0.0198514 secs]
   [Parallel Time: 17.7 ms, GC Workers: 4]
      [GC Worker Start (ms): Min: 84018255.5, Avg: 84018255.5, Max: 84018255.6, Diff: 0.1]
      [Ext Root Scanning (ms): Min: 1.2, Avg: 1.5, Max: 1.7, Diff: 0.5, Sum: 5.9]
      [Update RS (ms): Min: 0.7, Avg: 0.9, Max: 1.0, Diff: 0.4, Sum: 3.5]
         [Processed Buffers: Min: 2, Avg: 4.5, Max: 7, Diff: 5, Sum: 18]
      [Scan RS (ms): Min: 0.0, Avg: 0.1, Max: 0.1, Diff: 0.1, Sum: 0.2]
      [Code Root Scanning (ms): Min: 0.0, Avg: 0.1, Max: 0.3, Diff: 0.3, Sum: 0.4]
      [Object Copy (ms): Min: 14.9, Avg: 15.1, Max: 15.5, Diff: 0.6, Sum: 60.5]
      [Termination (ms): Min: 0.0, Avg: 0.0, Max: 0.0, Diff: 0.0, Sum: 0.0]
         [Termination Attempts: Min: 1, Avg: 1.0, Max: 1, Diff: 0, Sum: 4]
      [GC Worker Other (ms): Min: 0.0, Avg: 0.0, Max: 0.0, Diff: 0.0, Sum: 0.1]
      [GC Worker Total (ms): Min: 17.7, Avg: 17.7, Max: 17.7, Diff: 0.0, Sum: 70.7]
      [GC Worker End (ms): Min: 84018273.2, Avg: 84018273.2, Max: 84018273.2, Diff: 0.0]
   [Code Root Fixup: 0.0 ms]
   [Code Root Purge: 0.0 ms]
   [Clear CT: 0.1 ms]
   [Other: 2.0 ms]
      [Choose CSet: 0.0 ms]
      [Ref Proc: 1.1 ms]
      [Ref Enq: 0.2 ms]
      [Redirty Cards: 0.1 ms]
      [Humongous Register: 0.0 ms]
      [Humongous Reclaim: 0.0 ms]
      [Free CSet: 0.3 ms]
   [Eden: 294.0M(294.0M)->0.0B(294.0M) Survivors: 13.0M->13.0M Heap: 357.0M(512.0M)->63.1M(512.0M)]
Heap after GC invocations=64 (full 0):
 garbage-first heap   total 524288K, used 64569K [0x00000000e0000000, 0x00000000e0101000, 0x0000000100000000)
  region size 1024K, 13 young (13312K), 13 survivors (13312K)
 Metaspace       used 57543K, capacity 60108K, committed 60624K, reserved 1101824K
  class space    used 6785K, capacity 7299K, committed 7424K, reserved 1048576K
}
 [Times: user=0.05 sys=0.00, real=0.02 secs] 
2020-10-25T16:31:14.127+0100: 84018.276: Total time for which application threads were stopped: 0.0207631 seconds, Stopping threads took: 0.0001052 seconds
2020-10-25T16:31:14.307+0100: 84018.458: Total time for which application threads were stopped: 0.0024405 seconds, Stopping threads took: 0.0021848 seconds
2020-10-25T16:31:14.307+0100: 84018.461: Total time for which application threads were stopped: 0.0004007 seconds, Stopping threads took: 0.0000916 seconds
2020-10-25T16:31:14.317+0100: 84018.464: Total time for which application threads were stopped: 0.0004368 seconds, Stopping threads took: 0.0000980 seconds
2020-10-25T16:31:14.431+0100: 84018.577: Total time for which application threads were stopped: 0.0765307 seconds, Stopping threads took: 0.0762103 seconds
2020-10-25T16:31:14.655+0100: 84018.801: Total time for which application threads were stopped: 0.0006109 seconds, Stopping threads took: 0.0003531 seconds
2020-10-25T16:31:14.661+0100: 84018.807: Total time for which application threads were stopped: 0.0003543 seconds, Stopping threads took: 0.0000962 seconds
2020-10-25T16:31:14.663+0100: 84018.809: Total time for which application threads were stopped: 0.0003344 seconds, Stopping threads took: 0.0000917 seconds
2020-10-25T16:31:14.685+0100: 84018.831: Total time for which application threads were stopped: 0.0003433 seconds, Stopping threads took: 0.0000722 seconds
2020-10-25T16:31:15.699+0100: 84019.845: Total time for which application threads were stopped: 0.0004094 seconds, Stopping threads took: 0.0000861 seconds
2020-10-25T16:31:18.942+0100: 84023.088: Total time for which application threads were stopped: 0.0003261 seconds, Stopping threads took: 0.0000628 seconds
2020-10-25T16:35:19.994+0100: 84264.140: Total time for which application threads were stopped: 0.0006717 seconds, Stopping threads took: 0.0001689 seconds
2020-10-25T16:35:31.806+0100: 84275.952: Total time for which application threads were stopped: 0.0002791 seconds, Stopping threads took: 0.0000600 seconds
2020-10-25T16:35:32.496+0100: 84276.642: Total time for which application threads were stopped: 0.0016074 seconds, Stopping threads took: 0.0012182 seconds
2020-10-25T16:35:32.668+0100: 84276.814: Total time for which application threads were stopped: 0.0003714 seconds, Stopping threads took: 0.0001119 seconds
2020-10-25T16:35:32.669+0100: 84276.814: Total time for which application threads were stopped: 0.0003868 seconds, Stopping threads took: 0.0000696 seconds
{Heap before GC invocations=64 (full 0):
 garbage-first heap   total 524288K, used 365625K [0x00000000e0000000, 0x00000000e0101000, 0x0000000100000000)
  region size 1024K, 307 young (314368K), 13 survivors (13312K)
 Metaspace       used 57552K, capacity 60108K, committed 60624K, reserved 1101824K
  class space    used 6785K, capacity 7299K, committed 7424K, reserved 1048576K
2020-10-25T16:35:32.685+0100: 84276.830: [GC pause (G1 Evacuation Pause) (young)
Desired survivor size 20447232 bytes, new threshold 15 (max 15)
- age   1:    2838480 bytes,    2838480 total
- age   2:    4689856 bytes,    7528336 total
- age   3:    3503056 bytes,   11031392 total
- age   4:    1165016 bytes,   12196408 total
- age   5:      42832 bytes,   12239240 total
- age   6:      53592 bytes,   12292832 total
- age   7:      40144 bytes,   12332976 total
- age   8:      70368 bytes,   12403344 total
- age   9:      66000 bytes,   12469344 total
- age  10:      31120 bytes,   12500464 total
- age  11:      65136 bytes,   12565600 total
- age  12:      92616 bytes,   12658216 total
- age  13:      27608 bytes,   12685824 total
- age  14:      80728 bytes,   12766552 total
- age  15:      75488 bytes,   12842040 total
, 0.0273905 secs]
   [Parallel Time: 19.4 ms, GC Workers: 4]
      [GC Worker Start (ms): Min: 84276830.4, Avg: 84276830.4, Max: 84276830.5, Diff: 0.1]
      [Ext Root Scanning (ms): Min: 0.9, Avg: 1.2, Max: 1.6, Diff: 0.7, Sum: 4.9]
      [Update RS (ms): Min: 0.9, Avg: 1.2, Max: 1.9, Diff: 1.0, Sum: 4.8]
         [Processed Buffers: Min: 2, Avg: 5.8, Max: 11, Diff: 9, Sum: 23]
      [Scan RS (ms): Min: 0.0, Avg: 0.1, Max: 0.1, Diff: 0.1, Sum: 0.2]
      [Code Root Scanning (ms): Min: 0.0, Avg: 0.1, Max: 0.3, Diff: 0.3, Sum: 0.5]
      [Object Copy (ms): Min: 16.3, Avg: 16.6, Max: 16.7, Diff: 0.4, Sum: 66.3]
      [Termination (ms): Min: 0.0, Avg: 0.0, Max: 0.0, Diff: 0.0, Sum: 0.0]
         [Termination Attempts: Min: 1, Avg: 1.0, Max: 1, Diff: 0, Sum: 4]
      [GC Worker Other (ms): Min: 0.0, Avg: 0.0, Max: 0.0, Diff: 0.0, Sum: 0.1]
      [GC Worker Total (ms): Min: 19.2, Avg: 19.2, Max: 19.3, Diff: 0.1, Sum: 76.9]
      [GC Worker End (ms): Min: 84276849.6, Avg: 84276849.6, Max: 84276849.6, Diff: 0.0]
   [Code Root Fixup: 0.0 ms]
   [Code Root Purge: 0.0 ms]
   [Clear CT: 0.4 ms]
   [Other: 7.6 ms]
      [Choose CSet: 0.0 ms]
      [Ref Proc: 6.4 ms]
      [Ref Enq: 0.1 ms]
      [Redirty Cards: 0.0 ms]
      [Humongous Register: 0.0 ms]
      [Humongous Reclaim: 0.0 ms]
      [Free CSet: 0.8 ms]
   [Eden: 294.0M(294.0M)->0.0B(288.0M) Survivors: 13.0M->19.0M Heap: 357.1M(512.0M)->69.1M(512.0M)]
Heap after GC invocations=65 (full 0):
 garbage-first heap   total 524288K, used 70800K [0x00000000e0000000, 0x00000000e0101000, 0x0000000100000000)
  region size 1024K, 19 young (19456K), 19 survivors (19456K)
 Metaspace       used 57552K, capacity 60108K, committed 60624K, reserved 1101824K
  class space    used 6785K, capacity 7299K, committed 7424K, reserved 1048576K
}
 [Times: user=0.06 sys=0.00, real=0.03 secs] 
2020-10-25T16:35:32.713+0100: 84276.858: Total time for which application threads were stopped: 0.0306586 seconds, Stopping threads took: 0.0026461 seconds
2020-10-25T16:35:32.713+0100: 84276.858: Total time for which application threads were stopped: 0.0003088 seconds, Stopping threads took: 0.0000458 seconds
2020-10-25T16:35:33.091+0100: 84277.238: Total time for which application threads were stopped: 0.0003957 seconds, Stopping threads took: 0.0001168 seconds
2020-10-25T16:35:33.096+0100: 84277.242: Total time for which application threads were stopped: 0.0003433 seconds, Stopping threads took: 0.0000915 seconds
2020-10-25T16:35:33.098+0100: 84277.244: Total time for which application threads were stopped: 0.0003765 seconds, Stopping threads took: 0.0000978 seconds
2020-10-25T16:35:33.154+0100: 84277.300: Total time for which application threads were stopped: 0.0003756 seconds, Stopping threads took: 0.0000883 seconds
2020-10-25T16:35:33.369+0100: 84277.515: Total time for which application threads were stopped: 0.0004106 seconds, Stopping threads took: 0.0001092 seconds
2020-10-25T16:35:33.370+0100: 84277.516: Total time for which application threads were stopped: 0.0003846 seconds, Stopping threads took: 0.0000597 seconds
2020-10-25T16:35:33.374+0100: 84277.520: Total time for which application threads were stopped: 0.0003706 seconds, Stopping threads took: 0.0000961 seconds
2020-10-25T16:35:33.376+0100: 84277.522: Total time for which application threads were stopped: 0.0004324 seconds, Stopping threads took: 0.0000769 seconds
2020-10-25T16:35:33.380+0100: 84277.525: Total time for which application threads were stopped: 0.0003562 seconds, Stopping threads took: 0.0000654 seconds
2020-10-25T16:35:33.380+0100: 84277.526: Total time for which application threads were stopped: 0.0002769 seconds, Stopping threads took: 0.0000491 seconds
2020-10-25T16:35:33.380+0100: 84277.526: Total time for which application threads were stopped: 0.0002712 seconds, Stopping threads took: 0.0000508 seconds
2020-10-25T16:35:33.381+0100: 84277.527: Total time for which application threads were stopped: 0.0002662 seconds, Stopping threads took: 0.0000662 seconds
2020-10-25T16:35:33.381+0100: 84277.527: Total time for which application threads were stopped: 0.0002316 seconds, Stopping threads took: 0.0000601 seconds
2020-10-25T16:35:33.381+0100: 84277.527: Total time for which application threads were stopped: 0.0002155 seconds, Stopping threads took: 0.0000567 seconds
2020-10-25T16:35:33.394+0100: 84277.539: Total time for which application threads were stopped: 0.0025474 seconds, Stopping threads took: 0.0022708 seconds
2020-10-25T16:35:33.395+0100: 84277.541: Total time for which application threads were stopped: 0.0003115 seconds, Stopping threads took: 0.0000574 seconds
2020-10-25T16:35:33.396+0100: 84277.542: Total time for which application threads were stopped: 0.0003432 seconds, Stopping threads took: 0.0001006 seconds
2020-10-25T16:35:34.397+0100: 84278.543: Total time for which application threads were stopped: 0.0003066 seconds, Stopping threads took: 0.0000630 seconds
2020-10-25T16:36:10.015+0100: 84314.162: Total time for which application threads were stopped: 0.0004320 seconds, Stopping threads took: 0.0000890 seconds
2020-10-25T16:36:10.016+0100: 84314.162: Total time for which application threads were stopped: 0.0002894 seconds, Stopping threads took: 0.0000624 seconds
2020-10-25T16:36:19.610+0100: 84323.756: Total time for which application threads were stopped: 0.0002592 seconds, Stopping threads took: 0.0000485 seconds
2020-10-25T16:40:20.065+0100: 84564.211: Total time for which application threads were stopped: 0.0006788 seconds, Stopping threads took: 0.0001174 seconds
2020-10-25T16:40:20.121+0100: 84564.267: Total time for which application threads were stopped: 0.0003630 seconds, Stopping threads took: 0.0000574 seconds
2020-10-25T16:45:20.112+0100: 84864.258: Total time for which application threads were stopped: 0.0009796 seconds, Stopping threads took: 0.0003294 seconds
2020-10-25T16:45:20.115+0100: 84864.261: Total time for which application threads were stopped: 0.0022864 seconds, Stopping threads took: 0.0002192 seconds
2020-10-25T16:45:20.782+0100: 84864.928: Total time for which application threads were stopped: 0.0008145 seconds, Stopping threads took: 0.0000513 seconds
2020-10-25T16:45:20.792+0100: 84864.938: Total time for which application threads were stopped: 0.0002382 seconds, Stopping threads took: 0.0000463 seconds
2020-10-25T16:47:21.805+0100: 84985.950: Total time for which application threads were stopped: 0.0008840 seconds, Stopping threads took: 0.0002310 seconds
2020-10-25T16:50:20.161+0100: 85164.306: Total time for which application threads were stopped: 0.0008529 seconds, Stopping threads took: 0.0002181 seconds
2020-10-25T16:50:20.162+0100: 85164.308: Total time for which application threads were stopped: 0.0009782 seconds, Stopping threads took: 0.0001499 seconds
2020-10-25T16:50:21.521+0100: 85165.666: Total time for which application threads were stopped: 0.0002267 seconds, Stopping threads took: 0.0000423 seconds
2020-10-25T16:55:20.198+0100: 85464.344: Total time for which application threads were stopped: 0.0004628 seconds, Stopping threads took: 0.0001084 seconds
2020-10-25T16:55:20.198+0100: 85464.345: Total time for which application threads were stopped: 0.0002364 seconds, Stopping threads took: 0.0000397 seconds
2020-10-25T16:55:22.208+0100: 85466.354: Total time for which application threads were stopped: 0.0002323 seconds, Stopping threads took: 0.0000428 seconds
2020-10-25T17:00:20.261+0100: 85764.407: Total time for which application threads were stopped: 0.0009064 seconds, Stopping threads took: 0.0002120 seconds
2020-10-25T17:00:20.263+0100: 85764.409: Total time for which application threads were stopped: 0.0009498 seconds, Stopping threads took: 0.0001501 seconds
2020-10-25T17:00:22.787+0100: 85766.933: Total time for which application threads were stopped: 0.0002350 seconds, Stopping threads took: 0.0000446 seconds
2020-10-25T17:02:23.876+0100: 85888.022: Total time for which application threads were stopped: 0.0008509 seconds, Stopping threads took: 0.0002391 seconds
2020-10-25T17:03:23.382+0100: 85947.527: Total time for which application threads were stopped: 0.0010295 seconds, Stopping threads took: 0.0002898 seconds
2020-10-25T17:03:46.305+0100: 85970.451: Total time for which application threads were stopped: 0.0004726 seconds, Stopping threads took: 0.0001143 seconds
2020-10-25T17:03:47.313+0100: 85971.459: Total time for which application threads were stopped: 0.0006172 seconds, Stopping threads took: 0.0001517 seconds
2020-10-25T17:03:52.367+0100: 85976.513: Total time for which application threads were stopped: 0.0008258 seconds, Stopping threads took: 0.0002451 seconds
2020-10-25T17:03:53.381+0100: 85977.527: Total time for which application threads were stopped: 0.0007549 seconds, Stopping threads took: 0.0002313 seconds
2020-10-25T17:04:23.669+0100: 86007.815: Total time for which application threads were stopped: 0.0007037 seconds, Stopping threads took: 0.0002401 seconds
2020-10-25T17:05:20.307+0100: 86064.455: Total time for which application threads were stopped: 0.0008933 seconds, Stopping threads took: 0.0002547 seconds
2020-10-25T17:05:20.307+0100: 86064.458: Total time for which application threads were stopped: 0.0009910 seconds, Stopping threads took: 0.0001443 seconds
2020-10-25T17:05:23.437+0100: 86067.588: Total time for which application threads were stopped: 0.0007010 seconds, Stopping threads took: 0.0000589 seconds
2020-10-25T17:06:00.790+0100: 86104.936: Total time for which application threads were stopped: 0.0005321 seconds, Stopping threads took: 0.0002112 seconds
2020-10-25T17:06:23.548+0100: 86127.694: Total time for which application threads were stopped: 0.0002521 seconds, Stopping threads took: 0.0000494 seconds
2020-10-25T17:06:24.549+0100: 86128.695: Total time for which application threads were stopped: 0.0007663 seconds, Stopping threads took: 0.0001906 seconds
2020-10-25T17:08:24.560+0100: 86248.706: Total time for which application threads were stopped: 0.0010475 seconds, Stopping threads took: 0.0002380 seconds
2020-10-25T17:09:24.077+0100: 86308.223: Total time for which application threads were stopped: 0.0007544 seconds, Stopping threads took: 0.0001902 seconds
2020-10-25T17:10:20.377+0100: 86364.524: Total time for which application threads were stopped: 0.0003133 seconds, Stopping threads took: 0.0000832 seconds
2020-10-25T17:10:20.377+0100: 86364.526: Total time for which application threads were stopped: 0.0003207 seconds, Stopping threads took: 0.0000805 seconds
2020-10-25T17:10:24.056+0100: 86368.202: Total time for which application threads were stopped: 0.0003094 seconds, Stopping threads took: 0.0000459 seconds
2020-10-25T17:10:36.340+0100: 86380.486: Total time for which application threads were stopped: 0.0003340 seconds, Stopping threads took: 0.0000741 seconds
{Heap before GC invocations=65 (full 0):
 garbage-first heap   total 524288K, used 365712K [0x00000000e0000000, 0x00000000e0101000, 0x0000000100000000)
  region size 1024K, 307 young (314368K), 19 survivors (19456K)
 Metaspace       used 57638K, capacity 60200K, committed 60624K, reserved 1101824K
  class space    used 6803K, capacity 7327K, committed 7424K, reserved 1048576K
2020-10-25T17:10:36.937+0100: 86381.083: [GC pause (G1 Evacuation Pause) (young)
Desired survivor size 20447232 bytes, new threshold 15 (max 15)
- age   1:    7230512 bytes,    7230512 total
- age   2:     812736 bytes,    8043248 total
- age   3:     464200 bytes,    8507448 total
- age   4:    2599720 bytes,   11107168 total
- age   5:    1165016 bytes,   12272184 total
- age   6:      42832 bytes,   12315016 total
- age   7:      53480 bytes,   12368496 total
- age   8:      40144 bytes,   12408640 total
- age   9:      70368 bytes,   12479008 total
- age  10:      66000 bytes,   12545008 total
- age  11:      31120 bytes,   12576128 total
- age  12:      65064 bytes,   12641192 total
- age  13:      92616 bytes,   12733808 total
- age  14:      27608 bytes,   12761416 total
- age  15:      80696 bytes,   12842112 total
, 0.0249598 secs]
   [Parallel Time: 18.0 ms, GC Workers: 4]
      [GC Worker Start (ms): Min: 86381083.1, Avg: 86381083.3, Max: 86381083.4, Diff: 0.3]
      [Ext Root Scanning (ms): Min: 1.1, Avg: 1.4, Max: 1.7, Diff: 0.6, Sum: 5.6]
      [Update RS (ms): Min: 1.0, Avg: 1.3, Max: 1.6, Diff: 0.6, Sum: 5.3]
         [Processed Buffers: Min: 2, Avg: 7.5, Max: 18, Diff: 16, Sum: 30]
      [Scan RS (ms): Min: 0.0, Avg: 0.1, Max: 0.1, Diff: 0.1, Sum: 0.2]
      [Code Root Scanning (ms): Min: 0.0, Avg: 0.1, Max: 0.3, Diff: 0.3, Sum: 0.4]
      [Object Copy (ms): Min: 14.6, Avg: 14.9, Max: 15.0, Diff: 0.4, Sum: 59.5]
      [Termination (ms): Min: 0.0, Avg: 0.0, Max: 0.0, Diff: 0.0, Sum: 0.0]
         [Termination Attempts: Min: 1, Avg: 1.0, Max: 1, Diff: 0, Sum: 4]
      [GC Worker Other (ms): Min: 0.0, Avg: 0.0, Max: 0.0, Diff: 0.0, Sum: 0.1]
      [GC Worker Total (ms): Min: 17.6, Avg: 17.8, Max: 17.9, Diff: 0.3, Sum: 71.1]
      [GC Worker End (ms): Min: 86381101.0, Avg: 86381101.0, Max: 86381101.0, Diff: 0.0]
   [Code Root Fixup: 0.0 ms]
   [Code Root Purge: 0.0 ms]
   [Clear CT: 0.1 ms]
   [Other: 6.8 ms]
      [Choose CSet: 0.0 ms]
      [Ref Proc: 6.0 ms]
      [Ref Enq: 0.1 ms]
      [Redirty Cards: 0.1 ms]
      [Humongous Register: 0.0 ms]
      [Humongous Reclaim: 0.0 ms]
      [Free CSet: 0.4 ms]
   [Eden: 288.0M(288.0M)->0.0B(290.0M) Survivors: 19.0M->17.0M Heap: 357.1M(512.0M)->66.8M(512.0M)]
Heap after GC invocations=66 (full 0):
 garbage-first heap   total 524288K, used 68359K [0x00000000e0000000, 0x00000000e0101000, 0x0000000100000000)
  region size 1024K, 17 young (17408K), 17 survivors (17408K)
 Metaspace       used 57638K, capacity 60200K, committed 60624K, reserved 1101824K
  class space    used 6803K, capacity 7327K, committed 7424K, reserved 1048576K
}
 [Times: user=0.05 sys=0.00, real=0.03 secs] 
2020-10-25T17:10:36.963+0100: 86381.108: Total time for which application threads were stopped: 0.0256047 seconds, Stopping threads took: 0.0000574 seconds
2020-10-25T17:10:36.963+0100: 86381.109: Total time for which application threads were stopped: 0.0002515 seconds, Stopping threads took: 0.0000941 seconds
2020-10-25T17:10:37.009+0100: 86381.155: Total time for which application threads were stopped: 0.0004724 seconds, Stopping threads took: 0.0001056 seconds
2020-10-25T17:10:37.191+0100: 86381.336: Total time for which application threads were stopped: 0.0006653 seconds, Stopping threads took: 0.0004130 seconds
2020-10-25T17:10:37.192+0100: 86381.337: Total time for which application threads were stopped: 0.0004390 seconds, Stopping threads took: 0.0000862 seconds
2020-10-25T17:10:37.277+0100: 86381.423: Total time for which application threads were stopped: 0.0060636 seconds, Stopping threads took: 0.0058095 seconds
{Heap before GC invocations=66 (full 0):
 garbage-first heap   total 524288K, used 365319K [0x00000000e0000000, 0x00000000e0101000, 0x0000000100000000)
  region size 1024K, 307 young (314368K), 17 survivors (17408K)
 Metaspace       used 57640K, capacity 60200K, committed 60624K, reserved 1101824K
  class space    used 6803K, capacity 7327K, committed 7424K, reserved 1048576K
2020-10-25T17:10:37.488+0100: 86381.634: [GC pause (G1 Evacuation Pause) (young)
Desired survivor size 20447232 bytes, new threshold 15 (max 15)
- age   1:    5190072 bytes,    5190072 total
- age   2:    1059560 bytes,    6249632 total
- age   3:      31072 bytes,    6280704 total
- age   4:      88312 bytes,    6369016 total
- age   5:    2563504 bytes,    8932520 total
- age   6:    1165016 bytes,   10097536 total
- age   7:      42832 bytes,   10140368 total
- age   8:      53448 bytes,   10193816 total
- age   9:      40144 bytes,   10233960 total
- age  10:      70368 bytes,   10304328 total
- age  11:      66000 bytes,   10370328 total
- age  12:      31120 bytes,   10401448 total
- age  13:      65064 bytes,   10466512 total
- age  14:      92616 bytes,   10559128 total
- age  15:      27608 bytes,   10586736 total
, 0.0210997 secs]
   [Parallel Time: 19.5 ms, GC Workers: 4]
      [GC Worker Start (ms): Min: 86381634.3, Avg: 86381639.2, Max: 86381653.6, Diff: 19.3]
      [Ext Root Scanning (ms): Min: 0.0, Avg: 0.9, Max: 1.4, Diff: 1.3, Sum: 3.8]
      [Update RS (ms): Min: 0.0, Avg: 1.0, Max: 1.6, Diff: 1.6, Sum: 4.0]
         [Processed Buffers: Min: 0, Avg: 4.0, Max: 11, Diff: 11, Sum: 16]
      [Scan RS (ms): Min: 0.0, Avg: 0.1, Max: 0.1, Diff: 0.1, Sum: 0.2]
      [Code Root Scanning (ms): Min: 0.0, Avg: 0.1, Max: 0.4, Diff: 0.4, Sum: 0.4]
      [Object Copy (ms): Min: 0.1, Avg: 12.5, Max: 16.8, Diff: 16.7, Sum: 50.1]
      [Termination (ms): Min: 0.0, Avg: 0.0, Max: 0.0, Diff: 0.0, Sum: 0.0]
         [Termination Attempts: Min: 1, Avg: 1.3, Max: 2, Diff: 1, Sum: 5]
      [GC Worker Other (ms): Min: 0.0, Avg: 0.0, Max: 0.0, Diff: 0.0, Sum: 0.1]
      [GC Worker Total (ms): Min: 0.2, Avg: 14.7, Max: 19.5, Diff: 19.3, Sum: 58.6]
      [GC Worker End (ms): Min: 86381653.8, Avg: 86381653.8, Max: 86381653.8, Diff: 0.0]
   [Code Root Fixup: 0.0 ms]
   [Code Root Purge: 0.0 ms]
   [Clear CT: 0.1 ms]
   [Other: 1.4 ms]
      [Choose CSet: 0.0 ms]
      [Ref Proc: 0.9 ms]
      [Ref Enq: 0.0 ms]
      [Redirty Cards: 0.0 ms]
      [Humongous Register: 0.0 ms]
      [Humongous Reclaim: 0.0 ms]
      [Free CSet: 0.3 ms]
   [Eden: 290.0M(290.0M)->0.0B(294.0M) Survivors: 17.0M->13.0M Heap: 356.8M(512.0M)->63.3M(512.0M)]
Heap after GC invocations=67 (full 0):
 garbage-first heap   total 524288K, used 64832K [0x00000000e0000000, 0x00000000e0101000, 0x0000000100000000)
  region size 1024K, 13 young (13312K), 13 survivors (13312K)
 Metaspace       used 57640K, capacity 60200K, committed 60624K, reserved 1101824K
  class space    used 6803K, capacity 7327K, committed 7424K, reserved 1048576K
}
 [Times: user=0.05 sys=0.00, real=0.02 secs] 
2020-10-25T17:10:37.510+0100: 86381.656: Total time for which application threads were stopped: 0.0254268 seconds, Stopping threads took: 0.0036216 seconds
2020-10-25T17:10:37.633+0100: 86381.779: Total time for which application threads were stopped: 0.0011791 seconds, Stopping threads took: 0.0001699 seconds
2020-10-25T17:10:37.638+0100: 86381.785: Total time for which application threads were stopped: 0.0011690 seconds, Stopping threads took: 0.0000997 seconds
2020-10-25T17:10:37.944+0100: 86382.090: Total time for which application threads were stopped: 0.0043735 seconds, Stopping threads took: 0.0040596 seconds
2020-10-25T17:10:37.959+0100: 86382.105: Total time for which application threads were stopped: 0.0076347 seconds, Stopping threads took: 0.0071426 seconds
2020-10-25T17:10:37.959+0100: 86382.105: Total time for which application threads were stopped: 0.0002860 seconds, Stopping threads took: 0.0000558 seconds
2020-10-25T17:10:37.959+0100: 86382.105: Total time for which application threads were stopped: 0.0002275 seconds, Stopping threads took: 0.0000521 seconds
2020-10-25T17:10:37.960+0100: 86382.106: Total time for which application threads were stopped: 0.0004213 seconds, Stopping threads took: 0.0001505 seconds
2020-10-25T17:10:37.961+0100: 86382.107: Total time for which application threads were stopped: 0.0002443 seconds, Stopping threads took: 0.0000520 seconds
2020-10-25T17:10:37.961+0100: 86382.107: Total time for which application threads were stopped: 0.0001922 seconds, Stopping threads took: 0.0000401 seconds
2020-10-25T17:10:37.999+0100: 86382.145: Total time for which application threads were stopped: 0.0004459 seconds, Stopping threads took: 0.0001197 seconds
2020-10-25T17:10:38.001+0100: 86382.147: Total time for which application threads were stopped: 0.0004069 seconds, Stopping threads took: 0.0001298 seconds
2020-10-25T17:10:38.001+0100: 86382.147: Total time for which application threads were stopped: 0.0005162 seconds, Stopping threads took: 0.0002153 seconds
2020-10-25T17:10:38.003+0100: 86382.149: Total time for which application threads were stopped: 0.0004356 seconds, Stopping threads took: 0.0001917 seconds
2020-10-25T17:10:38.004+0100: 86382.150: Total time for which application threads were stopped: 0.0003875 seconds, Stopping threads took: 0.0000650 seconds
2020-10-25T17:10:38.151+0100: 86382.297: Total time for which application threads were stopped: 0.0004519 seconds, Stopping threads took: 0.0000731 seconds
2020-10-25T17:10:38.157+0100: 86382.303: Total time for which application threads were stopped: 0.0001969 seconds, Stopping threads took: 0.0000437 seconds
2020-10-25T17:10:38.158+0100: 86382.303: Total time for which application threads were stopped: 0.0001608 seconds, Stopping threads took: 0.0000360 seconds
2020-10-25T17:10:38.158+0100: 86382.304: Total time for which application threads were stopped: 0.0001437 seconds, Stopping threads took: 0.0000317 seconds
2020-10-25T17:10:38.158+0100: 86382.304: Total time for which application threads were stopped: 0.0001308 seconds, Stopping threads took: 0.0000293 seconds
2020-10-25T17:10:38.158+0100: 86382.304: Total time for which application threads were stopped: 0.0001262 seconds, Stopping threads took: 0.0000288 seconds
2020-10-25T17:10:38.158+0100: 86382.304: Total time for which application threads were stopped: 0.0001210 seconds, Stopping threads took: 0.0000276 seconds
2020-10-25T17:10:38.164+0100: 86382.310: Total time for which application threads were stopped: 0.0003421 seconds, Stopping threads took: 0.0000811 seconds
2020-10-25T17:10:38.165+0100: 86382.311: Total time for which application threads were stopped: 0.0003061 seconds, Stopping threads took: 0.0000403 seconds
2020-10-25T17:10:38.166+0100: 86382.311: Total time for which application threads were stopped: 0.0001621 seconds, Stopping threads took: 0.0000293 seconds
2020-10-25T17:10:38.166+0100: 86382.312: Total time for which application threads were stopped: 0.0001376 seconds, Stopping threads took: 0.0000490 seconds
2020-10-25T17:10:38.166+0100: 86382.312: Total time for which application threads were stopped: 0.0003189 seconds, Stopping threads took: 0.0000616 seconds
2020-10-25T17:10:39.179+0100: 86383.324: Total time for which application threads were stopped: 0.0004944 seconds, Stopping threads took: 0.0001250 seconds
2020-10-25T17:15:20.417+0100: 86664.564: Total time for which application threads were stopped: 0.0008274 seconds, Stopping threads took: 0.0001847 seconds
2020-10-25T17:15:20.417+0100: 86664.565: Total time for which application threads were stopped: 0.0007077 seconds, Stopping threads took: 0.0002409 seconds
2020-10-25T17:15:24.706+0100: 86668.851: Total time for which application threads were stopped: 0.0002553 seconds, Stopping threads took: 0.0000422 seconds
2020-10-25T17:19:25.837+0100: 86909.983: Total time for which application threads were stopped: 0.0011550 seconds, Stopping threads took: 0.0004339 seconds
2020-10-25T17:20:20.483+0100: 86964.629: Total time for which application threads were stopped: 0.0007113 seconds, Stopping threads took: 0.0001285 seconds
2020-10-25T17:20:20.486+0100: 86964.631: Total time for which application threads were stopped: 0.0007329 seconds, Stopping threads took: 0.0002472 seconds
2020-10-25T17:20:25.255+0100: 86969.402: Total time for which application threads were stopped: 0.0003345 seconds, Stopping threads took: 0.0000587 seconds
2020-10-25T17:23:25.806+0100: 87149.952: Total time for which application threads were stopped: 0.0004441 seconds, Stopping threads took: 0.0001077 seconds
2020-10-25T17:24:26.292+0100: 87210.438: Total time for which application threads were stopped: 0.0003215 seconds, Stopping threads took: 0.0000914 seconds
2020-10-25T17:25:20.547+0100: 87264.692: Total time for which application threads were stopped: 0.0003122 seconds, Stopping threads took: 0.0000962 seconds
2020-10-25T17:25:20.547+0100: 87264.693: Total time for which application threads were stopped: 0.0002956 seconds, Stopping threads took: 0.0000967 seconds
2020-10-25T17:25:25.967+0100: 87270.115: Total time for which application threads were stopped: 0.0002900 seconds, Stopping threads took: 0.0000574 seconds
2020-10-25T17:28:58.614+0100: 87482.760: Total time for which application threads were stopped: 0.0004636 seconds, Stopping threads took: 0.0001032 seconds
2020-10-25T17:28:59.401+0100: 87483.547: Total time for which application threads were stopped: 0.0020674 seconds, Stopping threads took: 0.0017207 seconds
{Heap before GC invocations=67 (full 0):
 garbage-first heap   total 524288K, used 365888K [0x00000000e0000000, 0x00000000e0101000, 0x0000000100000000)
  region size 1024K, 307 young (314368K), 13 survivors (13312K)
 Metaspace       used 57668K, capacity 60208K, committed 60624K, reserved 1101824K
  class space    used 6803K, capacity 7327K, committed 7424K, reserved 1048576K
2020-10-25T17:28:59.541+0100: 87483.687: [GC pause (G1 Evacuation Pause) (young)
Desired survivor size 20447232 bytes, new threshold 15 (max 15)
- age   1:    2530488 bytes,    2530488 total
- age   2:    3547680 bytes,    6078168 total
- age   3:    1058328 bytes,    7136496 total
- age   4:      30992 bytes,    7167488 total
- age   5:      88312 bytes,    7255800 total
- age   6:    2563360 bytes,    9819160 total
- age   7:    1165016 bytes,   10984176 total
- age   8:      42832 bytes,   11027008 total
- age   9:      53448 bytes,   11080456 total
- age  10:      40144 bytes,   11120600 total
- age  11:      70368 bytes,   11190968 total
- age  12:      66000 bytes,   11256968 total
- age  13:      31120 bytes,   11288088 total
- age  14:      65064 bytes,   11353152 total
- age  15:      92616 bytes,   11445768 total
, 0.0300990 secs]
   [Parallel Time: 20.5 ms, GC Workers: 4]
      [GC Worker Start (ms): Min: 87483686.8, Avg: 87483686.9, Max: 87483687.0, Diff: 0.1]
      [Ext Root Scanning (ms): Min: 1.0, Avg: 1.2, Max: 1.5, Diff: 0.5, Sum: 4.9]
      [Update RS (ms): Min: 1.1, Avg: 1.3, Max: 1.6, Diff: 0.4, Sum: 5.3]
         [Processed Buffers: Min: 2, Avg: 7.3, Max: 11, Diff: 9, Sum: 29]
      [Scan RS (ms): Min: 0.0, Avg: 0.1, Max: 0.1, Diff: 0.1, Sum: 0.2]
      [Code Root Scanning (ms): Min: 0.0, Avg: 0.1, Max: 0.5, Diff: 0.5, Sum: 0.5]
      [Object Copy (ms): Min: 17.3, Avg: 17.6, Max: 17.8, Diff: 0.6, Sum: 70.3]
      [Termination (ms): Min: 0.0, Avg: 0.0, Max: 0.0, Diff: 0.0, Sum: 0.0]
         [Termination Attempts: Min: 1, Avg: 1.0, Max: 1, Diff: 0, Sum: 4]
      [GC Worker Other (ms): Min: 0.0, Avg: 0.0, Max: 0.0, Diff: 0.0, Sum: 0.1]
      [GC Worker Total (ms): Min: 20.3, Avg: 20.3, Max: 20.4, Diff: 0.2, Sum: 81.3]
      [GC Worker End (ms): Min: 87483707.2, Avg: 87483707.2, Max: 87483707.3, Diff: 0.0]
   [Code Root Fixup: 0.0 ms]
   [Code Root Purge: 0.0 ms]
   [Clear CT: 0.1 ms]
   [Other: 9.4 ms]
      [Choose CSet: 0.0 ms]
      [Ref Proc: 8.7 ms]
      [Ref Enq: 0.1 ms]
      [Redirty Cards: 0.0 ms]
      [Humongous Register: 0.0 ms]
      [Humongous Reclaim: 0.0 ms]
      [Free CSet: 0.3 ms]
   [Eden: 294.0M(294.0M)->0.0B(289.0M) Survivors: 13.0M->18.0M Heap: 357.3M(512.0M)->67.9M(512.0M)]
Heap after GC invocations=68 (full 0):
 garbage-first heap   total 524288K, used 69549K [0x00000000e0000000, 0x00000000e0101000, 0x0000000100000000)
  region size 1024K, 18 young (18432K), 18 survivors (18432K)
 Metaspace       used 57668K, capacity 60208K, committed 60624K, reserved 1101824K
  class space    used 6803K, capacity 7327K, committed 7424K, reserved 1048576K
}
 [Times: user=0.13 sys=0.00, real=0.03 secs] 
2020-10-25T17:28:59.571+0100: 87483.717: Total time for which application threads were stopped: 0.0310023 seconds, Stopping threads took: 0.0000784 seconds
2020-10-25T17:28:59.667+0100: 87483.813: Total time for which application threads were stopped: 0.0007584 seconds, Stopping threads took: 0.0004727 seconds
2020-10-25T17:29:00.040+0100: 87484.186: Total time for which application threads were stopped: 0.0117287 seconds, Stopping threads took: 0.0112951 seconds
2020-10-25T17:29:00.041+0100: 87484.187: Total time for which application threads were stopped: 0.0005425 seconds, Stopping threads took: 0.0000761 seconds
2020-10-25T17:29:00.317+0100: 87484.463: Total time for which application threads were stopped: 0.0398916 seconds, Stopping threads took: 0.0395297 seconds
2020-10-25T17:29:00.323+0100: 87484.469: Total time for which application threads were stopped: 0.0003728 seconds, Stopping threads took: 0.0000715 seconds
2020-10-25T17:29:00.326+0100: 87484.471: Total time for which application threads were stopped: 0.0005056 seconds, Stopping threads took: 0.0001100 seconds
2020-10-25T17:29:00.357+0100: 87484.503: Total time for which application threads were stopped: 0.0006011 seconds, Stopping threads took: 0.0001067 seconds
2020-10-25T17:29:00.549+0100: 87484.695: Total time for which application threads were stopped: 0.0036813 seconds, Stopping threads took: 0.0021348 seconds
2020-10-25T17:29:00.551+0100: 87484.697: Total time for which application threads were stopped: 0.0004338 seconds, Stopping threads took: 0.0000741 seconds
2020-10-25T17:29:00.558+0100: 87484.704: Total time for which application threads were stopped: 0.0005094 seconds, Stopping threads took: 0.0000681 seconds
2020-10-25T17:29:00.560+0100: 87484.706: Total time for which application threads were stopped: 0.0003461 seconds, Stopping threads took: 0.0000613 seconds
2020-10-25T17:29:00.661+0100: 87484.807: Total time for which application threads were stopped: 0.0025378 seconds, Stopping threads took: 0.0018182 seconds
2020-10-25T17:29:00.811+0100: 87484.957: Total time for which application threads were stopped: 0.0006229 seconds, Stopping threads took: 0.0003797 seconds
2020-10-25T17:29:00.811+0100: 87484.957: Total time for which application threads were stopped: 0.0002493 seconds, Stopping threads took: 0.0000652 seconds
2020-10-25T17:29:00.811+0100: 87484.957: Total time for which application threads were stopped: 0.0001972 seconds, Stopping threads took: 0.0000371 seconds
2020-10-25T17:29:00.812+0100: 87484.958: Total time for which application threads were stopped: 0.0002076 seconds, Stopping threads took: 0.0000451 seconds
2020-10-25T17:29:00.812+0100: 87484.958: Total time for which application threads were stopped: 0.0002878 seconds, Stopping threads took: 0.0000577 seconds
2020-10-25T17:29:00.813+0100: 87484.958: Total time for which application threads were stopped: 0.0003356 seconds, Stopping threads took: 0.0000485 seconds
2020-10-25T17:29:00.822+0100: 87484.968: Total time for which application threads were stopped: 0.0005651 seconds, Stopping threads took: 0.0000734 seconds
2020-10-25T17:29:00.823+0100: 87484.969: Total time for which application threads were stopped: 0.0003794 seconds, Stopping threads took: 0.0000715 seconds
2020-10-25T17:29:00.824+0100: 87484.970: Total time for which application threads were stopped: 0.0005121 seconds, Stopping threads took: 0.0000594 seconds
2020-10-25T17:29:27.035+0100: 87511.180: Total time for which application threads were stopped: 0.0003959 seconds, Stopping threads took: 0.0000935 seconds
2020-10-25T17:30:20.590+0100: 87564.736: Total time for which application threads were stopped: 0.0005404 seconds, Stopping threads took: 0.0000876 seconds
2020-10-25T17:30:20.591+0100: 87564.736: Total time for which application threads were stopped: 0.0003480 seconds, Stopping threads took: 0.0000534 seconds
2020-10-25T17:30:26.568+0100: 87570.713: Total time for which application threads were stopped: 0.0003500 seconds, Stopping threads took: 0.0000602 seconds
2020-10-25T17:30:32.122+0100: 87576.268: Total time for which application threads were stopped: 0.0004006 seconds, Stopping threads took: 0.0000746 seconds
{Heap before GC invocations=68 (full 0):
 garbage-first heap   total 524288K, used 365485K [0x00000000e0000000, 0x00000000e0101000, 0x0000000100000000)
  region size 1024K, 307 young (314368K), 18 survivors (18432K)
 Metaspace       used 57678K, capacity 60208K, committed 60624K, reserved 1101824K
  class space    used 6803K, capacity 7327K, committed 7424K, reserved 1048576K
2020-10-25T17:30:32.720+0100: 87576.866: [GC pause (G1 Evacuation Pause) (young)
Desired survivor size 20447232 bytes, new threshold 15 (max 15)
- age   1:    7184520 bytes,    7184520 total
- age   2:     937808 bytes,    8122328 total
- age   3:     486080 bytes,    8608408 total
- age   4:      58296 bytes,    8666704 total
- age   5:      30176 bytes,    8696880 total
- age   6:      82528 bytes,    8779408 total
- age   7:    2333000 bytes,   11112408 total
- age   8:    1165016 bytes,   12277424 total
- age   9:      42832 bytes,   12320256 total
- age  10:      53448 bytes,   12373704 total
- age  11:      40144 bytes,   12413848 total
- age  12:      70368 bytes,   12484216 total
- age  13:      66000 bytes,   12550216 total
- age  14:      31120 bytes,   12581336 total
- age  15:      65064 bytes,   12646400 total
, 0.0257724 secs]
   [Parallel Time: 17.6 ms, GC Workers: 4]
      [GC Worker Start (ms): Min: 87576866.1, Avg: 87576866.1, Max: 87576866.2, Diff: 0.1]
      [Ext Root Scanning (ms): Min: 1.0, Avg: 1.1, Max: 1.5, Diff: 0.5, Sum: 4.5]
      [Update RS (ms): Min: 0.9, Avg: 1.2, Max: 1.5, Diff: 0.5, Sum: 4.9]
         [Processed Buffers: Min: 2, Avg: 5.8, Max: 14, Diff: 12, Sum: 23]
      [Scan RS (ms): Min: 0.0, Avg: 0.1, Max: 0.1, Diff: 0.1, Sum: 0.2]
      [Code Root Scanning (ms): Min: 0.0, Avg: 0.2, Max: 0.5, Diff: 0.5, Sum: 0.9]
      [Object Copy (ms): Min: 14.6, Avg: 14.9, Max: 15.2, Diff: 0.6, Sum: 59.4]
      [Termination (ms): Min: 0.0, Avg: 0.0, Max: 0.0, Diff: 0.0, Sum: 0.0]
         [Termination Attempts: Min: 1, Avg: 1.0, Max: 1, Diff: 0, Sum: 4]
      [GC Worker Other (ms): Min: 0.0, Avg: 0.0, Max: 0.0, Diff: 0.0, Sum: 0.1]
      [GC Worker Total (ms): Min: 17.4, Avg: 17.5, Max: 17.5, Diff: 0.2, Sum: 70.0]
      [GC Worker End (ms): Min: 87576883.6, Avg: 87576883.6, Max: 87576883.6, Diff: 0.0]
   [Code Root Fixup: 0.0 ms]
   [Code Root Purge: 0.0 ms]
   [Clear CT: 0.1 ms]
   [Other: 8.0 ms]
      [Choose CSet: 0.0 ms]
      [Ref Proc: 7.2 ms]
      [Ref Enq: 0.1 ms]
      [Redirty Cards: 0.1 ms]
      [Humongous Register: 0.0 ms]
      [Humongous Reclaim: 0.0 ms]
      [Free CSet: 0.4 ms]
   [Eden: 289.0M(289.0M)->0.0B(289.0M) Survivors: 18.0M->18.0M Heap: 356.9M(512.0M)->68.5M(512.0M)]
Heap after GC invocations=69 (full 0):
 garbage-first heap   total 524288K, used 70174K [0x00000000e0000000, 0x00000000e0101000, 0x0000000100000000)
  region size 1024K, 18 young (18432K), 18 survivors (18432K)
 Metaspace       used 57678K, capacity 60208K, committed 60624K, reserved 1101824K
  class space    used 6803K, capacity 7327K, committed 7424K, reserved 1048576K
}
 [Times: user=0.11 sys=0.02, real=0.03 secs] 
2020-10-25T17:30:32.746+0100: 87576.892: Total time for which application threads were stopped: 0.0266788 seconds, Stopping threads took: 0.0000798 seconds
2020-10-25T17:30:32.802+0100: 87576.948: Total time for which application threads were stopped: 0.0039261 seconds, Stopping threads took: 0.0035703 seconds
2020-10-25T17:30:33.036+0100: 87577.182: Total time for which application threads were stopped: 0.0003928 seconds, Stopping threads took: 0.0001122 seconds
2020-10-25T17:30:33.072+0100: 87577.218: Total time for which application threads were stopped: 0.0350418 seconds, Stopping threads took: 0.0346441 seconds
2020-10-25T17:30:33.073+0100: 87577.219: Total time for which application threads were stopped: 0.0004994 seconds, Stopping threads took: 0.0001195 seconds
{Heap before GC invocations=69 (full 0):
 garbage-first heap   total 524288K, used 366110K [0x00000000e0000000, 0x00000000e0101000, 0x0000000100000000)
  region size 1024K, 307 young (314368K), 18 survivors (18432K)
 Metaspace       used 57680K, capacity 60208K, committed 60624K, reserved 1101824K
  class space    used 6803K, capacity 7327K, committed 7424K, reserved 1048576K
2020-10-25T17:30:33.379+0100: 87577.525: [GC pause (G1 Evacuation Pause) (young)
Desired survivor size 20447232 bytes, new threshold 15 (max 15)
- age   1:    5652328 bytes,    5652328 total
- age   2:    1584896 bytes,    7237224 total
- age   3:      29368 bytes,    7266592 total
- age   4:     103976 bytes,    7370568 total
- age   5:      55704 bytes,    7426272 total
- age   6:      29856 bytes,    7456128 total
- age   7:      80392 bytes,    7536520 total
- age   8:    2260264 bytes,    9796784 total
- age   9:    1165016 bytes,   10961800 total
- age  10:      42832 bytes,   11004632 total
- age  11:      53448 bytes,   11058080 total
- age  12:      40144 bytes,   11098224 total
- age  13:      70368 bytes,   11168592 total
- age  14:      66000 bytes,   11234592 total
- age  15:      31120 bytes,   11265712 total
, 0.0195016 secs]
   [Parallel Time: 17.5 ms, GC Workers: 4]
      [GC Worker Start (ms): Min: 87577525.5, Avg: 87577525.5, Max: 87577525.6, Diff: 0.1]
      [Ext Root Scanning (ms): Min: 1.0, Avg: 1.2, Max: 1.6, Diff: 0.6, Sum: 5.0]
      [Update RS (ms): Min: 0.7, Avg: 1.0, Max: 1.3, Diff: 0.6, Sum: 4.1]
         [Processed Buffers: Min: 1, Avg: 4.5, Max: 8, Diff: 7, Sum: 18]
      [Scan RS (ms): Min: 0.0, Avg: 0.1, Max: 0.1, Diff: 0.1, Sum: 0.2]
      [Code Root Scanning (ms): Min: 0.0, Avg: 0.1, Max: 0.2, Diff: 0.2, Sum: 0.4]
      [Object Copy (ms): Min: 14.6, Avg: 14.8, Max: 14.9, Diff: 0.3, Sum: 59.2]
      [Termination (ms): Min: 0.0, Avg: 0.1, Max: 0.2, Diff: 0.2, Sum: 0.4]
         [Termination Attempts: Min: 1, Avg: 1.3, Max: 2, Diff: 1, Sum: 5]
      [GC Worker Other (ms): Min: 0.0, Avg: 0.0, Max: 0.0, Diff: 0.0, Sum: 0.1]
      [GC Worker Total (ms): Min: 17.3, Avg: 17.4, Max: 17.4, Diff: 0.1, Sum: 69.5]
      [GC Worker End (ms): Min: 87577542.8, Avg: 87577542.9, Max: 87577542.9, Diff: 0.0]
   [Code Root Fixup: 0.0 ms]
   [Code Root Purge: 0.0 ms]
   [Clear CT: 0.1 ms]
   [Other: 1.9 ms]
      [Choose CSet: 0.0 ms]
      [Ref Proc: 1.1 ms]
      [Ref Enq: 0.1 ms]
      [Redirty Cards: 0.1 ms]
      [Humongous Register: 0.0 ms]
      [Humongous Reclaim: 0.0 ms]
      [Free CSet: 0.3 ms]
   [Eden: 289.0M(289.0M)->0.0B(294.0M) Survivors: 18.0M->13.0M Heap: 357.5M(512.0M)->63.6M(512.0M)]
Heap after GC invocations=70 (full 0):
 garbage-first heap   total 524288K, used 65118K [0x00000000e0000000, 0x00000000e0101000, 0x0000000100000000)
  region size 1024K, 13 young (13312K), 13 survivors (13312K)
 Metaspace       used 57680K, capacity 60208K, committed 60624K, reserved 1101824K
  class space    used 6803K, capacity 7327K, committed 7424K, reserved 1048576K
}
 [Times: user=0.06 sys=0.00, real=0.02 secs] 
2020-10-25T17:30:33.399+0100: 87577.545: Total time for which application threads were stopped: 0.0613058 seconds, Stopping threads took: 0.0409055 seconds
2020-10-25T17:30:33.432+0100: 87577.578: Total time for which application threads were stopped: 0.0003818 seconds, Stopping threads took: 0.0001202 seconds
2020-10-25T17:30:33.474+0100: 87577.620: Total time for which application threads were stopped: 0.0380549 seconds, Stopping threads took: 0.0377578 seconds
2020-10-25T17:30:33.477+0100: 87577.622: Total time for which application threads were stopped: 0.0005098 seconds, Stopping threads took: 0.0001208 seconds
2020-10-25T17:30:33.613+0100: 87577.759: Total time for which application threads were stopped: 0.0029520 seconds, Stopping threads took: 0.0021138 seconds
2020-10-25T17:30:33.863+0100: 87578.008: Total time for which application threads were stopped: 0.0277017 seconds, Stopping threads took: 0.0273823 seconds
2020-10-25T17:30:33.876+0100: 87578.022: Total time for which application threads were stopped: 0.0085225 seconds, Stopping threads took: 0.0082596 seconds
2020-10-25T17:30:33.883+0100: 87578.028: Total time for which application threads were stopped: 0.0005168 seconds, Stopping threads took: 0.0000648 seconds
2020-10-25T17:30:33.892+0100: 87578.037: Total time for which application threads were stopped: 0.0012202 seconds, Stopping threads took: 0.0000871 seconds
2020-10-25T17:30:33.899+0100: 87578.045: Total time for which application threads were stopped: 0.0004031 seconds, Stopping threads took: 0.0000635 seconds
2020-10-25T17:30:34.136+0100: 87578.281: Total time for which application threads were stopped: 0.0002964 seconds, Stopping threads took: 0.0000562 seconds
2020-10-25T17:30:34.136+0100: 87578.282: Total time for which application threads were stopped: 0.0002433 seconds, Stopping threads took: 0.0000444 seconds
2020-10-25T17:30:34.137+0100: 87578.282: Total time for which application threads were stopped: 0.0002378 seconds, Stopping threads took: 0.0000449 seconds
2020-10-25T17:30:34.137+0100: 87578.282: Total time for which application threads were stopped: 0.0002177 seconds, Stopping threads took: 0.0000386 seconds
2020-10-25T17:30:34.137+0100: 87578.283: Total time for which application threads were stopped: 0.0002074 seconds, Stopping threads took: 0.0000363 seconds
2020-10-25T17:30:34.138+0100: 87578.283: Total time for which application threads were stopped: 0.0001987 seconds, Stopping threads took: 0.0000334 seconds
2020-10-25T17:30:34.146+0100: 87578.291: Total time for which application threads were stopped: 0.0003300 seconds, Stopping threads took: 0.0000766 seconds
2020-10-25T17:30:34.147+0100: 87578.293: Total time for which application threads were stopped: 0.0003605 seconds, Stopping threads took: 0.0000646 seconds
2020-10-25T17:30:34.148+0100: 87578.293: Total time for which application threads were stopped: 0.0004121 seconds, Stopping threads took: 0.0001319 seconds
2020-10-25T17:30:34.165+0100: 87578.310: Total time for which application threads were stopped: 0.0009838 seconds, Stopping threads took: 0.0000607 seconds
2020-10-25T17:30:34.167+0100: 87578.312: Total time for which application threads were stopped: 0.0010906 seconds, Stopping threads took: 0.0000820 seconds
2020-10-25T17:30:35.167+0100: 87579.313: Total time for which application threads were stopped: 0.0003038 seconds, Stopping threads took: 0.0000823 seconds
2020-10-25T17:31:20.927+0100: 87625.073: Total time for which application threads were stopped: 0.0003534 seconds, Stopping threads took: 0.0000975 seconds
2020-10-25T17:31:21.566+0100: 87625.712: Total time for which application threads were stopped: 0.0004400 seconds, Stopping threads took: 0.0001189 seconds
2020-10-25T17:31:21.575+0100: 87625.721: Total time for which application threads were stopped: 0.0077413 seconds, Stopping threads took: 0.0066918 seconds
{Heap before GC invocations=70 (full 0):
 garbage-first heap   total 524288K, used 366174K [0x00000000e0000000, 0x00000000e0101000, 0x0000000100000000)
  region size 1024K, 307 young (314368K), 13 survivors (13312K)
 Metaspace       used 57708K, capacity 60336K, committed 60880K, reserved 1103872K
  class space    used 6803K, capacity 7327K, committed 7424K, reserved 1048576K
2020-10-25T17:31:21.745+0100: 87625.891: [GC pause (G1 Evacuation Pause) (young)
Desired survivor size 20447232 bytes, new threshold 15 (max 15)
- age   1:    2266968 bytes,    2266968 total
- age   2:    4891776 bytes,    7158744 total
- age   3:    1580832 bytes,    8739576 total
- age   4:      28232 bytes,    8767808 total
- age   5:     101616 bytes,    8869424 total
- age   6:      53056 bytes,    8922480 total
- age   7:      29144 bytes,    8951624 total
- age   8:      78736 bytes,    9030360 total
- age   9:    2165640 bytes,   11196000 total
- age  10:    1165016 bytes,   12361016 total
- age  11:      42832 bytes,   12403848 total
- age  12:      53448 bytes,   12457296 total
- age  13:      40144 bytes,   12497440 total
- age  14:      70368 bytes,   12567808 total
- age  15:      66000 bytes,   12633808 total
, 0.0262442 secs]
   [Parallel Time: 18.6 ms, GC Workers: 4]
      [GC Worker Start (ms): Min: 87625891.7, Avg: 87625891.7, Max: 87625891.7, Diff: 0.0]
      [Ext Root Scanning (ms): Min: 0.8, Avg: 1.1, Max: 1.3, Diff: 0.5, Sum: 4.3]
      [Update RS (ms): Min: 0.9, Avg: 1.1, Max: 1.3, Diff: 0.5, Sum: 4.6]
         [Processed Buffers: Min: 2, Avg: 5.8, Max: 10, Diff: 8, Sum: 23]
      [Scan RS (ms): Min: 0.0, Avg: 0.1, Max: 0.1, Diff: 0.1, Sum: 0.2]
      [Code Root Scanning (ms): Min: 0.0, Avg: 0.1, Max: 0.3, Diff: 0.3, Sum: 0.5]
      [Object Copy (ms): Min: 16.0, Avg: 16.1, Max: 16.3, Diff: 0.3, Sum: 64.4]
      [Termination (ms): Min: 0.0, Avg: 0.0, Max: 0.0, Diff: 0.0, Sum: 0.0]
         [Termination Attempts: Min: 1, Avg: 1.0, Max: 1, Diff: 0, Sum: 4]
      [GC Worker Other (ms): Min: 0.0, Avg: 0.0, Max: 0.1, Diff: 0.0, Sum: 0.1]
      [GC Worker Total (ms): Min: 18.5, Avg: 18.5, Max: 18.6, Diff: 0.0, Sum: 74.2]
      [GC Worker End (ms): Min: 87625910.2, Avg: 87625910.2, Max: 87625910.2, Diff: 0.0]
   [Code Root Fixup: 0.0 ms]
   [Code Root Purge: 0.0 ms]
   [Clear CT: 0.1 ms]
   [Other: 7.5 ms]
      [Choose CSet: 0.0 ms]
      [Ref Proc: 6.8 ms]
      [Ref Enq: 0.1 ms]
      [Redirty Cards: 0.1 ms]
      [Humongous Register: 0.0 ms]
      [Humongous Reclaim: 0.0 ms]
      [Free CSet: 0.2 ms]
   [Eden: 294.0M(294.0M)->0.0B(288.0M) Survivors: 13.0M->19.0M Heap: 357.6M(512.0M)->69.7M(512.0M)]
Heap after GC invocations=71 (full 0):
 garbage-first heap   total 524288K, used 71334K [0x00000000e0000000, 0x00000000e0101000, 0x0000000100000000)
  region size 1024K, 19 young (19456K), 19 survivors (19456K)
 Metaspace       used 57708K, capacity 60336K, committed 60880K, reserved 1103872K
  class space    used 6803K, capacity 7327K, committed 7424K, reserved 1048576K
}
 [Times: user=0.06 sys=0.00, real=0.03 secs] 
2020-10-25T17:31:21.772+0100: 87625.918: Total time for which application threads were stopped: 0.0397510 seconds, Stopping threads took: 0.0127273 seconds
2020-10-25T17:31:21.809+0100: 87625.955: Total time for which application threads were stopped: 0.0015745 seconds, Stopping threads took: 0.0011788 seconds
2020-10-25T17:31:21.810+0100: 87625.956: Total time for which application threads were stopped: 0.0004137 seconds, Stopping threads took: 0.0000926 seconds
2020-10-25T17:31:21.879+0100: 87626.025: Total time for which application threads were stopped: 0.0023384 seconds, Stopping threads took: 0.0019900 seconds
2020-10-25T17:31:22.160+0100: 87626.306: Total time for which application threads were stopped: 0.0272521 seconds, Stopping threads took: 0.0268566 seconds
2020-10-25T17:31:22.165+0100: 87626.311: Total time for which application threads were stopped: 0.0003678 seconds, Stopping threads took: 0.0000992 seconds
2020-10-25T17:31:22.167+0100: 87626.313: Total time for which application threads were stopped: 0.0003821 seconds, Stopping threads took: 0.0000929 seconds
2020-10-25T17:31:22.259+0100: 87626.405: Total time for which application threads were stopped: 0.0346969 seconds, Stopping threads took: 0.0341196 seconds
2020-10-25T17:31:22.644+0100: 87626.789: Total time for which application threads were stopped: 0.0003720 seconds, Stopping threads took: 0.0000658 seconds
2020-10-25T17:31:22.694+0100: 87626.840: Total time for which application threads were stopped: 0.0468886 seconds, Stopping threads took: 0.0465284 seconds
2020-10-25T17:31:22.695+0100: 87626.841: Total time for which application threads were stopped: 0.0005457 seconds, Stopping threads took: 0.0001045 seconds
2020-10-25T17:31:22.811+0100: 87626.956: Total time for which application threads were stopped: 0.1127916 seconds, Stopping threads took: 0.1117939 seconds
2020-10-25T17:31:22.812+0100: 87626.958: Total time for which application threads were stopped: 0.0009920 seconds, Stopping threads took: 0.0000945 seconds
2020-10-25T17:31:22.814+0100: 87626.960: Total time for which application threads were stopped: 0.0010363 seconds, Stopping threads took: 0.0000739 seconds
2020-10-25T17:31:22.815+0100: 87626.961: Total time for which application threads were stopped: 0.0008370 seconds, Stopping threads took: 0.0000688 seconds
2020-10-25T17:31:22.816+0100: 87626.962: Total time for which application threads were stopped: 0.0008317 seconds, Stopping threads took: 0.0000713 seconds
2020-10-25T17:31:22.817+0100: 87626.963: Total time for which application threads were stopped: 0.0009738 seconds, Stopping threads took: 0.0000696 seconds
2020-10-25T17:31:22.819+0100: 87626.965: Total time for which application threads were stopped: 0.0003405 seconds, Stopping threads took: 0.0000949 seconds
2020-10-25T17:31:22.944+0100: 87627.090: Total time for which application threads were stopped: 0.0037741 seconds, Stopping threads took: 0.0028830 seconds
2020-10-25T17:31:22.946+0100: 87627.092: Total time for which application threads were stopped: 0.0011143 seconds, Stopping threads took: 0.0000751 seconds
2020-10-25T17:31:22.947+0100: 87627.093: Total time for which application threads were stopped: 0.0013864 seconds, Stopping threads took: 0.0001413 seconds
2020-10-25T17:31:23.951+0100: 87628.096: Total time for which application threads were stopped: 0.0003950 seconds, Stopping threads took: 0.0001468 seconds
2020-10-25T17:35:20.630+0100: 87864.775: Total time for which application threads were stopped: 0.0009899 seconds, Stopping threads took: 0.0002439 seconds
2020-10-25T17:35:20.632+0100: 87864.778: Total time for which application threads were stopped: 0.0016581 seconds, Stopping threads took: 0.0000968 seconds
2020-10-25T17:35:27.181+0100: 87871.328: Total time for which application threads were stopped: 0.0002426 seconds, Stopping threads took: 0.0000422 seconds
2020-10-25T17:36:34.403+0100: 87938.549: Total time for which application threads were stopped: 0.0010305 seconds, Stopping threads took: 0.0000932 seconds
2020-10-25T17:36:34.410+0100: 87938.555: Total time for which application threads were stopped: 0.0004956 seconds, Stopping threads took: 0.0000700 seconds
2020-10-25T17:36:35.138+0100: 87939.284: Total time for which application threads were stopped: 0.0005838 seconds, Stopping threads took: 0.0002868 seconds
{Heap before GC invocations=71 (full 0):
 garbage-first heap   total 524288K, used 366246K [0x00000000e0000000, 0x00000000e0101000, 0x0000000100000000)
  region size 1024K, 307 young (314368K), 19 survivors (19456K)
 Metaspace       used 57719K, capacity 60336K, committed 60880K, reserved 1103872K
  class space    used 6803K, capacity 7327K, committed 7424K, reserved 1048576K
2020-10-25T17:36:35.164+0100: 87939.310: [GC pause (G1 Evacuation Pause) (young)
Desired survivor size 20447232 bytes, new threshold 15 (max 15)
- age   1:    6543392 bytes,    6543392 total
- age   2:    1333784 bytes,    7877176 total
- age   3:     678976 bytes,    8556152 total
- age   4:     600512 bytes,    9156664 total
- age   5:      28128 bytes,    9184792 total
- age   6:     101008 bytes,    9285800 total
- age   7:      52552 bytes,    9338352 total
- age   8:      29144 bytes,    9367496 total
- age   9:      60712 bytes,    9428208 total
- age  10:    2165560 bytes,   11593768 total
- age  11:    1165016 bytes,   12758784 total
- age  12:      42832 bytes,   12801616 total
- age  13:      53448 bytes,   12855064 total
- age  14:      40144 bytes,   12895208 total
- age  15:      70368 bytes,   12965576 total
, 0.0250308 secs]
   [Parallel Time: 18.2 ms, GC Workers: 4]
      [GC Worker Start (ms): Min: 87939310.0, Avg: 87939310.0, Max: 87939310.0, Diff: 0.0]
      [Ext Root Scanning (ms): Min: 1.0, Avg: 1.4, Max: 1.9, Diff: 0.9, Sum: 5.7]
      [Update RS (ms): Min: 0.8, Avg: 1.3, Max: 1.6, Diff: 0.7, Sum: 5.1]
         [Processed Buffers: Min: 1, Avg: 6.5, Max: 16, Diff: 15, Sum: 26]
      [Scan RS (ms): Min: 0.0, Avg: 0.1, Max: 0.1, Diff: 0.1, Sum: 0.2]
      [Code Root Scanning (ms): Min: 0.0, Avg: 0.1, Max: 0.3, Diff: 0.3, Sum: 0.5]
      [Object Copy (ms): Min: 15.0, Avg: 15.2, Max: 15.4, Diff: 0.4, Sum: 60.7]
      [Termination (ms): Min: 0.0, Avg: 0.0, Max: 0.0, Diff: 0.0, Sum: 0.0]
         [Termination Attempts: Min: 1, Avg: 1.0, Max: 1, Diff: 0, Sum: 4]
      [GC Worker Other (ms): Min: 0.0, Avg: 0.0, Max: 0.0, Diff: 0.0, Sum: 0.1]
      [GC Worker Total (ms): Min: 18.1, Avg: 18.1, Max: 18.1, Diff: 0.0, Sum: 72.3]
      [GC Worker End (ms): Min: 87939328.1, Avg: 87939328.1, Max: 87939328.1, Diff: 0.0]
   [Code Root Fixup: 0.0 ms]
   [Code Root Purge: 0.0 ms]
   [Clear CT: 0.1 ms]
   [Other: 6.7 ms]
      [Choose CSet: 0.0 ms]
      [Ref Proc: 6.0 ms]
      [Ref Enq: 0.0 ms]
      [Redirty Cards: 0.0 ms]
      [Humongous Register: 0.0 ms]
      [Humongous Reclaim: 0.0 ms]
      [Free CSet: 0.4 ms]
   [Eden: 288.0M(288.0M)->0.0B(289.0M) Survivors: 19.0M->18.0M Heap: 357.7M(512.0M)->68.8M(512.0M)]
Heap after GC invocations=72 (full 0):
 garbage-first heap   total 524288K, used 70404K [0x00000000e0000000, 0x00000000e0101000, 0x0000000100000000)
  region size 1024K, 18 young (18432K), 18 survivors (18432K)
 Metaspace       used 57719K, capacity 60336K, committed 60880K, reserved 1103872K
  class space    used 6803K, capacity 7327K, committed 7424K, reserved 1048576K
}
 [Times: user=0.13 sys=0.00, real=0.03 secs] 
2020-10-25T17:36:35.190+0100: 87939.335: Total time for which application threads were stopped: 0.0284537 seconds, Stopping threads took: 0.0025383 seconds
2020-10-25T17:36:35.311+0100: 87939.457: Total time for which application threads were stopped: 0.0033256 seconds, Stopping threads took: 0.0030233 seconds
2020-10-25T17:36:35.312+0100: 87939.458: Total time for which application threads were stopped: 0.0005911 seconds, Stopping threads took: 0.0001052 seconds
2020-10-25T17:36:35.313+0100: 87939.458: Total time for which application threads were stopped: 0.0003929 seconds, Stopping threads took: 0.0000710 seconds
2020-10-25T17:36:35.729+0100: 87939.874: Total time for which application threads were stopped: 0.0004969 seconds, Stopping threads took: 0.0001119 seconds
2020-10-25T17:36:35.734+0100: 87939.879: Total time for which application threads were stopped: 0.0010848 seconds, Stopping threads took: 0.0001039 seconds
{Heap before GC invocations=72 (full 0):
 garbage-first heap   total 524288K, used 366340K [0x00000000e0000000, 0x00000000e0101000, 0x0000000100000000)
  region size 1024K, 307 young (314368K), 18 survivors (18432K)
 Metaspace       used 57722K, capacity 60336K, committed 60880K, reserved 1103872K
  class space    used 6803K, capacity 7327K, committed 7424K, reserved 1048576K
2020-10-25T17:36:35.748+0100: 87939.893: [GC pause (G1 Evacuation Pause) (young)
Desired survivor size 20447232 bytes, new threshold 15 (max 15)
- age   1:    6178960 bytes,    6178960 total
- age   2:    1099872 bytes,    7278832 total
- age   3:     140064 bytes,    7418896 total
- age   4:     158992 bytes,    7577888 total
- age   5:     555240 bytes,    8133128 total
- age   6:      28128 bytes,    8161256 total
- age   7:     101008 bytes,    8262264 total
- age   8:      52480 bytes,    8314744 total
- age   9:      29144 bytes,    8343888 total
- age  10:      60712 bytes,    8404600 total
- age  11:    2165560 bytes,   10570160 total
- age  12:    1165016 bytes,   11735176 total
- age  13:      42832 bytes,   11778008 total
- age  14:      53448 bytes,   11831456 total
- age  15:      40144 bytes,   11871600 total
, 0.0199662 secs]
   [Parallel Time: 18.0 ms, GC Workers: 4]
      [GC Worker Start (ms): Min: 87939893.2, Avg: 87939893.2, Max: 87939893.3, Diff: 0.1]
      [Ext Root Scanning (ms): Min: 0.9, Avg: 1.2, Max: 1.7, Diff: 0.9, Sum: 4.7]
      [Update RS (ms): Min: 0.7, Avg: 1.1, Max: 1.3, Diff: 0.7, Sum: 4.4]
         [Processed Buffers: Min: 2, Avg: 5.0, Max: 11, Diff: 9, Sum: 20]
      [Scan RS (ms): Min: 0.0, Avg: 0.1, Max: 0.1, Diff: 0.1, Sum: 0.2]
      [Code Root Scanning (ms): Min: 0.0, Avg: 0.1, Max: 0.2, Diff: 0.2, Sum: 0.4]
      [Object Copy (ms): Min: 15.2, Avg: 15.4, Max: 15.6, Diff: 0.4, Sum: 61.7]
      [Termination (ms): Min: 0.0, Avg: 0.0, Max: 0.0, Diff: 0.0, Sum: 0.0]
         [Termination Attempts: Min: 1, Avg: 1.0, Max: 1, Diff: 0, Sum: 4]
      [GC Worker Other (ms): Min: 0.0, Avg: 0.0, Max: 0.0, Diff: 0.0, Sum: 0.1]
      [GC Worker Total (ms): Min: 17.8, Avg: 17.9, Max: 17.9, Diff: 0.1, Sum: 71.5]
      [GC Worker End (ms): Min: 87939911.1, Avg: 87939911.1, Max: 87939911.1, Diff: 0.0]
   [Code Root Fixup: 0.0 ms]
   [Code Root Purge: 0.0 ms]
   [Clear CT: 0.1 ms]
   [Other: 1.9 ms]
      [Choose CSet: 0.0 ms]
      [Ref Proc: 1.1 ms]
      [Ref Enq: 0.1 ms]
      [Redirty Cards: 0.0 ms]
      [Humongous Register: 0.0 ms]
      [Humongous Reclaim: 0.0 ms]
      [Free CSet: 0.4 ms]
   [Eden: 289.0M(289.0M)->0.0B(293.0M) Survivors: 18.0M->14.0M Heap: 357.8M(512.0M)->64.4M(512.0M)]
Heap after GC invocations=73 (full 0):
 garbage-first heap   total 524288K, used 65894K [0x00000000e0000000, 0x00000000e0101000, 0x0000000100000000)
  region size 1024K, 14 young (14336K), 14 survivors (14336K)
 Metaspace       used 57722K, capacity 60336K, committed 60880K, reserved 1103872K
  class space    used 6803K, capacity 7327K, committed 7424K, reserved 1048576K
}
 [Times: user=0.06 sys=0.00, real=0.02 secs] 
2020-10-25T17:36:35.768+0100: 87939.914: Total time for which application threads were stopped: 0.0210023 seconds, Stopping threads took: 0.0000875 seconds
2020-10-25T17:36:35.821+0100: 87939.967: Total time for which application threads were stopped: 0.0009371 seconds, Stopping threads took: 0.0000593 seconds
2020-10-25T17:36:35.980+0100: 87940.126: Total time for which application threads were stopped: 0.0006324 seconds, Stopping threads took: 0.0003633 seconds
2020-10-25T17:36:35.980+0100: 87940.127: Total time for which application threads were stopped: 0.0002704 seconds, Stopping threads took: 0.0000609 seconds
2020-10-25T17:36:35.981+0100: 87940.127: Total time for which application threads were stopped: 0.0002998 seconds, Stopping threads took: 0.0000508 seconds
2020-10-25T17:36:35.981+0100: 87940.127: Total time for which application threads were stopped: 0.0002807 seconds, Stopping threads took: 0.0000464 seconds
2020-10-25T17:36:35.982+0100: 87940.128: Total time for which application threads were stopped: 0.0002963 seconds, Stopping threads took: 0.0000396 seconds
2020-10-25T17:36:35.982+0100: 87940.128: Total time for which application threads were stopped: 0.0001909 seconds, Stopping threads took: 0.0000411 seconds
2020-10-25T17:36:35.992+0100: 87940.138: Total time for which application threads were stopped: 0.0004027 seconds, Stopping threads took: 0.0000913 seconds
2020-10-25T17:36:35.994+0100: 87940.139: Total time for which application threads were stopped: 0.0005604 seconds, Stopping threads took: 0.0001591 seconds
2020-10-25T17:36:35.994+0100: 87940.140: Total time for which application threads were stopped: 0.0002940 seconds, Stopping threads took: 0.0000631 seconds
2020-10-25T17:36:35.995+0100: 87940.140: Total time for which application threads were stopped: 0.0003365 seconds, Stopping threads took: 0.0000807 seconds
2020-10-25T17:36:36.069+0100: 87940.215: Total time for which application threads were stopped: 0.0018461 seconds, Stopping threads took: 0.0014455 seconds
2020-10-25T17:36:36.142+0100: 87940.287: Total time for which application threads were stopped: 0.0002809 seconds, Stopping threads took: 0.0000549 seconds
2020-10-25T17:36:36.142+0100: 87940.288: Total time for which application threads were stopped: 0.0001887 seconds, Stopping threads took: 0.0000369 seconds
2020-10-25T17:36:36.142+0100: 87940.288: Total time for which application threads were stopped: 0.0001726 seconds, Stopping threads took: 0.0000341 seconds
2020-10-25T17:36:36.143+0100: 87940.288: Total time for which application threads were stopped: 0.0001755 seconds, Stopping threads took: 0.0000402 seconds
2020-10-25T17:36:36.143+0100: 87940.288: Total time for which application threads were stopped: 0.0001652 seconds, Stopping threads took: 0.0000332 seconds
2020-10-25T17:36:36.143+0100: 87940.289: Total time for which application threads were stopped: 0.0001874 seconds, Stopping threads took: 0.0000500 seconds
2020-10-25T17:36:36.153+0100: 87940.299: Total time for which application threads were stopped: 0.0003198 seconds, Stopping threads took: 0.0000957 seconds
2020-10-25T17:36:36.154+0100: 87940.300: Total time for which application threads were stopped: 0.0003180 seconds, Stopping threads took: 0.0000547 seconds
2020-10-25T17:36:36.155+0100: 87940.300: Total time for which application threads were stopped: 0.0003226 seconds, Stopping threads took: 0.0000442 seconds
2020-10-25T17:36:36.155+0100: 87940.300: Total time for which application threads were stopped: 0.0002393 seconds, Stopping threads took: 0.0000436 seconds
2020-10-25T17:36:36.156+0100: 87940.301: Total time for which application threads were stopped: 0.0004654 seconds, Stopping threads took: 0.0000668 seconds
2020-10-25T17:36:36.156+0100: 87940.302: Total time for which application threads were stopped: 0.0003178 seconds, Stopping threads took: 0.0000556 seconds
2020-10-25T17:36:37.160+0100: 87941.305: Total time for which application threads were stopped: 0.0003224 seconds, Stopping threads took: 0.0000691 seconds
2020-10-25T17:37:44.858+0100: 88009.011: Total time for which application threads were stopped: 0.0005354 seconds, Stopping threads took: 0.0000647 seconds
2020-10-25T17:37:45.618+0100: 88009.766: Total time for which application threads were stopped: 0.0027527 seconds, Stopping threads took: 0.0022679 seconds
{Heap before GC invocations=73 (full 0):
 garbage-first heap   total 524288K, used 365926K [0x00000000e0000000, 0x00000000e0101000, 0x0000000100000000)
  region size 1024K, 307 young (314368K), 14 survivors (14336K)
 Metaspace       used 57728K, capacity 60336K, committed 60880K, reserved 1103872K
  class space    used 6803K, capacity 7327K, committed 7424K, reserved 1048576K
2020-10-25T17:37:45.828+0100: 88009.977: [GC pause (G1 Evacuation Pause) (young)
Desired survivor size 20447232 bytes, new threshold 15 (max 15)
- age   1:    2154352 bytes,    2154352 total
- age   2:    5018136 bytes,    7172488 total
- age   3:    1098880 bytes,    8271368 total
- age   4:     140024 bytes,    8411392 total
- age   5:     158792 bytes,    8570184 total
- age   6:     554016 bytes,    9124200 total
- age   7:      28128 bytes,    9152328 total
- age   8:     101008 bytes,    9253336 total
- age   9:      52480 bytes,    9305816 total
- age  10:      29144 bytes,    9334960 total
- age  11:      60712 bytes,    9395672 total
- age  12:    2165328 bytes,   11561000 total
- age  13:    1165016 bytes,   12726016 total
- age  14:      42832 bytes,   12768848 total
- age  15:      53448 bytes,   12822296 total
, 0.0260828 secs]
   [Parallel Time: 19.0 ms, GC Workers: 4]
      [GC Worker Start (ms): Min: 88009977.6, Avg: 88009977.6, Max: 88009977.7, Diff: 0.0]
      [Ext Root Scanning (ms): Min: 0.8, Avg: 1.1, Max: 1.6, Diff: 0.8, Sum: 4.5]
      [Update RS (ms): Min: 0.8, Avg: 1.3, Max: 1.7, Diff: 0.9, Sum: 5.4]
         [Processed Buffers: Min: 2, Avg: 5.5, Max: 10, Diff: 8, Sum: 22]
      [Scan RS (ms): Min: 0.0, Avg: 0.1, Max: 0.1, Diff: 0.1, Sum: 0.2]
      [Code Root Scanning (ms): Min: 0.0, Avg: 0.1, Max: 0.3, Diff: 0.3, Sum: 0.5]
      [Object Copy (ms): Min: 16.1, Avg: 16.3, Max: 16.6, Diff: 0.5, Sum: 65.3]
      [Termination (ms): Min: 0.0, Avg: 0.0, Max: 0.0, Diff: 0.0, Sum: 0.0]
         [Termination Attempts: Min: 1, Avg: 1.0, Max: 1, Diff: 0, Sum: 4]
      [GC Worker Other (ms): Min: 0.0, Avg: 0.0, Max: 0.0, Diff: 0.0, Sum: 0.1]
      [GC Worker Total (ms): Min: 19.0, Avg: 19.0, Max: 19.0, Diff: 0.0, Sum: 76.0]
      [GC Worker End (ms): Min: 88009996.6, Avg: 88009996.6, Max: 88009996.6, Diff: 0.0]
   [Code Root Fixup: 0.0 ms]
   [Code Root Purge: 0.0 ms]
   [Clear CT: 0.1 ms]
   [Other: 6.9 ms]
      [Choose CSet: 0.0 ms]
      [Ref Proc: 6.3 ms]
      [Ref Enq: 0.1 ms]
      [Redirty Cards: 0.1 ms]
      [Humongous Register: 0.0 ms]
      [Humongous Reclaim: 0.0 ms]
      [Free CSet: 0.3 ms]
   [Eden: 293.0M(293.0M)->0.0B(288.0M) Survivors: 14.0M->19.0M Heap: 357.4M(512.0M)->69.4M(512.0M)]
Heap after GC invocations=74 (full 0):
 garbage-first heap   total 524288K, used 71076K [0x00000000e0000000, 0x00000000e0101000, 0x0000000100000000)
  region size 1024K, 19 young (19456K), 19 survivors (19456K)
 Metaspace       used 57728K, capacity 60336K, committed 60880K, reserved 1103872K
  class space    used 6803K, capacity 7327K, committed 7424K, reserved 1048576K
}
 [Times: user=0.13 sys=0.00, real=0.03 secs] 
2020-10-25T17:37:45.858+0100: 88010.004: Total time for which application threads were stopped: 0.0291692 seconds, Stopping threads took: 0.0022510 seconds
2020-10-25T17:37:45.898+0100: 88010.046: Total time for which application threads were stopped: 0.0027822 seconds, Stopping threads took: 0.0024779 seconds
2020-10-25T17:37:45.949+0100: 88010.097: Total time for which application threads were stopped: 0.0123672 seconds, Stopping threads took: 0.0120596 seconds
2020-10-25T17:37:46.367+0100: 88010.513: Total time for which application threads were stopped: 0.0257620 seconds, Stopping threads took: 0.0254167 seconds
2020-10-25T17:37:46.390+0100: 88010.536: Total time for which application threads were stopped: 0.0003188 seconds, Stopping threads took: 0.0000719 seconds
2020-10-25T17:37:46.397+0100: 88010.543: Total time for which application threads were stopped: 0.0003886 seconds, Stopping threads took: 0.0001103 seconds
2020-10-25T17:37:46.520+0100: 88010.666: Total time for which application threads were stopped: 0.0015730 seconds, Stopping threads took: 0.0011337 seconds
2020-10-25T17:37:46.552+0100: 88010.698: Total time for which application threads were stopped: 0.0045103 seconds, Stopping threads took: 0.0040457 seconds
2020-10-25T17:37:46.557+0100: 88010.703: Total time for which application threads were stopped: 0.0003781 seconds, Stopping threads took: 0.0000918 seconds
2020-10-25T17:37:46.560+0100: 88010.706: Total time for which application threads were stopped: 0.0003381 seconds, Stopping threads took: 0.0000714 seconds
2020-10-25T17:37:46.640+0100: 88010.786: Total time for which application threads were stopped: 0.0088554 seconds, Stopping threads took: 0.0085449 seconds
2020-10-25T17:37:46.641+0100: 88010.787: Total time for which application threads were stopped: 0.0003246 seconds, Stopping threads took: 0.0000929 seconds
2020-10-25T17:37:46.642+0100: 88010.788: Total time for which application threads were stopped: 0.0003348 seconds, Stopping threads took: 0.0000569 seconds
2020-10-25T17:37:46.643+0100: 88010.789: Total time for which application threads were stopped: 0.0004052 seconds, Stopping threads took: 0.0000765 seconds
2020-10-25T17:37:46.646+0100: 88010.792: Total time for which application threads were stopped: 0.0006935 seconds, Stopping threads took: 0.0002573 seconds
2020-10-25T17:37:46.669+0100: 88010.814: Total time for which application threads were stopped: 0.0180311 seconds, Stopping threads took: 0.0174624 seconds
2020-10-25T17:37:46.669+0100: 88010.815: Total time for which application threads were stopped: 0.0003323 seconds, Stopping threads took: 0.0000573 seconds
2020-10-25T17:37:46.670+0100: 88010.816: Total time for which application threads were stopped: 0.0004634 seconds, Stopping threads took: 0.0001616 seconds
2020-10-25T17:37:46.684+0100: 88010.829: Total time for which application threads were stopped: 0.0013462 seconds, Stopping threads took: 0.0008975 seconds
2020-10-25T17:37:46.685+0100: 88010.831: Total time for which application threads were stopped: 0.0003346 seconds, Stopping threads took: 0.0000568 seconds
2020-10-25T17:37:46.686+0100: 88010.831: Total time for which application threads were stopped: 0.0003005 seconds, Stopping threads took: 0.0000531 seconds
2020-10-25T17:37:46.750+0100: 88010.896: Total time for which application threads were stopped: 0.0005763 seconds, Stopping threads took: 0.0003535 seconds
2020-10-25T17:37:46.751+0100: 88010.897: Total time for which application threads were stopped: 0.0007905 seconds, Stopping threads took: 0.0005065 seconds
2020-10-25T17:37:46.752+0100: 88010.898: Total time for which application threads were stopped: 0.0006643 seconds, Stopping threads took: 0.0004297 seconds
2020-10-25T17:37:46.753+0100: 88010.899: Total time for which application threads were stopped: 0.0002639 seconds, Stopping threads took: 0.0000616 seconds
2020-10-25T17:37:46.753+0100: 88010.899: Total time for which application threads were stopped: 0.0002089 seconds, Stopping threads took: 0.0000433 seconds
2020-10-25T17:37:46.755+0100: 88010.900: Total time for which application threads were stopped: 0.0007150 seconds, Stopping threads took: 0.0003856 seconds
2020-10-25T17:37:46.768+0100: 88010.913: Total time for which application threads were stopped: 0.0003679 seconds, Stopping threads took: 0.0000864 seconds
2020-10-25T17:37:46.769+0100: 88010.915: Total time for which application threads were stopped: 0.0003401 seconds, Stopping threads took: 0.0000657 seconds
2020-10-25T17:37:46.776+0100: 88010.921: Total time for which application threads were stopped: 0.0047015 seconds, Stopping threads took: 0.0043685 seconds
2020-10-25T17:38:38.595+0100: 88062.740: Total time for which application threads were stopped: 0.0004534 seconds, Stopping threads took: 0.0001260 seconds
2020-10-25T17:38:39.176+0100: 88063.322: Total time for which application threads were stopped: 0.0004336 seconds, Stopping threads took: 0.0001115 seconds
{Heap before GC invocations=74 (full 0):
 garbage-first heap   total 524288K, used 365988K [0x00000000e0000000, 0x00000000e0101000, 0x0000000100000000)
  region size 1024K, 307 young (314368K), 19 survivors (19456K)
 Metaspace       used 57757K, capacity 60336K, committed 60880K, reserved 1103872K
  class space    used 6803K, capacity 7327K, committed 7424K, reserved 1048576K
2020-10-25T17:38:39.227+0100: 88063.373: [GC pause (G1 Evacuation Pause) (young)
Desired survivor size 20447232 bytes, new threshold 15 (max 15)
- age   1:    6103472 bytes,    6103472 total
- age   2:    1240728 bytes,    7344200 total
- age   3:    1015784 bytes,    8359984 total
- age   4:      83696 bytes,    8443680 total
- age   5:     139920 bytes,    8583600 total
- age   6:     158248 bytes,    8741848 total
- age   7:     543328 bytes,    9285176 total
- age   8:      28128 bytes,    9313304 total
- age   9:     101008 bytes,    9414312 total
- age  10:      52480 bytes,    9466792 total
- age  11:      29144 bytes,    9495936 total
- age  12:      60712 bytes,    9556648 total
- age  13:    2165328 bytes,   11721976 total
- age  14:    1165016 bytes,   12886992 total
- age  15:      42832 bytes,   12929824 total
, 0.0255005 secs]
   [Parallel Time: 18.3 ms, GC Workers: 4]
      [GC Worker Start (ms): Min: 88063373.3, Avg: 88063374.6, Max: 88063378.5, Diff: 5.2]
      [Ext Root Scanning (ms): Min: 0.0, Avg: 1.1, Max: 1.6, Diff: 1.5, Sum: 4.4]
      [Update RS (ms): Min: 0.0, Avg: 1.3, Max: 2.0, Diff: 2.0, Sum: 5.1]
         [Processed Buffers: Min: 0, Avg: 5.8, Max: 11, Diff: 11, Sum: 23]
      [Scan RS (ms): Min: 0.0, Avg: 0.1, Max: 0.1, Diff: 0.1, Sum: 0.2]
      [Code Root Scanning (ms): Min: 0.0, Avg: 0.1, Max: 0.3, Diff: 0.3, Sum: 0.5]
      [Object Copy (ms): Min: 13.0, Avg: 14.4, Max: 15.0, Diff: 2.0, Sum: 57.4]
      [Termination (ms): Min: 0.0, Avg: 0.0, Max: 0.0, Diff: 0.0, Sum: 0.0]
         [Termination Attempts: Min: 1, Avg: 1.0, Max: 1, Diff: 0, Sum: 4]
      [GC Worker Other (ms): Min: 0.0, Avg: 0.0, Max: 0.0, Diff: 0.0, Sum: 0.1]
      [GC Worker Total (ms): Min: 13.1, Avg: 17.0, Max: 18.3, Diff: 5.2, Sum: 67.9]
      [GC Worker End (ms): Min: 88063391.5, Avg: 88063391.6, Max: 88063391.6, Diff: 0.0]
   [Code Root Fixup: 0.0 ms]
   [Code Root Purge: 0.0 ms]
   [Clear CT: 0.2 ms]
   [Other: 7.0 ms]
      [Choose CSet: 0.0 ms]
      [Ref Proc: 6.3 ms]
      [Ref Enq: 0.1 ms]
      [Redirty Cards: 0.1 ms]
      [Humongous Register: 0.0 ms]
      [Humongous Reclaim: 0.0 ms]
      [Free CSet: 0.3 ms]
   [Eden: 288.0M(288.0M)->0.0B(290.0M) Survivors: 19.0M->17.0M Heap: 357.4M(512.0M)->67.5M(512.0M)]
Heap after GC invocations=75 (full 0):
 garbage-first heap   total 524288K, used 69111K [0x00000000e0000000, 0x00000000e0101000, 0x0000000100000000)
  region size 1024K, 17 young (17408K), 17 survivors (17408K)
 Metaspace       used 57757K, capacity 60336K, committed 60880K, reserved 1103872K
  class space    used 6803K, capacity 7327K, committed 7424K, reserved 1048576K
}
 [Times: user=0.11 sys=0.00, real=0.03 secs] 
2020-10-25T17:38:39.253+0100: 88063.399: Total time for which application threads were stopped: 0.0349337 seconds, Stopping threads took: 0.0088119 seconds
2020-10-25T17:38:39.350+0100: 88063.496: Total time for which application threads were stopped: 0.0004027 seconds, Stopping threads took: 0.0000937 seconds
2020-10-25T17:38:39.363+0100: 88063.509: Total time for which application threads were stopped: 0.0004362 seconds, Stopping threads took: 0.0001366 seconds
2020-10-25T17:38:39.364+0100: 88063.510: Total time for which application threads were stopped: 0.0008623 seconds, Stopping threads took: 0.0002224 seconds
2020-10-25T17:38:39.743+0100: 88063.889: Total time for which application threads were stopped: 0.0313718 seconds, Stopping threads took: 0.0310852 seconds
2020-10-25T17:38:39.748+0100: 88063.894: Total time for which application threads were stopped: 0.0003744 seconds, Stopping threads took: 0.0001001 seconds
2020-10-25T17:38:39.750+0100: 88063.896: Total time for which application threads were stopped: 0.0004894 seconds, Stopping threads took: 0.0001271 seconds
2020-10-25T17:38:39.825+0100: 88063.971: Total time for which application threads were stopped: 0.0029450 seconds, Stopping threads took: 0.0024919 seconds
2020-10-25T17:38:39.888+0100: 88064.034: Total time for which application threads were stopped: 0.0027328 seconds, Stopping threads took: 0.0024863 seconds
2020-10-25T17:38:39.888+0100: 88064.034: Total time for which application threads were stopped: 0.0002738 seconds, Stopping threads took: 0.0000685 seconds
2020-10-25T17:38:39.889+0100: 88064.034: Total time for which application threads were stopped: 0.0002625 seconds, Stopping threads took: 0.0000575 seconds
2020-10-25T17:38:39.889+0100: 88064.035: Total time for which application threads were stopped: 0.0002365 seconds, Stopping threads took: 0.0000542 seconds
2020-10-25T17:38:39.889+0100: 88064.035: Total time for which application threads were stopped: 0.0002426 seconds, Stopping threads took: 0.0000459 seconds
2020-10-25T17:38:39.890+0100: 88064.035: Total time for which application threads were stopped: 0.0002053 seconds, Stopping threads took: 0.0000358 seconds
2020-10-25T17:38:39.902+0100: 88064.048: Total time for which application threads were stopped: 0.0003647 seconds, Stopping threads took: 0.0000752 seconds
2020-10-25T17:38:39.904+0100: 88064.049: Total time for which application threads were stopped: 0.0004533 seconds, Stopping threads took: 0.0001592 seconds
2020-10-25T17:38:39.904+0100: 88064.050: Total time for which application threads were stopped: 0.0002982 seconds, Stopping threads took: 0.0000713 seconds
{Heap before GC invocations=75 (full 0):
 garbage-first heap   total 524288K, used 366071K [0x00000000e0000000, 0x00000000e0101000, 0x0000000100000000)
  region size 1024K, 307 young (314368K), 17 survivors (17408K)
 Metaspace       used 57765K, capacity 60336K, committed 60880K, reserved 1103872K
  class space    used 6803K, capacity 7327K, committed 7424K, reserved 1048576K
2020-10-25T17:38:40.107+0100: 88064.253: [GC pause (G1 Evacuation Pause) (young)
Desired survivor size 20447232 bytes, new threshold 15 (max 15)
- age   1:    5653768 bytes,    5653768 total
- age   2:    1109080 bytes,    6762848 total
- age   3:      28912 bytes,    6791760 total
- age   4:     176088 bytes,    6967848 total
- age   5:      83408 bytes,    7051256 total
- age   6:     139920 bytes,    7191176 total
- age   7:     158248 bytes,    7349424 total
- age   8:     533768 bytes,    7883192 total
- age   9:      28128 bytes,    7911320 total
- age  10:     101008 bytes,    8012328 total
- age  11:      52480 bytes,    8064808 total
- age  12:      29144 bytes,    8093952 total
- age  13:      60712 bytes,    8154664 total
- age  14:    2165328 bytes,   10319992 total
- age  15:    1165016 bytes,   11485008 total
, 0.0214450 secs]
   [Parallel Time: 16.9 ms, GC Workers: 4]
      [GC Worker Start (ms): Min: 88064253.3, Avg: 88064253.3, Max: 88064253.4, Diff: 0.0]
      [Ext Root Scanning (ms): Min: 0.9, Avg: 1.2, Max: 1.7, Diff: 0.9, Sum: 4.6]
      [Update RS (ms): Min: 0.7, Avg: 1.1, Max: 1.5, Diff: 0.8, Sum: 4.4]
         [Processed Buffers: Min: 1, Avg: 5.0, Max: 9, Diff: 8, Sum: 20]
      [Scan RS (ms): Min: 0.0, Avg: 0.2, Max: 0.6, Diff: 0.6, Sum: 0.9]
      [Code Root Scanning (ms): Min: 0.0, Avg: 0.1, Max: 0.3, Diff: 0.3, Sum: 0.5]
      [Object Copy (ms): Min: 13.4, Avg: 14.2, Max: 14.6, Diff: 1.1, Sum: 56.8]
      [Termination (ms): Min: 0.0, Avg: 0.0, Max: 0.0, Diff: 0.0, Sum: 0.0]
         [Termination Attempts: Min: 1, Avg: 1.0, Max: 1, Diff: 0, Sum: 4]
      [GC Worker Other (ms): Min: 0.0, Avg: 0.0, Max: 0.0, Diff: 0.0, Sum: 0.1]
      [GC Worker Total (ms): Min: 16.8, Avg: 16.8, Max: 16.8, Diff: 0.0, Sum: 67.3]
      [GC Worker End (ms): Min: 88064270.2, Avg: 88064270.2, Max: 88064270.2, Diff: 0.0]
   [Code Root Fixup: 0.0 ms]
   [Code Root Purge: 0.0 ms]
   [Clear CT: 0.1 ms]
   [Other: 4.4 ms]
      [Choose CSet: 0.0 ms]
      [Ref Proc: 3.6 ms]
      [Ref Enq: 0.0 ms]
      [Redirty Cards: 0.1 ms]
      [Humongous Register: 0.0 ms]
      [Humongous Reclaim: 0.0 ms]
      [Free CSet: 0.4 ms]
   [Eden: 290.0M(290.0M)->0.0B(293.0M) Survivors: 17.0M->14.0M Heap: 357.5M(512.0M)->66.1M(512.0M)]
Heap after GC invocations=76 (full 0):
 garbage-first heap   total 524288K, used 67721K [0x00000000e0000000, 0x00000000e0101000, 0x0000000100000000)
  region size 1024K, 14 young (14336K), 14 survivors (14336K)
 Metaspace       used 57765K, capacity 60336K, committed 60880K, reserved 1103872K
  class space    used 6803K, capacity 7327K, committed 7424K, reserved 1048576K
}
 [Times: user=0.06 sys=0.00, real=0.02 secs] 
2020-10-25T17:38:40.129+0100: 88064.275: Total time for which application threads were stopped: 0.0222774 seconds, Stopping threads took: 0.0000554 seconds
2020-10-25T17:38:40.151+0100: 88064.297: Total time for which application threads were stopped: 0.0003359 seconds, Stopping threads took: 0.0000724 seconds
2020-10-25T17:38:40.156+0100: 88064.301: Total time for which application threads were stopped: 0.0003377 seconds, Stopping threads took: 0.0000753 seconds
2020-10-25T17:38:40.158+0100: 88064.303: Total time for which application threads were stopped: 0.0003102 seconds, Stopping threads took: 0.0000704 seconds
2020-10-25T17:38:40.178+0100: 88064.324: Total time for which application threads were stopped: 0.0003460 seconds, Stopping threads took: 0.0000534 seconds
2020-10-25T17:38:40.348+0100: 88064.494: Total time for which application threads were stopped: 0.0003081 seconds, Stopping threads took: 0.0000582 seconds
2020-10-25T17:38:40.348+0100: 88064.494: Total time for which application threads were stopped: 0.0002115 seconds, Stopping threads took: 0.0000404 seconds
2020-10-25T17:38:40.349+0100: 88064.494: Total time for which application threads were stopped: 0.0001837 seconds, Stopping threads took: 0.0000332 seconds
2020-10-25T17:38:40.349+0100: 88064.495: Total time for which application threads were stopped: 0.0002119 seconds, Stopping threads took: 0.0000376 seconds
2020-10-25T17:38:40.349+0100: 88064.495: Total time for which application threads were stopped: 0.0001794 seconds, Stopping threads took: 0.0000352 seconds
2020-10-25T17:38:40.349+0100: 88064.495: Total time for which application threads were stopped: 0.0001753 seconds, Stopping threads took: 0.0000328 seconds
2020-10-25T17:38:40.361+0100: 88064.506: Total time for which application threads were stopped: 0.0003092 seconds, Stopping threads took: 0.0000917 seconds
2020-10-25T17:38:40.362+0100: 88064.508: Total time for which application threads were stopped: 0.0003212 seconds, Stopping threads took: 0.0000804 seconds
2020-10-25T17:38:40.363+0100: 88064.508: Total time for which application threads were stopped: 0.0002874 seconds, Stopping threads took: 0.0000929 seconds
2020-10-25T17:38:41.368+0100: 88065.514: Total time for which application threads were stopped: 0.0005164 seconds, Stopping threads took: 0.0002259 seconds
2020-10-25T17:40:20.670+0100: 88164.816: Total time for which application threads were stopped: 0.0003909 seconds, Stopping threads took: 0.0001278 seconds
2020-10-25T17:40:20.670+0100: 88164.816: Total time for which application threads were stopped: 0.0003953 seconds, Stopping threads took: 0.0001275 seconds
2020-10-25T17:40:27.753+0100: 88171.899: Total time for which application threads were stopped: 0.0002925 seconds, Stopping threads took: 0.0000596 seconds
2020-10-25T17:40:28.758+0100: 88172.903: Total time for which application threads were stopped: 0.0005105 seconds, Stopping threads took: 0.0001605 seconds
2020-10-25T17:41:35.244+0100: 88239.392: Total time for which application threads were stopped: 0.0003348 seconds, Stopping threads took: 0.0000647 seconds
2020-10-25T17:41:35.884+0100: 88240.030: Total time for which application threads were stopped: 0.0024511 seconds, Stopping threads took: 0.0019783 seconds
2020-10-25T17:41:36.074+0100: 88240.228: Total time for which application threads were stopped: 0.0004041 seconds, Stopping threads took: 0.0000898 seconds
{Heap before GC invocations=76 (full 0):
 garbage-first heap   total 524288K, used 367753K [0x00000000e0000000, 0x00000000e0101000, 0x0000000100000000)
  region size 1024K, 307 young (314368K), 14 survivors (14336K)
 Metaspace       used 57776K, capacity 60336K, committed 60880K, reserved 1103872K
  class space    used 6803K, capacity 7327K, committed 7424K, reserved 1048576K
2020-10-25T17:41:36.114+0100: 88240.264: [GC pause (G1 Evacuation Pause) (young)
Desired survivor size 20447232 bytes, new threshold 15 (max 15)
- age   1:    3337080 bytes,    3337080 total
- age   2:    2640560 bytes,    5977640 total
- age   3:     572448 bytes,    6550088 total
- age   4:      28752 bytes,    6578840 total
- age   5:     175944 bytes,    6754784 total
- age   6:      83408 bytes,    6838192 total
- age   7:     139920 bytes,    6978112 total
- age   8:     158248 bytes,    7136360 total
- age   9:     531696 bytes,    7668056 total
- age  10:      28128 bytes,    7696184 total
- age  11:     101008 bytes,    7797192 total
- age  12:      52480 bytes,    7849672 total
- age  13:      29144 bytes,    7878816 total
- age  14:      60712 bytes,    7939528 total
- age  15:    2165328 bytes,   10104856 total
, 0.0225935 secs]
   [Parallel Time: 18.3 ms, GC Workers: 4]
      [GC Worker Start (ms): Min: 88240264.7, Avg: 88240264.7, Max: 88240264.7, Diff: 0.0]
      [Ext Root Scanning (ms): Min: 0.8, Avg: 1.1, Max: 1.4, Diff: 0.6, Sum: 4.4]
      [Update RS (ms): Min: 1.8, Avg: 2.0, Max: 2.2, Diff: 0.4, Sum: 7.9]
         [Processed Buffers: Min: 4, Avg: 7.0, Max: 8, Diff: 4, Sum: 28]
      [Scan RS (ms): Min: 0.0, Avg: 0.1, Max: 0.1, Diff: 0.0, Sum: 0.2]
      [Code Root Scanning (ms): Min: 0.0, Avg: 0.1, Max: 0.2, Diff: 0.2, Sum: 0.4]
      [Object Copy (ms): Min: 14.7, Avg: 14.9, Max: 15.1, Diff: 0.4, Sum: 59.6]
      [Termination (ms): Min: 0.0, Avg: 0.0, Max: 0.0, Diff: 0.0, Sum: 0.0]
         [Termination Attempts: Min: 1, Avg: 1.0, Max: 1, Diff: 0, Sum: 4]
      [GC Worker Other (ms): Min: 0.0, Avg: 0.0, Max: 0.0, Diff: 0.0, Sum: 0.1]
      [GC Worker Total (ms): Min: 18.2, Avg: 18.2, Max: 18.2, Diff: 0.0, Sum: 72.7]
      [GC Worker End (ms): Min: 88240282.9, Avg: 88240282.9, Max: 88240282.9, Diff: 0.0]
   [Code Root Fixup: 0.0 ms]
   [Code Root Purge: 0.0 ms]
   [Clear CT: 0.1 ms]
   [Other: 4.2 ms]
      [Choose CSet: 0.0 ms]
      [Ref Proc: 3.5 ms]
      [Ref Enq: 0.0 ms]
      [Redirty Cards: 0.0 ms]
      [Humongous Register: 0.0 ms]
      [Humongous Reclaim: 0.0 ms]
      [Free CSet: 0.3 ms]
   [Eden: 293.0M(293.0M)->0.0B(294.0M) Survivors: 14.0M->13.0M Heap: 359.1M(512.0M)->67.6M(512.0M)]
Heap after GC invocations=77 (full 0):
 garbage-first heap   total 524288K, used 69272K [0x00000000e0000000, 0x00000000e0101000, 0x0000000100000000)
  region size 1024K, 13 young (13312K), 13 survivors (13312K)
 Metaspace       used 57776K, capacity 60336K, committed 60880K, reserved 1103872K
  class space    used 6803K, capacity 7327K, committed 7424K, reserved 1048576K
}
 [Times: user=0.06 sys=0.00, real=0.02 secs] 
2020-10-25T17:41:36.134+0100: 88240.287: Total time for which application threads were stopped: 0.0255100 seconds, Stopping threads took: 0.0023047 seconds
2020-10-25T17:41:36.234+0100: 88240.389: Total time for which application threads were stopped: 0.0004135 seconds, Stopping threads took: 0.0000923 seconds
2020-10-25T17:41:36.244+0100: 88240.394: Total time for which application threads were stopped: 0.0046453 seconds, Stopping threads took: 0.0041969 seconds
2020-10-25T17:41:36.449+0100: 88240.595: Total time for which application threads were stopped: 0.0003583 seconds, Stopping threads took: 0.0000680 seconds
2020-10-25T17:41:36.456+0100: 88240.602: Total time for which application threads were stopped: 0.0017973 seconds, Stopping threads took: 0.0014459 seconds
2020-10-25T17:41:36.458+0100: 88240.605: Total time for which application threads were stopped: 0.0003690 seconds, Stopping threads took: 0.0000606 seconds
2020-10-25T17:41:36.529+0100: 88240.675: Total time for which application threads were stopped: 0.0006136 seconds, Stopping threads took: 0.0001337 seconds
2020-10-25T17:41:36.623+0100: 88240.769: Total time for which application threads were stopped: 0.0004412 seconds, Stopping threads took: 0.0000699 seconds
2020-10-25T17:41:36.628+0100: 88240.774: Total time for which application threads were stopped: 0.0003746 seconds, Stopping threads took: 0.0000679 seconds
2020-10-25T17:41:36.630+0100: 88240.776: Total time for which application threads were stopped: 0.0004434 seconds, Stopping threads took: 0.0000714 seconds
2020-10-25T17:41:36.642+0100: 88240.788: Total time for which application threads were stopped: 0.0025613 seconds, Stopping threads took: 0.0013553 seconds
2020-10-25T17:41:36.648+0100: 88240.793: Total time for which application threads were stopped: 0.0008598 seconds, Stopping threads took: 0.0004992 seconds
2020-10-25T17:41:36.763+0100: 88240.909: Total time for which application threads were stopped: 0.0003111 seconds, Stopping threads took: 0.0000590 seconds
2020-10-25T17:41:36.763+0100: 88240.909: Total time for which application threads were stopped: 0.0001895 seconds, Stopping threads took: 0.0000355 seconds
2020-10-25T17:41:36.764+0100: 88240.909: Total time for which application threads were stopped: 0.0001968 seconds, Stopping threads took: 0.0000320 seconds
2020-10-25T17:41:36.764+0100: 88240.910: Total time for which application threads were stopped: 0.0001894 seconds, Stopping threads took: 0.0000333 seconds
2020-10-25T17:41:36.764+0100: 88240.910: Total time for which application threads were stopped: 0.0001765 seconds, Stopping threads took: 0.0000329 seconds
2020-10-25T17:41:36.764+0100: 88240.910: Total time for which application threads were stopped: 0.0001676 seconds, Stopping threads took: 0.0000320 seconds
2020-10-25T17:41:36.772+0100: 88240.918: Total time for which application threads were stopped: 0.0004613 seconds, Stopping threads took: 0.0002180 seconds
2020-10-25T17:41:36.774+0100: 88240.919: Total time for which application threads were stopped: 0.0003093 seconds, Stopping threads took: 0.0000584 seconds
2020-10-25T17:41:36.774+0100: 88240.920: Total time for which application threads were stopped: 0.0001981 seconds, Stopping threads took: 0.0000427 seconds
2020-10-25T17:42:28.229+0100: 88292.374: Total time for which application threads were stopped: 0.0003580 seconds, Stopping threads took: 0.0000781 seconds
2020-10-25T17:44:29.170+0100: 88413.316: Total time for which application threads were stopped: 0.0004208 seconds, Stopping threads took: 0.0001030 seconds
2020-10-25T17:45:03.533+0100: 88447.679: Total time for which application threads were stopped: 0.0004201 seconds, Stopping threads took: 0.0000901 seconds
2020-10-25T17:45:04.246+0100: 88448.391: Total time for which application threads were stopped: 0.0031251 seconds, Stopping threads took: 0.0026544 seconds
{Heap before GC invocations=77 (full 0):
 garbage-first heap   total 524288K, used 370328K [0x00000000e0000000, 0x00000000e0101000, 0x0000000100000000)
  region size 1024K, 307 young (314368K), 13 survivors (13312K)
 Metaspace       used 57792K, capacity 60336K, committed 60880K, reserved 1103872K
  class space    used 6803K, capacity 7327K, committed 7424K, reserved 1048576K
2020-10-25T17:45:04.332+0100: 88448.478: [GC pause (G1 Evacuation Pause) (young)
Desired survivor size 20447232 bytes, new threshold 15 (max 15)
- age   1:    4416176 bytes,    4416176 total
- age   2:    3210944 bytes,    7627120 total
- age   3:     575552 bytes,    8202672 total
- age   4:      68848 bytes,    8271520 total
- age   5:      28752 bytes,    8300272 total
- age   6:     108744 bytes,    8409016 total
- age   7:      83368 bytes,    8492384 total
- age   8:     139920 bytes,    8632304 total
- age   9:     158248 bytes,    8790552 total
- age  10:     506832 bytes,    9297384 total
- age  11:      28128 bytes,    9325512 total
- age  12:     100936 bytes,    9426448 total
- age  13:      52480 bytes,    9478928 total
- age  14:      29144 bytes,    9508072 total
- age  15:      60712 bytes,    9568784 total
, 0.0252416 secs]
   [Parallel Time: 17.3 ms, GC Workers: 4]
      [GC Worker Start (ms): Min: 88448477.9, Avg: 88448477.9, Max: 88448477.9, Diff: 0.0]
      [Ext Root Scanning (ms): Min: 0.9, Avg: 1.4, Max: 2.0, Diff: 1.1, Sum: 5.5]
      [Update RS (ms): Min: 2.4, Avg: 3.0, Max: 3.4, Diff: 1.0, Sum: 11.9]
         [Processed Buffers: Min: 4, Avg: 8.8, Max: 19, Diff: 15, Sum: 35]
      [Scan RS (ms): Min: 0.0, Avg: 0.1, Max: 0.1, Diff: 0.1, Sum: 0.2]
      [Code Root Scanning (ms): Min: 0.0, Avg: 0.2, Max: 0.3, Diff: 0.3, Sum: 0.7]
      [Object Copy (ms): Min: 12.5, Avg: 12.6, Max: 12.9, Diff: 0.4, Sum: 50.6]
      [Termination (ms): Min: 0.0, Avg: 0.0, Max: 0.0, Diff: 0.0, Sum: 0.0]
         [Termination Attempts: Min: 1, Avg: 1.0, Max: 1, Diff: 0, Sum: 4]
      [GC Worker Other (ms): Min: 0.0, Avg: 0.0, Max: 0.0, Diff: 0.0, Sum: 0.1]
      [GC Worker Total (ms): Min: 17.3, Avg: 17.3, Max: 17.3, Diff: 0.0, Sum: 69.1]
      [GC Worker End (ms): Min: 88448495.2, Avg: 88448495.2, Max: 88448495.2, Diff: 0.0]
   [Code Root Fixup: 0.0 ms]
   [Code Root Purge: 0.0 ms]
   [Clear CT: 0.1 ms]
   [Other: 7.7 ms]
      [Choose CSet: 0.0 ms]
      [Ref Proc: 7.0 ms]
      [Ref Enq: 0.1 ms]
      [Redirty Cards: 0.0 ms]
      [Humongous Register: 0.0 ms]
      [Humongous Reclaim: 0.0 ms]
      [Free CSet: 0.3 ms]
   [Eden: 294.0M(294.0M)->0.0B(291.0M) Survivors: 13.0M->16.0M Heap: 361.6M(512.0M)->72.8M(512.0M)]
Heap after GC invocations=78 (full 0):
 garbage-first heap   total 524288K, used 74573K [0x00000000e0000000, 0x00000000e0101000, 0x0000000100000000)
  region size 1024K, 16 young (16384K), 16 survivors (16384K)
 Metaspace       used 57792K, capacity 60336K, committed 60880K, reserved 1103872K
  class space    used 6803K, capacity 7327K, committed 7424K, reserved 1048576K
}
 [Times: user=0.09 sys=0.02, real=0.03 secs] 
2020-10-25T17:45:04.358+0100: 88448.503: Total time for which application threads were stopped: 0.0260889 seconds, Stopping threads took: 0.0000744 seconds
2020-10-25T17:45:04.419+0100: 88448.564: Total time for which application threads were stopped: 0.0025691 seconds, Stopping threads took: 0.0022114 seconds
2020-10-25T17:45:04.420+0100: 88448.565: Total time for which application threads were stopped: 0.0005051 seconds, Stopping threads took: 0.0001008 seconds
2020-10-25T17:45:04.420+0100: 88448.565: Total time for which application threads were stopped: 0.0003920 seconds, Stopping threads took: 0.0000747 seconds
2020-10-25T17:45:04.776+0100: 88448.922: Total time for which application threads were stopped: 0.0003884 seconds, Stopping threads took: 0.0000616 seconds
2020-10-25T17:45:04.790+0100: 88448.936: Total time for which application threads were stopped: 0.0025692 seconds, Stopping threads took: 0.0015663 seconds
2020-10-25T17:45:04.871+0100: 88449.017: Total time for which application threads were stopped: 0.0025491 seconds, Stopping threads took: 0.0020684 seconds
2020-10-25T17:45:05.037+0100: 88449.183: Total time for which application threads were stopped: 0.0131544 seconds, Stopping threads took: 0.0128686 seconds
2020-10-25T17:45:05.037+0100: 88449.183: Total time for which application threads were stopped: 0.0004798 seconds, Stopping threads took: 0.0000830 seconds
2020-10-25T17:45:05.038+0100: 88449.184: Total time for which application threads were stopped: 0.0004957 seconds, Stopping threads took: 0.0001285 seconds
2020-10-25T17:45:05.050+0100: 88449.196: Total time for which application threads were stopped: 0.0110307 seconds, Stopping threads took: 0.0107289 seconds
2020-10-25T17:45:05.051+0100: 88449.197: Total time for which application threads were stopped: 0.0005965 seconds, Stopping threads took: 0.0000904 seconds
2020-10-25T17:45:05.063+0100: 88449.209: Total time for which application threads were stopped: 0.0116709 seconds, Stopping threads took: 0.0112516 seconds
2020-10-25T17:45:05.064+0100: 88449.210: Total time for which application threads were stopped: 0.0003598 seconds, Stopping threads took: 0.0000646 seconds
2020-10-25T17:45:05.093+0100: 88449.238: Total time for which application threads were stopped: 0.0035096 seconds, Stopping threads took: 0.0032305 seconds
2020-10-25T17:45:05.094+0100: 88449.240: Total time for which application threads were stopped: 0.0003542 seconds, Stopping threads took: 0.0000715 seconds
2020-10-25T17:45:05.095+0100: 88449.241: Total time for which application threads were stopped: 0.0003910 seconds, Stopping threads took: 0.0000622 seconds
2020-10-25T17:45:05.096+0100: 88449.242: Total time for which application threads were stopped: 0.0004042 seconds, Stopping threads took: 0.0000899 seconds
2020-10-25T17:45:05.098+0100: 88449.244: Total time for which application threads were stopped: 0.0004591 seconds, Stopping threads took: 0.0000916 seconds
2020-10-25T17:45:05.196+0100: 88449.342: Total time for which application threads were stopped: 0.0068039 seconds, Stopping threads took: 0.0065446 seconds
2020-10-25T17:45:05.197+0100: 88449.342: Total time for which application threads were stopped: 0.0004138 seconds, Stopping threads took: 0.0001194 seconds
2020-10-25T17:45:05.197+0100: 88449.343: Total time for which application threads were stopped: 0.0004369 seconds, Stopping threads took: 0.0000595 seconds
2020-10-25T17:45:05.198+0100: 88449.343: Total time for which application threads were stopped: 0.0003092 seconds, Stopping threads took: 0.0000601 seconds
2020-10-25T17:45:05.198+0100: 88449.344: Total time for which application threads were stopped: 0.0002884 seconds, Stopping threads took: 0.0000583 seconds
2020-10-25T17:45:05.198+0100: 88449.344: Total time for which application threads were stopped: 0.0003326 seconds, Stopping threads took: 0.0000530 seconds
2020-10-25T17:45:05.207+0100: 88449.353: Total time for which application threads were stopped: 0.0003934 seconds, Stopping threads took: 0.0000709 seconds
2020-10-25T17:45:05.209+0100: 88449.354: Total time for which application threads were stopped: 0.0004612 seconds, Stopping threads took: 0.0000764 seconds
2020-10-25T17:45:05.209+0100: 88449.355: Total time for which application threads were stopped: 0.0002612 seconds, Stopping threads took: 0.0000423 seconds
2020-10-25T17:45:05.209+0100: 88449.355: Total time for which application threads were stopped: 0.0002607 seconds, Stopping threads took: 0.0000530 seconds
2020-10-25T17:45:05.210+0100: 88449.356: Total time for which application threads were stopped: 0.0004458 seconds, Stopping threads took: 0.0001128 seconds
2020-10-25T17:45:05.219+0100: 88449.365: Total time for which application threads were stopped: 0.0003481 seconds, Stopping threads took: 0.0000781 seconds
2020-10-25T17:45:20.717+0100: 88464.864: Total time for which application threads were stopped: 0.0006622 seconds, Stopping threads took: 0.0001307 seconds
2020-10-25T17:45:20.719+0100: 88464.865: Total time for which application threads were stopped: 0.0010920 seconds, Stopping threads took: 0.0001912 seconds
2020-10-25T17:45:28.506+0100: 88472.652: Total time for which application threads were stopped: 0.0006277 seconds, Stopping threads took: 0.0001159 seconds
2020-10-25T17:46:46.349+0100: 88550.494: Total time for which application threads were stopped: 0.0003401 seconds, Stopping threads took: 0.0000617 seconds
{Heap before GC invocations=78 (full 0):
 garbage-first heap   total 524288K, used 372557K [0x00000000e0000000, 0x00000000e0101000, 0x0000000100000000)
  region size 1024K, 307 young (314368K), 16 survivors (16384K)
 Metaspace       used 57803K, capacity 60336K, committed 60880K, reserved 1103872K
  class space    used 6803K, capacity 7327K, committed 7424K, reserved 1048576K
2020-10-25T17:46:47.054+0100: 88551.200: [GC pause (G1 Evacuation Pause) (young)
Desired survivor size 20447232 bytes, new threshold 15 (max 15)
- age   1:    6961400 bytes,    6961400 total
- age   2:    1205928 bytes,    8167328 total
- age   3:      47496 bytes,    8214824 total
- age   4:      70000 bytes,    8284824 total
- age   5:      68600 bytes,    8353424 total
- age   6:      28752 bytes,    8382176 total
- age   7:     108584 bytes,    8490760 total
- age   8:      83368 bytes,    8574128 total
- age   9:     139920 bytes,    8714048 total
- age  10:     158248 bytes,    8872296 total
- age  11:     477560 bytes,    9349856 total
- age  12:      28128 bytes,    9377984 total
- age  13:     100936 bytes,    9478920 total
- age  14:      52480 bytes,    9531400 total
- age  15:      29144 bytes,    9560544 total
, 0.0196622 secs]
   [Parallel Time: 12.6 ms, GC Workers: 4]
      [GC Worker Start (ms): Min: 88551200.3, Avg: 88551200.3, Max: 88551200.4, Diff: 0.0]
      [Ext Root Scanning (ms): Min: 0.9, Avg: 1.3, Max: 1.8, Diff: 0.8, Sum: 5.1]
      [Update RS (ms): Min: 0.1, Avg: 0.7, Max: 1.2, Diff: 1.1, Sum: 2.9]
         [Processed Buffers: Min: 1, Avg: 7.0, Max: 14, Diff: 13, Sum: 28]
      [Scan RS (ms): Min: 0.0, Avg: 0.1, Max: 0.1, Diff: 0.1, Sum: 0.2]
      [Code Root Scanning (ms): Min: 0.0, Avg: 0.1, Max: 0.2, Diff: 0.2, Sum: 0.4]
      [Object Copy (ms): Min: 10.3, Avg: 10.4, Max: 10.5, Diff: 0.2, Sum: 41.5]
      [Termination (ms): Min: 0.0, Avg: 0.0, Max: 0.0, Diff: 0.0, Sum: 0.0]
         [Termination Attempts: Min: 1, Avg: 1.0, Max: 1, Diff: 0, Sum: 4]
      [GC Worker Other (ms): Min: 0.0, Avg: 0.0, Max: 0.0, Diff: 0.0, Sum: 0.1]
      [GC Worker Total (ms): Min: 12.5, Avg: 12.6, Max: 12.6, Diff: 0.0, Sum: 50.2]
      [GC Worker End (ms): Min: 88551212.9, Avg: 88551212.9, Max: 88551212.9, Diff: 0.0]
   [Code Root Fixup: 0.0 ms]
   [Code Root Purge: 0.0 ms]
   [Clear CT: 0.2 ms]
   [Other: 6.9 ms]
      [Choose CSet: 0.0 ms]
      [Ref Proc: 6.2 ms]
      [Ref Enq: 0.0 ms]
      [Redirty Cards: 0.1 ms]
      [Humongous Register: 0.0 ms]
      [Humongous Reclaim: 0.0 ms]
      [Free CSet: 0.3 ms]
   [Eden: 291.0M(291.0M)->0.0B(293.0M) Survivors: 16.0M->14.0M Heap: 363.8M(512.0M)->70.8M(512.0M)]
Heap after GC invocations=79 (full 0):
 garbage-first heap   total 524288K, used 72517K [0x00000000e0000000, 0x00000000e0101000, 0x0000000100000000)
  region size 1024K, 14 young (14336K), 14 survivors (14336K)
 Metaspace       used 57803K, capacity 60336K, committed 60880K, reserved 1103872K
  class space    used 6803K, capacity 7327K, committed 7424K, reserved 1048576K
}
 [Times: user=0.13 sys=0.00, real=0.02 secs] 
2020-10-25T17:46:47.074+0100: 88551.220: Total time for which application threads were stopped: 0.0204307 seconds, Stopping threads took: 0.0000659 seconds
2020-10-25T17:46:47.122+0100: 88551.268: Total time for which application threads were stopped: 0.0099256 seconds, Stopping threads took: 0.0095780 seconds
2020-10-25T17:46:47.123+0100: 88551.269: Total time for which application threads were stopped: 0.0011702 seconds, Stopping threads took: 0.0000681 seconds
2020-10-25T17:46:47.304+0100: 88551.450: Total time for which application threads were stopped: 0.0008554 seconds, Stopping threads took: 0.0005149 seconds
2020-10-25T17:46:47.306+0100: 88551.453: Total time for which application threads were stopped: 0.0019943 seconds, Stopping threads took: 0.0015766 seconds
{Heap before GC invocations=79 (full 0):
 garbage-first heap   total 524288K, used 372549K [0x00000000e0000000, 0x00000000e0101000, 0x0000000100000000)
  region size 1024K, 307 young (314368K), 14 survivors (14336K)
 Metaspace       used 57807K, capacity 60336K, committed 60880K, reserved 1103872K
  class space    used 6803K, capacity 7327K, committed 7424K, reserved 1048576K
2020-10-25T17:46:47.410+0100: 88551.556: [GC pause (G1 Evacuation Pause) (young)
Desired survivor size 20447232 bytes, new threshold 15 (max 15)
- age   1:    4791496 bytes,    4791496 total
- age   2:    1041472 bytes,    5832968 total
- age   3:      70152 bytes,    5903120 total
- age   4:      46992 bytes,    5950112 total
- age   5:      69816 bytes,    6019928 total
- age   6:      68552 bytes,    6088480 total
- age   7:      28728 bytes,    6117208 total
- age   8:     108120 bytes,    6225328 total
- age   9:      83224 bytes,    6308552 total
- age  10:     139920 bytes,    6448472 total
- age  11:     158248 bytes,    6606720 total
- age  12:     461024 bytes,    7067744 total
- age  13:      27896 bytes,    7095640 total
- age  14:     100936 bytes,    7196576 total
- age  15:      52480 bytes,    7249056 total
, 0.0147681 secs]
   [Parallel Time: 13.2 ms, GC Workers: 4]
      [GC Worker Start (ms): Min: 88551556.0, Avg: 88551556.0, Max: 88551556.0, Diff: 0.0]
      [Ext Root Scanning (ms): Min: 0.8, Avg: 1.2, Max: 2.0, Diff: 1.2, Sum: 4.7]
      [Update RS (ms): Min: 0.0, Avg: 0.4, Max: 0.7, Diff: 0.7, Sum: 1.8]
         [Processed Buffers: Min: 0, Avg: 4.0, Max: 13, Diff: 13, Sum: 16]
      [Scan RS (ms): Min: 0.0, Avg: 0.1, Max: 0.1, Diff: 0.1, Sum: 0.2]
      [Code Root Scanning (ms): Min: 0.0, Avg: 0.1, Max: 0.2, Diff: 0.2, Sum: 0.3]
      [Object Copy (ms): Min: 11.2, Avg: 11.4, Max: 11.6, Diff: 0.4, Sum: 45.7]
      [Termination (ms): Min: 0.0, Avg: 0.0, Max: 0.0, Diff: 0.0, Sum: 0.0]
         [Termination Attempts: Min: 1, Avg: 1.0, Max: 1, Diff: 0, Sum: 4]
      [GC Worker Other (ms): Min: 0.0, Avg: 0.0, Max: 0.0, Diff: 0.0, Sum: 0.1]
      [GC Worker Total (ms): Min: 13.2, Avg: 13.2, Max: 13.2, Diff: 0.0, Sum: 52.8]
      [GC Worker End (ms): Min: 88551569.2, Avg: 88551569.2, Max: 88551569.2, Diff: 0.0]
   [Code Root Fixup: 0.0 ms]
   [Code Root Purge: 0.0 ms]
   [Clear CT: 0.1 ms]
   [Other: 1.4 ms]
      [Choose CSet: 0.0 ms]
      [Ref Proc: 0.8 ms]
      [Ref Enq: 0.0 ms]
      [Redirty Cards: 0.0 ms]
      [Humongous Register: 0.0 ms]
      [Humongous Reclaim: 0.0 ms]
      [Free CSet: 0.3 ms]
   [Eden: 293.0M(293.0M)->0.0B(296.0M) Survivors: 14.0M->11.0M Heap: 363.8M(512.0M)->68.0M(512.0M)]
Heap after GC invocations=80 (full 0):
 garbage-first heap   total 524288K, used 69585K [0x00000000e0000000, 0x00000000e0101000, 0x0000000100000000)
  region size 1024K, 11 young (11264K), 11 survivors (11264K)
 Metaspace       used 57807K, capacity 60336K, committed 60880K, reserved 1103872K
  class space    used 6803K, capacity 7327K, committed 7424K, reserved 1048576K
}
 [Times: user=0.06 sys=0.00, real=0.01 secs] 
2020-10-25T17:46:47.425+0100: 88551.571: Total time for which application threads were stopped: 0.0155359 seconds, Stopping threads took: 0.0001159 seconds
2020-10-25T17:46:47.767+0100: 88551.913: Total time for which application threads were stopped: 0.0004155 seconds, Stopping threads took: 0.0000680 seconds
2020-10-25T17:46:47.771+0100: 88551.917: Total time for which application threads were stopped: 0.0003313 seconds, Stopping threads took: 0.0000658 seconds
2020-10-25T17:46:47.774+0100: 88551.919: Total time for which application threads were stopped: 0.0004093 seconds, Stopping threads took: 0.0000555 seconds
2020-10-25T17:46:47.884+0100: 88552.029: Total time for which application threads were stopped: 0.0034534 seconds, Stopping threads took: 0.0030693 seconds
2020-10-25T17:46:48.008+0100: 88552.154: Total time for which application threads were stopped: 0.0004133 seconds, Stopping threads took: 0.0000744 seconds
2020-10-25T17:46:48.009+0100: 88552.154: Total time for which application threads were stopped: 0.0002540 seconds, Stopping threads took: 0.0000429 seconds
2020-10-25T17:46:48.009+0100: 88552.154: Total time for which application threads were stopped: 0.0002538 seconds, Stopping threads took: 0.0000418 seconds
2020-10-25T17:46:48.009+0100: 88552.155: Total time for which application threads were stopped: 0.0002464 seconds, Stopping threads took: 0.0000377 seconds
2020-10-25T17:46:48.010+0100: 88552.155: Total time for which application threads were stopped: 0.0002659 seconds, Stopping threads took: 0.0000344 seconds
2020-10-25T17:46:48.010+0100: 88552.155: Total time for which application threads were stopped: 0.0002336 seconds, Stopping threads took: 0.0000393 seconds
2020-10-25T17:46:48.019+0100: 88552.164: Total time for which application threads were stopped: 0.0004506 seconds, Stopping threads took: 0.0000970 seconds
2020-10-25T17:46:48.020+0100: 88552.166: Total time for which application threads were stopped: 0.0003358 seconds, Stopping threads took: 0.0000781 seconds
2020-10-25T17:46:48.021+0100: 88552.166: Total time for which application threads were stopped: 0.0002413 seconds, Stopping threads took: 0.0000612 seconds
2020-10-25T17:46:48.028+0100: 88552.173: Total time for which application threads were stopped: 0.0004674 seconds, Stopping threads took: 0.0000684 seconds
2020-10-25T17:46:48.033+0100: 88552.178: Total time for which application threads were stopped: 0.0003440 seconds, Stopping threads took: 0.0000710 seconds
2020-10-25T17:46:48.037+0100: 88552.182: Total time for which application threads were stopped: 0.0018512 seconds, Stopping threads took: 0.0015722 seconds
2020-10-25T17:46:48.050+0100: 88552.195: Total time for which application threads were stopped: 0.0003507 seconds, Stopping threads took: 0.0000886 seconds
2020-10-25T17:46:48.142+0100: 88552.287: Total time for which application threads were stopped: 0.0002357 seconds, Stopping threads took: 0.0000467 seconds
2020-10-25T17:46:48.142+0100: 88552.288: Total time for which application threads were stopped: 0.0002095 seconds, Stopping threads took: 0.0000396 seconds
2020-10-25T17:46:48.143+0100: 88552.288: Total time for which application threads were stopped: 0.0001908 seconds, Stopping threads took: 0.0000347 seconds
2020-10-25T17:46:48.143+0100: 88552.288: Total time for which application threads were stopped: 0.0001483 seconds, Stopping threads took: 0.0000297 seconds
2020-10-25T17:46:48.143+0100: 88552.288: Total time for which application threads were stopped: 0.0001404 seconds, Stopping threads took: 0.0000282 seconds
2020-10-25T17:46:48.143+0100: 88552.289: Total time for which application threads were stopped: 0.0001365 seconds, Stopping threads took: 0.0000282 seconds
2020-10-25T17:46:48.150+0100: 88552.295: Total time for which application threads were stopped: 0.0003310 seconds, Stopping threads took: 0.0000918 seconds
2020-10-25T17:46:48.152+0100: 88552.297: Total time for which application threads were stopped: 0.0004047 seconds, Stopping threads took: 0.0000690 seconds
2020-10-25T17:46:48.152+0100: 88552.297: Total time for which application threads were stopped: 0.0003954 seconds, Stopping threads took: 0.0000683 seconds
2020-10-25T17:47:01.247+0100: 88565.393: Total time for which application threads were stopped: 0.0012975 seconds, Stopping threads took: 0.0006698 seconds
2020-10-25T17:50:20.783+0100: 88764.928: Total time for which application threads were stopped: 0.0027080 seconds, Stopping threads took: 0.0018135 seconds
2020-10-25T17:50:20.785+0100: 88764.930: Total time for which application threads were stopped: 0.0007148 seconds, Stopping threads took: 0.0001340 seconds
2020-10-25T17:50:29.272+0100: 88773.419: Total time for which application threads were stopped: 0.0005702 seconds, Stopping threads took: 0.0002326 seconds
2020-10-25T17:50:30.282+0100: 88774.429: Total time for which application threads were stopped: 0.0007902 seconds, Stopping threads took: 0.0002049 seconds
2020-10-25T17:52:30.274+0100: 88894.420: Total time for which application threads were stopped: 0.0004447 seconds, Stopping threads took: 0.0001343 seconds
2020-10-25T17:52:51.699+0100: 88915.844: Total time for which application threads were stopped: 0.0003525 seconds, Stopping threads took: 0.0000629 seconds
2020-10-25T17:52:52.391+0100: 88916.537: Total time for which application threads were stopped: 0.0005177 seconds, Stopping threads took: 0.0000869 seconds
{Heap before GC invocations=80 (full 0):
 garbage-first heap   total 524288K, used 372689K [0x00000000e0000000, 0x00000000e0101000, 0x0000000100000000)
  region size 1024K, 307 young (314368K), 11 survivors (11264K)
 Metaspace       used 57811K, capacity 60336K, committed 60880K, reserved 1103872K
  class space    used 6803K, capacity 7327K, committed 7424K, reserved 1048576K
2020-10-25T17:52:52.585+0100: 88916.731: [GC pause (G1 Evacuation Pause) (young)
Desired survivor size 20447232 bytes, new threshold 15 (max 15)
- age   1:    2656408 bytes,    2656408 total
- age   2:    4685272 bytes,    7341680 total
- age   3:    1040376 bytes,    8382056 total
- age   4:      69912 bytes,    8451968 total
- age   5:      46992 bytes,    8498960 total
- age   6:      69816 bytes,    8568776 total
- age   7:      68552 bytes,    8637328 total
- age   8:      28728 bytes,    8666056 total
- age   9:     108120 bytes,    8774176 total
- age  10:      83224 bytes,    8857400 total
- age  11:     139920 bytes,    8997320 total
- age  12:     158248 bytes,    9155568 total
- age  13:     460216 bytes,    9615784 total
- age  14:      27896 bytes,    9643680 total
- age  15:     100936 bytes,    9744616 total
, 0.0237423 secs]
   [Parallel Time: 15.9 ms, GC Workers: 4]
      [GC Worker Start (ms): Min: 88916731.3, Avg: 88916731.4, Max: 88916731.6, Diff: 0.3]
      [Ext Root Scanning (ms): Min: 1.4, Avg: 1.7, Max: 1.8, Diff: 0.4, Sum: 6.6]
      [Update RS (ms): Min: 0.3, Avg: 0.7, Max: 1.0, Diff: 0.7, Sum: 2.7]
         [Processed Buffers: Min: 1, Avg: 6.3, Max: 22, Diff: 21, Sum: 25]
      [Scan RS (ms): Min: 0.0, Avg: 0.1, Max: 0.2, Diff: 0.2, Sum: 0.2]
      [Code Root Scanning (ms): Min: 0.0, Avg: 0.1, Max: 0.2, Diff: 0.2, Sum: 0.3]
      [Object Copy (ms): Min: 13.0, Avg: 13.2, Max: 13.7, Diff: 0.7, Sum: 52.9]
      [Termination (ms): Min: 0.0, Avg: 0.0, Max: 0.0, Diff: 0.0, Sum: 0.0]
         [Termination Attempts: Min: 1, Avg: 1.0, Max: 1, Diff: 0, Sum: 4]
      [GC Worker Other (ms): Min: 0.0, Avg: 0.0, Max: 0.0, Diff: 0.0, Sum: 0.1]
      [GC Worker Total (ms): Min: 15.5, Avg: 15.7, Max: 15.8, Diff: 0.3, Sum: 62.9]
      [GC Worker End (ms): Min: 88916747.1, Avg: 88916747.1, Max: 88916747.1, Diff: 0.0]
   [Code Root Fixup: 0.0 ms]
   [Code Root Purge: 0.0 ms]
   [Clear CT: 0.4 ms]
   [Other: 7.5 ms]
      [Choose CSet: 0.0 ms]
      [Ref Proc: 6.3 ms]
      [Ref Enq: 0.1 ms]
      [Redirty Cards: 0.1 ms]
      [Humongous Register: 0.1 ms]
      [Humongous Reclaim: 0.0 ms]
      [Free CSet: 0.7 ms]
   [Eden: 296.0M(296.0M)->0.0B(291.0M) Survivors: 11.0M->16.0M Heap: 364.0M(512.0M)->73.0M(512.0M)]
Heap after GC invocations=81 (full 0):
 garbage-first heap   total 524288K, used 74785K [0x00000000e0000000, 0x00000000e0101000, 0x0000000100000000)
  region size 1024K, 16 young (16384K), 16 survivors (16384K)
 Metaspace       used 57811K, capacity 60336K, committed 60880K, reserved 1103872K
  class space    used 6803K, capacity 7327K, committed 7424K, reserved 1048576K
}
 [Times: user=0.11 sys=0.01, real=0.02 secs] 
2020-10-25T17:52:52.610+0100: 88916.755: Total time for which application threads were stopped: 0.0245680 seconds, Stopping threads took: 0.0000688 seconds
2020-10-25T17:52:52.644+0100: 88916.790: Total time for which application threads were stopped: 0.0022492 seconds, Stopping threads took: 0.0012766 seconds
2020-10-25T17:52:52.645+0100: 88916.791: Total time for which application threads were stopped: 0.0004416 seconds, Stopping threads took: 0.0000891 seconds
2020-10-25T17:52:52.827+0100: 88916.973: Total time for which application threads were stopped: 0.0022198 seconds, Stopping threads took: 0.0017112 seconds
2020-10-25T17:52:52.988+0100: 88917.133: Total time for which application threads were stopped: 0.0004685 seconds, Stopping threads took: 0.0000671 seconds
2020-10-25T17:52:53.078+0100: 88917.224: Total time for which application threads were stopped: 0.0004518 seconds, Stopping threads took: 0.0000582 seconds
2020-10-25T17:52:53.084+0100: 88917.229: Total time for which application threads were stopped: 0.0004161 seconds, Stopping threads took: 0.0000781 seconds
2020-10-25T17:52:53.086+0100: 88917.231: Total time for which application threads were stopped: 0.0003701 seconds, Stopping threads took: 0.0000783 seconds
2020-10-25T17:52:53.112+0100: 88917.257: Total time for which application threads were stopped: 0.0005564 seconds, Stopping threads took: 0.0001047 seconds
2020-10-25T17:52:53.208+0100: 88917.354: Total time for which application threads were stopped: 0.0004520 seconds, Stopping threads took: 0.0001406 seconds
2020-10-25T17:52:53.220+0100: 88917.365: Total time for which application threads were stopped: 0.0003704 seconds, Stopping threads took: 0.0000988 seconds
2020-10-25T17:52:53.222+0100: 88917.367: Total time for which application threads were stopped: 0.0003386 seconds, Stopping threads took: 0.0000640 seconds
2020-10-25T17:52:53.249+0100: 88917.395: Total time for which application threads were stopped: 0.0012622 seconds, Stopping threads took: 0.0008081 seconds
2020-10-25T17:52:53.281+0100: 88917.427: Total time for which application threads were stopped: 0.0017990 seconds, Stopping threads took: 0.0015162 seconds
2020-10-25T17:52:53.282+0100: 88917.427: Total time for which application threads were stopped: 0.0002311 seconds, Stopping threads took: 0.0000624 seconds
2020-10-25T17:52:53.282+0100: 88917.427: Total time for which application threads were stopped: 0.0002504 seconds, Stopping threads took: 0.0000364 seconds
2020-10-25T17:52:53.283+0100: 88917.428: Total time for which application threads were stopped: 0.0003580 seconds, Stopping threads took: 0.0000712 seconds
2020-10-25T17:52:53.284+0100: 88917.429: Total time for which application threads were stopped: 0.0002923 seconds, Stopping threads took: 0.0000541 seconds
2020-10-25T17:52:53.284+0100: 88917.429: Total time for which application threads were stopped: 0.0002796 seconds, Stopping threads took: 0.0000505 seconds
2020-10-25T17:52:53.331+0100: 88917.476: Total time for which application threads were stopped: 0.0004707 seconds, Stopping threads took: 0.0002131 seconds
2020-10-25T17:52:53.332+0100: 88917.477: Total time for which application threads were stopped: 0.0003634 seconds, Stopping threads took: 0.0001019 seconds
2020-10-25T17:52:53.332+0100: 88917.478: Total time for which application threads were stopped: 0.0002917 seconds, Stopping threads took: 0.0000679 seconds
2020-10-25T17:53:30.612+0100: 88954.757: Total time for which application threads were stopped: 0.0003879 seconds, Stopping threads took: 0.0000829 seconds
2020-10-25T17:54:28.860+0100: 89013.006: Total time for which application threads were stopped: 0.0003513 seconds, Stopping threads took: 0.0000664 seconds
{Heap before GC invocations=81 (full 0):
 garbage-first heap   total 524288K, used 372769K [0x00000000e0000000, 0x00000000e0101000, 0x0000000100000000)
  region size 1024K, 307 young (314368K), 16 survivors (16384K)
 Metaspace       used 57821K, capacity 60336K, committed 60880K, reserved 1103872K
  class space    used 6803K, capacity 7327K, committed 7424K, reserved 1048576K
2020-10-25T17:54:29.493+0100: 89013.639: [GC pause (G1 Evacuation Pause) (young)
Desired survivor size 20447232 bytes, new threshold 15 (max 15)
- age   1:    7029984 bytes,    7029984 total
- age   2:     769872 bytes,    7799856 total
- age   3:     439784 bytes,    8239640 total
- age   4:      88168 bytes,    8327808 total
- age   5:      69704 bytes,    8397512 total
- age   6:      46992 bytes,    8444504 total
- age   7:      69704 bytes,    8514208 total
- age   8:      68552 bytes,    8582760 total
- age   9:      28728 bytes,    8611488 total
- age  10:     108048 bytes,    8719536 total
- age  11:      83224 bytes,    8802760 total
- age  12:     139920 bytes,    8942680 total
- age  13:     158248 bytes,    9100928 total
- age  14:     409504 bytes,    9510432 total
- age  15:      27896 bytes,    9538328 total
, 0.0197738 secs]
   [Parallel Time: 12.6 ms, GC Workers: 4]
      [GC Worker Start (ms): Min: 89013638.9, Avg: 89013638.9, Max: 89013639.0, Diff: 0.0]
      [Ext Root Scanning (ms): Min: 0.8, Avg: 1.0, Max: 1.3, Diff: 0.5, Sum: 4.1]
      [Update RS (ms): Min: 0.3, Avg: 0.8, Max: 1.6, Diff: 1.4, Sum: 3.4]
         [Processed Buffers: Min: 1, Avg: 6.0, Max: 18, Diff: 17, Sum: 24]
      [Scan RS (ms): Min: 0.0, Avg: 0.1, Max: 0.1, Diff: 0.1, Sum: 0.2]
      [Code Root Scanning (ms): Min: 0.0, Avg: 0.1, Max: 0.2, Diff: 0.2, Sum: 0.2]
      [Object Copy (ms): Min: 10.1, Avg: 10.5, Max: 10.8, Diff: 0.8, Sum: 42.1]
      [Termination (ms): Min: 0.0, Avg: 0.0, Max: 0.0, Diff: 0.0, Sum: 0.0]
         [Termination Attempts: Min: 1, Avg: 1.0, Max: 1, Diff: 0, Sum: 4]
      [GC Worker Other (ms): Min: 0.0, Avg: 0.0, Max: 0.0, Diff: 0.0, Sum: 0.1]
      [GC Worker Total (ms): Min: 12.5, Avg: 12.5, Max: 12.6, Diff: 0.1, Sum: 50.2]
      [GC Worker End (ms): Min: 89013651.5, Avg: 89013651.5, Max: 89013651.5, Diff: 0.0]
   [Code Root Fixup: 0.0 ms]
   [Code Root Purge: 0.0 ms]
   [Clear CT: 0.1 ms]
   [Other: 7.0 ms]
      [Choose CSet: 0.0 ms]
      [Ref Proc: 6.2 ms]
      [Ref Enq: 0.1 ms]
      [Redirty Cards: 0.1 ms]
      [Humongous Register: 0.0 ms]
      [Humongous Reclaim: 0.0 ms]
      [Free CSet: 0.4 ms]
   [Eden: 291.0M(291.0M)->0.0B(292.0M) Survivors: 16.0M->15.0M Heap: 364.0M(512.0M)->72.1M(512.0M)]
Heap after GC invocations=82 (full 0):
 garbage-first heap   total 524288K, used 73829K [0x00000000e0000000, 0x00000000e0101000, 0x0000000100000000)
  region size 1024K, 15 young (15360K), 15 survivors (15360K)
 Metaspace       used 57821K, capacity 60336K, committed 60880K, reserved 1103872K
  class space    used 6803K, capacity 7327K, committed 7424K, reserved 1048576K
}
 [Times: user=0.13 sys=0.00, real=0.02 secs] 
2020-10-25T17:54:29.513+0100: 89013.659: Total time for which application threads were stopped: 0.0207349 seconds, Stopping threads took: 0.0000789 seconds
2020-10-25T17:54:29.524+0100: 89013.669: Total time for which application threads were stopped: 0.0007469 seconds, Stopping threads took: 0.0003775 seconds
2020-10-25T17:54:29.665+0100: 89013.810: Total time for which application threads were stopped: 0.0017921 seconds, Stopping threads took: 0.0014708 seconds
2020-10-25T17:54:29.682+0100: 89013.827: Total time for which application threads were stopped: 0.0026155 seconds, Stopping threads took: 0.0023205 seconds
2020-10-25T17:54:29.682+0100: 89013.828: Total time for which application threads were stopped: 0.0004087 seconds, Stopping threads took: 0.0000747 seconds
2020-10-25T17:54:30.051+0100: 89014.197: Total time for which application threads were stopped: 0.0023803 seconds, Stopping threads took: 0.0019520 seconds
2020-10-25T17:54:30.055+0100: 89014.201: Total time for which application threads were stopped: 0.0003579 seconds, Stopping threads took: 0.0000868 seconds
{Heap before GC invocations=82 (full 0):
 garbage-first heap   total 524288K, used 372837K [0x00000000e0000000, 0x00000000e0101000, 0x0000000100000000)
  region size 1024K, 307 young (314368K), 15 survivors (15360K)
 Metaspace       used 57826K, capacity 60336K, committed 60880K, reserved 1103872K
  class space    used 6803K, capacity 7327K, committed 7424K, reserved 1048576K
2020-10-25T17:54:30.056+0100: 89014.203: [GC pause (G1 Evacuation Pause) (young)
Desired survivor size 20447232 bytes, new threshold 15 (max 15)
- age   1:    5498560 bytes,    5498560 total
- age   2:    1160592 bytes,    6659152 total
- age   3:      28584 bytes,    6687736 total
- age   4:      76928 bytes,    6764664 total
- age   5:      87648 bytes,    6852312 total
- age   6:      69704 bytes,    6922016 total
- age   7:      46992 bytes,    6969008 total
- age   8:      69704 bytes,    7038712 total
- age   9:      68112 bytes,    7106824 total
- age  10:      28728 bytes,    7135552 total
- age  11:     108048 bytes,    7243600 total
- age  12:      83224 bytes,    7326824 total
- age  13:     139920 bytes,    7466744 total
- age  14:     158248 bytes,    7624992 total
- age  15:     394200 bytes,    8019192 total
, 0.0142735 secs]
   [Parallel Time: 12.6 ms, GC Workers: 4]
      [GC Worker Start (ms): Min: 89014202.8, Avg: 89014202.8, Max: 89014202.8, Diff: 0.0]
      [Ext Root Scanning (ms): Min: 0.8, Avg: 1.0, Max: 1.4, Diff: 0.6, Sum: 4.0]
      [Update RS (ms): Min: 0.0, Avg: 0.4, Max: 0.6, Diff: 0.6, Sum: 1.4]
         [Processed Buffers: Min: 0, Avg: 5.3, Max: 14, Diff: 14, Sum: 21]
      [Scan RS (ms): Min: 0.0, Avg: 0.1, Max: 0.1, Diff: 0.1, Sum: 0.2]
      [Code Root Scanning (ms): Min: 0.0, Avg: 0.1, Max: 0.1, Diff: 0.1, Sum: 0.2]
      [Object Copy (ms): Min: 10.9, Avg: 11.0, Max: 11.1, Diff: 0.2, Sum: 44.2]
      [Termination (ms): Min: 0.0, Avg: 0.0, Max: 0.0, Diff: 0.0, Sum: 0.0]
         [Termination Attempts: Min: 1, Avg: 1.0, Max: 1, Diff: 0, Sum: 4]
      [GC Worker Other (ms): Min: 0.0, Avg: 0.0, Max: 0.0, Diff: 0.0, Sum: 0.1]
      [GC Worker Total (ms): Min: 12.5, Avg: 12.5, Max: 12.6, Diff: 0.0, Sum: 50.2]
      [GC Worker End (ms): Min: 89014215.4, Avg: 89014215.4, Max: 89014215.4, Diff: 0.0]
   [Code Root Fixup: 0.0 ms]
   [Code Root Purge: 0.0 ms]
   [Clear CT: 0.1 ms]
   [Other: 1.6 ms]
      [Choose CSet: 0.0 ms]
      [Ref Proc: 0.9 ms]
      [Ref Enq: 0.0 ms]
      [Redirty Cards: 0.1 ms]
      [Humongous Register: 0.0 ms]
      [Humongous Reclaim: 0.0 ms]
      [Free CSet: 0.2 ms]
   [Eden: 292.0M(292.0M)->0.0B(297.0M) Survivors: 15.0M->10.0M Heap: 364.1M(512.0M)->67.5M(512.0M)]
Heap after GC invocations=83 (full 0):
 garbage-first heap   total 524288K, used 69111K [0x00000000e0000000, 0x00000000e0101000, 0x0000000100000000)
  region size 1024K, 10 young (10240K), 10 survivors (10240K)
 Metaspace       used 57826K, capacity 60336K, committed 60880K, reserved 1103872K
  class space    used 6803K, capacity 7327K, committed 7424K, reserved 1048576K
}
 [Times: user=0.02 sys=0.00, real=0.02 secs] 
2020-10-25T17:54:30.071+0100: 89014.217: Total time for which application threads were stopped: 0.0152485 seconds, Stopping threads took: 0.0002531 seconds
2020-10-25T17:54:30.082+0100: 89014.228: Total time for which application threads were stopped: 0.0048285 seconds, Stopping threads took: 0.0044930 seconds
2020-10-25T17:54:30.183+0100: 89014.329: Total time for which application threads were stopped: 0.0031607 seconds, Stopping threads took: 0.0024459 seconds
2020-10-25T17:54:30.377+0100: 89014.523: Total time for which application threads were stopped: 0.0051720 seconds, Stopping threads took: 0.0048490 seconds
2020-10-25T17:54:30.378+0100: 89014.524: Total time for which application threads were stopped: 0.0003661 seconds, Stopping threads took: 0.0000614 seconds
2020-10-25T17:54:30.378+0100: 89014.524: Total time for which application threads were stopped: 0.0002887 seconds, Stopping threads took: 0.0000464 seconds
2020-10-25T17:54:30.379+0100: 89014.524: Total time for which application threads were stopped: 0.0002418 seconds, Stopping threads took: 0.0000488 seconds
2020-10-25T17:54:30.379+0100: 89014.525: Total time for which application threads were stopped: 0.0003111 seconds, Stopping threads took: 0.0000676 seconds
2020-10-25T17:54:30.379+0100: 89014.525: Total time for which application threads were stopped: 0.0003949 seconds, Stopping threads took: 0.0000498 seconds
2020-10-25T17:54:30.416+0100: 89014.562: Total time for which application threads were stopped: 0.0005096 seconds, Stopping threads took: 0.0000770 seconds
2020-10-25T17:54:30.417+0100: 89014.563: Total time for which application threads were stopped: 0.0004239 seconds, Stopping threads took: 0.0001007 seconds
2020-10-25T17:54:30.418+0100: 89014.564: Total time for which application threads were stopped: 0.0003217 seconds, Stopping threads took: 0.0000780 seconds
2020-10-25T17:54:30.439+0100: 89014.585: Total time for which application threads were stopped: 0.0019700 seconds, Stopping threads took: 0.0010381 seconds
2020-10-25T17:54:30.444+0100: 89014.590: Total time for which application threads were stopped: 0.0029734 seconds, Stopping threads took: 0.0026746 seconds
2020-10-25T17:54:30.450+0100: 89014.596: Total time for which application threads were stopped: 0.0007935 seconds, Stopping threads took: 0.0005072 seconds
2020-10-25T17:54:30.453+0100: 89014.599: Total time for which application threads were stopped: 0.0003054 seconds, Stopping threads took: 0.0000615 seconds
2020-10-25T17:54:30.455+0100: 89014.601: Total time for which application threads were stopped: 0.0004009 seconds, Stopping threads took: 0.0001203 seconds
2020-10-25T17:54:30.544+0100: 89014.690: Total time for which application threads were stopped: 0.0002557 seconds, Stopping threads took: 0.0000461 seconds
2020-10-25T17:54:30.544+0100: 89014.690: Total time for which application threads were stopped: 0.0001257 seconds, Stopping threads took: 0.0000277 seconds
2020-10-25T17:54:30.544+0100: 89014.690: Total time for which application threads were stopped: 0.0001200 seconds, Stopping threads took: 0.0000256 seconds
2020-10-25T17:54:30.544+0100: 89014.690: Total time for which application threads were stopped: 0.0001144 seconds, Stopping threads took: 0.0000248 seconds
2020-10-25T17:54:30.545+0100: 89014.690: Total time for which application threads were stopped: 0.0001170 seconds, Stopping threads took: 0.0000250 seconds
2020-10-25T17:54:30.545+0100: 89014.691: Total time for which application threads were stopped: 0.0001137 seconds, Stopping threads took: 0.0000249 seconds
2020-10-25T17:54:30.553+0100: 89014.699: Total time for which application threads were stopped: 0.0003449 seconds, Stopping threads took: 0.0000840 seconds
2020-10-25T17:54:30.554+0100: 89014.700: Total time for which application threads were stopped: 0.0002921 seconds, Stopping threads took: 0.0001015 seconds
2020-10-25T17:54:30.554+0100: 89014.700: Total time for which application threads were stopped: 0.0002939 seconds, Stopping threads took: 0.0000374 seconds
2020-10-25T17:55:20.842+0100: 89064.988: Total time for which application threads were stopped: 0.0007387 seconds, Stopping threads took: 0.0001745 seconds
2020-10-25T17:55:20.844+0100: 89064.990: Total time for which application threads were stopped: 0.0004770 seconds, Stopping threads took: 0.0001155 seconds
2020-10-25T17:55:29.960+0100: 89074.106: Total time for which application threads were stopped: 0.0005377 seconds, Stopping threads took: 0.0000993 seconds
2020-10-25T17:56:45.625+0100: 89149.774: Total time for which application threads were stopped: 0.0003279 seconds, Stopping threads took: 0.0000617 seconds
2020-10-25T17:56:46.367+0100: 89150.513: Total time for which application threads were stopped: 0.0009993 seconds, Stopping threads took: 0.0005935 seconds
{Heap before GC invocations=83 (full 0):
 garbage-first heap   total 524288K, used 373239K [0x00000000e0000000, 0x00000000e0101000, 0x0000000100000000)
  region size 1024K, 307 young (314368K), 10 survivors (10240K)
 Metaspace       used 57850K, capacity 60400K, committed 60880K, reserved 1103872K
  class space    used 6803K, capacity 7327K, committed 7424K, reserved 1048576K
2020-10-25T17:56:46.605+0100: 89150.751: [GC pause (G1 Evacuation Pause) (young)
Desired survivor size 20447232 bytes, new threshold 15 (max 15)
- age   1:    2722528 bytes,    2722528 total
- age   2:    4552032 bytes,    7274560 total
- age   3:    1159456 bytes,    8434016 total
- age   4:      28504 bytes,    8462520 total
- age   5:      76928 bytes,    8539448 total
- age   6:      87648 bytes,    8627096 total
- age   7:      69704 bytes,    8696800 total
- age   8:      46992 bytes,    8743792 total
- age   9:      69704 bytes,    8813496 total
- age  10:      68112 bytes,    8881608 total
- age  11:      28728 bytes,    8910336 total
- age  12:     108048 bytes,    9018384 total
- age  13:      83224 bytes,    9101608 total
- age  14:     139920 bytes,    9241528 total
- age  15:     158248 bytes,    9399776 total
, 0.0208916 secs]
   [Parallel Time: 13.9 ms, GC Workers: 4]
      [GC Worker Start (ms): Min: 89150751.3, Avg: 89150751.3, Max: 89150751.3, Diff: 0.0]
      [Ext Root Scanning (ms): Min: 0.9, Avg: 1.3, Max: 2.3, Diff: 1.4, Sum: 5.4]
      [Update RS (ms): Min: 0.0, Avg: 0.6, Max: 1.1, Diff: 1.1, Sum: 2.6]
         [Processed Buffers: Min: 0, Avg: 7.0, Max: 24, Diff: 24, Sum: 28]
      [Scan RS (ms): Min: 0.0, Avg: 0.1, Max: 0.1, Diff: 0.1, Sum: 0.2]
      [Code Root Scanning (ms): Min: 0.0, Avg: 0.1, Max: 0.2, Diff: 0.2, Sum: 0.2]
      [Object Copy (ms): Min: 11.6, Avg: 11.7, Max: 11.9, Diff: 0.4, Sum: 47.0]
      [Termination (ms): Min: 0.0, Avg: 0.0, Max: 0.0, Diff: 0.0, Sum: 0.0]
         [Termination Attempts: Min: 1, Avg: 1.0, Max: 1, Diff: 0, Sum: 4]
      [GC Worker Other (ms): Min: 0.0, Avg: 0.0, Max: 0.0, Diff: 0.0, Sum: 0.1]
      [GC Worker Total (ms): Min: 13.9, Avg: 13.9, Max: 13.9, Diff: 0.0, Sum: 55.5]
      [GC Worker End (ms): Min: 89150765.2, Avg: 89150765.2, Max: 89150765.2, Diff: 0.0]
   [Code Root Fixup: 0.0 ms]
   [Code Root Purge: 0.0 ms]
   [Clear CT: 0.2 ms]
   [Other: 6.8 ms]
      [Choose CSet: 0.0 ms]
      [Ref Proc: 6.0 ms]
      [Ref Enq: 0.1 ms]
      [Redirty Cards: 0.1 ms]
      [Humongous Register: 0.0 ms]
      [Humongous Reclaim: 0.0 ms]
      [Free CSet: 0.3 ms]
   [Eden: 297.0M(297.0M)->0.0B(291.0M) Survivors: 10.0M->16.0M Heap: 364.5M(512.0M)->73.8M(512.0M)]
Heap after GC invocations=84 (full 0):
 garbage-first heap   total 524288K, used 75560K [0x00000000e0000000, 0x00000000e0101000, 0x0000000100000000)
  region size 1024K, 16 young (16384K), 16 survivors (16384K)
 Metaspace       used 57850K, capacity 60400K, committed 60880K, reserved 1103872K
  class space    used 6803K, capacity 7327K, committed 7424K, reserved 1048576K
}
 [Times: user=0.06 sys=0.00, real=0.02 secs] 
2020-10-25T17:56:46.627+0100: 89150.773: Total time for which application threads were stopped: 0.0218785 seconds, Stopping threads took: 0.0000996 seconds
2020-10-25T17:56:46.747+0100: 89150.893: Total time for which application threads were stopped: 0.0035493 seconds, Stopping threads took: 0.0032314 seconds
2020-10-25T17:56:47.081+0100: 89151.226: Total time for which application threads were stopped: 0.0003848 seconds, Stopping threads took: 0.0000734 seconds
2020-10-25T17:56:47.085+0100: 89151.230: Total time for which application threads were stopped: 0.0008874 seconds, Stopping threads took: 0.0000610 seconds
2020-10-25T17:56:47.181+0100: 89151.326: Total time for which application threads were stopped: 0.0037608 seconds, Stopping threads took: 0.0033918 seconds
2020-10-25T17:56:47.182+0100: 89151.327: Total time for which application threads were stopped: 0.0006961 seconds, Stopping threads took: 0.0002159 seconds
2020-10-25T17:56:47.189+0100: 89151.334: Total time for which application threads were stopped: 0.0059411 seconds, Stopping threads took: 0.0054611 seconds
2020-10-25T17:56:47.297+0100: 89151.442: Total time for which application threads were stopped: 0.0032805 seconds, Stopping threads took: 0.0021236 seconds
2020-10-25T17:56:47.302+0100: 89151.447: Total time for which application threads were stopped: 0.0003758 seconds, Stopping threads took: 0.0000758 seconds
2020-10-25T17:56:47.336+0100: 89151.482: Total time for which application threads were stopped: 0.0023925 seconds, Stopping threads took: 0.0020457 seconds
2020-10-25T17:56:47.337+0100: 89151.482: Total time for which application threads were stopped: 0.0004764 seconds, Stopping threads took: 0.0001389 seconds
2020-10-25T17:56:47.337+0100: 89151.483: Total time for which application threads were stopped: 0.0004446 seconds, Stopping threads took: 0.0001978 seconds
2020-10-25T17:56:47.338+0100: 89151.484: Total time for which application threads were stopped: 0.0003969 seconds, Stopping threads took: 0.0000958 seconds
2020-10-25T17:56:47.339+0100: 89151.484: Total time for which application threads were stopped: 0.0003956 seconds, Stopping threads took: 0.0000728 seconds
2020-10-25T17:56:47.339+0100: 89151.485: Total time for which application threads were stopped: 0.0004360 seconds, Stopping threads took: 0.0001184 seconds
2020-10-25T17:56:47.347+0100: 89151.493: Total time for which application threads were stopped: 0.0004058 seconds, Stopping threads took: 0.0001047 seconds
2020-10-25T17:56:47.349+0100: 89151.494: Total time for which application threads were stopped: 0.0005856 seconds, Stopping threads took: 0.0001085 seconds
2020-10-25T17:56:47.351+0100: 89151.496: Total time for which application threads were stopped: 0.0004310 seconds, Stopping threads took: 0.0000910 seconds
2020-10-25T17:56:47.352+0100: 89151.497: Total time for which application threads were stopped: 0.0004430 seconds, Stopping threads took: 0.0000970 seconds
2020-10-25T17:56:47.422+0100: 89151.567: Total time for which application threads were stopped: 0.0003081 seconds, Stopping threads took: 0.0000531 seconds
2020-10-25T17:56:47.422+0100: 89151.568: Total time for which application threads were stopped: 0.0001971 seconds, Stopping threads took: 0.0000343 seconds
2020-10-25T17:56:47.423+0100: 89151.568: Total time for which application threads were stopped: 0.0001956 seconds, Stopping threads took: 0.0000335 seconds
2020-10-25T17:56:47.423+0100: 89151.568: Total time for which application threads were stopped: 0.0001748 seconds, Stopping threads took: 0.0000326 seconds
2020-10-25T17:56:47.423+0100: 89151.568: Total time for which application threads were stopped: 0.0001713 seconds, Stopping threads took: 0.0000325 seconds
2020-10-25T17:56:47.423+0100: 89151.569: Total time for which application threads were stopped: 0.0001745 seconds, Stopping threads took: 0.0000334 seconds
2020-10-25T17:56:47.431+0100: 89151.576: Total time for which application threads were stopped: 0.0004878 seconds, Stopping threads took: 0.0002080 seconds
2020-10-25T17:56:47.432+0100: 89151.578: Total time for which application threads were stopped: 0.0004284 seconds, Stopping threads took: 0.0000717 seconds
2020-10-25T17:56:47.433+0100: 89151.578: Total time for which application threads were stopped: 0.0003002 seconds, Stopping threads took: 0.0000629 seconds
2020-10-25T17:56:47.434+0100: 89151.579: Total time for which application threads were stopped: 0.0002787 seconds, Stopping threads took: 0.0000476 seconds
2020-10-25T17:56:47.434+0100: 89151.579: Total time for which application threads were stopped: 0.0003143 seconds, Stopping threads took: 0.0000546 seconds
2020-10-25T17:56:47.435+0100: 89151.580: Total time for which application threads were stopped: 0.0003180 seconds, Stopping threads took: 0.0000595 seconds
2020-10-25T17:56:47.450+0100: 89151.595: Total time for which application threads were stopped: 0.0010197 seconds, Stopping threads took: 0.0000473 seconds
2020-10-25T17:56:47.451+0100: 89151.597: Total time for which application threads were stopped: 0.0009002 seconds, Stopping threads took: 0.0000658 seconds
2020-10-25T17:57:34.146+0100: 89198.292: Total time for which application threads were stopped: 0.0004427 seconds, Stopping threads took: 0.0000847 seconds
2020-10-25T17:57:34.917+0100: 89199.063: Total time for which application threads were stopped: 0.0004920 seconds, Stopping threads took: 0.0000923 seconds
{Heap before GC invocations=84 (full 0):
 garbage-first heap   total 524288K, used 373544K [0x00000000e0000000, 0x00000000e0101000, 0x0000000100000000)
  region size 1024K, 307 young (314368K), 16 survivors (16384K)
 Metaspace       used 57857K, capacity 60400K, committed 60880K, reserved 1103872K
  class space    used 6803K, capacity 7327K, committed 7424K, reserved 1048576K
2020-10-25T17:57:34.961+0100: 89199.107: [GC pause (G1 Evacuation Pause) (young)
Desired survivor size 20447232 bytes, new threshold 15 (max 15)
- age   1:    6304144 bytes,    6304144 total
- age   2:    1370424 bytes,    7674568 total
- age   3:     532408 bytes,    8206976 total
- age   4:     112656 bytes,    8319632 total
- age   5:      28360 bytes,    8347992 total
- age   6:      76824 bytes,    8424816 total
- age   7:      87648 bytes,    8512464 total
- age   8:      69608 bytes,    8582072 total
- age   9:      46992 bytes,    8629064 total
- age  10:      69704 bytes,    8698768 total
- age  11:      68112 bytes,    8766880 total
- age  12:      28728 bytes,    8795608 total
- age  13:     108048 bytes,    8903656 total
- age  14:      83224 bytes,    8986880 total
- age  15:     139920 bytes,    9126800 total
, 0.0198115 secs]
   [Parallel Time: 12.7 ms, GC Workers: 4]
      [GC Worker Start (ms): Min: 89199107.4, Avg: 89199107.4, Max: 89199107.4, Diff: 0.0]
      [Ext Root Scanning (ms): Min: 1.0, Avg: 1.2, Max: 1.5, Diff: 0.5, Sum: 4.9]
      [Update RS (ms): Min: 0.2, Avg: 0.6, Max: 0.9, Diff: 0.7, Sum: 2.4]
         [Processed Buffers: Min: 1, Avg: 6.8, Max: 17, Diff: 16, Sum: 27]
      [Scan RS (ms): Min: 0.0, Avg: 0.1, Max: 0.1, Diff: 0.1, Sum: 0.2]
      [Code Root Scanning (ms): Min: 0.0, Avg: 0.1, Max: 0.1, Diff: 0.1, Sum: 0.2]
      [Object Copy (ms): Min: 10.3, Avg: 10.7, Max: 10.9, Diff: 0.6, Sum: 42.8]
      [Termination (ms): Min: 0.0, Avg: 0.0, Max: 0.0, Diff: 0.0, Sum: 0.0]
         [Termination Attempts: Min: 1, Avg: 1.0, Max: 1, Diff: 0, Sum: 4]
      [GC Worker Other (ms): Min: 0.0, Avg: 0.0, Max: 0.0, Diff: 0.0, Sum: 0.1]
      [GC Worker Total (ms): Min: 12.7, Avg: 12.7, Max: 12.7, Diff: 0.0, Sum: 50.7]
      [GC Worker End (ms): Min: 89199120.1, Avg: 89199120.1, Max: 89199120.1, Diff: 0.0]
   [Code Root Fixup: 0.0 ms]
   [Code Root Purge: 0.0 ms]
   [Clear CT: 0.2 ms]
   [Other: 6.9 ms]
      [Choose CSet: 0.0 ms]
      [Ref Proc: 6.1 ms]
      [Ref Enq: 0.1 ms]
      [Redirty Cards: 0.1 ms]
      [Humongous Register: 0.0 ms]
      [Humongous Reclaim: 0.0 ms]
      [Free CSet: 0.4 ms]
   [Eden: 291.0M(291.0M)->0.0B(293.0M) Survivors: 16.0M->14.0M Heap: 364.8M(512.0M)->72.5M(512.0M)]
Heap after GC invocations=85 (full 0):
 garbage-first heap   total 524288K, used 74222K [0x00000000e0000000, 0x00000000e0101000, 0x0000000100000000)
  region size 1024K, 14 young (14336K), 14 survivors (14336K)
 Metaspace       used 57857K, capacity 60400K, committed 60880K, reserved 1103872K
  class space    used 6803K, capacity 7327K, committed 7424K, reserved 1048576K
}
 [Times: user=0.13 sys=0.00, real=0.02 secs] 
2020-10-25T17:57:34.982+0100: 89199.128: Total time for which application threads were stopped: 0.0285295 seconds, Stopping threads took: 0.0079448 seconds
2020-10-25T17:57:35.076+0100: 89199.221: Total time for which application threads were stopped: 0.0007588 seconds, Stopping threads took: 0.0004670 seconds
2020-10-25T17:57:35.076+0100: 89199.222: Total time for which application threads were stopped: 0.0004271 seconds, Stopping threads took: 0.0000996 seconds
2020-10-25T17:57:35.115+0100: 89199.260: Total time for which application threads were stopped: 0.0023607 seconds, Stopping threads took: 0.0019956 seconds
2020-10-25T17:57:35.442+0100: 89199.587: Total time for which application threads were stopped: 0.0056618 seconds, Stopping threads took: 0.0053108 seconds
2020-10-25T17:57:35.446+0100: 89199.592: Total time for which application threads were stopped: 0.0003593 seconds, Stopping threads took: 0.0000710 seconds
2020-10-25T17:57:35.448+0100: 89199.594: Total time for which application threads were stopped: 0.0004302 seconds, Stopping threads took: 0.0001007 seconds
2020-10-25T17:57:35.475+0100: 89199.621: Total time for which application threads were stopped: 0.0003545 seconds, Stopping threads took: 0.0000591 seconds
2020-10-25T17:57:35.663+0100: 89199.809: Total time for which application threads were stopped: 0.0004375 seconds, Stopping threads took: 0.0000711 seconds
2020-10-25T17:57:35.668+0100: 89199.813: Total time for which application threads were stopped: 0.0004014 seconds, Stopping threads took: 0.0000814 seconds
2020-10-25T17:57:35.670+0100: 89199.816: Total time for which application threads were stopped: 0.0003180 seconds, Stopping threads took: 0.0000550 seconds
{Heap before GC invocations=85 (full 0):
 garbage-first heap   total 524288K, used 374254K [0x00000000e0000000, 0x00000000e0101000, 0x0000000100000000)
  region size 1024K, 307 young (314368K), 14 survivors (14336K)
 Metaspace       used 57862K, capacity 60400K, committed 60880K, reserved 1103872K
  class space    used 6803K, capacity 7327K, committed 7424K, reserved 1048576K
2020-10-25T17:57:35.676+0100: 89199.821: [GC pause (G1 Evacuation Pause) (young)
Desired survivor size 20447232 bytes, new threshold 15 (max 15)
- age   1:    6018352 bytes,    6018352 total
- age   2:    1177968 bytes,    7196320 total
- age   3:      34624 bytes,    7230944 total
- age   4:      80608 bytes,    7311552 total
- age   5:     112208 bytes,    7423760 total
- age   6:      28360 bytes,    7452120 total
- age   7:      76824 bytes,    7528944 total
- age   8:      87648 bytes,    7616592 total
- age   9:      69608 bytes,    7686200 total
- age  10:      46992 bytes,    7733192 total
- age  11:      69704 bytes,    7802896 total
- age  12:      68112 bytes,    7871008 total
- age  13:      28728 bytes,    7899736 total
- age  14:     108048 bytes,    8007784 total
- age  15:      83224 bytes,    8091008 total
, 0.0163552 secs]
   [Parallel Time: 14.2 ms, GC Workers: 4]
      [GC Worker Start (ms): Min: 89199821.6, Avg: 89199821.8, Max: 89199822.1, Diff: 0.5]
      [Ext Root Scanning (ms): Min: 1.0, Avg: 1.2, Max: 1.7, Diff: 0.7, Sum: 4.9]
      [Update RS (ms): Min: 0.0, Avg: 0.4, Max: 0.7, Diff: 0.7, Sum: 1.7]
         [Processed Buffers: Min: 0, Avg: 4.5, Max: 13, Diff: 13, Sum: 18]
      [Scan RS (ms): Min: 0.0, Avg: 0.1, Max: 0.1, Diff: 0.1, Sum: 0.2]
      [Code Root Scanning (ms): Min: 0.0, Avg: 0.1, Max: 0.1, Diff: 0.1, Sum: 0.2]
      [Object Copy (ms): Min: 12.0, Avg: 12.3, Max: 12.4, Diff: 0.4, Sum: 49.0]
      [Termination (ms): Min: 0.0, Avg: 0.0, Max: 0.0, Diff: 0.0, Sum: 0.0]
         [Termination Attempts: Min: 1, Avg: 1.0, Max: 1, Diff: 0, Sum: 4]
      [GC Worker Other (ms): Min: 0.0, Avg: 0.0, Max: 0.0, Diff: 0.0, Sum: 0.1]
      [GC Worker Total (ms): Min: 13.7, Avg: 14.0, Max: 14.2, Diff: 0.4, Sum: 56.2]
      [GC Worker End (ms): Min: 89199835.8, Avg: 89199835.8, Max: 89199835.8, Diff: 0.0]
   [Code Root Fixup: 0.0 ms]
   [Code Root Purge: 0.0 ms]
   [Clear CT: 0.1 ms]
   [Other: 2.0 ms]
      [Choose CSet: 0.0 ms]
      [Ref Proc: 1.3 ms]
      [Ref Enq: 0.1 ms]
      [Redirty Cards: 0.1 ms]
      [Humongous Register: 0.0 ms]
      [Humongous Reclaim: 0.0 ms]
      [Free CSet: 0.3 ms]
   [Eden: 293.0M(293.0M)->0.0B(294.0M) Survivors: 14.0M->13.0M Heap: 365.5M(512.0M)->71.1M(512.0M)]
Heap after GC invocations=86 (full 0):
 garbage-first heap   total 524288K, used 72855K [0x00000000e0000000, 0x00000000e0101000, 0x0000000100000000)
  region size 1024K, 13 young (13312K), 13 survivors (13312K)
 Metaspace       used 57862K, capacity 60400K, committed 60880K, reserved 1103872K
  class space    used 6803K, capacity 7327K, committed 7424K, reserved 1048576K
}
 [Times: user=0.06 sys=0.00, real=0.02 secs] 
2020-10-25T17:57:35.693+0100: 89199.838: Total time for which application threads were stopped: 0.0173452 seconds, Stopping threads took: 0.0000715 seconds
2020-10-25T17:57:35.786+0100: 89199.932: Total time for which application threads were stopped: 0.0011585 seconds, Stopping threads took: 0.0007122 seconds
2020-10-25T17:57:35.858+0100: 89200.003: Total time for which application threads were stopped: 0.0074142 seconds, Stopping threads took: 0.0071906 seconds
2020-10-25T17:57:35.858+0100: 89200.004: Total time for which application threads were stopped: 0.0002199 seconds, Stopping threads took: 0.0000632 seconds
2020-10-25T17:57:35.859+0100: 89200.004: Total time for which application threads were stopped: 0.0001992 seconds, Stopping threads took: 0.0000363 seconds
2020-10-25T17:57:35.859+0100: 89200.004: Total time for which application threads were stopped: 0.0001767 seconds, Stopping threads took: 0.0000334 seconds
2020-10-25T17:57:35.859+0100: 89200.005: Total time for which application threads were stopped: 0.0002976 seconds, Stopping threads took: 0.0000357 seconds
2020-10-25T17:57:35.859+0100: 89200.005: Total time for which application threads were stopped: 0.0002055 seconds, Stopping threads took: 0.0000359 seconds
2020-10-25T17:57:35.868+0100: 89200.013: Total time for which application threads were stopped: 0.0003179 seconds, Stopping threads took: 0.0000675 seconds
2020-10-25T17:57:35.869+0100: 89200.015: Total time for which application threads were stopped: 0.0003301 seconds, Stopping threads took: 0.0000875 seconds
2020-10-25T17:57:35.869+0100: 89200.015: Total time for which application threads were stopped: 0.0002791 seconds, Stopping threads took: 0.0000682 seconds
2020-10-25T17:58:31.304+0100: 89255.449: Total time for which application threads were stopped: 0.0005893 seconds, Stopping threads took: 0.0001338 seconds
2020-10-25T17:59:30.868+0100: 89315.014: Total time for which application threads were stopped: 0.0004315 seconds, Stopping threads took: 0.0001038 seconds
2020-10-25T18:00:20.892+0100: 89365.038: Total time for which application threads were stopped: 0.0005746 seconds, Stopping threads took: 0.0001372 seconds
2020-10-25T18:00:20.894+0100: 89365.040: Total time for which application threads were stopped: 0.0006412 seconds, Stopping threads took: 0.0001119 seconds
2020-10-25T18:00:30.711+0100: 89374.856: Total time for which application threads were stopped: 0.0002859 seconds, Stopping threads took: 0.0000482 seconds
2020-10-25T18:01:31.177+0100: 89435.322: Total time for which application threads were stopped: 0.0005256 seconds, Stopping threads took: 0.0001002 seconds
2020-10-25T18:04:30.932+0100: 89615.077: Total time for which application threads were stopped: 0.0011498 seconds, Stopping threads took: 0.0003192 seconds
2020-10-25T18:04:30.934+0100: 89615.080: Total time for which application threads were stopped: 0.0005615 seconds, Stopping threads took: 0.0000984 seconds
2020-10-25T18:04:31.292+0100: 89615.438: Total time for which application threads were stopped: 0.0006382 seconds, Stopping threads took: 0.0002326 seconds
2020-10-25T18:09:30.982+0100: 89915.127: Total time for which application threads were stopped: 0.0011825 seconds, Stopping threads took: 0.0002305 seconds
2020-10-25T18:09:30.983+0100: 89915.129: Total time for which application threads were stopped: 0.0007084 seconds, Stopping threads took: 0.0001922 seconds
2020-10-25T18:09:32.250+0100: 89916.395: Total time for which application threads were stopped: 0.0003962 seconds, Stopping threads took: 0.0000706 seconds
2020-10-25T18:13:24.259+0100: 90148.414: Total time for which application threads were stopped: 0.0005199 seconds, Stopping threads took: 0.0000972 seconds
2020-10-25T18:13:25.394+0100: 90149.549: Total time for which application threads were stopped: 0.0648097 seconds, Stopping threads took: 0.0639638 seconds
2020-10-25T18:13:25.395+0100: 90149.550: Total time for which application threads were stopped: 0.0007949 seconds, Stopping threads took: 0.0000790 seconds
2020-10-25T18:13:25.405+0100: 90149.560: Total time for which application threads were stopped: 1.3271450 seconds, Stopping threads took: 0.0090916 seconds
2020-10-25T18:13:26.724+0100: 90150.879: Total time for which application threads were stopped: 0.0003850 seconds, Stopping threads took: 0.0000982 seconds
2020-10-25T18:13:26.725+0100: 90150.880: Total time for which application threads were stopped: 0.0006663 seconds, Stopping threads took: 0.0000825 seconds
2020-10-25T18:13:26.726+0100: 90150.881: Total time for which application threads were stopped: 0.0010947 seconds, Stopping threads took: 0.0007864 seconds
2020-10-25T18:13:26.728+0100: 90150.883: Total time for which application threads were stopped: 0.0004641 seconds, Stopping threads took: 0.0002093 seconds
2020-10-25T18:13:26.732+0100: 90150.887: Total time for which application threads were stopped: 0.0003040 seconds, Stopping threads took: 0.0000478 seconds
2020-10-25T18:13:26.822+0100: 90150.976: Total time for which application threads were stopped: 0.0003065 seconds, Stopping threads took: 0.0000556 seconds
2020-10-25T18:13:27.281+0100: 90151.436: Total time for which application threads were stopped: 0.0003179 seconds, Stopping threads took: 0.0000709 seconds
2020-10-25T18:13:27.281+0100: 90151.436: Total time for which application threads were stopped: 0.0002455 seconds, Stopping threads took: 0.0000479 seconds
2020-10-25T18:13:27.282+0100: 90151.437: Total time for which application threads were stopped: 0.0003185 seconds, Stopping threads took: 0.0000624 seconds
2020-10-25T18:13:27.640+0100: 90151.794: Total time for which application threads were stopped: 0.0003641 seconds, Stopping threads took: 0.0000831 seconds
2020-10-25T18:13:28.619+0100: 90152.774: Total time for which application threads were stopped: 0.0052728 seconds, Stopping threads took: 0.0049522 seconds
2020-10-25T18:13:28.622+0100: 90152.777: Total time for which application threads were stopped: 0.0004510 seconds, Stopping threads took: 0.0000694 seconds
2020-10-25T18:13:29.636+0100: 90153.791: Total time for which application threads were stopped: 0.0004229 seconds, Stopping threads took: 0.0000866 seconds
2020-10-25T18:13:29.637+0100: 90153.792: Total time for which application threads were stopped: 0.0003830 seconds, Stopping threads took: 0.0000359 seconds
2020-10-25T18:13:30.569+0100: 90154.724: Total time for which application threads were stopped: 0.0004358 seconds, Stopping threads took: 0.0000934 seconds
2020-10-25T18:13:30.570+0100: 90154.725: Total time for which application threads were stopped: 0.0005513 seconds, Stopping threads took: 0.0001830 seconds
2020-10-25T18:13:30.908+0100: 90155.063: Total time for which application threads were stopped: 0.0003440 seconds, Stopping threads took: 0.0000532 seconds
2020-10-25T18:13:31.917+0100: 90156.071: Total time for which application threads were stopped: 0.0003565 seconds, Stopping threads took: 0.0000645 seconds
2020-10-25T18:13:31.970+0100: 90156.125: Total time for which application threads were stopped: 0.0010608 seconds, Stopping threads took: 0.0006291 seconds
2020-10-25T18:13:31.997+0100: 90156.152: Total time for which application threads were stopped: 0.0004062 seconds, Stopping threads took: 0.0000578 seconds
2020-10-25T18:13:32.032+0100: 90156.187: Total time for which application threads were stopped: 0.0004518 seconds, Stopping threads took: 0.0000574 seconds
2020-10-25T18:13:34.716+0100: 90158.871: Total time for which application threads were stopped: 0.0003513 seconds, Stopping threads took: 0.0000460 seconds
2020-10-25T18:13:34.726+0100: 90158.880: Total time for which application threads were stopped: 0.0004037 seconds, Stopping threads took: 0.0000587 seconds
2020-10-25T18:13:34.728+0100: 90158.883: Total time for which application threads were stopped: 0.0003241 seconds, Stopping threads took: 0.0000506 seconds
2020-10-25T18:13:34.728+0100: 90158.883: Total time for which application threads were stopped: 0.0003384 seconds, Stopping threads took: 0.0000476 seconds
2020-10-25T18:13:34.730+0100: 90158.885: Total time for which application threads were stopped: 0.0004558 seconds, Stopping threads took: 0.0000583 seconds
2020-10-25T18:13:34.754+0100: 90158.909: Total time for which application threads were stopped: 0.0004346 seconds, Stopping threads took: 0.0000721 seconds
2020-10-25T18:13:34.754+0100: 90158.909: Total time for which application threads were stopped: 0.0006676 seconds, Stopping threads took: 0.0000558 seconds
2020-10-25T18:13:34.757+0100: 90158.912: Total time for which application threads were stopped: 0.0011269 seconds, Stopping threads took: 0.0000573 seconds
2020-10-25T18:13:34.759+0100: 90158.914: Total time for which application threads were stopped: 0.0004579 seconds, Stopping threads took: 0.0000825 seconds
2020-10-25T18:13:34.768+0100: 90158.923: Total time for which application threads were stopped: 0.0004967 seconds, Stopping threads took: 0.0000692 seconds
2020-10-25T18:13:34.770+0100: 90158.924: Total time for which application threads were stopped: 0.0003945 seconds, Stopping threads took: 0.0000627 seconds
2020-10-25T18:13:34.770+0100: 90158.925: Total time for which application threads were stopped: 0.0003484 seconds, Stopping threads took: 0.0000476 seconds
2020-10-25T18:13:34.772+0100: 90158.927: Total time for which application threads were stopped: 0.0005345 seconds, Stopping threads took: 0.0000986 seconds
2020-10-25T18:13:34.773+0100: 90158.927: Total time for which application threads were stopped: 0.0003619 seconds, Stopping threads took: 0.0000687 seconds
2020-10-25T18:13:34.775+0100: 90158.930: Total time for which application threads were stopped: 0.0010151 seconds, Stopping threads took: 0.0005711 seconds
2020-10-25T18:13:34.789+0100: 90158.944: Total time for which application threads were stopped: 0.0026009 seconds, Stopping threads took: 0.0022344 seconds
2020-10-25T18:13:34.798+0100: 90158.953: Total time for which application threads were stopped: 0.0036181 seconds, Stopping threads took: 0.0030035 seconds
2020-10-25T18:13:34.799+0100: 90158.953: Total time for which application threads were stopped: 0.0005181 seconds, Stopping threads took: 0.0000974 seconds
2020-10-25T18:13:34.800+0100: 90158.955: Total time for which application threads were stopped: 0.0005017 seconds, Stopping threads took: 0.0000781 seconds
2020-10-25T18:13:34.800+0100: 90158.955: Total time for which application threads were stopped: 0.0004449 seconds, Stopping threads took: 0.0000853 seconds
2020-10-25T18:13:34.812+0100: 90158.966: Total time for which application threads were stopped: 0.0006523 seconds, Stopping threads took: 0.0000946 seconds
2020-10-25T18:13:34.812+0100: 90158.967: Total time for which application threads were stopped: 0.0004961 seconds, Stopping threads took: 0.0000555 seconds
2020-10-25T18:13:34.813+0100: 90158.968: Total time for which application threads were stopped: 0.0004802 seconds, Stopping threads took: 0.0000470 seconds
2020-10-25T18:13:34.813+0100: 90158.968: Total time for which application threads were stopped: 0.0004805 seconds, Stopping threads took: 0.0000461 seconds
2020-10-25T18:13:34.842+0100: 90158.996: Total time for which application threads were stopped: 0.0004365 seconds, Stopping threads took: 0.0000929 seconds
2020-10-25T18:14:05.537+0100: 90189.692: Total time for which application threads were stopped: 0.0002823 seconds, Stopping threads took: 0.0000565 seconds
2020-10-25T18:14:26.911+0100: 90211.066: Total time for which application threads were stopped: 0.0002790 seconds, Stopping threads took: 0.0000480 seconds
2020-10-25T18:14:54.483+0100: 90238.639: Total time for which application threads were stopped: 0.0003980 seconds, Stopping threads took: 0.0000581 seconds
2020-10-25T18:15:34.890+0100: 90279.044: Total time for which application threads were stopped: 0.0003690 seconds, Stopping threads took: 0.0000881 seconds
2020-10-25T18:17:25.575+0100: 90389.730: Total time for which application threads were stopped: 0.0010872 seconds, Stopping threads took: 0.0001675 seconds
2020-10-25T18:17:27.430+0100: 90391.585: Total time for which application threads were stopped: 0.0002819 seconds, Stopping threads took: 0.0000480 seconds
2020-10-25T18:21:28.577+0100: 90632.733: Total time for which application threads were stopped: 0.0011442 seconds, Stopping threads took: 0.0003666 seconds
2020-10-25T18:22:25.629+0100: 90689.784: Total time for which application threads were stopped: 0.0005789 seconds, Stopping threads took: 0.0001185 seconds
2020-10-25T18:22:25.632+0100: 90689.787: Total time for which application threads were stopped: 0.0024762 seconds, Stopping threads took: 0.0001611 seconds
2020-10-25T18:22:28.268+0100: 90692.424: Total time for which application threads were stopped: 0.0003984 seconds, Stopping threads took: 0.0000708 seconds
2020-10-25T18:25:30.882+0100: 90875.037: Total time for which application threads were stopped: 0.0004537 seconds, Stopping threads took: 0.0001150 seconds
2020-10-25T18:26:26.334+0100: 90930.489: Total time for which application threads were stopped: 0.0003451 seconds, Stopping threads took: 0.0000793 seconds
2020-10-25T18:26:27.170+0100: 90931.325: Total time for which application threads were stopped: 0.0082425 seconds, Stopping threads took: 0.0079175 seconds
2020-10-25T18:26:27.339+0100: 90931.494: Total time for which application threads were stopped: 0.0004785 seconds, Stopping threads took: 0.0001595 seconds
{Heap before GC invocations=86 (full 0):
 garbage-first heap   total 524288K, used 373911K [0x00000000e0000000, 0x00000000e0101000, 0x0000000100000000)
  region size 1024K, 307 young (314368K), 13 survivors (13312K)
 Metaspace       used 57884K, capacity 60464K, committed 60880K, reserved 1103872K
  class space    used 6803K, capacity 7327K, committed 7424K, reserved 1048576K
2020-10-25T18:26:27.464+0100: 90931.619: [GC pause (G1 Evacuation Pause) (young)
Desired survivor size 20447232 bytes, new threshold 15 (max 15)
- age   1:    3277544 bytes,    3277544 total
- age   2:    4726608 bytes,    8004152 total
- age   3:    1175400 bytes,    9179552 total
- age   4:      34464 bytes,    9214016 total
- age   5:      80568 bytes,    9294584 total
- age   6:     112208 bytes,    9406792 total
- age   7:      28360 bytes,    9435152 total
- age   8:      76824 bytes,    9511976 total
- age   9:      87648 bytes,    9599624 total
- age  10:      69608 bytes,    9669232 total
- age  11:      46992 bytes,    9716224 total
- age  12:      69704 bytes,    9785928 total
- age  13:      68112 bytes,    9854040 total
- age  14:      28728 bytes,    9882768 total
- age  15:     108048 bytes,    9990816 total
, 0.0222346 secs]
   [Parallel Time: 15.1 ms, GC Workers: 4]
      [GC Worker Start (ms): Min: 90931619.6, Avg: 90931619.7, Max: 90931619.8, Diff: 0.1]
      [Ext Root Scanning (ms): Min: 1.0, Avg: 1.3, Max: 1.6, Diff: 0.5, Sum: 5.1]
      [Update RS (ms): Min: 0.8, Avg: 1.2, Max: 1.6, Diff: 0.8, Sum: 5.0]
         [Processed Buffers: Min: 4, Avg: 12.3, Max: 22, Diff: 18, Sum: 49]
      [Scan RS (ms): Min: 0.0, Avg: 0.1, Max: 0.1, Diff: 0.1, Sum: 0.2]
      [Code Root Scanning (ms): Min: 0.0, Avg: 0.1, Max: 0.1, Diff: 0.1, Sum: 0.2]
      [Object Copy (ms): Min: 12.2, Avg: 12.3, Max: 12.4, Diff: 0.2, Sum: 49.2]
      [Termination (ms): Min: 0.0, Avg: 0.0, Max: 0.0, Diff: 0.0, Sum: 0.0]
         [Termination Attempts: Min: 1, Avg: 1.0, Max: 1, Diff: 0, Sum: 4]
      [GC Worker Other (ms): Min: 0.0, Avg: 0.0, Max: 0.0, Diff: 0.0, Sum: 0.1]
      [GC Worker Total (ms): Min: 14.9, Avg: 15.0, Max: 15.0, Diff: 0.1, Sum: 59.8]
      [GC Worker End (ms): Min: 90931634.6, Avg: 90931634.6, Max: 90931634.7, Diff: 0.0]
   [Code Root Fixup: 0.0 ms]
   [Code Root Purge: 0.0 ms]
   [Clear CT: 0.1 ms]
   [Other: 7.0 ms]
      [Choose CSet: 0.0 ms]
      [Ref Proc: 6.2 ms]
      [Ref Enq: 0.1 ms]
      [Redirty Cards: 0.1 ms]
      [Humongous Register: 0.1 ms]
      [Humongous Reclaim: 0.0 ms]
      [Free CSet: 0.3 ms]
   [Eden: 294.0M(294.0M)->0.0B(291.0M) Survivors: 13.0M->16.0M Heap: 365.1M(512.0M)->74.3M(512.0M)]
Heap after GC invocations=87 (full 0):
 garbage-first heap   total 524288K, used 76056K [0x00000000e0000000, 0x00000000e0101000, 0x0000000100000000)
  region size 1024K, 16 young (16384K), 16 survivors (16384K)
 Metaspace       used 57884K, capacity 60464K, committed 60880K, reserved 1103872K
  class space    used 6803K, capacity 7327K, committed 7424K, reserved 1048576K
}
 [Times: user=0.06 sys=0.00, real=0.02 secs] 
2020-10-25T18:26:27.487+0100: 90931.642: Total time for which application threads were stopped: 0.0231844 seconds, Stopping threads took: 0.0000750 seconds
2020-10-25T18:26:27.506+0100: 90931.661: Total time for which application threads were stopped: 0.0015799 seconds, Stopping threads took: 0.0006574 seconds
2020-10-25T18:26:27.625+0100: 90931.780: Total time for which application threads were stopped: 0.0006767 seconds, Stopping threads took: 0.0003286 seconds
2020-10-25T18:26:27.728+0100: 90931.883: Total time for which application threads were stopped: 0.0003748 seconds, Stopping threads took: 0.0000890 seconds
2020-10-25T18:26:27.730+0100: 90931.885: Total time for which application threads were stopped: 0.0003501 seconds, Stopping threads took: 0.0000858 seconds
2020-10-25T18:26:27.743+0100: 90931.898: Total time for which application threads were stopped: 0.0031495 seconds, Stopping threads took: 0.0026440 seconds
2020-10-25T18:26:27.922+0100: 90932.077: Total time for which application threads were stopped: 0.0038038 seconds, Stopping threads took: 0.0034395 seconds
2020-10-25T18:26:27.923+0100: 90932.077: Total time for which application threads were stopped: 0.0002912 seconds, Stopping threads took: 0.0000464 seconds
2020-10-25T18:26:27.923+0100: 90932.078: Total time for which application threads were stopped: 0.0002461 seconds, Stopping threads took: 0.0000424 seconds
2020-10-25T18:26:27.923+0100: 90932.078: Total time for which application threads were stopped: 0.0002587 seconds, Stopping threads took: 0.0000623 seconds
2020-10-25T18:26:27.924+0100: 90932.078: Total time for which application threads were stopped: 0.0002875 seconds, Stopping threads took: 0.0000589 seconds
2020-10-25T18:26:27.934+0100: 90932.089: Total time for which application threads were stopped: 0.0004702 seconds, Stopping threads took: 0.0001267 seconds
2020-10-25T18:26:27.936+0100: 90932.091: Total time for which application threads were stopped: 0.0003736 seconds, Stopping threads took: 0.0000616 seconds
2020-10-25T18:26:27.937+0100: 90932.091: Total time for which application threads were stopped: 0.0003762 seconds, Stopping threads took: 0.0000614 seconds
2020-10-25T18:26:28.021+0100: 90932.176: Total time for which application threads were stopped: 0.0057971 seconds, Stopping threads took: 0.0054485 seconds
2020-10-25T18:26:28.036+0100: 90932.191: Total time for which application threads were stopped: 0.0004119 seconds, Stopping threads took: 0.0000693 seconds
2020-10-25T18:26:28.040+0100: 90932.195: Total time for which application threads were stopped: 0.0004050 seconds, Stopping threads took: 0.0000700 seconds
2020-10-25T18:26:28.044+0100: 90932.198: Total time for which application threads were stopped: 0.0003788 seconds, Stopping threads took: 0.0000582 seconds
2020-10-25T18:26:28.130+0100: 90932.285: Total time for which application threads were stopped: 0.0005972 seconds, Stopping threads took: 0.0002369 seconds
2020-10-25T18:26:28.179+0100: 90932.334: Total time for which application threads were stopped: 0.0003162 seconds, Stopping threads took: 0.0000595 seconds
2020-10-25T18:26:28.179+0100: 90932.334: Total time for which application threads were stopped: 0.0002531 seconds, Stopping threads took: 0.0000479 seconds
2020-10-25T18:26:28.180+0100: 90932.334: Total time for which application threads were stopped: 0.0002372 seconds, Stopping threads took: 0.0000472 seconds
2020-10-25T18:26:28.180+0100: 90932.335: Total time for which application threads were stopped: 0.0002327 seconds, Stopping threads took: 0.0000415 seconds
2020-10-25T18:26:28.180+0100: 90932.335: Total time for which application threads were stopped: 0.0002693 seconds, Stopping threads took: 0.0000409 seconds
2020-10-25T18:26:28.188+0100: 90932.343: Total time for which application threads were stopped: 0.0003608 seconds, Stopping threads took: 0.0000674 seconds
2020-10-25T18:26:28.189+0100: 90932.344: Total time for which application threads were stopped: 0.0003335 seconds, Stopping threads took: 0.0000599 seconds
2020-10-25T18:26:28.190+0100: 90932.344: