Java HotSpot(TM) 64-Bit Server VM (25.221-b11) for windows-amd64 JRE (1.8.0_221-b11), built on Jul  4 2019 04:39:29 by "java_re" with MS VC++ 10.0 (VS2010)
Memory: 4k page, physical 12502420k(6093932k free), swap 14402964k(5530440k free)
CommandLine flags: -XX:+AlwaysPreTouch -XX:+ExplicitGCInvokesConcurrent -XX:GCLogFileSize=20971520 -XX:InitialHeapSize=536870912 -XX:MaxGCPauseMillis=250 -XX:MaxHeapSize=536870912 -XX:NumberOfGCLogFiles=9 -XX:-OmitStackTraceInFastThrow -XX:+ParallelRefProcEnabled -XX:+PerfDisableSharedMem -XX:+PrintGC -XX:+PrintGCApplicationStoppedTime -XX:+PrintGCDateStamps -XX:+PrintGCDetails -XX:+PrintGCTimeStamps -XX:+PrintHeapAtGC -XX:+PrintTenuringDistribution -XX:ThreadStackSize=256 -XX:+UseCompressedClassPointers -XX:+UseCompressedOops -XX:+UseG1GC -XX:+UseGCLogFileRotation -XX:-UseLargePages -XX:-UseLargePagesIndividualAllocation 
2020-10-25T11:42:40.047+0100: 0.778: Total time for which application threads were stopped: 0.0002059 seconds, Stopping threads took: 0.0000486 seconds
2020-10-25T11:42:40.389+0100: 1.120: Total time for which application threads were stopped: 0.0002293 seconds, Stopping threads took: 0.0000579 seconds
2020-10-25T11:42:41.339+0100: 2.064: Total time for which application threads were stopped: 0.0002263 seconds, Stopping threads took: 0.0000489 seconds
2020-10-25T11:42:41.653+0100: 2.378: Total time for which application threads were stopped: 0.0002212 seconds, Stopping threads took: 0.0000504 seconds
{Heap before GC invocations=0 (full 0):
 garbage-first heap   total 524288K, used 25600K [0x00000000e0000000, 0x00000000e0101000, 0x0000000100000000)
  region size 1024K, 25 young (25600K), 0 survivors (0K)
 Metaspace       used 9157K, capacity 9538K, committed 9728K, reserved 1058816K
  class space    used 1130K, capacity 1231K, committed 1280K, reserved 1048576K
2020-10-25T11:42:41.952+0100: 2.685: [GC pause (G1 Evacuation Pause) (young)
Desired survivor size 2097152 bytes, new threshold 15 (max 15)
, 0.0060689 secs]
   [Parallel Time: 4.3 ms, GC Workers: 4]
      [GC Worker Start (ms): Min: 2685.4, Avg: 2685.4, Max: 2685.4, Diff: 0.0]
      [Ext Root Scanning (ms): Min: 0.3, Avg: 0.7, Max: 1.1, Diff: 0.8, Sum: 2.8]
      [Update RS (ms): Min: 0.0, Avg: 0.0, Max: 0.0, Diff: 0.0, Sum: 0.0]
         [Processed Buffers: Min: 0, Avg: 0.0, Max: 0, Diff: 0, Sum: 0]
      [Scan RS (ms): Min: 0.0, Avg: 0.0, Max: 0.0, Diff: 0.0, Sum: 0.0]
      [Code Root Scanning (ms): Min: 0.0, Avg: 0.2, Max: 0.6, Diff: 0.6, Sum: 0.7]
      [Object Copy (ms): Min: 3.1, Avg: 3.3, Max: 3.7, Diff: 0.6, Sum: 13.2]
      [Termination (ms): Min: 0.0, Avg: 0.0, Max: 0.0, Diff: 0.0, Sum: 0.0]
         [Termination Attempts: Min: 1, Avg: 5.8, Max: 13, Diff: 12, Sum: 23]
      [GC Worker Other (ms): Min: 0.0, Avg: 0.0, Max: 0.0, Diff: 0.0, Sum: 0.2]
      [GC Worker Total (ms): Min: 4.2, Avg: 4.3, Max: 4.3, Diff: 0.0, Sum: 17.0]
      [GC Worker End (ms): Min: 2689.6, Avg: 2689.6, Max: 2689.6, Diff: 0.0]
   [Code Root Fixup: 0.0 ms]
   [Code Root Purge: 0.0 ms]
   [Clear CT: 0.1 ms]
   [Other: 1.7 ms]
      [Choose CSet: 0.0 ms]
      [Ref Proc: 1.3 ms]
      [Ref Enq: 0.1 ms]
      [Redirty Cards: 0.0 ms]
      [Humongous Register: 0.0 ms]
      [Humongous Reclaim: 0.0 ms]
      [Free CSet: 0.1 ms]
   [Eden: 25.0M(25.0M)->0.0B(31.0M) Survivors: 0.0B->4096.0K Heap: 25.0M(512.0M)->4674.0K(512.0M)]
Heap after GC invocations=1 (full 0):
 garbage-first heap   total 524288K, used 4674K [0x00000000e0000000, 0x00000000e0101000, 0x0000000100000000)
  region size 1024K, 4 young (4096K), 4 survivors (4096K)
 Metaspace       used 9157K, capacity 9538K, committed 9728K, reserved 1058816K
  class space    used 1130K, capacity 1231K, committed 1280K, reserved 1048576K
}
 [Times: user=0.00 sys=0.00, real=0.01 secs] 
2020-10-25T11:42:41.962+0100: 2.692: Total time for which application threads were stopped: 0.0067325 seconds, Stopping threads took: 0.0000364 seconds
2020-10-25T11:42:42.222+0100: 2.946: Total time for which application threads were stopped: 0.0003811 seconds, Stopping threads took: 0.0000432 seconds
2020-10-25T11:42:42.602+0100: 3.330: Total time for which application threads were stopped: 0.0003742 seconds, Stopping threads took: 0.0000478 seconds
{Heap before GC invocations=1 (full 0):
 garbage-first heap   total 524288K, used 35394K [0x00000000e0000000, 0x00000000e0101000, 0x0000000100000000)
  region size 1024K, 32 young (32768K), 4 survivors (4096K)
 Metaspace       used 14734K, capacity 15118K, committed 15360K, reserved 1062912K
  class space    used 1864K, capacity 1990K, committed 2048K, reserved 1048576K
2020-10-25T11:42:43.092+0100: 3.822: [GC pause (G1 Evacuation Pause) (young)
Desired survivor size 2097152 bytes, new threshold 1 (max 15)
- age   1:    2341864 bytes,    2341864 total
, 0.0211353 secs]
   [Parallel Time: 19.4 ms, GC Workers: 4]
      [GC Worker Start (ms): Min: 3821.6, Avg: 3821.8, Max: 3822.7, Diff: 1.1]
      [Ext Root Scanning (ms): Min: 0.0, Avg: 0.8, Max: 1.7, Diff: 1.7, Sum: 3.1]
      [Update RS (ms): Min: 1.4, Avg: 1.4, Max: 1.5, Diff: 0.1, Sum: 5.7]
         [Processed Buffers: Min: 1, Avg: 1.3, Max: 2, Diff: 1, Sum: 5]
      [Scan RS (ms): Min: 0.3, Avg: 0.7, Max: 0.9, Diff: 0.6, Sum: 2.6]
      [Code Root Scanning (ms): Min: 0.0, Avg: 0.3, Max: 0.9, Diff: 0.9, Sum: 1.1]
      [Object Copy (ms): Min: 15.6, Avg: 15.9, Max: 16.3, Diff: 0.7, Sum: 63.6]
      [Termination (ms): Min: 0.0, Avg: 0.0, Max: 0.0, Diff: 0.0, Sum: 0.0]
         [Termination Attempts: Min: 1, Avg: 7.8, Max: 15, Diff: 14, Sum: 31]
      [GC Worker Other (ms): Min: 0.0, Avg: 0.0, Max: 0.0, Diff: 0.0, Sum: 0.1]
      [GC Worker Total (ms): Min: 18.2, Avg: 19.0, Max: 19.3, Diff: 1.1, Sum: 76.2]
      [GC Worker End (ms): Min: 3840.9, Avg: 3840.9, Max: 3840.9, Diff: 0.0]
   [Code Root Fixup: 0.0 ms]
   [Code Root Purge: 0.0 ms]
   [Clear CT: 0.1 ms]
   [Other: 1.6 ms]
      [Choose CSet: 0.0 ms]
      [Ref Proc: 1.3 ms]
      [Ref Enq: 0.1 ms]
      [Redirty Cards: 0.1 ms]
      [Humongous Register: 0.0 ms]
      [Humongous Reclaim: 0.0 ms]
      [Free CSet: 0.1 ms]
   [Eden: 28.0M(27.0M)->0.0B(303.0M) Survivors: 4096.0K->4096.0K Heap: 34.6M(512.0M)->15.1M(512.0M)]
Heap after GC invocations=2 (full 0):
 garbage-first heap   total 524288K, used 15482K [0x00000000e0000000, 0x00000000e0101000, 0x0000000100000000)
  region size 1024K, 4 young (4096K), 4 survivors (4096K)
 Metaspace       used 14734K, capacity 15118K, committed 15360K, reserved 1062912K
  class space    used 1864K, capacity 1990K, committed 2048K, reserved 1048576K
}
 [Times: user=0.06 sys=0.00, real=0.02 secs] 
2020-10-25T11:42:43.112+0100: 3.843: Total time for which application threads were stopped: 0.0215851 seconds, Stopping threads took: 0.0000373 seconds
2020-10-25T11:42:43.432+0100: 4.161: Total time for which application threads were stopped: 0.0009902 seconds, Stopping threads took: 0.0004837 seconds
2020-10-25T11:42:43.452+0100: 4.177: Total time for which application threads were stopped: 0.0002961 seconds, Stopping threads took: 0.0000648 seconds
2020-10-25T11:42:43.697+0100: 4.422: Total time for which application threads were stopped: 0.0003370 seconds, Stopping threads took: 0.0000520 seconds
2020-10-25T11:42:43.787+0100: 4.511: Total time for which application threads were stopped: 0.0005055 seconds, Stopping threads took: 0.0000534 seconds
{Heap before GC invocations=2 (full 0):
 garbage-first heap   total 524288K, used 40058K [0x00000000e0000000, 0x00000000e0101000, 0x0000000100000000)
  region size 1024K, 28 young (28672K), 4 survivors (4096K)
 Metaspace       used 18374K, capacity 18814K, committed 19072K, reserved 1067008K
  class space    used 2299K, capacity 2406K, committed 2432K, reserved 1048576K
2020-10-25T11:42:44.542+0100: 5.269: [GC pause (G1 Evacuation Pause) (young)
Desired survivor size 2097152 bytes, new threshold 1 (max 15)
- age   1:    4194024 bytes,    4194024 total
, 0.0156946 secs]
   [Parallel Time: 13.5 ms, GC Workers: 4]
      [GC Worker Start (ms): Min: 5269.2, Avg: 5269.3, Max: 5269.3, Diff: 0.0]
      [Ext Root Scanning (ms): Min: 0.7, Avg: 1.0, Max: 1.3, Diff: 0.6, Sum: 4.1]
      [Update RS (ms): Min: 0.2, Avg: 0.4, Max: 0.7, Diff: 0.6, Sum: 1.8]
         [Processed Buffers: Min: 2, Avg: 2.8, Max: 4, Diff: 2, Sum: 11]
      [Scan RS (ms): Min: 1.8, Avg: 2.2, Max: 2.8, Diff: 1.0, Sum: 8.7]
      [Code Root Scanning (ms): Min: 0.0, Avg: 0.1, Max: 0.2, Diff: 0.2, Sum: 0.4]
      [Object Copy (ms): Min: 9.0, Avg: 9.6, Max: 10.1, Diff: 1.0, Sum: 38.5]
      [Termination (ms): Min: 0.0, Avg: 0.1, Max: 0.1, Diff: 0.1, Sum: 0.2]
         [Termination Attempts: Min: 1, Avg: 1.0, Max: 1, Diff: 0, Sum: 4]
      [GC Worker Other (ms): Min: 0.0, Avg: 0.0, Max: 0.0, Diff: 0.0, Sum: 0.0]
      [GC Worker Total (ms): Min: 13.4, Avg: 13.4, Max: 13.4, Diff: 0.0, Sum: 53.8]
      [GC Worker End (ms): Min: 5282.7, Avg: 5282.7, Max: 5282.7, Diff: 0.0]
   [Code Root Fixup: 0.0 ms]
   [Code Root Purge: 0.0 ms]
   [Clear CT: 0.1 ms]
   [Other: 2.1 ms]
      [Choose CSet: 0.0 ms]
      [Ref Proc: 1.7 ms]
      [Ref Enq: 0.1 ms]
      [Redirty Cards: 0.1 ms]
      [Humongous Register: 0.0 ms]
      [Humongous Reclaim: 0.0 ms]
      [Free CSet: 0.1 ms]
   [Eden: 24.0M(24.0M)->0.0B(303.0M) Survivors: 4096.0K->4096.0K Heap: 39.1M(512.0M)->22.5M(512.0M)]
Heap after GC invocations=3 (full 0):
 garbage-first heap   total 524288K, used 23040K [0x00000000e0000000, 0x00000000e0101000, 0x0000000100000000)
  region size 1024K, 4 young (4096K), 4 survivors (4096K)
 Metaspace       used 18374K, capacity 18814K, committed 19072K, reserved 1067008K
  class space    used 2299K, capacity 2406K, committed 2432K, reserved 1048576K
}
 [Times: user=0.05 sys=0.00, real=0.02 secs] 
2020-10-25T11:42:44.560+0100: 5.285: Total time for which application threads were stopped: 0.0160352 seconds, Stopping threads took: 0.0000314 seconds
2020-10-25T11:42:45.564+0100: 6.288: Total time for which application threads were stopped: 0.0001435 seconds, Stopping threads took: 0.0000524 seconds
2020-10-25T11:42:46.436+0100: 7.169: Total time for which application threads were stopped: 0.0003317 seconds, Stopping threads took: 0.0000514 seconds
2020-10-25T11:42:46.789+0100: 7.518: Total time for which application threads were stopped: 0.0004122 seconds, Stopping threads took: 0.0000505 seconds
2020-10-25T11:42:46.789+0100: 7.520: Total time for which application threads were stopped: 0.0003068 seconds, Stopping threads took: 0.0000396 seconds
2020-10-25T11:42:46.797+0100: 7.522: Total time for which application threads were stopped: 0.0002958 seconds, Stopping threads took: 0.0000378 seconds
{Heap before GC invocations=3 (full 0):
 garbage-first heap   total 524288K, used 81408K [0x00000000e0000000, 0x00000000e0101000, 0x0000000100000000)
  region size 1024K, 62 young (63488K), 4 survivors (4096K)
 Metaspace       used 20672K, capacity 21148K, committed 21296K, reserved 1069056K
  class space    used 2548K, capacity 2687K, committed 2688K, reserved 1048576K
2020-10-25T11:42:46.799+0100: 7.529: [GC pause (Metadata GC Threshold) (young) (initial-mark)
Desired survivor size 20447232 bytes, new threshold 15 (max 15)
- age   1:    1548136 bytes,    1548136 total
, 0.0074362 secs]
   [Parallel Time: 5.3 ms, GC Workers: 4]
      [GC Worker Start (ms): Min: 7529.0, Avg: 7529.1, Max: 7529.1, Diff: 0.0]
      [Ext Root Scanning (ms): Min: 1.0, Avg: 1.1, Max: 1.2, Diff: 0.2, Sum: 4.2]
      [Update RS (ms): Min: 0.7, Avg: 0.9, Max: 1.1, Diff: 0.4, Sum: 3.5]
         [Processed Buffers: Min: 1, Avg: 3.0, Max: 8, Diff: 7, Sum: 12]
      [Scan RS (ms): Min: 0.1, Avg: 0.2, Max: 0.3, Diff: 0.3, Sum: 0.9]
      [Code Root Scanning (ms): Min: 0.0, Avg: 0.1, Max: 0.3, Diff: 0.3, Sum: 0.4]
      [Object Copy (ms): Min: 2.9, Avg: 3.0, Max: 3.0, Diff: 0.1, Sum: 11.8]
      [Termination (ms): Min: 0.0, Avg: 0.0, Max: 0.0, Diff: 0.0, Sum: 0.0]
         [Termination Attempts: Min: 1, Avg: 1.0, Max: 1, Diff: 0, Sum: 4]
      [GC Worker Other (ms): Min: 0.0, Avg: 0.0, Max: 0.0, Diff: 0.0, Sum: 0.1]
      [GC Worker Total (ms): Min: 5.2, Avg: 5.2, Max: 5.2, Diff: 0.0, Sum: 20.9]
      [GC Worker End (ms): Min: 7534.3, Avg: 7534.3, Max: 7534.3, Diff: 0.0]
   [Code Root Fixup: 0.0 ms]
   [Code Root Purge: 0.0 ms]
   [Clear CT: 0.1 ms]
   [Other: 2.0 ms]
      [Choose CSet: 0.0 ms]
      [Ref Proc: 1.6 ms]
      [Ref Enq: 0.1 ms]
      [Redirty Cards: 0.1 ms]
      [Humongous Register: 0.0 ms]
      [Humongous Reclaim: 0.0 ms]
      [Free CSet: 0.1 ms]
   [Eden: 58.0M(303.0M)->0.0B(299.0M) Survivors: 4096.0K->8192.0K Heap: 80.5M(512.0M)->26.0M(512.0M)]
Heap after GC invocations=4 (full 0):
 garbage-first heap   total 524288K, used 26624K [0x00000000e0000000, 0x00000000e0101000, 0x0000000100000000)
  region size 1024K, 8 young (8192K), 8 survivors (8192K)
 Metaspace       used 20672K, capacity 21148K, committed 21296K, reserved 1069056K
  class space    used 2548K, capacity 2687K, committed 2688K, reserved 1048576K
}
 [Times: user=0.06 sys=0.00, real=0.01 secs] 
2020-10-25T11:42:46.809+0100: 2020-10-25T11:42:46.809+0100: 7.537: 7.537: [GC concurrent-root-region-scan-start]
Total time for which application threads were stopped: 0.0079054 seconds, Stopping threads took: 0.0000394 seconds
2020-10-25T11:42:46.809+0100: 7.537: Total time for which application threads were stopped: 0.0001978 seconds, Stopping threads took: 0.0000774 seconds
2020-10-25T11:42:46.809+0100: 7.537: Total time for which application threads were stopped: 0.0001162 seconds, Stopping threads took: 0.0000340 seconds
2020-10-25T11:42:46.809+0100: 7.538: Total time for which application threads were stopped: 0.0001548 seconds, Stopping threads took: 0.0000684 seconds
2020-10-25T11:42:46.809+0100: 7.538: Total time for which application threads were stopped: 0.0001835 seconds, Stopping threads took: 0.0000889 seconds
2020-10-25T11:42:46.809+0100: 7.538: Total time for which application threads were stopped: 0.0001335 seconds, Stopping threads took: 0.0000468 seconds
2020-10-25T11:42:46.809+0100: 7.538: Total time for which application threads were stopped: 0.0002137 seconds, Stopping threads took: 0.0001256 seconds
2020-10-25T11:42:46.809+0100: 7.539: Total time for which application threads were stopped: 0.0001593 seconds, Stopping threads took: 0.0000637 seconds
2020-10-25T11:42:46.809+0100: 7.539: Total time for which application threads were stopped: 0.0001456 seconds, Stopping threads took: 0.0000613 seconds
2020-10-25T11:42:46.809+0100: 7.539: Total time for which application threads were stopped: 0.0001312 seconds, Stopping threads took: 0.0000438 seconds
2020-10-25T11:42:46.809+0100: 7.540: Total time for which application threads were stopped: 0.0002235 seconds, Stopping threads took: 0.0001309 seconds
2020-10-25T11:42:46.809+0100: 7.540: Total time for which application threads were stopped: 0.0001502 seconds, Stopping threads took: 0.0000614 seconds
2020-10-25T11:42:46.809+0100: 7.540: Total time for which application threads were stopped: 0.0001879 seconds, Stopping threads took: 0.0001027 seconds
2020-10-25T11:42:46.809+0100: 7.541: Total time for which application threads were stopped: 0.0001572 seconds, Stopping threads took: 0.0000714 seconds
2020-10-25T11:42:46.817+0100: 7.541: Total time for which application threads were stopped: 0.0002185 seconds, Stopping threads took: 0.0000709 seconds
2020-10-25T11:42:46.817+0100: 7.541: Total time for which application threads were stopped: 0.0001414 seconds, Stopping threads took: 0.0000572 seconds
2020-10-25T11:42:46.817+0100: 7.541: Total time for which application threads were stopped: 0.0001299 seconds, Stopping threads took: 0.0000454 seconds
2020-10-25T11:42:46.817+0100: 7.542: Total time for which application threads were stopped: 0.0002044 seconds, Stopping threads took: 0.0001099 seconds
2020-10-25T11:42:46.817+0100: 7.542: Total time for which application threads were stopped: 0.0001371 seconds, Stopping threads took: 0.0000525 seconds
2020-10-25T11:42:46.817+0100: 7.542: Total time for which application threads were stopped: 0.0002114 seconds, Stopping threads took: 0.0001223 seconds
2020-10-25T11:42:46.817+0100: 7.542: Total time for which application threads were stopped: 0.0001487 seconds, Stopping threads took: 0.0000631 seconds
2020-10-25T11:42:46.817+0100: 7.543: Total time for which application threads were stopped: 0.0001301 seconds, Stopping threads took: 0.0000447 seconds
2020-10-25T11:42:46.817+0100: 7.543: Total time for which application threads were stopped: 0.0001903 seconds, Stopping threads took: 0.0001016 seconds
2020-10-25T11:42:46.817+0100: 7.543: Total time for which application threads were stopped: 0.0001458 seconds, Stopping threads took: 0.0000606 seconds
2020-10-25T11:42:46.817+0100: 7.543: [GC concurrent-root-region-scan-end, 0.0064033 secs]
2020-10-25T11:42:46.817+0100: 7.543: [GC concurrent-mark-start]
2020-10-25T11:42:46.817+0100: 7.543: Total time for which application threads were stopped: 0.0001283 seconds, Stopping threads took: 0.0000445 seconds
2020-10-25T11:42:46.817+0100: 7.543: Total time for which application threads were stopped: 0.0001380 seconds, Stopping threads took: 0.0000529 seconds
2020-10-25T11:42:46.817+0100: 7.544: Total time for which application threads were stopped: 0.0001244 seconds, Stopping threads took: 0.0000622 seconds
2020-10-25T11:42:46.817+0100: 7.544: Total time for which application threads were stopped: 0.0000981 seconds, Stopping threads took: 0.0000338 seconds
2020-10-25T11:42:46.817+0100: 7.544: Total time for which application threads were stopped: 0.0001755 seconds, Stopping threads took: 0.0000553 seconds
2020-10-25T11:42:46.817+0100: 7.545: Total time for which application threads were stopped: 0.0001272 seconds, Stopping threads took: 0.0000591 seconds
2020-10-25T11:42:46.817+0100: 7.545: Total time for which application threads were stopped: 0.0000996 seconds, Stopping threads took: 0.0000298 seconds
2020-10-25T11:42:46.817+0100: 7.545: Total time for which application threads were stopped: 0.0001070 seconds, Stopping threads took: 0.0000473 seconds
2020-10-25T11:42:46.817+0100: 7.545: Total time for which application threads were stopped: 0.0000994 seconds, Stopping threads took: 0.0000315 seconds
2020-10-25T11:42:46.817+0100: 7.545: Total time for which application threads were stopped: 0.0000894 seconds, Stopping threads took: 0.0000314 seconds
2020-10-25T11:42:46.817+0100: 7.546: Total time for which application threads were stopped: 0.0001222 seconds, Stopping threads took: 0.0000321 seconds
2020-10-25T11:42:46.817+0100: 7.546: Total time for which application threads were stopped: 0.0001398 seconds, Stopping threads took: 0.0000513 seconds
2020-10-25T11:42:46.840+0100: 7.566: Total time for which application threads were stopped: 0.0002926 seconds, Stopping threads took: 0.0000531 seconds
2020-10-25T11:42:46.870+0100: 7.601: [GC concurrent-mark-end, 0.0574055 secs]
2020-10-25T11:42:46.870+0100: 7.601: [GC remark 2020-10-25T11:42:46.870+0100: 7.601: [Finalize Marking, 0.0001284 secs] 2020-10-25T11:42:46.870+0100: 7.601: [GC ref-proc, 0.0013077 secs] 2020-10-25T11:42:46.878+0100: 7.602: [Unloading, 0.0039898 secs], 0.0057397 secs]
 [Times: user=0.00 sys=0.00, real=0.01 secs] 
2020-10-25T11:42:46.878+0100: 7.607: Total time for which application threads were stopped: 0.0059099 seconds, Stopping threads took: 0.0000420 seconds
2020-10-25T11:42:46.878+0100: 7.607: [GC cleanup 30M->28M(512M), 0.0005751 secs]
 [Times: user=0.00 sys=0.00, real=0.00 secs] 
2020-10-25T11:42:46.878+0100: 7.607: Total time for which application threads were stopped: 0.0007243 seconds, Stopping threads took: 0.0000448 seconds
2020-10-25T11:42:46.878+0100: 7.607: [GC concurrent-cleanup-start]
2020-10-25T11:42:46.878+0100: 7.607: [GC concurrent-cleanup-end, 0.0000146 secs]
2020-10-25T11:42:47.496+0100: 8.220: Total time for which application threads were stopped: 0.0005053 seconds, Stopping threads took: 0.0001090 seconds
2020-10-25T11:42:47.508+0100: 8.232: Total time for which application threads were stopped: 0.0004929 seconds, Stopping threads took: 0.0000551 seconds
2020-10-25T11:42:47.508+0100: 8.234: Total time for which application threads were stopped: 0.0003875 seconds, Stopping threads took: 0.0000475 seconds
2020-10-25T11:42:47.548+0100: 8.282: Total time for which application threads were stopped: 0.0003737 seconds, Stopping threads took: 0.0000430 seconds
2020-10-25T11:42:47.578+0100: 8.311: Total time for which application threads were stopped: 0.0001884 seconds, Stopping threads took: 0.0000543 seconds
2020-10-25T11:42:47.578+0100: 8.311: Total time for which application threads were stopped: 0.0001369 seconds, Stopping threads took: 0.0000354 seconds
2020-10-25T11:42:47.638+0100: 8.364: Total time for which application threads were stopped: 0.0003657 seconds, Stopping threads took: 0.0000502 seconds
2020-10-25T11:42:47.728+0100: 8.461: Total time for which application threads were stopped: 0.0002130 seconds, Stopping threads took: 0.0000763 seconds
2020-10-25T11:42:47.728+0100: 8.461: Total time for which application threads were stopped: 0.0001372 seconds, Stopping threads took: 0.0000684 seconds
2020-10-25T11:42:47.728+0100: 8.462: Total time for which application threads were stopped: 0.0001426 seconds, Stopping threads took: 0.0000720 seconds
2020-10-25T11:42:47.738+0100: 8.462: Total time for which application threads were stopped: 0.0001845 seconds, Stopping threads took: 0.0000796 seconds
2020-10-25T11:42:47.738+0100: 8.462: Total time for which application threads were stopped: 0.0001547 seconds, Stopping threads took: 0.0000440 seconds
2020-10-25T11:42:47.738+0100: 8.462: Total time for which application threads were stopped: 0.0001323 seconds, Stopping threads took: 0.0000294 seconds
2020-10-25T11:42:47.738+0100: 8.463: Total time for which application threads were stopped: 0.0001668 seconds, Stopping threads took: 0.0000613 seconds
2020-10-25T11:42:47.738+0100: 8.463: Total time for which application threads were stopped: 0.0001670 seconds, Stopping threads took: 0.0000541 seconds
2020-10-25T11:42:47.738+0100: 8.463: Total time for which application threads were stopped: 0.0001380 seconds, Stopping threads took: 0.0000311 seconds
2020-10-25T11:42:47.738+0100: 8.463: Total time for which application threads were stopped: 0.0001371 seconds, Stopping threads took: 0.0000307 seconds
2020-10-25T11:42:47.738+0100: 8.463: Total time for which application threads were stopped: 0.0001358 seconds, Stopping threads took: 0.0000306 seconds
2020-10-25T11:42:47.738+0100: 8.463: Total time for which application threads were stopped: 0.0001141 seconds, Stopping threads took: 0.0000308 seconds
2020-10-25T11:42:47.738+0100: 8.464: Total time for which application threads were stopped: 0.0000945 seconds, Stopping threads took: 0.0000250 seconds
2020-10-25T11:42:47.738+0100: 8.464: Total time for which application threads were stopped: 0.0000940 seconds, Stopping threads took: 0.0000251 seconds
2020-10-25T11:42:47.738+0100: 8.464: Total time for which application threads were stopped: 0.0000916 seconds, Stopping threads took: 0.0000249 seconds
2020-10-25T11:42:47.738+0100: 8.464: Total time for which application threads were stopped: 0.0000978 seconds, Stopping threads took: 0.0000257 seconds
2020-10-25T11:42:47.738+0100: 8.464: Total time for which application threads were stopped: 0.0000905 seconds, Stopping threads took: 0.0000249 seconds
2020-10-25T11:42:47.738+0100: 8.464: Total time for which application threads were stopped: 0.0000913 seconds, Stopping threads took: 0.0000246 seconds
2020-10-25T11:42:47.738+0100: 8.465: Total time for which application threads were stopped: 0.0000934 seconds, Stopping threads took: 0.0000257 seconds
2020-10-25T11:42:47.738+0100: 8.465: Total time for which application threads were stopped: 0.0001693 seconds, Stopping threads took: 0.0000256 seconds
2020-10-25T11:42:47.738+0100: 8.465: Total time for which application threads were stopped: 0.0001128 seconds, Stopping threads took: 0.0000296 seconds
2020-10-25T11:42:47.738+0100: 8.466: Total time for which application threads were stopped: 0.0001054 seconds, Stopping threads took: 0.0000263 seconds
2020-10-25T11:42:47.738+0100: 8.466: Total time for which application threads were stopped: 0.0000998 seconds, Stopping threads took: 0.0000260 seconds
2020-10-25T11:42:47.738+0100: 8.466: Total time for which application threads were stopped: 0.0001007 seconds, Stopping threads took: 0.0000262 seconds
2020-10-25T11:42:47.738+0100: 8.466: Total time for which application threads were stopped: 0.0000996 seconds, Stopping threads took: 0.0000259 seconds
2020-10-25T11:42:47.738+0100: 8.467: Total time for which application threads were stopped: 0.0002075 seconds, Stopping threads took: 0.0001029 seconds
2020-10-25T11:42:47.738+0100: 8.468: Total time for which application threads were stopped: 0.0001322 seconds, Stopping threads took: 0.0000414 seconds
2020-10-25T11:42:47.738+0100: 8.469: Total time for which application threads were stopped: 0.0001627 seconds, Stopping threads took: 0.0000964 seconds
2020-10-25T11:42:47.738+0100: 8.469: Total time for which application threads were stopped: 0.0001240 seconds, Stopping threads took: 0.0000818 seconds
2020-10-25T11:42:47.738+0100: 8.470: Total time for which application threads were stopped: 0.0001232 seconds, Stopping threads took: 0.0000803 seconds
2020-10-25T11:42:47.738+0100: 8.470: Total time for which application threads were stopped: 0.0001312 seconds, Stopping threads took: 0.0000898 seconds
2020-10-25T11:42:47.738+0100: 8.470: Total time for which application threads were stopped: 0.0001245 seconds, Stopping threads took: 0.0000734 seconds
2020-10-25T11:42:47.738+0100: 8.470: Total time for which application threads were stopped: 0.0001401 seconds, Stopping threads took: 0.0000926 seconds
2020-10-25T11:42:47.738+0100: 8.470: Total time for which application threads were stopped: 0.0000942 seconds, Stopping threads took: 0.0000500 seconds
2020-10-25T11:42:47.738+0100: 8.470: Total time for which application threads were stopped: 0.0001291 seconds, Stopping threads took: 0.0000880 seconds
2020-10-25T11:42:47.738+0100: 8.471: Total time for which application threads were stopped: 0.0001168 seconds, Stopping threads took: 0.0000755 seconds
2020-10-25T11:42:47.738+0100: 8.471: Total time for which application threads were stopped: 0.0000623 seconds, Stopping threads took: 0.0000259 seconds
2020-10-25T11:42:47.738+0100: 8.471: Total time for which application threads were stopped: 0.0000718 seconds, Stopping threads took: 0.0000343 seconds
2020-10-25T11:42:47.738+0100: 8.471: Total time for which application threads were stopped: 0.0000627 seconds, Stopping threads took: 0.0000251 seconds
2020-10-25T11:42:47.738+0100: 8.471: Total time for which application threads were stopped: 0.0000710 seconds, Stopping threads took: 0.0000315 seconds
2020-10-25T11:42:47.738+0100: 8.471: Total time for which application threads were stopped: 0.0000748 seconds, Stopping threads took: 0.0000314 seconds
2020-10-25T11:42:47.738+0100: 8.471: Total time for which application threads were stopped: 0.0000840 seconds, Stopping threads took: 0.0000308 seconds
2020-10-25T11:42:47.738+0100: 8.472: Total time for which application threads were stopped: 0.0000762 seconds, Stopping threads took: 0.0000308 seconds
2020-10-25T11:42:47.738+0100: 8.472: Total time for which application threads were stopped: 0.0001019 seconds, Stopping threads took: 0.0000606 seconds
2020-10-25T11:42:47.738+0100: 8.472: Total time for which application threads were stopped: 0.0000708 seconds, Stopping threads took: 0.0000315 seconds
2020-10-25T11:42:47.748+0100: 8.472: Total time for which application threads were stopped: 0.0001021 seconds, Stopping threads took: 0.0000417 seconds
2020-10-25T11:42:47.748+0100: 8.472: Total time for which application threads were stopped: 0.0002876 seconds, Stopping threads took: 0.0000557 seconds
2020-10-25T11:42:48.259+0100: 8.990: Total time for which application threads were stopped: 0.0002048 seconds, Stopping threads took: 0.0000472 seconds
2020-10-25T11:42:48.277+0100: 9.001: Total time for which application threads were stopped: 0.0003490 seconds, Stopping threads took: 0.0000399 seconds
2020-10-25T11:42:48.467+0100: 9.196: Total time for which application threads were stopped: 0.0002348 seconds, Stopping threads took: 0.0000680 seconds
2020-10-25T11:42:48.477+0100: 9.204: Total time for which application threads were stopped: 0.0001732 seconds, Stopping threads took: 0.0000510 seconds
2020-10-25T11:42:48.547+0100: 9.279: Total time for which application threads were stopped: 0.0001573 seconds, Stopping threads took: 0.0000377 seconds
2020-10-25T11:42:48.627+0100: 9.356: Total time for which application threads were stopped: 0.0001823 seconds, Stopping threads took: 0.0000555 seconds
2020-10-25T11:42:48.627+0100: 9.357: Total time for which application threads were stopped: 0.0001568 seconds, Stopping threads took: 0.0000492 seconds
2020-10-25T11:42:48.627+0100: 9.357: Total time for which application threads were stopped: 0.0001237 seconds, Stopping threads took: 0.0000384 seconds
2020-10-25T11:42:48.627+0100: 9.357: Total time for which application threads were stopped: 0.0001147 seconds, Stopping threads took: 0.0000376 seconds
2020-10-25T11:42:48.627+0100: 9.358: Total time for which application threads were stopped: 0.0001280 seconds, Stopping threads took: 0.0000396 seconds
2020-10-25T11:42:48.627+0100: 9.358: Total time for which application threads were stopped: 0.0001280 seconds, Stopping threads took: 0.0000432 seconds
2020-10-25T11:42:48.627+0100: 9.360: Total time for which application threads were stopped: 0.0001751 seconds, Stopping threads took: 0.0000527 seconds
2020-10-25T11:42:48.627+0100: 9.360: Total time for which application threads were stopped: 0.0001612 seconds, Stopping threads took: 0.0000437 seconds
2020-10-25T11:42:48.637+0100: 9.362: Total time for which application threads were stopped: 0.0001911 seconds, Stopping threads took: 0.0000616 seconds
2020-10-25T11:42:48.637+0100: 9.362: Total time for which application threads were stopped: 0.0001539 seconds, Stopping threads took: 0.0000461 seconds
2020-10-25T11:42:48.637+0100: 9.365: Total time for which application threads were stopped: 0.0001672 seconds, Stopping threads took: 0.0000515 seconds
2020-10-25T11:42:48.637+0100: 9.368: Total time for which application threads were stopped: 0.0001856 seconds, Stopping threads took: 0.0000692 seconds
2020-10-25T11:42:48.637+0100: 9.370: Total time for which application threads were stopped: 0.0001719 seconds, Stopping threads took: 0.0000589 seconds
2020-10-25T11:42:48.637+0100: 9.370: Total time for which application threads were stopped: 0.0001505 seconds, Stopping threads took: 0.0000454 seconds
2020-10-25T11:42:48.637+0100: 9.371: Total time for which application threads were stopped: 0.0001194 seconds, Stopping threads took: 0.0000369 seconds
2020-10-25T11:42:48.637+0100: 9.371: Total time for which application threads were stopped: 0.0001254 seconds, Stopping threads took: 0.0000374 seconds
2020-10-25T11:42:48.647+0100: 9.371: Total time for which application threads were stopped: 0.0001381 seconds, Stopping threads took: 0.0000452 seconds
2020-10-25T11:42:48.647+0100: 9.374: Total time for which application threads were stopped: 0.0001927 seconds, Stopping threads took: 0.0000560 seconds
2020-10-25T11:42:48.647+0100: 9.376: Total time for which application threads were stopped: 0.0001706 seconds, Stopping threads took: 0.0000611 seconds
2020-10-25T11:42:48.657+0100: 9.382: Total time for which application threads were stopped: 0.0001748 seconds, Stopping threads took: 0.0000566 seconds
2020-10-25T11:42:48.657+0100: 9.384: Total time for which application threads were stopped: 0.0001553 seconds, Stopping threads took: 0.0000465 seconds
2020-10-25T11:42:48.657+0100: 9.385: Total time for which application threads were stopped: 0.0001363 seconds, Stopping threads took: 0.0000389 seconds
2020-10-25T11:42:48.657+0100: 9.388: Total time for which application threads were stopped: 0.0001709 seconds, Stopping threads took: 0.0000524 seconds
2020-10-25T11:42:48.667+0100: 9.391: Total time for which application threads were stopped: 0.0001154 seconds, Stopping threads took: 0.0000353 seconds
2020-10-25T11:42:48.667+0100: 9.394: Total time for which application threads were stopped: 0.0002173 seconds, Stopping threads took: 0.0000351 seconds
2020-10-25T11:42:48.677+0100: 9.404: Total time for which application threads were stopped: 0.0001827 seconds, Stopping threads took: 0.0000521 seconds
2020-10-25T11:42:48.677+0100: 9.406: Total time for which application threads were stopped: 0.0001390 seconds, Stopping threads took: 0.0000510 seconds
2020-10-25T11:42:48.697+0100: 9.430: Total time for which application threads were stopped: 0.0004934 seconds, Stopping threads took: 0.0003755 seconds
2020-10-25T11:42:48.707+0100: 9.432: Total time for which application threads were stopped: 0.0023261 seconds, Stopping threads took: 0.0022253 seconds
2020-10-25T11:42:48.870+0100: 9.595: Total time for which application threads were stopped: 0.0001478 seconds, Stopping threads took: 0.0000428 seconds
2020-10-25T11:42:48.898+0100: 9.623: Total time for which application threads were stopped: 0.0001129 seconds, Stopping threads took: 0.0000339 seconds
2020-10-25T11:42:49.021+0100: 9.745: Total time for which application threads were stopped: 0.0004254 seconds, Stopping threads took: 0.0002437 seconds
2020-10-25T11:42:49.022+0100: 9.746: Total time for which application threads were stopped: 0.0001977 seconds, Stopping threads took: 0.0000744 seconds
2020-10-25T11:42:49.024+0100: 9.748: Total time for which application threads were stopped: 0.0002052 seconds, Stopping threads took: 0.0000853 seconds
2020-10-25T11:42:49.025+0100: 9.749: Total time for which application threads were stopped: 0.0001873 seconds, Stopping threads took: 0.0000717 seconds
2020-10-25T11:42:49.027+0100: 9.751: Total time for which application threads were stopped: 0.0001941 seconds, Stopping threads took: 0.0000723 seconds
2020-10-25T11:42:49.029+0100: 9.753: Total time for which application threads were stopped: 0.0001959 seconds, Stopping threads took: 0.0000726 seconds
2020-10-25T11:42:49.031+0100: 9.756: Total time for which application threads were stopped: 0.0002046 seconds, Stopping threads took: 0.0000832 seconds
2020-10-25T11:42:49.040+0100: 9.764: Total time for which application threads were stopped: 0.0002701 seconds, Stopping threads took: 0.0000879 seconds
2020-10-25T11:42:49.043+0100: 9.767: Total time for which application threads were stopped: 0.0003868 seconds, Stopping threads took: 0.0002336 seconds
2020-10-25T11:42:49.044+0100: 9.768: Total time for which application threads were stopped: 0.0001912 seconds, Stopping threads took: 0.0000723 seconds
2020-10-25T11:42:49.045+0100: 9.770: Total time for which application threads were stopped: 0.0002028 seconds, Stopping threads took: 0.0000717 seconds
2020-10-25T11:42:49.048+0100: 9.773: Total time for which application threads were stopped: 0.0002225 seconds, Stopping threads took: 0.0000908 seconds
2020-10-25T11:42:49.057+0100: 9.782: Total time for which application threads were stopped: 0.0002567 seconds, Stopping threads took: 0.0000842 seconds
2020-10-25T11:42:49.061+0100: 9.786: Total time for which application threads were stopped: 0.0007503 seconds, Stopping threads took: 0.0004650 seconds
2020-10-25T11:42:49.066+0100: 9.791: Total time for which application threads were stopped: 0.0003097 seconds, Stopping threads took: 0.0001408 seconds
2020-10-25T11:42:49.071+0100: 9.796: Total time for which application threads were stopped: 0.0003680 seconds, Stopping threads took: 0.0001411 seconds
2020-10-25T11:42:49.072+0100: 9.797: Total time for which application threads were stopped: 0.0003164 seconds, Stopping threads took: 0.0001083 seconds
2020-10-25T11:42:49.073+0100: 9.798: Total time for which application threads were stopped: 0.0004094 seconds, Stopping threads took: 0.0002018 seconds
2020-10-25T11:42:49.078+0100: 9.803: Total time for which application threads were stopped: 0.0002720 seconds, Stopping threads took: 0.0000958 seconds
2020-10-25T11:42:49.153+0100: 9.877: Total time for which application threads were stopped: 0.0003158 seconds, Stopping threads took: 0.0000972 seconds
2020-10-25T11:42:49.155+0100: 9.879: Total time for which application threads were stopped: 0.0002095 seconds, Stopping threads took: 0.0000755 seconds
2020-10-25T11:42:49.166+0100: 9.890: Total time for which application threads were stopped: 0.0003137 seconds, Stopping threads took: 0.0001180 seconds
2020-10-25T11:42:49.195+0100: 9.919: Total time for which application threads were stopped: 0.0002510 seconds, Stopping threads took: 0.0000878 seconds
2020-10-25T11:42:49.202+0100: 9.926: Total time for which application threads were stopped: 0.0002480 seconds, Stopping threads took: 0.0000884 seconds
2020-10-25T11:42:49.210+0100: 9.934: Total time for which application threads were stopped: 0.0002775 seconds, Stopping threads took: 0.0000929 seconds
2020-10-25T11:42:49.229+0100: 9.953: Total time for which application threads were stopped: 0.0002560 seconds, Stopping threads took: 0.0000909 seconds
2020-10-25T11:42:49.232+0100: 9.956: Total time for which application threads were stopped: 0.0002343 seconds, Stopping threads took: 0.0000827 seconds
2020-10-25T11:42:49.244+0100: 9.968: Total time for which application threads were stopped: 0.0002619 seconds, Stopping threads took: 0.0000914 seconds
2020-10-25T11:42:49.246+0100: 9.970: Total time for which application threads were stopped: 0.0002481 seconds, Stopping threads took: 0.0000812 seconds
2020-10-25T11:42:49.265+0100: 9.989: Total time for which application threads were stopped: 0.0002694 seconds, Stopping threads took: 0.0000974 seconds
2020-10-25T11:42:49.298+0100: 10.022: Total time for which application threads were stopped: 0.0003925 seconds, Stopping threads took: 0.0001367 seconds
2020-10-25T11:42:49.313+0100: 10.037: Total time for which application threads were stopped: 0.0005461 seconds, Stopping threads took: 0.0002310 seconds
2020-10-25T11:42:49.315+0100: 10.040: Total time for which application threads were stopped: 0.0009686 seconds, Stopping threads took: 0.0000833 seconds
2020-10-25T11:42:49.325+0100: 10.050: Total time for which application threads were stopped: 0.0002542 seconds, Stopping threads took: 0.0000913 seconds
2020-10-25T11:42:49.326+0100: 10.050: Total time for which application threads were stopped: 0.0002209 seconds, Stopping threads took: 0.0000796 seconds
2020-10-25T11:42:49.331+0100: 10.055: Total time for which application threads were stopped: 0.0004891 seconds, Stopping threads took: 0.0002069 seconds
2020-10-25T11:42:49.331+0100: 10.056: Total time for which application threads were stopped: 0.0002670 seconds, Stopping threads took: 0.0000983 seconds
2020-10-25T11:42:49.417+0100: 10.141: Total time for which application threads were stopped: 0.0005742 seconds, Stopping threads took: 0.0003809 seconds
2020-10-25T11:42:49.465+0100: 10.189: Total time for which application threads were stopped: 0.0004222 seconds, Stopping threads took: 0.0001752 seconds
2020-10-25T11:42:49.465+0100: 10.190: Total time for which application threads were stopped: 0.0002692 seconds, Stopping threads took: 0.0000926 seconds
2020-10-25T11:42:49.473+0100: 10.197: Total time for which application threads were stopped: 0.0004487 seconds, Stopping threads took: 0.0001472 seconds
2020-10-25T11:42:49.476+0100: 10.200: Total time for which application threads were stopped: 0.0004663 seconds, Stopping threads took: 0.0002104 seconds
2020-10-25T11:42:49.482+0100: 10.206: Total time for which application threads were stopped: 0.0002810 seconds, Stopping threads took: 0.0001157 seconds
2020-10-25T11:42:49.492+0100: 10.216: Total time for which application threads were stopped: 0.0003272 seconds, Stopping threads took: 0.0001510 seconds
2020-10-25T11:42:49.496+0100: 10.221: Total time for which application threads were stopped: 0.0002418 seconds, Stopping threads took: 0.0000849 seconds
2020-10-25T11:42:49.499+0100: 10.223: Total time for which application threads were stopped: 0.0002616 seconds, Stopping threads took: 0.0001112 seconds
2020-10-25T11:42:49.513+0100: 10.237: Total time for which application threads were stopped: 0.0001889 seconds, Stopping threads took: 0.0000613 seconds
2020-10-25T11:42:49.514+0100: 10.239: Total time for which application threads were stopped: 0.0001630 seconds, Stopping threads took: 0.0000563 seconds
2020-10-25T11:42:49.516+0100: 10.241: Total time for which application threads were stopped: 0.0001605 seconds, Stopping threads took: 0.0000552 seconds
2020-10-25T11:42:49.518+0100: 10.242: Total time for which application threads were stopped: 0.0001915 seconds, Stopping threads took: 0.0000806 seconds
2020-10-25T11:42:49.521+0100: 10.245: Total time for which application threads were stopped: 0.0001847 seconds, Stopping threads took: 0.0000792 seconds
2020-10-25T11:42:49.522+0100: 10.246: Total time for which application threads were stopped: 0.0001596 seconds, Stopping threads took: 0.0000526 seconds
2020-10-25T11:42:49.524+0100: 10.248: Total time for which application threads were stopped: 0.0001870 seconds, Stopping threads took: 0.0000841 seconds
2020-10-25T11:42:49.526+0100: 10.250: Total time for which application threads were stopped: 0.0002214 seconds, Stopping threads took: 0.0001093 seconds
2020-10-25T11:42:49.528+0100: 10.252: Total time for which application threads were stopped: 0.0001962 seconds, Stopping threads took: 0.0000862 seconds
2020-10-25T11:42:49.529+0100: 10.254: Total time for which application threads were stopped: 0.0001774 seconds, Stopping threads took: 0.0000744 seconds
2020-10-25T11:42:49.531+0100: 10.255: Total time for which application threads were stopped: 0.0001925 seconds, Stopping threads took: 0.0000805 seconds
2020-10-25T11:42:49.552+0100: 10.276: Total time for which application threads were stopped: 0.0001378 seconds, Stopping threads took: 0.0000475 seconds
2020-10-25T11:42:49.555+0100: 10.279: Total time for which application threads were stopped: 0.0004314 seconds, Stopping threads took: 0.0000944 seconds
2020-10-25T11:42:49.597+0100: 10.322: Total time for which application threads were stopped: 0.0002009 seconds, Stopping threads took: 0.0000930 seconds
2020-10-25T11:42:50.030+0100: 10.755: Total time for which application threads were stopped: 0.0004515 seconds, Stopping threads took: 0.0002382 seconds
2020-10-25T11:42:51.030+0100: 11.755: Total time for which application threads were stopped: 0.0003047 seconds, Stopping threads took: 0.0001116 seconds
2020-10-25T11:42:54.599+0100: 15.324: Total time for which application threads were stopped: 0.0003916 seconds, Stopping threads took: 0.0001034 seconds
2020-10-25T11:42:56.599+0100: 17.323: Total time for which application threads were stopped: 0.0003412 seconds, Stopping threads took: 0.0001256 seconds
2020-10-25T11:42:58.600+0100: 19.324: Total time for which application threads were stopped: 0.0003011 seconds, Stopping threads took: 0.0001066 seconds
2020-10-25T11:43:02.601+0100: 23.325: Total time for which application threads were stopped: 0.0002801 seconds, Stopping threads took: 0.0000967 seconds
2020-10-25T11:43:03.602+0100: 24.326: Total time for which application threads were stopped: 0.0002055 seconds, Stopping threads took: 0.0000603 seconds
2020-10-25T11:43:04.356+0100: 25.080: Total time for which application threads were stopped: 0.0001210 seconds, Stopping threads took: 0.0000390 seconds
2020-10-25T11:43:04.356+0100: 25.080: Total time for which application threads were stopped: 0.0000918 seconds, Stopping threads took: 0.0000296 seconds
2020-10-25T11:43:04.411+0100: 25.135: Total time for which application threads were stopped: 0.0001386 seconds, Stopping threads took: 0.0000440 seconds
2020-10-25T11:43:04.411+0100: 25.136: Total time for which application threads were stopped: 0.0000777 seconds, Stopping threads took: 0.0000253 seconds
2020-10-25T11:43:04.412+0100: 25.136: Total time for which application threads were stopped: 0.0000701 seconds, Stopping threads took: 0.0000235 seconds
2020-10-25T11:43:04.412+0100: 25.136: Total time for which application threads were stopped: 0.0003911 seconds, Stopping threads took: 0.0000227 seconds
2020-10-25T11:43:04.439+0100: 25.164: Total time for which application threads were stopped: 0.0012428 seconds, Stopping threads took: 0.0011173 seconds
2020-10-25T11:43:04.440+0100: 25.164: Total time for which application threads were stopped: 0.0002879 seconds, Stopping threads took: 0.0000572 seconds
2020-10-25T11:43:04.462+0100: 25.186: Total time for which application threads were stopped: 0.0002434 seconds, Stopping threads took: 0.0000652 seconds
2020-10-25T11:43:04.467+0100: 25.191: Total time for which application threads were stopped: 0.0001873 seconds, Stopping threads took: 0.0000545 seconds
2020-10-25T11:43:04.469+0100: 25.194: Total time for which application threads were stopped: 0.0003545 seconds, Stopping threads took: 0.0000573 seconds
2020-10-25T11:43:04.470+0100: 25.194: Total time for which application threads were stopped: 0.0001931 seconds, Stopping threads took: 0.0000614 seconds
2020-10-25T11:43:04.470+0100: 25.194: Total time for which application threads were stopped: 0.0001763 seconds, Stopping threads took: 0.0000353 seconds
2020-10-25T11:43:04.494+0100: 25.218: Total time for which application threads were stopped: 0.0009027 seconds, Stopping threads took: 0.0001266 seconds
2020-10-25T11:43:04.495+0100: 25.219: Total time for which application threads were stopped: 0.0006193 seconds, Stopping threads took: 0.0000815 seconds
2020-10-25T11:43:04.503+0100: 25.227: Total time for which application threads were stopped: 0.0004445 seconds, Stopping threads took: 0.0002508 seconds
2020-10-25T11:43:04.509+0100: 25.233: Total time for which application threads were stopped: 0.0002940 seconds, Stopping threads took: 0.0000557 seconds
2020-10-25T11:43:04.509+0100: 25.233: Total time for which application threads were stopped: 0.0002340 seconds, Stopping threads took: 0.0000421 seconds
2020-10-25T11:43:04.510+0100: 25.234: Total time for which application threads were stopped: 0.0002491 seconds, Stopping threads took: 0.0000440 seconds
2020-10-25T11:43:04.513+0100: 25.237: Total time for which application threads were stopped: 0.0003000 seconds, Stopping threads took: 0.0000754 seconds
2020-10-25T11:43:04.513+0100: 25.237: Total time for which application threads were stopped: 0.0002227 seconds, Stopping threads took: 0.0000480 seconds
2020-10-25T11:43:04.513+0100: 25.237: Total time for which application threads were stopped: 0.0002414 seconds, Stopping threads took: 0.0000377 seconds
2020-10-25T11:43:04.513+0100: 25.238: Total time for which application threads were stopped: 0.0002125 seconds, Stopping threads took: 0.0000493 seconds
2020-10-25T11:43:04.520+0100: 25.245: Total time for which application threads were stopped: 0.0002503 seconds, Stopping threads took: 0.0000707 seconds
2020-10-25T11:43:04.521+0100: 25.246: Total time for which application threads were stopped: 0.0004579 seconds, Stopping threads took: 0.0002377 seconds
2020-10-25T11:43:04.523+0100: 25.247: Total time for which application threads were stopped: 0.0005350 seconds, Stopping threads took: 0.0000658 seconds
2020-10-25T11:43:04.524+0100: 25.248: Total time for which application threads were stopped: 0.0002977 seconds, Stopping threads took: 0.0001348 seconds
2020-10-25T11:43:04.525+0100: 25.249: Total time for which application threads were stopped: 0.0004527 seconds, Stopping threads took: 0.0003390 seconds
2020-10-25T11:43:04.567+0100: 25.291: Total time for which application threads were stopped: 0.0001898 seconds, Stopping threads took: 0.0000562 seconds
2020-10-25T11:43:04.574+0100: 25.298: Total time for which application threads were stopped: 0.0004602 seconds, Stopping threads took: 0.0002280 seconds
2020-10-25T11:43:04.595+0100: 25.319: Total time for which application threads were stopped: 0.0001754 seconds, Stopping threads took: 0.0000535 seconds
2020-10-25T11:43:05.226+0100: 25.950: Total time for which application threads were stopped: 0.0004901 seconds, Stopping threads took: 0.0000492 seconds
2020-10-25T11:43:05.579+0100: 26.304: Total time for which application threads were stopped: 0.0007333 seconds, Stopping threads took: 0.0004809 seconds
2020-10-25T11:43:05.580+0100: 26.304: Total time for which application threads were stopped: 0.0001739 seconds, Stopping threads took: 0.0000418 seconds
2020-10-25T11:43:05.581+0100: 26.306: Total time for which application threads were stopped: 0.0012287 seconds, Stopping threads took: 0.0010199 seconds
2020-10-25T11:43:05.587+0100: 26.311: Total time for which application threads were stopped: 0.0003123 seconds, Stopping threads took: 0.0000752 seconds
2020-10-25T11:43:05.587+0100: 26.312: Total time for which application threads were stopped: 0.0002075 seconds, Stopping threads took: 0.0000479 seconds
2020-10-25T11:43:05.588+0100: 26.312: Total time for which application threads were stopped: 0.0002392 seconds, Stopping threads took: 0.0000924 seconds
2020-10-25T11:43:05.588+0100: 26.312: Total time for which application threads were stopped: 0.0002284 seconds, Stopping threads took: 0.0000509 seconds
2020-10-25T11:43:05.588+0100: 26.313: Total time for which application threads were stopped: 0.0002020 seconds, Stopping threads took: 0.0000667 seconds
2020-10-25T11:43:05.595+0100: 26.319: Total time for which application threads were stopped: 0.0002892 seconds, Stopping threads took: 0.0001364 seconds
2020-10-25T11:43:05.603+0100: 26.327: Total time for which application threads were stopped: 0.0002637 seconds, Stopping threads took: 0.0000789 seconds
2020-10-25T11:43:05.603+0100: 26.328: Total time for which application threads were stopped: 0.0001732 seconds, Stopping threads took: 0.0000670 seconds
2020-10-25T11:43:05.607+0100: 26.332: Total time for which application threads were stopped: 0.0002278 seconds, Stopping threads took: 0.0000924 seconds
{Heap before GC invocations=5 (full 0):
 garbage-first heap   total 524288K, used 239104K [0x00000000e0000000, 0x00000000e0101000, 0x0000000100000000)
  region size 1024K, 219 young (224256K), 8 survivors (8192K)
 Metaspace       used 35543K, capacity 36524K, committed 36600K, reserved 1081344K
  class space    used 4335K, capacity 4616K, committed 4656K, reserved 1048576K
2020-10-25T11:43:05.620+0100: 26.344: [GC pause (Metadata GC Threshold) (young) (initial-mark)
Desired survivor size 20447232 bytes, new threshold 15 (max 15)
- age   1:    1796632 bytes,    1796632 total
- age   2:    1297808 bytes,    3094440 total
, 0.0193127 secs]
   [Parallel Time: 14.6 ms, GC Workers: 4]
      [GC Worker Start (ms): Min: 26344.5, Avg: 26344.9, Max: 26346.2, Diff: 1.8]
      [Ext Root Scanning (ms): Min: 1.3, Avg: 2.6, Max: 3.3, Diff: 2.0, Sum: 10.3]
      [Update RS (ms): Min: 0.4, Avg: 0.6, Max: 0.9, Diff: 0.5, Sum: 2.3]
         [Processed Buffers: Min: 1, Avg: 4.0, Max: 10, Diff: 9, Sum: 16]
      [Scan RS (ms): Min: 0.0, Avg: 0.0, Max: 0.1, Diff: 0.1, Sum: 0.2]
      [Code Root Scanning (ms): Min: 0.0, Avg: 0.3, Max: 0.5, Diff: 0.5, Sum: 1.4]
      [Object Copy (ms): Min: 10.2, Avg: 10.5, Max: 10.7, Diff: 0.5, Sum: 41.9]
      [Termination (ms): Min: 0.0, Avg: 0.0, Max: 0.0, Diff: 0.0, Sum: 0.0]
         [Termination Attempts: Min: 1, Avg: 2.3, Max: 4, Diff: 3, Sum: 9]
      [GC Worker Other (ms): Min: 0.0, Avg: 0.0, Max: 0.0, Diff: 0.0, Sum: 0.1]
      [GC Worker Total (ms): Min: 12.7, Avg: 14.0, Max: 14.5, Diff: 1.8, Sum: 56.1]
      [GC Worker End (ms): Min: 26358.9, Avg: 26358.9, Max: 26358.9, Diff: 0.0]
   [Code Root Fixup: 0.1 ms]
   [Code Root Purge: 0.0 ms]
   [Clear CT: 0.1 ms]
   [Other: 4.5 ms]
      [Choose CSet: 0.0 ms]
      [Ref Proc: 3.8 ms]
      [Ref Enq: 0.1 ms]
      [Redirty Cards: 0.1 ms]
      [Humongous Register: 0.0 ms]
      [Humongous Reclaim: 0.0 ms]
      [Free CSet: 0.2 ms]
   [Eden: 211.0M(299.0M)->0.0B(286.0M) Survivors: 8192.0K->21.0M Heap: 233.8M(512.0M)->36.5M(512.0M)]
Heap after GC invocations=6 (full 0):
 garbage-first heap   total 524288K, used 37376K [0x00000000e0000000, 0x00000000e0101000, 0x0000000100000000)
  region size 1024K, 21 young (21504K), 21 survivors (21504K)
 Metaspace       used 35543K, capacity 36524K, committed 36600K, reserved 1081344K
  class space    used 4335K, capacity 4616K, committed 4656K, reserved 1048576K
}
 [Times: user=0.03 sys=0.00, real=0.02 secs] 
2020-10-25T11:43:05.639+0100: 26.364: [GC concurrent-root-region-scan-start]
2020-10-25T11:43:05.639+0100: 26.364: Total time for which application threads were stopped: 0.0200489 seconds, Stopping threads took: 0.0000918 seconds
2020-10-25T11:43:05.645+0100: 26.369: Total time for which application threads were stopped: 0.0007077 seconds, Stopping threads took: 0.0001707 seconds
2020-10-25T11:43:05.646+0100: 26.370: Total time for which application threads were stopped: 0.0002643 seconds, Stopping threads took: 0.0000919 seconds
2020-10-25T11:43:05.646+0100: 26.370: Total time for which application threads were stopped: 0.0002129 seconds, Stopping threads took: 0.0000593 seconds
2020-10-25T11:43:05.647+0100: 26.371: Total time for which application threads were stopped: 0.0002359 seconds, Stopping threads took: 0.0000627 seconds
2020-10-25T11:43:05.647+0100: 26.371: Total time for which application threads were stopped: 0.0002072 seconds, Stopping threads took: 0.0000971 seconds
2020-10-25T11:43:05.647+0100: 26.372: Total time for which application threads were stopped: 0.0002076 seconds, Stopping threads took: 0.0000606 seconds
2020-10-25T11:43:05.647+0100: 26.372: Total time for which application threads were stopped: 0.0001977 seconds, Stopping threads took: 0.0000573 seconds
2020-10-25T11:43:05.648+0100: 26.372: Total time for which application threads were stopped: 0.0002057 seconds, Stopping threads took: 0.0000713 seconds
2020-10-25T11:43:05.648+0100: 26.372: Total time for which application threads were stopped: 0.0001726 seconds, Stopping threads took: 0.0000833 seconds
2020-10-25T11:43:05.648+0100: 26.373: Total time for which application threads were stopped: 0.0002229 seconds, Stopping threads took: 0.0000954 seconds
2020-10-25T11:43:05.649+0100: 26.373: Total time for which application threads were stopped: 0.0001953 seconds, Stopping threads took: 0.0000644 seconds
2020-10-25T11:43:05.649+0100: 26.374: Total time for which application threads were stopped: 0.0005191 seconds, Stopping threads took: 0.0000706 seconds
2020-10-25T11:43:05.650+0100: 26.374: Total time for which application threads were stopped: 0.0005521 seconds, Stopping threads took: 0.0000833 seconds
2020-10-25T11:43:05.651+0100: 26.375: Total time for which application threads were stopped: 0.0002041 seconds, Stopping threads took: 0.0000590 seconds
2020-10-25T11:43:05.652+0100: 26.377: Total time for which application threads were stopped: 0.0002343 seconds, Stopping threads took: 0.0000812 seconds
2020-10-25T11:43:05.657+0100: 26.382: [GC concurrent-root-region-scan-end, 0.0178022 secs]
2020-10-25T11:43:05.657+0100: 26.382: [GC concurrent-mark-start]
2020-10-25T11:43:05.729+0100: 26.453: [GC concurrent-mark-end, 0.0717351 secs]
2020-10-25T11:43:05.732+0100: 26.457: Total time for which application threads were stopped: 0.0003278 seconds, Stopping threads took: 0.0000975 seconds
2020-10-25T11:43:05.733+0100: 26.458: Total time for which application threads were stopped: 0.0002429 seconds, Stopping threads took: 0.0000614 seconds
2020-10-25T11:43:05.734+0100: 26.458: [GC remark 2020-10-25T11:43:05.734+0100: 26.458: [Finalize Marking, 0.0002223 secs] 2020-10-25T11:43:05.734+0100: 26.458: [GC ref-proc, 0.0015102 secs] 2020-10-25T11:43:05.736+0100: 26.460: [Unloading, 0.0076099 secs], 0.0098804 secs]
 [Times: user=0.00 sys=0.00, real=0.01 secs] 
2020-10-25T11:43:05.744+0100: 26.468: Total time for which application threads were stopped: 0.0102571 seconds, Stopping threads took: 0.0000636 seconds
2020-10-25T11:43:05.747+0100: 26.472: Total time for which application threads were stopped: 0.0002348 seconds, Stopping threads took: 0.0000562 seconds
2020-10-25T11:43:05.747+0100: 26.472: [GC cleanup 38M->38M(512M), 0.0006149 secs]
 [Times: user=0.00 sys=0.00, real=0.00 secs] 
2020-10-25T11:43:05.748+0100: 26.472: Total time for which application threads were stopped: 0.0008093 seconds, Stopping threads took: 0.0000349 seconds
2020-10-25T11:43:05.748+0100: 26.473: Total time for which application threads were stopped: 0.0002824 seconds, Stopping threads took: 0.0000471 seconds
2020-10-25T11:43:05.799+0100: 26.524: Total time for which application threads were stopped: 0.0020264 seconds, Stopping threads took: 0.0017588 seconds
2020-10-25T11:43:05.806+0100: 26.530: Total time for which application threads were stopped: 0.0015076 seconds, Stopping threads took: 0.0012965 seconds
2020-10-25T11:43:05.819+0100: 26.543: Total time for which application threads were stopped: 0.0002987 seconds, Stopping threads took: 0.0000776 seconds
2020-10-25T11:43:05.828+0100: 26.552: Total time for which application threads were stopped: 0.0002603 seconds, Stopping threads took: 0.0000637 seconds
2020-10-25T11:43:05.828+0100: 26.553: Total time for which application threads were stopped: 0.0002527 seconds, Stopping threads took: 0.0000636 seconds
2020-10-25T11:43:06.095+0100: 26.819: Total time for which application threads were stopped: 0.0118984 seconds, Stopping threads took: 0.0116870 seconds
2020-10-25T11:43:06.095+0100: 26.819: Total time for which application threads were stopped: 0.0001887 seconds, Stopping threads took: 0.0000529 seconds
2020-10-25T11:43:06.102+0100: 26.826: Total time for which application threads were stopped: 0.0025208 seconds, Stopping threads took: 0.0023251 seconds
2020-10-25T11:43:06.103+0100: 26.827: Total time for which application threads were stopped: 0.0002625 seconds, Stopping threads took: 0.0000770 seconds
2020-10-25T11:43:06.161+0100: 26.885: Total time for which application threads were stopped: 0.0003087 seconds, Stopping threads took: 0.0000614 seconds
2020-10-25T11:43:06.162+0100: 26.886: Total time for which application threads were stopped: 0.0002251 seconds, Stopping threads took: 0.0000626 seconds
2020-10-25T11:43:06.163+0100: 26.887: Total time for which application threads were stopped: 0.0002167 seconds, Stopping threads took: 0.0000508 seconds
2020-10-25T11:43:06.165+0100: 26.890: Total time for which application threads were stopped: 0.0002755 seconds, Stopping threads took: 0.0000872 seconds
2020-10-25T11:43:06.235+0100: 26.959: Total time for which application threads were stopped: 0.0002926 seconds, Stopping threads took: 0.0000835 seconds
2020-10-25T11:43:06.235+0100: 26.959: Total time for which application threads were stopped: 0.0001920 seconds, Stopping threads took: 0.0000608 seconds
2020-10-25T11:43:06.244+0100: 26.968: Total time for which application threads were stopped: 0.0002519 seconds, Stopping threads took: 0.0000723 seconds
2020-10-25T11:43:06.247+0100: 26.971: Total time for which application threads were stopped: 0.0004013 seconds, Stopping threads took: 0.0000804 seconds
2020-10-25T11:43:06.259+0100: 26.983: Total time for which application threads were stopped: 0.0002549 seconds, Stopping threads took: 0.0000535 seconds
2020-10-25T11:43:06.259+0100: 26.983: Total time for which application threads were stopped: 0.0002176 seconds, Stopping threads took: 0.0000456 seconds
2020-10-25T11:43:06.264+0100: 26.988: Total time for which application threads were stopped: 0.0002405 seconds, Stopping threads took: 0.0000844 seconds
2020-10-25T11:43:06.264+0100: 26.988: Total time for which application threads were stopped: 0.0001791 seconds, Stopping threads took: 0.0000370 seconds
2020-10-25T11:43:06.301+0100: 27.025: Total time for which application threads were stopped: 0.0002540 seconds, Stopping threads took: 0.0000591 seconds
2020-10-25T11:43:06.306+0100: 27.030: Total time for which application threads were stopped: 0.0006033 seconds, Stopping threads took: 0.0000676 seconds
2020-10-25T11:43:06.512+0100: 27.236: Total time for which application threads were stopped: 0.0027754 seconds, Stopping threads took: 0.0024493 seconds
2020-10-25T11:43:06.521+0100: 27.245: Total time for which application threads were stopped: 0.0051431 seconds, Stopping threads took: 0.0048873 seconds
2020-10-25T11:43:06.568+0100: 27.293: Total time for which application threads were stopped: 0.0003229 seconds, Stopping threads took: 0.0001044 seconds
2020-10-25T11:43:06.595+0100: 27.320: Total time for which application threads were stopped: 0.0002883 seconds, Stopping threads took: 0.0000713 seconds
2020-10-25T11:43:06.602+0100: 27.327: Total time for which application threads were stopped: 0.0004070 seconds, Stopping threads took: 0.0000686 seconds
2020-10-25T11:43:06.603+0100: 27.328: Total time for which application threads were stopped: 0.0003346 seconds, Stopping threads took: 0.0000584 seconds
2020-10-25T11:43:06.784+0100: 27.509: Total time for which application threads were stopped: 0.0003910 seconds, Stopping threads took: 0.0000851 seconds
2020-10-25T11:43:06.785+0100: 27.509: Total time for which application threads were stopped: 0.0002031 seconds, Stopping threads took: 0.0000522 seconds
2020-10-25T11:43:06.880+0100: 27.604: Total time for which application threads were stopped: 0.0003082 seconds, Stopping threads took: 0.0000645 seconds
2020-10-25T11:43:06.937+0100: 27.662: Total time for which application threads were stopped: 0.0002977 seconds, Stopping threads took: 0.0000797 seconds
2020-10-25T11:43:06.938+0100: 27.663: Total time for which application threads were stopped: 0.0003238 seconds, Stopping threads took: 0.0000453 seconds
2020-10-25T11:43:06.941+0100: 27.666: Total time for which application threads were stopped: 0.0002736 seconds, Stopping threads took: 0.0000682 seconds
2020-10-25T11:43:06.942+0100: 27.667: Total time for which application threads were stopped: 0.0002672 seconds, Stopping threads took: 0.0000626 seconds
2020-10-25T11:43:07.160+0100: 27.884: Total time for which application threads were stopped: 0.0003924 seconds, Stopping threads took: 0.0000812 seconds
2020-10-25T11:43:07.161+0100: 27.885: Total time for which application threads were stopped: 0.0002694 seconds, Stopping threads took: 0.0000645 seconds
2020-10-25T11:43:07.166+0100: 27.890: Total time for which application threads were stopped: 0.0003058 seconds, Stopping threads took: 0.0000617 seconds
2020-10-25T11:43:07.167+0100: 27.892: Total time for which application threads were stopped: 0.0002780 seconds, Stopping threads took: 0.0000558 seconds
2020-10-25T11:43:07.176+0100: 27.901: Total time for which application threads were stopped: 0.0003857 seconds, Stopping threads took: 0.0001263 seconds
2020-10-25T11:43:07.177+0100: 27.901: Total time for which application threads were stopped: 0.0002301 seconds, Stopping threads took: 0.0000432 seconds
2020-10-25T11:43:07.187+0100: 27.911: Total time for which application threads were stopped: 0.0002674 seconds, Stopping threads took: 0.0000780 seconds
2020-10-25T11:43:07.189+0100: 27.913: Total time for which application threads were stopped: 0.0002760 seconds, Stopping threads took: 0.0000913 seconds
2020-10-25T11:43:07.313+0100: 28.038: Total time for which application threads were stopped: 0.0003955 seconds, Stopping threads took: 0.0000608 seconds
2020-10-25T11:43:07.314+0100: 28.038: Total time for which application threads were stopped: 0.0002836 seconds, Stopping threads took: 0.0000441 seconds
2020-10-25T11:43:07.318+0100: 28.042: Total time for which application threads were stopped: 0.0008945 seconds, Stopping threads took: 0.0000733 seconds
2020-10-25T11:43:07.326+0100: 28.050: Total time for which application threads were stopped: 0.0003021 seconds, Stopping threads took: 0.0000714 seconds
2020-10-25T11:43:07.326+0100: 28.051: Total time for which application threads were stopped: 0.0002813 seconds, Stopping threads took: 0.0000707 seconds
2020-10-25T11:43:07.327+0100: 28.051: Total time for which application threads were stopped: 0.0002631 seconds, Stopping threads took: 0.0000528 seconds
2020-10-25T11:43:07.330+0100: 28.054: Total time for which application threads were stopped: 0.0002751 seconds, Stopping threads took: 0.0000700 seconds
2020-10-25T11:43:07.333+0100: 28.057: Total time for which application threads were stopped: 0.0002646 seconds, Stopping threads took: 0.0000657 seconds
2020-10-25T11:43:07.339+0100: 28.064: Total time for which application threads were stopped: 0.0017764 seconds, Stopping threads took: 0.0014375 seconds
2020-10-25T11:43:07.340+0100: 28.064: Total time for which application threads were stopped: 0.0002636 seconds, Stopping threads took: 0.0000606 seconds
2020-10-25T11:43:07.340+0100: 28.065: Total time for which application threads were stopped: 0.0002255 seconds, Stopping threads took: 0.0000524 seconds
2020-10-25T11:43:07.340+0100: 28.065: Total time for which application threads were stopped: 0.0002208 seconds, Stopping threads took: 0.0000602 seconds
2020-10-25T11:43:07.341+0100: 28.066: Total time for which application threads were stopped: 0.0003724 seconds, Stopping threads took: 0.0000710 seconds
2020-10-25T11:43:07.342+0100: 28.067: Total time for which application threads were stopped: 0.0003173 seconds, Stopping threads took: 0.0000569 seconds
2020-10-25T11:43:07.343+0100: 28.067: Total time for which application threads were stopped: 0.0002379 seconds, Stopping threads took: 0.0000564 seconds
2020-10-25T11:43:07.346+0100: 28.070: Total time for which application threads were stopped: 0.0003011 seconds, Stopping threads took: 0.0000897 seconds
2020-10-25T11:43:07.349+0100: 28.073: Total time for which application threads were stopped: 0.0003364 seconds, Stopping threads took: 0.0000665 seconds
2020-10-25T11:43:07.349+0100: 28.074: Total time for which application threads were stopped: 0.0002488 seconds, Stopping threads took: 0.0000496 seconds
{Heap before GC invocations=7 (full 0):
 garbage-first heap   total 524288K, used 330240K [0x00000000e0000000, 0x00000000e0101000, 0x0000000100000000)
  region size 1024K, 307 young (314368K), 21 survivors (21504K)
 Metaspace       used 38719K, capacity 39724K, committed 39800K, reserved 1083392K
  class space    used 4733K, capacity 5018K, committed 5040K, reserved 1048576K
2020-10-25T11:43:07.529+0100: 28.253: [GC pause (G1 Evacuation Pause) (young)
Desired survivor size 20447232 bytes, new threshold 15 (max 15)
- age   1:    5937296 bytes,    5937296 total
- age   2:    1689576 bytes,    7626872 total
- age   3:    1258528 bytes,    8885400 total
, 0.0173602 secs]
   [Parallel Time: 15.1 ms, GC Workers: 4]
      [GC Worker Start (ms): Min: 28253.6, Avg: 28253.6, Max: 28253.6, Diff: 0.0]
      [Ext Root Scanning (ms): Min: 1.1, Avg: 1.5, Max: 2.5, Diff: 1.3, Sum: 6.0]
      [Update RS (ms): Min: 0.0, Avg: 0.5, Max: 0.8, Diff: 0.8, Sum: 2.2]
         [Processed Buffers: Min: 0, Avg: 3.3, Max: 9, Diff: 9, Sum: 13]
      [Scan RS (ms): Min: 0.0, Avg: 0.1, Max: 0.1, Diff: 0.1, Sum: 0.2]
      [Code Root Scanning (ms): Min: 0.2, Avg: 0.7, Max: 1.1, Diff: 0.8, Sum: 2.7]
      [Object Copy (ms): Min: 11.4, Avg: 12.2, Max: 12.8, Diff: 1.4, Sum: 48.8]
      [Termination (ms): Min: 0.0, Avg: 0.0, Max: 0.0, Diff: 0.0, Sum: 0.0]
         [Termination Attempts: Min: 1, Avg: 3.0, Max: 5, Diff: 4, Sum: 12]
      [GC Worker Other (ms): Min: 0.0, Avg: 0.0, Max: 0.0, Diff: 0.0, Sum: 0.1]
      [GC Worker Total (ms): Min: 15.0, Avg: 15.0, Max: 15.0, Diff: 0.0, Sum: 60.1]
      [GC Worker End (ms): Min: 28268.6, Avg: 28268.6, Max: 28268.6, Diff: 0.0]
   [Code Root Fixup: 0.1 ms]
   [Code Root Purge: 0.0 ms]
   [Clear CT: 0.1 ms]
   [Other: 2.1 ms]
      [Choose CSet: 0.0 ms]
      [Ref Proc: 1.4 ms]
      [Ref Enq: 0.1 ms]
      [Redirty Cards: 0.0 ms]
      [Humongous Register: 0.0 ms]
      [Humongous Reclaim: 0.0 ms]
      [Free CSet: 0.3 ms]
   [Eden: 286.0M(286.0M)->0.0B(290.0M) Survivors: 21.0M->17.0M Heap: 322.5M(512.0M)->33.0M(512.0M)]
Heap after GC invocations=8 (full 0):
 garbage-first heap   total 524288K, used 33792K [0x00000000e0000000, 0x00000000e0101000, 0x0000000100000000)
  region size 1024K, 17 young (17408K), 17 survivors (17408K)
 Metaspace       used 38719K, capacity 39724K, committed 39800K, reserved 1083392K
  class space    used 4733K, capacity 5018K, committed 5040K, reserved 1048576K
}
 [Times: user=0.06 sys=0.00, real=0.02 secs] 
2020-10-25T11:43:07.547+0100: 28.271: Total time for which application threads were stopped: 0.0195540 seconds, Stopping threads took: 0.0015068 seconds
2020-10-25T11:43:07.548+0100: 28.272: Total time for which application threads were stopped: 0.0006413 seconds, Stopping threads took: 0.0000765 seconds
2020-10-25T11:43:07.579+0100: 28.303: Total time for which application threads were stopped: 0.0059013 seconds, Stopping threads took: 0.0056621 seconds
2020-10-25T11:43:07.579+0100: 28.303: Total time for which application threads were stopped: 0.0002232 seconds, Stopping threads took: 0.0000630 seconds
2020-10-25T11:43:07.579+0100: 28.304: Total time for which application threads were stopped: 0.0001748 seconds, Stopping threads took: 0.0000337 seconds
2020-10-25T11:43:07.579+0100: 28.304: Total time for which application threads were stopped: 0.0001643 seconds, Stopping threads took: 0.0000336 seconds
2020-10-25T11:43:07.580+0100: 28.304: Total time for which application threads were stopped: 0.0003079 seconds, Stopping threads took: 0.0000387 seconds
2020-10-25T11:43:07.580+0100: 28.305: Total time for which application threads were stopped: 0.0002912 seconds, Stopping threads took: 0.0000462 seconds
2020-10-25T11:43:07.748+0100: 28.473: Total time for which application threads were stopped: 0.0157747 seconds, Stopping threads took: 0.0155568 seconds
2020-10-25T11:43:07.828+0100: 28.552: Total time for which application threads were stopped: 0.0020325 seconds, Stopping threads took: 0.0018199 seconds
2020-10-25T11:43:07.994+0100: 28.718: Total time for which application threads were stopped: 0.0002641 seconds, Stopping threads took: 0.0000731 seconds
2020-10-25T11:43:08.023+0100: 28.747: Total time for which application threads were stopped: 0.0006752 seconds, Stopping threads took: 0.0000715 seconds
2020-10-25T11:43:08.089+0100: 28.813: Total time for which application threads were stopped: 0.0011106 seconds, Stopping threads took: 0.0000567 seconds
2020-10-25T11:43:08.113+0100: 28.837: Total time for which application threads were stopped: 0.0002841 seconds, Stopping threads took: 0.0000556 seconds
2020-10-25T11:43:08.342+0100: 29.067: Total time for which application threads were stopped: 0.0013312 seconds, Stopping threads took: 0.0000634 seconds
2020-10-25T11:43:08.984+0100: 29.709: Total time for which application threads were stopped: 0.0014105 seconds, Stopping threads took: 0.0010959 seconds
2020-10-25T11:43:09.392+0100: 30.117: Total time for which application threads were stopped: 0.0022933 seconds, Stopping threads took: 0.0018741 seconds
2020-10-25T11:43:09.394+0100: 30.118: Total time for which application threads were stopped: 0.0004191 seconds, Stopping threads took: 0.0001042 seconds
{Heap before GC invocations=8 (full 0):
 garbage-first heap   total 524288K, used 331649K [0x00000000e0000000, 0x00000000e0101000, 0x0000000100000000)
  region size 1024K, 307 young (314368K), 17 survivors (17408K)
 Metaspace       used 40897K, capacity 42052K, committed 42360K, reserved 1087488K
  class space    used 4942K, capacity 5228K, committed 5296K, reserved 1048576K
2020-10-25T11:43:09.546+0100: 30.270: [GC pause (G1 Evacuation Pause) (young)
Desired survivor size 20447232 bytes, new threshold 15 (max 15)
- age   1:    3718920 bytes,    3718920 total
- age   2:    5561584 bytes,    9280504 total
- age   3:    1683296 bytes,   10963800 total
- age   4:    1258336 bytes,   12222136 total
, 0.0195594 secs]
   [Parallel Time: 17.3 ms, GC Workers: 4]
      [GC Worker Start (ms): Min: 30270.2, Avg: 30270.2, Max: 30270.3, Diff: 0.1]
      [Ext Root Scanning (ms): Min: 0.7, Avg: 1.2, Max: 2.6, Diff: 1.9, Sum: 5.0]
      [Update RS (ms): Min: 0.0, Avg: 0.5, Max: 0.7, Diff: 0.7, Sum: 1.9]
         [Processed Buffers: Min: 0, Avg: 2.8, Max: 6, Diff: 6, Sum: 11]
      [Scan RS (ms): Min: 0.0, Avg: 0.1, Max: 0.1, Diff: 0.0, Sum: 0.2]
      [Code Root Scanning (ms): Min: 0.0, Avg: 0.9, Max: 1.6, Diff: 1.6, Sum: 3.6]
      [Object Copy (ms): Min: 14.2, Avg: 14.5, Max: 15.1, Diff: 0.9, Sum: 58.2]
      [Termination (ms): Min: 0.0, Avg: 0.0, Max: 0.0, Diff: 0.0, Sum: 0.0]
         [Termination Attempts: Min: 1, Avg: 1.0, Max: 1, Diff: 0, Sum: 4]
      [GC Worker Other (ms): Min: 0.0, Avg: 0.0, Max: 0.0, Diff: 0.0, Sum: 0.1]
      [GC Worker Total (ms): Min: 17.2, Avg: 17.2, Max: 17.3, Diff: 0.1, Sum: 68.9]
      [GC Worker End (ms): Min: 30287.5, Avg: 30287.5, Max: 30287.5, Diff: 0.0]
   [Code Root Fixup: 0.1 ms]
   [Code Root Purge: 0.0 ms]
   [Clear CT: 0.1 ms]
   [Other: 2.0 ms]
      [Choose CSet: 0.0 ms]
      [Ref Proc: 1.0 ms]
      [Ref Enq: 0.1 ms]
      [Redirty Cards: 0.1 ms]
      [Humongous Register: 0.0 ms]
      [Humongous Reclaim: 0.0 ms]
      [Free CSet: 0.6 ms]
   [Eden: 290.0M(290.0M)->0.0B(290.0M) Survivors: 17.0M->17.0M Heap: 323.9M(512.0M)->32.5M(512.0M)]
Heap after GC invocations=9 (full 0):
 garbage-first heap   total 524288K, used 33280K [0x00000000e0000000, 0x00000000e0101000, 0x0000000100000000)
  region size 1024K, 17 young (17408K), 17 survivors (17408K)
 Metaspace       used 40897K, capacity 42052K, committed 42360K, reserved 1087488K
  class space    used 4942K, capacity 5228K, committed 5296K, reserved 1048576K
}
 [Times: user=0.06 sys=0.00, real=0.02 secs] 
2020-10-25T11:43:09.566+0100: 30.290: Total time for which application threads were stopped: 0.0215099 seconds, Stopping threads took: 0.0011768 seconds
2020-10-25T11:43:09.566+0100: 30.291: Total time for which application threads were stopped: 0.0004414 seconds, Stopping threads took: 0.0001126 seconds
2020-10-25T11:43:09.593+0100: 30.318: Total time for which application threads were stopped: 0.0066932 seconds, Stopping threads took: 0.0064737 seconds
2020-10-25T11:43:09.594+0100: 30.318: Total time for which application threads were stopped: 0.0002571 seconds, Stopping threads took: 0.0000702 seconds
2020-10-25T11:43:09.595+0100: 30.319: Total time for which application threads were stopped: 0.0010593 seconds, Stopping threads took: 0.0007323 seconds
2020-10-25T11:43:09.596+0100: 30.320: Total time for which application threads were stopped: 0.0003580 seconds, Stopping threads took: 0.0000658 seconds
2020-10-25T11:43:09.596+0100: 30.320: Total time for which application threads were stopped: 0.0003883 seconds, Stopping threads took: 0.0001192 seconds
2020-10-25T11:43:09.596+0100: 30.320: Total time for which application threads were stopped: 0.0002425 seconds, Stopping threads took: 0.0000740 seconds
2020-10-25T11:43:09.597+0100: 30.321: Total time for which application threads were stopped: 0.0002426 seconds, Stopping threads took: 0.0000628 seconds
2020-10-25T11:43:10.598+0100: 31.322: Total time for which application threads were stopped: 0.0011752 seconds, Stopping threads took: 0.0007802 seconds
2020-10-25T11:43:10.653+0100: 31.377: Total time for which application threads were stopped: 0.0005296 seconds, Stopping threads took: 0.0001124 seconds
2020-10-25T11:43:10.654+0100: 31.378: Total time for which application threads were stopped: 0.0004481 seconds, Stopping threads took: 0.0000963 seconds
2020-10-25T11:43:10.654+0100: 31.379: Total time for which application threads were stopped: 0.0002583 seconds, Stopping threads took: 0.0000621 seconds
2020-10-25T11:43:10.660+0100: 31.384: Total time for which application threads were stopped: 0.0003348 seconds, Stopping threads took: 0.0000885 seconds
2020-10-25T11:43:10.660+0100: 31.385: Total time for which application threads were stopped: 0.0002239 seconds, Stopping threads took: 0.0000463 seconds
2020-10-25T11:43:10.660+0100: 31.385: Total time for which application threads were stopped: 0.0001675 seconds, Stopping threads took: 0.0000334 seconds
2020-10-25T11:43:10.703+0100: 31.428: Total time for which application threads were stopped: 0.0008193 seconds, Stopping threads took: 0.0000673 seconds
2020-10-25T11:43:10.739+0100: 31.463: Total time for which application threads were stopped: 0.0002886 seconds, Stopping threads took: 0.0000582 seconds
2020-10-25T11:43:10.739+0100: 31.464: Total time for which application threads were stopped: 0.0002045 seconds, Stopping threads took: 0.0000493 seconds
2020-10-25T11:43:10.742+0100: 31.467: Total time for which application threads were stopped: 0.0003137 seconds, Stopping threads took: 0.0000947 seconds
2020-10-25T11:43:10.837+0100: 31.562: Total time for which application threads were stopped: 0.0003005 seconds, Stopping threads took: 0.0001576 seconds
2020-10-25T11:43:10.844+0100: 31.568: Total time for which application threads were stopped: 0.0003259 seconds, Stopping threads took: 0.0000875 seconds
2020-10-25T11:43:10.845+0100: 31.569: Total time for which application threads were stopped: 0.0002654 seconds, Stopping threads took: 0.0000706 seconds
{Heap before GC invocations=9 (full 0):
 garbage-first heap   total 524288K, used 330240K [0x00000000e0000000, 0x00000000e0101000, 0x0000000100000000)
  region size 1024K, 307 young (314368K), 17 survivors (17408K)
 Metaspace       used 42844K, capacity 44104K, committed 44408K, reserved 1087488K
  class space    used 5209K, capacity 5498K, committed 5552K, reserved 1048576K
2020-10-25T11:43:10.900+0100: 31.624: [GC pause (G1 Evacuation Pause) (young)
Desired survivor size 20447232 bytes, new threshold 15 (max 15)
- age   1:    4496696 bytes,    4496696 total
- age   2:     742120 bytes,    5238816 total
- age   3:    5476256 bytes,   10715072 total
- age   4:    1681384 bytes,   12396456 total
- age   5:    1258336 bytes,   13654792 total
, 0.0188253 secs]
   [Parallel Time: 16.5 ms, GC Workers: 4]
      [GC Worker Start (ms): Min: 31624.5, Avg: 31624.5, Max: 31624.5, Diff: 0.0]
      [Ext Root Scanning (ms): Min: 1.0, Avg: 1.6, Max: 2.7, Diff: 1.7, Sum: 6.4]
      [Update RS (ms): Min: 0.0, Avg: 0.5, Max: 0.8, Diff: 0.8, Sum: 2.1]
         [Processed Buffers: Min: 0, Avg: 3.3, Max: 7, Diff: 7, Sum: 13]
      [Scan RS (ms): Min: 0.1, Avg: 0.1, Max: 0.1, Diff: 0.0, Sum: 0.2]
      [Code Root Scanning (ms): Min: 0.1, Avg: 1.1, Max: 2.0, Diff: 1.8, Sum: 4.3]
      [Object Copy (ms): Min: 12.0, Avg: 13.1, Max: 14.4, Diff: 2.4, Sum: 52.3]
      [Termination (ms): Min: 0.0, Avg: 0.0, Max: 0.0, Diff: 0.0, Sum: 0.0]
         [Termination Attempts: Min: 1, Avg: 2.8, Max: 5, Diff: 4, Sum: 11]
      [GC Worker Other (ms): Min: 0.0, Avg: 0.0, Max: 0.0, Diff: 0.0, Sum: 0.1]
      [GC Worker Total (ms): Min: 16.4, Avg: 16.4, Max: 16.4, Diff: 0.0, Sum: 65.6]
      [GC Worker End (ms): Min: 31640.9, Avg: 31640.9, Max: 31640.9, Diff: 0.0]
   [Code Root Fixup: 0.2 ms]
   [Code Root Purge: 0.0 ms]
   [Clear CT: 0.1 ms]
   [Other: 2.1 ms]
      [Choose CSet: 0.0 ms]
      [Ref Proc: 1.5 ms]
      [Ref Enq: 0.1 ms]
      [Redirty Cards: 0.1 ms]
      [Humongous Register: 0.0 ms]
      [Humongous Reclaim: 0.0 ms]
      [Free CSet: 0.2 ms]
   [Eden: 290.0M(290.0M)->0.0B(291.0M) Survivors: 17.0M->16.0M Heap: 322.5M(512.0M)->32.0M(512.0M)]
Heap after GC invocations=10 (full 0):
 garbage-first heap   total 524288K, used 32768K [0x00000000e0000000, 0x00000000e0101000, 0x0000000100000000)
  region size 1024K, 16 young (16384K), 16 survivors (16384K)
 Metaspace       used 42844K, capacity 44104K, committed 44408K, reserved 1087488K
  class space    used 5209K, capacity 5498K, committed 5552K, reserved 1048576K
}
 [Times: user=0.06 sys=0.02, real=0.02 secs] 
2020-10-25T11:43:10.919+0100: 31.643: Total time for which application threads were stopped: 0.0192604 seconds, Stopping threads took: 0.0000441 seconds
2020-10-25T11:43:10.919+0100: 31.644: Total time for which application threads were stopped: 0.0001868 seconds, Stopping threads took: 0.0000620 seconds
2020-10-25T11:43:10.920+0100: 31.644: Total time for which application threads were stopped: 0.0001355 seconds, Stopping threads took: 0.0000372 seconds
2020-10-25T11:43:11.012+0100: 31.736: Total time for which application threads were stopped: 0.0006973 seconds, Stopping threads took: 0.0000991 seconds
2020-10-25T11:43:11.068+0100: 31.792: Total time for which application threads were stopped: 0.0002545 seconds, Stopping threads took: 0.0000796 seconds
2020-10-25T11:43:11.073+0100: 31.798: Total time for which application threads were stopped: 0.0008278 seconds, Stopping threads took: 0.0005833 seconds
2020-10-25T11:43:11.082+0100: 31.806: Total time for which application threads were stopped: 0.0001761 seconds, Stopping threads took: 0.0000434 seconds
2020-10-25T11:43:11.086+0100: 31.811: Total time for which application threads were stopped: 0.0002588 seconds, Stopping threads took: 0.0001278 seconds
2020-10-25T11:43:11.087+0100: 31.812: Total time for which application threads were stopped: 0.0002182 seconds, Stopping threads took: 0.0000766 seconds
2020-10-25T11:43:11.088+0100: 31.812: Total time for which application threads were stopped: 0.0001794 seconds, Stopping threads took: 0.0000693 seconds
2020-10-25T11:43:11.088+0100: 31.812: Total time for which application threads were stopped: 0.0001618 seconds, Stopping threads took: 0.0000683 seconds
2020-10-25T11:43:11.106+0100: 31.831: Total time for which application threads were stopped: 0.0002866 seconds, Stopping threads took: 0.0001193 seconds
2020-10-25T11:43:11.129+0100: 31.853: Total time for which application threads were stopped: 0.0002651 seconds, Stopping threads took: 0.0000858 seconds
2020-10-25T11:43:11.138+0100: 31.862: Total time for which application threads were stopped: 0.0002741 seconds, Stopping threads took: 0.0001071 seconds
2020-10-25T11:43:11.138+0100: 31.862: Total time for which application threads were stopped: 0.0002534 seconds, Stopping threads took: 0.0000619 seconds
2020-10-25T11:43:11.138+0100: 31.863: Total time for which application threads were stopped: 0.0001759 seconds, Stopping threads took: 0.0000656 seconds
2020-10-25T11:43:11.141+0100: 31.866: Total time for which application threads were stopped: 0.0006078 seconds, Stopping threads took: 0.0004162 seconds
2020-10-25T11:43:11.142+0100: 31.866: Total time for which application threads were stopped: 0.0001898 seconds, Stopping threads took: 0.0000681 seconds
2020-10-25T11:43:11.151+0100: 31.876: Total time for which application threads were stopped: 0.0004269 seconds, Stopping threads took: 0.0001991 seconds
2020-10-25T11:43:11.156+0100: 31.881: Total time for which application threads were stopped: 0.0002862 seconds, Stopping threads took: 0.0000766 seconds
2020-10-25T11:43:11.157+0100: 31.881: Total time for which application threads were stopped: 0.0002720 seconds, Stopping threads took: 0.0000649 seconds
2020-10-25T11:43:11.157+0100: 31.881: Total time for which application threads were stopped: 0.0002320 seconds, Stopping threads took: 0.0000508 seconds
2020-10-25T11:43:11.157+0100: 31.882: Total time for which application threads were stopped: 0.0002081 seconds, Stopping threads took: 0.0000472 seconds
2020-10-25T11:43:11.158+0100: 31.882: Total time for which application threads were stopped: 0.0002143 seconds, Stopping threads took: 0.0000492 seconds
2020-10-25T11:43:11.158+0100: 31.882: Total time for which application threads were stopped: 0.0002041 seconds, Stopping threads took: 0.0000479 seconds
2020-10-25T11:43:11.158+0100: 31.883: Total time for which application threads were stopped: 0.0002019 seconds, Stopping threads took: 0.0000476 seconds
2020-10-25T11:43:11.297+0100: 32.021: Total time for which application threads were stopped: 0.0003412 seconds, Stopping threads took: 0.0000867 seconds
2020-10-25T11:43:11.304+0100: 32.028: Total time for which application threads were stopped: 0.0019938 seconds, Stopping threads took: 0.0018065 seconds
2020-10-25T11:43:11.344+0100: 32.069: Total time for which application threads were stopped: 0.0008206 seconds, Stopping threads took: 0.0006132 seconds
2020-10-25T11:43:11.406+0100: 32.130: Total time for which application threads were stopped: 0.0003236 seconds, Stopping threads took: 0.0001105 seconds
2020-10-25T11:43:11.406+0100: 32.130: Total time for which application threads were stopped: 0.0001938 seconds, Stopping threads took: 0.0000560 seconds
2020-10-25T11:43:11.407+0100: 32.131: Total time for which application threads were stopped: 0.0002819 seconds, Stopping threads took: 0.0000703 seconds
2020-10-25T11:43:11.514+0100: 32.238: Total time for which application threads were stopped: 0.0002983 seconds, Stopping threads took: 0.0001185 seconds
2020-10-25T11:43:11.517+0100: 32.241: Total time for which application threads were stopped: 0.0002601 seconds, Stopping threads took: 0.0000793 seconds
2020-10-25T11:43:11.520+0100: 32.244: Total time for which application threads were stopped: 0.0003005 seconds, Stopping threads took: 0.0000740 seconds
2020-10-25T11:43:11.520+0100: 32.244: Total time for which application threads were stopped: 0.0002341 seconds, Stopping threads took: 0.0000495 seconds
2020-10-25T11:43:11.521+0100: 32.245: Total time for which application threads were stopped: 0.0002598 seconds, Stopping threads took: 0.0000669 seconds
2020-10-25T11:43:11.522+0100: 32.246: Total time for which application threads were stopped: 0.0002670 seconds, Stopping threads took: 0.0000705 seconds
2020-10-25T11:43:11.522+0100: 32.246: Total time for which application threads were stopped: 0.0001995 seconds, Stopping threads took: 0.0000618 seconds
2020-10-25T11:43:11.525+0100: 32.249: Total time for which application threads were stopped: 0.0002958 seconds, Stopping threads took: 0.0000786 seconds
2020-10-25T11:43:11.526+0100: 32.250: Total time for which application threads were stopped: 0.0003059 seconds, Stopping threads took: 0.0000739 seconds
2020-10-25T11:43:11.533+0100: 32.257: Total time for which application threads were stopped: 0.0013601 seconds, Stopping threads took: 0.0011364 seconds
2020-10-25T11:43:11.558+0100: 32.282: Total time for which application threads were stopped: 0.0007466 seconds, Stopping threads took: 0.0005648 seconds
2020-10-25T11:43:11.560+0100: 32.284: Total time for which application threads were stopped: 0.0003286 seconds, Stopping threads took: 0.0000820 seconds
2020-10-25T11:43:11.563+0100: 32.287: Total time for which application threads were stopped: 0.0002830 seconds, Stopping threads took: 0.0000879 seconds
2020-10-25T11:43:11.570+0100: 32.294: Total time for which application threads were stopped: 0.0006067 seconds, Stopping threads took: 0.0003580 seconds
2020-10-25T11:43:11.693+0100: 32.417: Total time for which application threads were stopped: 0.0003842 seconds, Stopping threads took: 0.0000852 seconds
2020-10-25T11:43:11.699+0100: 32.423: Total time for which application threads were stopped: 0.0002854 seconds, Stopping threads took: 0.0000881 seconds
2020-10-25T11:43:11.700+0100: 32.424: Total time for which application threads were stopped: 0.0002403 seconds, Stopping threads took: 0.0000654 seconds
2020-10-25T11:43:11.700+0100: 32.424: Total time for which application threads were stopped: 0.0005933 seconds, Stopping threads took: 0.0000565 seconds
2020-10-25T11:43:11.702+0100: 32.426: Total time for which application threads were stopped: 0.0006578 seconds, Stopping threads took: 0.0000750 seconds
2020-10-25T11:43:12.437+0100: 33.162: Total time for which application threads were stopped: 0.0009401 seconds, Stopping threads took: 0.0006503 seconds
2020-10-25T11:43:12.479+0100: 33.204: Total time for which application threads were stopped: 0.0005054 seconds, Stopping threads took: 0.0002704 seconds
2020-10-25T11:43:12.480+0100: 33.204: Total time for which application threads were stopped: 0.0002151 seconds, Stopping threads took: 0.0000628 seconds
2020-10-25T11:43:12.549+0100: 33.274: Total time for which application threads were stopped: 0.0010949 seconds, Stopping threads took: 0.0001070 seconds
2020-10-25T11:43:12.550+0100: 33.275: Total time for which application threads were stopped: 0.0002581 seconds, Stopping threads took: 0.0000566 seconds
2020-10-25T11:43:12.602+0100: 33.327: Total time for which application threads were stopped: 0.0002870 seconds, Stopping threads took: 0.0000779 seconds
2020-10-25T11:43:12.603+0100: 33.328: Total time for which application threads were stopped: 0.0002767 seconds, Stopping threads took: 0.0000813 seconds
2020-10-25T11:43:12.604+0100: 33.328: Total time for which application threads were stopped: 0.0002511 seconds, Stopping threads took: 0.0000652 seconds
2020-10-25T11:43:12.610+0100: 33.334: Total time for which application threads were stopped: 0.0007540 seconds, Stopping threads took: 0.0000586 seconds
2020-10-25T11:43:12.613+0100: 33.338: Total time for which application threads were stopped: 0.0002272 seconds, Stopping threads took: 0.0000908 seconds
2020-10-25T11:43:12.614+0100: 33.339: Total time for which application threads were stopped: 0.0002476 seconds, Stopping threads took: 0.0000823 seconds
2020-10-25T11:43:12.614+0100: 33.339: Total time for which application threads were stopped: 0.0001941 seconds, Stopping threads took: 0.0000692 seconds
2020-10-25T11:43:12.634+0100: 33.359: Total time for which application threads were stopped: 0.0008546 seconds, Stopping threads took: 0.0000790 seconds
2020-10-25T11:43:12.645+0100: 33.369: Total time for which application threads were stopped: 0.0002784 seconds, Stopping threads took: 0.0001397 seconds
2020-10-25T11:43:12.646+0100: 33.370: Total time for which application threads were stopped: 0.0003196 seconds, Stopping threads took: 0.0001810 seconds
2020-10-25T11:43:12.674+0100: 33.398: Total time for which application threads were stopped: 0.0014240 seconds, Stopping threads took: 0.0006659 seconds
2020-10-25T11:43:12.685+0100: 33.409: Total time for which application threads were stopped: 0.0002178 seconds, Stopping threads took: 0.0000842 seconds
2020-10-25T11:43:12.688+0100: 33.413: Total time for which application threads were stopped: 0.0002246 seconds, Stopping threads took: 0.0000877 seconds
2020-10-25T11:43:12.689+0100: 33.414: Total time for which application threads were stopped: 0.0006333 seconds, Stopping threads took: 0.0000368 seconds
2020-10-25T11:43:12.695+0100: 33.420: Total time for which application threads were stopped: 0.0007814 seconds, Stopping threads took: 0.0000598 seconds
2020-10-25T11:43:12.697+0100: 33.422: Total time for which application threads were stopped: 0.0008643 seconds, Stopping threads took: 0.0000526 seconds
2020-10-25T11:43:12.705+0100: 33.430: Total time for which application threads were stopped: 0.0002670 seconds, Stopping threads took: 0.0000855 seconds
2020-10-25T11:43:12.724+0100: 33.448: Total time for which application threads were stopped: 0.0002943 seconds, Stopping threads took: 0.0000922 seconds
2020-10-25T11:43:12.727+0100: 33.451: Total time for which application threads were stopped: 0.0002952 seconds, Stopping threads took: 0.0000962 seconds
2020-10-25T11:43:12.727+0100: 33.451: Total time for which application threads were stopped: 0.0001885 seconds, Stopping threads took: 0.0000729 seconds
2020-10-25T11:43:12.828+0100: 33.552: Total time for which application threads were stopped: 0.0009974 seconds, Stopping threads took: 0.0000874 seconds
2020-10-25T11:43:12.844+0100: 33.569: Total time for which application threads were stopped: 0.0002767 seconds, Stopping threads took: 0.0000721 seconds
2020-10-25T11:43:12.845+0100: 33.569: Total time for which application threads were stopped: 0.0001977 seconds, Stopping threads took: 0.0000496 seconds
2020-10-25T11:43:12.917+0100: 33.642: Total time for which application threads were stopped: 0.0002474 seconds, Stopping threads took: 0.0000803 seconds
2020-10-25T11:43:12.943+0100: 33.668: Total time for which application threads were stopped: 0.0014499 seconds, Stopping threads took: 0.0012349 seconds
2020-10-25T11:43:12.944+0100: 33.668: Total time for which application threads were stopped: 0.0002024 seconds, Stopping threads took: 0.0000473 seconds
2020-10-25T11:43:13.082+0100: 33.807: Total time for which application threads were stopped: 0.0002977 seconds, Stopping threads took: 0.0000840 seconds
2020-10-25T11:43:13.198+0100: 33.922: Total time for which application threads were stopped: 0.0449964 seconds, Stopping threads took: 0.0447980 seconds
2020-10-25T11:43:13.198+0100: 33.923: Total time for which application threads were stopped: 0.0002295 seconds, Stopping threads took: 0.0000621 seconds
2020-10-25T11:43:13.205+0100: 33.929: Total time for which application threads were stopped: 0.0003145 seconds, Stopping threads took: 0.0000829 seconds
2020-10-25T11:43:13.210+0100: 33.934: Total time for which application threads were stopped: 0.0002662 seconds, Stopping threads took: 0.0000794 seconds
2020-10-25T11:43:13.214+0100: 33.938: Total time for which application threads were stopped: 0.0028921 seconds, Stopping threads took: 0.0027128 seconds
2020-10-25T11:43:13.252+0100: 33.976: Total time for which application threads were stopped: 0.0006684 seconds, Stopping threads took: 0.0004181 seconds
2020-10-25T11:43:13.266+0100: 33.990: Total time for which application threads were stopped: 0.0002917 seconds, Stopping threads took: 0.0000607 seconds
2020-10-25T11:43:13.266+0100: 33.990: Total time for which application threads were stopped: 0.0002446 seconds, Stopping threads took: 0.0000682 seconds
2020-10-25T11:43:13.313+0100: 34.037: Total time for which application threads were stopped: 0.0002353 seconds, Stopping threads took: 0.0000574 seconds
2020-10-25T11:43:13.441+0100: 34.165: Total time for which application threads were stopped: 0.0005877 seconds, Stopping threads took: 0.0000984 seconds
2020-10-25T11:43:13.576+0100: 34.300: Total time for which application threads were stopped: 0.0004684 seconds, Stopping threads took: 0.0001412 seconds
2020-10-25T11:43:13.584+0100: 34.309: Total time for which application threads were stopped: 0.0007049 seconds, Stopping threads took: 0.0003232 seconds
2020-10-25T11:43:13.635+0100: 34.360: Total time for which application threads were stopped: 0.0003200 seconds, Stopping threads took: 0.0000921 seconds
2020-10-25T11:43:13.711+0100: 34.435: Total time for which application threads were stopped: 0.0003752 seconds, Stopping threads took: 0.0001654 seconds
2020-10-25T11:43:13.742+0100: 34.466: Total time for which application threads were stopped: 0.0067897 seconds, Stopping threads took: 0.0065985 seconds
2020-10-25T11:43:13.742+0100: 34.466: Total time for which application threads were stopped: 0.0002310 seconds, Stopping threads took: 0.0000752 seconds
2020-10-25T11:43:13.742+0100: 34.467: Total time for which application threads were stopped: 0.0001991 seconds, Stopping threads took: 0.0000464 seconds
2020-10-25T11:43:13.743+0100: 34.467: Total time for which application threads were stopped: 0.0001701 seconds, Stopping threads took: 0.0000420 seconds
2020-10-25T11:43:13.936+0100: 34.660: Total time for which application threads were stopped: 0.0177630 seconds, Stopping threads took: 0.0175620 seconds
2020-10-25T11:43:13.936+0100: 34.660: Total time for which application threads were stopped: 0.0002469 seconds, Stopping threads took: 0.0000788 seconds
2020-10-25T11:43:13.937+0100: 34.661: Total time for which application threads were stopped: 0.0002590 seconds, Stopping threads took: 0.0000968 seconds
2020-10-25T11:43:13.937+0100: 34.662: Total time for which application threads were stopped: 0.0001841 seconds, Stopping threads took: 0.0000462 seconds
2020-10-25T11:43:13.948+0100: 34.672: Total time for which application threads were stopped: 0.0003170 seconds, Stopping threads took: 0.0000682 seconds
2020-10-25T11:43:14.056+0100: 34.780: Total time for which application threads were stopped: 0.0002933 seconds, Stopping threads took: 0.0000560 seconds
2020-10-25T11:43:14.057+0100: 34.781: Total time for which application threads were stopped: 0.0003150 seconds, Stopping threads took: 0.0000578 seconds
2020-10-25T11:43:14.072+0100: 34.796: Total time for which application threads were stopped: 0.0020668 seconds, Stopping threads took: 0.0018383 seconds
2020-10-25T11:43:14.104+0100: 34.828: Total time for which application threads were stopped: 0.0009737 seconds, Stopping threads took: 0.0000663 seconds
2020-10-25T11:43:14.105+0100: 34.829: Total time for which application threads were stopped: 0.0002818 seconds, Stopping threads took: 0.0000648 seconds
2020-10-25T11:43:14.214+0100: 34.938: Total time for which application threads were stopped: 0.0002819 seconds, Stopping threads took: 0.0000625 seconds
2020-10-25T11:43:14.378+0100: 35.102: Total time for which application threads were stopped: 0.0008644 seconds, Stopping threads took: 0.0006577 seconds
2020-10-25T11:43:14.803+0100: 35.527: Total time for which application threads were stopped: 0.0002649 seconds, Stopping threads took: 0.0000890 seconds
2020-10-25T11:43:16.803+0100: 37.528: Total time for which application threads were stopped: 0.0002746 seconds, Stopping threads took: 0.0000657 seconds
2020-10-25T11:43:16.824+0100: 37.548: Total time for which application threads were stopped: 0.0004618 seconds, Stopping threads took: 0.0002260 seconds
2020-10-25T11:43:16.824+0100: 37.549: Total time for which application threads were stopped: 0.0004940 seconds, Stopping threads took: 0.0002898 seconds
2020-10-25T11:43:16.886+0100: 37.610: Total time for which application threads were stopped: 0.0002155 seconds, Stopping threads took: 0.0000518 seconds
2020-10-25T11:43:16.887+0100: 37.611: Total time for which application threads were stopped: 0.0001775 seconds, Stopping threads took: 0.0000389 seconds
2020-10-25T11:43:16.898+0100: 37.623: Total time for which application threads were stopped: 0.0007223 seconds, Stopping threads took: 0.0000452 seconds
2020-10-25T11:43:16.913+0100: 37.637: Total time for which application threads were stopped: 0.0002896 seconds, Stopping threads took: 0.0001052 seconds
2020-10-25T11:43:16.913+0100: 37.638: Total time for which application threads were stopped: 0.0002024 seconds, Stopping threads took: 0.0000471 seconds
2020-10-25T11:43:16.914+0100: 37.638: Total time for which application threads were stopped: 0.0001819 seconds, Stopping threads took: 0.0000396 seconds
2020-10-25T11:43:16.933+0100: 37.657: Total time for which application threads were stopped: 0.0001834 seconds, Stopping threads took: 0.0000451 seconds
2020-10-25T11:43:16.948+0100: 37.672: Total time for which application threads were stopped: 0.0004964 seconds, Stopping threads took: 0.0000457 seconds
2020-10-25T11:43:16.951+0100: 37.676: Total time for which application threads were stopped: 0.0002381 seconds, Stopping threads took: 0.0000946 seconds
2020-10-25T11:43:16.952+0100: 37.676: Total time for which application threads were stopped: 0.0002060 seconds, Stopping threads took: 0.0000515 seconds
2020-10-25T11:43:16.952+0100: 37.677: Total time for which application threads were stopped: 0.0001338 seconds, Stopping threads took: 0.0000328 seconds
2020-10-25T11:43:16.977+0100: 37.701: Total time for which application threads were stopped: 0.0002513 seconds, Stopping threads took: 0.0000650 seconds
2020-10-25T11:43:16.977+0100: 37.702: Total time for which application threads were stopped: 0.0001826 seconds, Stopping threads took: 0.0000624 seconds
2020-10-25T11:43:16.977+0100: 37.702: Total time for which application threads were stopped: 0.0001488 seconds, Stopping threads took: 0.0000406 seconds
2020-10-25T11:43:16.978+0100: 37.702: Total time for which application threads were stopped: 0.0001118 seconds, Stopping threads took: 0.0000348 seconds
2020-10-25T11:43:16.978+0100: 37.702: Total time for which application threads were stopped: 0.0001540 seconds, Stopping threads took: 0.0000730 seconds
2020-10-25T11:43:16.978+0100: 37.702: Total time for which application threads were stopped: 0.0002559 seconds, Stopping threads took: 0.0001739 seconds
2020-10-25T11:43:16.978+0100: 37.703: Total time for which application threads were stopped: 0.0001675 seconds, Stopping threads took: 0.0000749 seconds
2020-10-25T11:43:16.978+0100: 37.703: Total time for which application threads were stopped: 0.0001093 seconds, Stopping threads took: 0.0000358 seconds
2020-10-25T11:43:16.978+0100: 37.703: Total time for which application threads were stopped: 0.0001450 seconds, Stopping threads took: 0.0000707 seconds
2020-10-25T11:43:16.979+0100: 37.703: Total time for which application threads were stopped: 0.0001991 seconds, Stopping threads took: 0.0001205 seconds
2020-10-25T11:43:16.980+0100: 37.704: Total time for which application threads were stopped: 0.0002198 seconds, Stopping threads took: 0.0001415 seconds
2020-10-25T11:43:16.980+0100: 37.704: Total time for which application threads were stopped: 0.0001066 seconds, Stopping threads took: 0.0000362 seconds
2020-10-25T11:43:16.980+0100: 37.704: Total time for which application threads were stopped: 0.0001878 seconds, Stopping threads took: 0.0001082 seconds
2020-10-25T11:43:16.980+0100: 37.704: Total time for which application threads were stopped: 0.0002213 seconds, Stopping threads took: 0.0001433 seconds
2020-10-25T11:43:16.980+0100: 37.704: Total time for which application threads were stopped: 0.0001105 seconds, Stopping threads took: 0.0000375 seconds
2020-10-25T11:43:16.980+0100: 37.705: Total time for which application threads were stopped: 0.0001318 seconds, Stopping threads took: 0.0000593 seconds
2020-10-25T11:43:16.981+0100: 37.705: Total time for which application threads were stopped: 0.0002058 seconds, Stopping threads took: 0.0001280 seconds
2020-10-25T11:43:16.981+0100: 37.705: Total time for which application threads were stopped: 0.0001001 seconds, Stopping threads took: 0.0000289 seconds
2020-10-25T11:43:16.981+0100: 37.705: Total time for which application threads were stopped: 0.0000979 seconds, Stopping threads took: 0.0000286 seconds
2020-10-25T11:43:16.981+0100: 37.706: Total time for which application threads were stopped: 0.0005294 seconds, Stopping threads took: 0.0001283 seconds
2020-10-25T11:43:17.046+0100: 37.770: Total time for which application threads were stopped: 0.0004408 seconds, Stopping threads took: 0.0001188 seconds
2020-10-25T11:43:17.078+0100: 37.802: Total time for which application threads were stopped: 0.0006688 seconds, Stopping threads took: 0.0003577 seconds
2020-10-25T11:43:17.079+0100: 37.803: Total time for which application threads were stopped: 0.0003837 seconds, Stopping threads took: 0.0001802 seconds
2020-10-25T11:43:17.080+0100: 37.804: Total time for which application threads were stopped: 0.0004403 seconds, Stopping threads took: 0.0001823 seconds
2020-10-25T11:43:17.212+0100: 37.937: Total time for which application threads were stopped: 0.0002921 seconds, Stopping threads took: 0.0000822 seconds
2020-10-25T11:43:17.240+0100: 37.965: Total time for which application threads were stopped: 0.0002913 seconds, Stopping threads took: 0.0000538 seconds
2020-10-25T11:43:21.176+0100: 41.900: Total time for which application threads were stopped: 0.0004463 seconds, Stopping threads took: 0.0001168 seconds
2020-10-25T11:43:21.179+0100: 41.903: Total time for which application threads were stopped: 0.0004066 seconds, Stopping threads took: 0.0001307 seconds
2020-10-25T11:43:21.237+0100: 41.962: Total time for which application threads were stopped: 0.0003941 seconds, Stopping threads took: 0.0000995 seconds
2020-10-25T11:43:35.241+0100: 55.965: Total time for which application threads were stopped: 0.0002447 seconds, Stopping threads took: 0.0000647 seconds
2020-10-25T11:43:39.243+0100: 59.967: Total time for which application threads were stopped: 0.0002471 seconds, Stopping threads took: 0.0000697 seconds
2020-10-25T11:43:40.245+0100: 60.969: Total time for which application threads were stopped: 0.0002626 seconds, Stopping threads took: 0.0000688 seconds
2020-10-25T11:43:40.257+0100: 60.982: Total time for which application threads were stopped: 0.0001970 seconds, Stopping threads took: 0.0000466 seconds
2020-10-25T11:43:40.686+0100: 61.410: Total time for which application threads were stopped: 0.0005616 seconds, Stopping threads took: 0.0001430 seconds
2020-10-25T11:43:40.739+0100: 61.463: Total time for which application threads were stopped: 0.0003527 seconds, Stopping threads took: 0.0000853 seconds
2020-10-25T11:43:40.861+0100: 61.586: Total time for which application threads were stopped: 0.0013792 seconds, Stopping threads took: 0.0009931 seconds
2020-10-25T11:43:40.863+0100: 61.587: Total time for which application threads were stopped: 0.0006703 seconds, Stopping threads took: 0.0001924 seconds
2020-10-25T11:43:40.864+0100: 61.588: Total time for which application threads were stopped: 0.0006447 seconds, Stopping threads took: 0.0003024 seconds
2020-10-25T11:43:40.864+0100: 61.589: Total time for which application threads were stopped: 0.0006055 seconds, Stopping threads took: 0.0001640 seconds
2020-10-25T11:43:40.868+0100: 61.592: Total time for which application threads were stopped: 0.0007406 seconds, Stopping threads took: 0.0002792 seconds
{Heap before GC invocations=10 (full 0):
 garbage-first heap   total 524288K, used 330752K [0x00000000e0000000, 0x00000000e0101000, 0x0000000100000000)
  region size 1024K, 307 young (314368K), 16 survivors (16384K)
 Metaspace       used 51179K, capacity 52890K, committed 53112K, reserved 1095680K
  class space    used 6336K, capacity 6711K, committed 6832K, reserved 1048576K
2020-10-25T11:43:40.984+0100: 61.709: [GC pause (G1 Evacuation Pause) (young)
Desired survivor size 20447232 bytes, new threshold 15 (max 15)
- age   1:    1937144 bytes,    1937144 total
- age   2:    2563032 bytes,    4500176 total
- age   3:     733784 bytes,    5233960 total
- age   4:    5473472 bytes,   10707432 total
- age   5:    1678696 bytes,   12386128 total
- age   6:    1244136 bytes,   13630264 total
, 0.0418321 secs]
   [Parallel Time: 37.6 ms, GC Workers: 4]
      [GC Worker Start (ms): Min: 61708.9, Avg: 61708.9, Max: 61709.0, Diff: 0.0]
      [Ext Root Scanning (ms): Min: 2.3, Avg: 3.9, Max: 5.4, Diff: 3.1, Sum: 15.6]
      [Update RS (ms): Min: 0.0, Avg: 0.8, Max: 1.1, Diff: 1.1, Sum: 3.1]
         [Processed Buffers: Min: 0, Avg: 7.0, Max: 14, Diff: 14, Sum: 28]
      [Scan RS (ms): Min: 0.0, Avg: 0.1, Max: 0.2, Diff: 0.1, Sum: 0.2]
      [Code Root Scanning (ms): Min: 0.1, Avg: 3.1, Max: 8.2, Diff: 8.1, Sum: 12.4]
      [Object Copy (ms): Min: 25.8, Avg: 29.6, Max: 32.0, Diff: 6.1, Sum: 118.6]
      [Termination (ms): Min: 0.0, Avg: 0.0, Max: 0.0, Diff: 0.0, Sum: 0.0]
         [Termination Attempts: Min: 1, Avg: 22.3, Max: 34, Diff: 33, Sum: 89]
      [GC Worker Other (ms): Min: 0.0, Avg: 0.0, Max: 0.0, Diff: 0.0, Sum: 0.1]
      [GC Worker Total (ms): Min: 37.5, Avg: 37.5, Max: 37.5, Diff: 0.0, Sum: 150.1]
      [GC Worker End (ms): Min: 61746.5, Avg: 61746.5, Max: 61746.5, Diff: 0.0]
   [Code Root Fixup: 0.2 ms]
   [Code Root Purge: 0.1 ms]
   [Clear CT: 0.1 ms]
   [Other: 3.9 ms]
      [Choose CSet: 0.0 ms]
      [Ref Proc: 2.9 ms]
      [Ref Enq: 0.1 ms]
      [Redirty Cards: 0.1 ms]
      [Humongous Register: 0.0 ms]
      [Humongous Reclaim: 0.0 ms]
      [Free CSet: 0.5 ms]
   [Eden: 291.0M(291.0M)->0.0B(275.0M) Survivors: 16.0M->32.0M Heap: 323.0M(512.0M)->48.0M(512.0M)]
Heap after GC invocations=11 (full 0):
 garbage-first heap   total 524288K, used 49152K [0x00000000e0000000, 0x00000000e0101000, 0x0000000100000000)
  region size 1024K, 32 young (32768K), 32 survivors (32768K)
 Metaspace       used 51179K, capacity 52890K, committed 53112K, reserved 1095680K
  class space    used 6336K, capacity 6711K, committed 6832K, reserved 1048576K
}
 [Times: user=0.14 sys=0.00, real=0.04 secs] 
2020-10-25T11:43:41.027+0100: 61.751: Total time for which application threads were stopped: 0.0425546 seconds, Stopping threads took: 0.0000800 seconds
2020-10-25T11:43:41.069+0100: 61.794: Total time for which application threads were stopped: 0.0012916 seconds, Stopping threads took: 0.0010151 seconds
2020-10-25T11:43:41.075+0100: 61.799: Total time for which application threads were stopped: 0.0004835 seconds, Stopping threads took: 0.0002312 seconds
2020-10-25T11:43:41.084+0100: 61.809: Total time for which application threads were stopped: 0.0018725 seconds, Stopping threads took: 0.0016057 seconds
2020-10-25T11:43:41.102+0100: 61.826: Total time for which application threads were stopped: 0.0003670 seconds, Stopping threads took: 0.0001096 seconds
2020-10-25T11:43:41.233+0100: 61.958: Total time for which application threads were stopped: 0.0032425 seconds, Stopping threads took: 0.0029726 seconds
2020-10-25T11:43:41.405+0100: 62.129: Total time for which application threads were stopped: 0.0088046 seconds, Stopping threads took: 0.0085314 seconds
2020-10-25T11:43:41.405+0100: 62.130: Total time for which application threads were stopped: 0.0002676 seconds, Stopping threads took: 0.0000869 seconds
2020-10-25T11:43:41.450+0100: 62.174: Total time for which application threads were stopped: 0.0021770 seconds, Stopping threads took: 0.0019059 seconds
2020-10-25T11:43:41.478+0100: 62.202: Total time for which application threads were stopped: 0.0026653 seconds, Stopping threads took: 0.0023752 seconds
{Heap before GC invocations=11 (full 0):
 garbage-first heap   total 524288K, used 330752K [0x00000000e0000000, 0x00000000e0101000, 0x0000000100000000)
  region size 1024K, 307 young (314368K), 32 survivors (32768K)
 Metaspace       used 51233K, capacity 52972K, committed 53112K, reserved 1095680K
  class space    used 6338K, capacity 6714K, committed 6832K, reserved 1048576K
2020-10-25T11:43:41.488+0100: 62.212: [GC pause (G1 Evacuation Pause) (young)
Desired survivor size 20447232 bytes, new threshold 5 (max 15)
- age   1:   10172384 bytes,   10172384 total
- age   2:    1885864 bytes,   12058248 total
- age   3:    2545360 bytes,   14603608 total
- age   4:     705744 bytes,   15309352 total
- age   5:    5411872 bytes,   20721224 total
- age   6:    1671904 bytes,   22393128 total
- age   7:    1241984 bytes,   23635112 total
, 0.0350830 secs]
   [Parallel Time: 33.0 ms, GC Workers: 4]
      [GC Worker Start (ms): Min: 62212.0, Avg: 62212.1, Max: 62212.3, Diff: 0.3]
      [Ext Root Scanning (ms): Min: 1.7, Avg: 2.4, Max: 3.6, Diff: 2.0, Sum: 9.7]
      [Update RS (ms): Min: 0.2, Avg: 0.7, Max: 0.9, Diff: 0.7, Sum: 2.6]
         [Processed Buffers: Min: 1, Avg: 3.8, Max: 7, Diff: 6, Sum: 15]
      [Scan RS (ms): Min: 0.0, Avg: 0.1, Max: 0.1, Diff: 0.1, Sum: 0.2]
      [Code Root Scanning (ms): Min: 0.0, Avg: 1.2, Max: 2.3, Diff: 2.2, Sum: 4.7]
      [Object Copy (ms): Min: 26.8, Avg: 28.5, Max: 30.0, Diff: 3.3, Sum: 114.1]
      [Termination (ms): Min: 0.0, Avg: 0.0, Max: 0.0, Diff: 0.0, Sum: 0.0]
         [Termination Attempts: Min: 1, Avg: 1.0, Max: 1, Diff: 0, Sum: 4]
      [GC Worker Other (ms): Min: 0.0, Avg: 0.0, Max: 0.0, Diff: 0.0, Sum: 0.1]
      [GC Worker Total (ms): Min: 32.6, Avg: 32.9, Max: 33.0, Diff: 0.3, Sum: 131.5]
      [GC Worker End (ms): Min: 62245.0, Avg: 62245.0, Max: 62245.0, Diff: 0.0]
   [Code Root Fixup: 0.2 ms]
   [Code Root Purge: 0.0 ms]
   [Clear CT: 0.1 ms]
   [Other: 1.8 ms]
      [Choose CSet: 0.0 ms]
      [Ref Proc: 1.1 ms]
      [Ref Enq: 0.0 ms]
      [Redirty Cards: 0.0 ms]
      [Humongous Register: 0.0 ms]
      [Humongous Reclaim: 0.0 ms]
      [Free CSet: 0.4 ms]
   [Eden: 275.0M(275.0M)->0.0B(285.0M) Survivors: 32.0M->22.0M Heap: 323.0M(512.0M)->46.1M(512.0M)]
Heap after GC invocations=12 (full 0):
 garbage-first heap   total 524288K, used 47183K [0x00000000e0000000, 0x00000000e0101000, 0x0000000100000000)
  region size 1024K, 22 young (22528K), 22 survivors (22528K)
 Metaspace       used 51233K, capacity 52972K, committed 53112K, reserved 1095680K
  class space    used 6338K, capacity 6714K, committed 6832K, reserved 1048576K
}
 [Times: user=0.13 sys=0.00, real=0.04 secs] 
2020-10-25T11:43:41.523+0100: 62.247: Total time for which application threads were stopped: 0.0358054 seconds, Stopping threads took: 0.0000735 seconds
2020-10-25T11:43:41.656+0100: 62.380: Total time for which application threads were stopped: 0.0035466 seconds, Stopping threads took: 0.0033025 seconds
2020-10-25T11:43:41.673+0100: 62.397: Total time for which application threads were stopped: 0.0003608 seconds, Stopping threads took: 0.0001020 seconds
2020-10-25T11:43:41.912+0100: 62.637: Total time for which application threads were stopped: 0.0013178 seconds, Stopping threads took: 0.0009865 seconds
2020-10-25T11:43:41.912+0100: 62.637: Total time for which application threads were stopped: 0.0003051 seconds, Stopping threads took: 0.0000897 seconds
2020-10-25T11:43:41.913+0100: 62.638: Total time for which application threads were stopped: 0.0002992 seconds, Stopping threads took: 0.0000742 seconds
2020-10-25T11:43:41.916+0100: 62.641: Total time for which application threads were stopped: 0.0003647 seconds, Stopping threads took: 0.0000999 seconds
2020-10-25T11:43:41.920+0100: 62.645: Total time for which application threads were stopped: 0.0014767 seconds, Stopping threads took: 0.0003587 seconds
2020-10-25T11:43:41.925+0100: 62.650: Total time for which application threads were stopped: 0.0003248 seconds, Stopping threads took: 0.0000564 seconds
2020-10-25T11:43:41.980+0100: 62.705: Total time for which application threads were stopped: 0.0014623 seconds, Stopping threads took: 0.0011816 seconds
2020-10-25T11:43:41.981+0100: 62.706: Total time for which application threads were stopped: 0.0002823 seconds, Stopping threads took: 0.0000637 seconds
2020-10-25T11:43:42.172+0100: 62.897: Total time for which application threads were stopped: 0.0240194 seconds, Stopping threads took: 0.0237501 seconds
2020-10-25T11:43:42.173+0100: 62.898: Total time for which application threads were stopped: 0.0003110 seconds, Stopping threads took: 0.0000771 seconds
2020-10-25T11:43:42.174+0100: 62.898: Total time for which application threads were stopped: 0.0002485 seconds, Stopping threads took: 0.0000457 seconds
2020-10-25T11:43:42.192+0100: 62.917: Total time for which application threads were stopped: 0.0030133 seconds, Stopping threads took: 0.0027598 seconds
2020-10-25T11:43:42.206+0100: 62.931: Total time for which application threads were stopped: 0.0005015 seconds, Stopping threads took: 0.0002176 seconds
2020-10-25T11:43:42.211+0100: 62.936: Total time for which application threads were stopped: 0.0003515 seconds, Stopping threads took: 0.0000779 seconds
2020-10-25T11:43:42.249+0100: 62.974: Total time for which application threads were stopped: 0.0022687 seconds, Stopping threads took: 0.0019462 seconds
2020-10-25T11:43:42.473+0100: 63.197: Total time for which application threads were stopped: 0.0028231 seconds, Stopping threads took: 0.0025390 seconds
2020-10-25T11:43:42.473+0100: 63.198: Total time for which application threads were stopped: 0.0003903 seconds, Stopping threads took: 0.0000924 seconds
2020-10-25T11:43:42.474+0100: 63.199: Total time for which application threads were stopped: 0.0003193 seconds, Stopping threads took: 0.0001241 seconds
2020-10-25T11:43:42.525+0100: 63.250: Total time for which application threads were stopped: 0.0348431 seconds, Stopping threads took: 0.0344761 seconds
2020-10-25T11:43:42.547+0100: 63.271: Total time for which application threads were stopped: 0.0015323 seconds, Stopping threads took: 0.0012275 seconds
2020-10-25T11:43:42.587+0100: 63.311: Total time for which application threads were stopped: 0.0017083 seconds, Stopping threads took: 0.0014518 seconds
2020-10-25T11:43:42.588+0100: 63.312: Total time for which application threads were stopped: 0.0004933 seconds, Stopping threads took: 0.0002819 seconds
2020-10-25T11:43:42.777+0100: 63.501: Total time for which application threads were stopped: 0.0021184 seconds, Stopping threads took: 0.0018394 seconds
2020-10-25T11:43:42.777+0100: 63.501: Total time for which application threads were stopped: 0.0003150 seconds, Stopping threads took: 0.0000872 seconds
2020-10-25T11:43:42.784+0100: 63.509: Total time for which application threads were stopped: 0.0010064 seconds, Stopping threads took: 0.0000799 seconds
2020-10-25T11:43:42.814+0100: 63.538: Total time for which application threads were stopped: 0.0041492 seconds, Stopping threads took: 0.0039036 seconds
2020-10-25T11:43:42.820+0100: 63.544: Total time for which application threads were stopped: 0.0014642 seconds, Stopping threads took: 0.0011982 seconds
2020-10-25T11:43:42.821+0100: 63.546: Total time for which application threads were stopped: 0.0003086 seconds, Stopping threads took: 0.0000813 seconds
2020-10-25T11:43:42.844+0100: 63.569: Total time for which application threads were stopped: 0.0003717 seconds, Stopping threads took: 0.0001491 seconds
2020-10-25T11:43:42.845+0100: 63.569: Total time for which application threads were stopped: 0.0001876 seconds, Stopping threads took: 0.0000431 seconds
2020-10-25T11:43:42.845+0100: 63.569: Total time for which application threads were stopped: 0.0002164 seconds, Stopping threads took: 0.0000630 seconds
2020-10-25T11:43:42.846+0100: 63.570: Total time for which application threads were stopped: 0.0002457 seconds, Stopping threads took: 0.0000492 seconds
2020-10-25T11:43:42.846+0100: 63.571: Total time for which application threads were stopped: 0.0002455 seconds, Stopping threads took: 0.0000612 seconds
2020-10-25T11:43:42.846+0100: 63.571: Total time for which application threads were stopped: 0.0002333 seconds, Stopping threads took: 0.0000682 seconds
2020-10-25T11:43:42.854+0100: 63.578: Total time for which application threads were stopped: 0.0003361 seconds, Stopping threads took: 0.0000945 seconds
2020-10-25T11:43:42.854+0100: 63.579: Total time for which application threads were stopped: 0.0003097 seconds, Stopping threads took: 0.0000964 seconds
2020-10-25T11:43:42.855+0100: 63.579: Total time for which application threads were stopped: 0.0001903 seconds, Stopping threads took: 0.0000421 seconds
2020-10-25T11:43:42.855+0100: 63.579: Total time for which application threads were stopped: 0.0002131 seconds, Stopping threads took: 0.0000622 seconds
2020-10-25T11:43:42.855+0100: 63.580: Total time for which application threads were stopped: 0.0002265 seconds, Stopping threads took: 0.0000601 seconds
2020-10-25T11:43:42.856+0100: 63.580: Total time for which application threads were stopped: 0.0002127 seconds, Stopping threads took: 0.0000593 seconds
2020-10-25T11:43:42.856+0100: 63.580: Total time for which application threads were stopped: 0.0002604 seconds, Stopping threads took: 0.0000435 seconds
2020-10-25T11:43:42.856+0100: 63.580: Total time for which application threads were stopped: 0.0002383 seconds, Stopping threads took: 0.0000748 seconds
2020-10-25T11:43:42.857+0100: 63.581: Total time for which application threads were stopped: 0.0002582 seconds, Stopping threads took: 0.0000628 seconds
2020-10-25T11:43:42.857+0100: 63.582: Total time for which application threads were stopped: 0.0002015 seconds, Stopping threads took: 0.0000564 seconds
2020-10-25T11:43:42.858+0100: 63.582: Total time for which application threads were stopped: 0.0002591 seconds, Stopping threads took: 0.0000713 seconds
2020-10-25T11:43:42.859+0100: 63.583: Total time for which application threads were stopped: 0.0003329 seconds, Stopping threads took: 0.0000900 seconds
2020-10-25T11:43:42.859+0100: 63.583: Total time for which application threads were stopped: 0.0002603 seconds, Stopping threads took: 0.0000665 seconds
2020-10-25T11:43:42.860+0100: 63.584: Total time for which application threads were stopped: 0.0009449 seconds, Stopping threads took: 0.0000646 seconds
2020-10-25T11:43:42.863+0100: 63.588: Total time for which application threads were stopped: 0.0003568 seconds, Stopping threads took: 0.0001011 seconds
2020-10-25T11:43:42.883+0100: 63.607: Total time for which application threads were stopped: 0.0003464 seconds, Stopping threads took: 0.0000964 seconds
2020-10-25T11:43:42.883+0100: 63.607: Total time for which application threads were stopped: 0.0002225 seconds, Stopping threads took: 0.0000582 seconds
2020-10-25T11:43:42.888+0100: 63.612: Total time for which application threads were stopped: 0.0010705 seconds, Stopping threads took: 0.0001140 seconds
2020-10-25T11:43:42.934+0100: 63.658: Total time for which application threads were stopped: 0.0016218 seconds, Stopping threads took: 0.0013042 seconds
2020-10-25T11:43:42.934+0100: 63.659: Total time for which application threads were stopped: 0.0002754 seconds, Stopping threads took: 0.0000782 seconds
2020-10-25T11:43:42.938+0100: 63.662: Total time for which application threads were stopped: 0.0010222 seconds, Stopping threads took: 0.0007826 seconds
2020-10-25T11:43:42.938+0100: 63.662: Total time for which application threads were stopped: 0.0002734 seconds, Stopping threads took: 0.0000704 seconds
2020-10-25T11:43:42.948+0100: 63.672: Total time for which application threads were stopped: 0.0014530 seconds, Stopping threads took: 0.0012133 seconds
2020-10-25T11:43:42.949+0100: 63.673: Total time for which application threads were stopped: 0.0002867 seconds, Stopping threads took: 0.0000713 seconds
2020-10-25T11:43:42.952+0100: 63.677: Total time for which application threads were stopped: 0.0003431 seconds, Stopping threads took: 0.0000914 seconds
2020-10-25T11:43:42.953+0100: 63.677: Total time for which application threads were stopped: 0.0002619 seconds, Stopping threads took: 0.0000603 seconds
2020-10-25T11:43:42.987+0100: 63.712: Total time for which application threads were stopped: 0.0003076 seconds, Stopping threads took: 0.0000844 seconds
2020-10-25T11:43:42.990+0100: 63.714: Total time for which application threads were stopped: 0.0002888 seconds, Stopping threads took: 0.0000807 seconds
2020-10-25T11:43:42.991+0100: 63.715: Total time for which application threads were stopped: 0.0004162 seconds, Stopping threads took: 0.0002353 seconds
2020-10-25T11:43:43.016+0100: 63.740: Total time for which application threads were stopped: 0.0002638 seconds, Stopping threads took: 0.0000580 seconds
2020-10-25T11:43:43.016+0100: 63.740: Total time for which application threads were stopped: 0.0001689 seconds, Stopping threads took: 0.0000377 seconds
2020-10-25T11:43:43.016+0100: 63.740: Total time for which application threads were stopped: 0.0001591 seconds, Stopping threads took: 0.0000344 seconds
2020-10-25T11:43:43.034+0100: 63.759: Total time for which application threads were stopped: 0.0003410 seconds, Stopping threads took: 0.0000887 seconds
2020-10-25T11:43:43.206+0100: 63.930: Total time for which application threads were stopped: 0.0003277 seconds, Stopping threads took: 0.0000633 seconds
2020-10-25T11:44:05.305+0100: 86.030: Total time for which application threads were stopped: 0.0007702 seconds, Stopping threads took: 0.0002550 seconds
2020-10-25T11:44:13.385+0100: 94.109: Total time for which application threads were stopped: 0.0005988 seconds, Stopping threads took: 0.0002143 seconds
2020-10-25T11:44:28.565+0100: 109.291: Total time for which application threads were stopped: 0.0005824 seconds, Stopping threads took: 0.0001195 seconds
2020-10-25T11:45:17.666+0100: 158.390: Total time for which application threads were stopped: 0.0004688 seconds, Stopping threads took: 0.0000912 seconds
2020-10-25T11:45:21.545+0100: 162.275: Total time for which application threads were stopped: 0.0005249 seconds, Stopping threads took: 0.0001257 seconds
2020-10-25T11:46:27.679+0100: 228.403: Total time for which application threads were stopped: 0.0002629 seconds, Stopping threads took: 0.0000661 seconds
2020-10-25T11:46:27.685+0100: 228.409: Total time for which application threads were stopped: 0.0002313 seconds, Stopping threads took: 0.0000542 seconds
2020-10-25T11:46:28.256+0100: 228.980: Total time for which application threads were stopped: 0.0005456 seconds, Stopping threads took: 0.0001270 seconds
2020-10-25T11:46:28.641+0100: 229.366: Total time for which application threads were stopped: 0.0008212 seconds, Stopping threads took: 0.0005646 seconds
{Heap before GC invocations=12 (full 0):
 garbage-first heap   total 524288K, used 339023K [0x00000000e0000000, 0x00000000e0101000, 0x0000000100000000)
  region size 1024K, 307 young (314368K), 22 survivors (22528K)
 Metaspace       used 51727K, capacity 53634K, committed 53880K, reserved 1095680K
  class space    used 6372K, capacity 6780K, committed 6832K, reserved 1048576K
2020-10-25T11:46:28.762+0100: 229.486: [GC pause (G1 Evacuation Pause) (young)
Desired survivor size 20447232 bytes, new threshold 15 (max 15)
- age   1:    2891640 bytes,    2891640 total
- age   2:    9897496 bytes,   12789136 total
- age   3:    1885736 bytes,   14674872 total
- age   4:    2545280 bytes,   17220152 total
- age   5:     705408 bytes,   17925560 total
, 0.0318277 secs]
   [Parallel Time: 29.9 ms, GC Workers: 4]
      [GC Worker Start (ms): Min: 229486.5, Avg: 229486.5, Max: 229486.5, Diff: 0.0]
      [Ext Root Scanning (ms): Min: 0.9, Avg: 1.4, Max: 2.5, Diff: 1.6, Sum: 5.7]
      [Update RS (ms): Min: 0.1, Avg: 0.8, Max: 1.1, Diff: 0.9, Sum: 3.2]
         [Processed Buffers: Min: 7, Avg: 13.8, Max: 18, Diff: 11, Sum: 55]
      [Scan RS (ms): Min: 0.1, Avg: 0.8, Max: 1.2, Diff: 1.1, Sum: 3.4]
      [Code Root Scanning (ms): Min: 0.0, Avg: 0.9, Max: 1.2, Diff: 1.2, Sum: 3.5]
      [Object Copy (ms): Min: 25.0, Avg: 25.9, Max: 26.6, Diff: 1.6, Sum: 103.5]
      [Termination (ms): Min: 0.0, Avg: 0.0, Max: 0.0, Diff: 0.0, Sum: 0.0]
         [Termination Attempts: Min: 1, Avg: 1.0, Max: 1, Diff: 0, Sum: 4]
      [GC Worker Other (ms): Min: 0.0, Avg: 0.0, Max: 0.0, Diff: 0.0, Sum: 0.1]
      [GC Worker Total (ms): Min: 29.8, Avg: 29.8, Max: 29.8, Diff: 0.0, Sum: 119.3]
      [GC Worker End (ms): Min: 229516.3, Avg: 229516.4, Max: 229516.4, Diff: 0.0]
   [Code Root Fixup: 0.1 ms]
   [Code Root Purge: 0.0 ms]
   [Clear CT: 0.1 ms]
   [Other: 1.7 ms]
      [Choose CSet: 0.0 ms]
      [Ref Proc: 1.0 ms]
      [Ref Enq: 0.0 ms]
      [Redirty Cards: 0.1 ms]
      [Humongous Register: 0.0 ms]
      [Humongous Reclaim: 0.0 ms]
      [Free CSet: 0.4 ms]
   [Eden: 285.0M(285.0M)->0.0B(282.0M) Survivors: 22.0M->25.0M Heap: 331.1M(512.0M)->48.6M(512.0M)]
Heap after GC invocations=13 (full 0):
 garbage-first heap   total 524288K, used 49743K [0x00000000e0000000, 0x00000000e0101000, 0x0000000100000000)
  region size 1024K, 25 young (25600K), 25 survivors (25600K)
 Metaspace       used 51727K, capacity 53634K, committed 53880K, reserved 1095680K
  class space    used 6372K, capacity 6780K, committed 6832K, reserved 1048576K
}
 [Times: user=0.13 sys=0.00, real=0.03 secs] 
2020-10-25T11:46:28.794+0100: 229.518: Total time for which application threads were stopped: 0.0403017 seconds, Stopping threads took: 0.0077715 seconds
2020-10-25T11:46:28.806+0100: 229.531: Total time for which application threads were stopped: 0.0002852 seconds, Stopping threads took: 0.0001001 seconds
2020-10-25T11:46:28.821+0100: 229.546: Total time for which application threads were stopped: 0.0076371 seconds, Stopping threads took: 0.0074194 seconds
2020-10-25T11:46:28.824+0100: 229.549: Total time for which application threads were stopped: 0.0019318 seconds, Stopping threads took: 0.0017348 seconds
2020-10-25T11:46:28.831+0100: 229.556: Total time for which application threads were stopped: 0.0023707 seconds, Stopping threads took: 0.0021386 seconds
2020-10-25T11:46:29.263+0100: 229.988: Total time for which application threads were stopped: 0.0012971 seconds, Stopping threads took: 0.0010150 seconds
2020-10-25T11:46:29.272+0100: 229.997: Total time for which application threads were stopped: 0.0011339 seconds, Stopping threads took: 0.0009080 seconds
2020-10-25T11:46:29.563+0100: 230.287: Total time for which application threads were stopped: 0.0323609 seconds, Stopping threads took: 0.0321015 seconds
2020-10-25T11:46:29.574+0100: 230.298: Total time for which application threads were stopped: 0.0038784 seconds, Stopping threads took: 0.0036844 seconds
2020-10-25T11:46:29.616+0100: 230.340: Total time for which application threads were stopped: 0.0035964 seconds, Stopping threads took: 0.0033490 seconds
2020-10-25T11:46:29.644+0100: 230.369: Total time for which application threads were stopped: 0.0171450 seconds, Stopping threads took: 0.0169281 seconds
2020-10-25T11:46:30.059+0100: 230.783: Total time for which application threads were stopped: 0.0034580 seconds, Stopping threads took: 0.0031844 seconds
2020-10-25T11:46:30.064+0100: 230.788: Total time for which application threads were stopped: 0.0004280 seconds, Stopping threads took: 0.0002119 seconds
2020-10-25T11:46:30.075+0100: 230.799: Total time for which application threads were stopped: 0.0029808 seconds, Stopping threads took: 0.0027532 seconds
2020-10-25T11:46:30.082+0100: 230.806: Total time for which application threads were stopped: 0.0003449 seconds, Stopping threads took: 0.0000669 seconds
{Heap before GC invocations=13 (full 0):
 garbage-first heap   total 524288K, used 338511K [0x00000000e0000000, 0x00000000e0101000, 0x0000000100000000)
  region size 1024K, 307 young (314368K), 25 survivors (25600K)
 Metaspace       used 51998K, capacity 53966K, committed 54136K, reserved 1097728K
  class space    used 6391K, capacity 6814K, committed 6832K, reserved 1048576K
2020-10-25T11:46:30.148+0100: 230.872: [GC pause (G1 Evacuation Pause) (young)
Desired survivor size 20447232 bytes, new threshold 5 (max 15)
- age   1:    9600952 bytes,    9600952 total
- age   2:     745296 bytes,   10346248 total
- age   3:    5848632 bytes,   16194880 total
- age   4:    1850264 bytes,   18045144 total
- age   5:    2543632 bytes,   20588776 total
- age   6:     705408 bytes,   21294184 total
, 0.0330890 secs]
   [Parallel Time: 31.1 ms, GC Workers: 4]
      [GC Worker Start (ms): Min: 230871.9, Avg: 230871.9, Max: 230871.9, Diff: 0.0]
      [Ext Root Scanning (ms): Min: 1.5, Avg: 1.8, Max: 2.4, Diff: 0.9, Sum: 7.1]
      [Update RS (ms): Min: 1.1, Avg: 1.1, Max: 1.2, Diff: 0.1, Sum: 4.5]
         [Processed Buffers: Min: 2, Avg: 6.5, Max: 9, Diff: 7, Sum: 26]
      [Scan RS (ms): Min: 0.0, Avg: 0.1, Max: 0.1, Diff: 0.1, Sum: 0.3]
      [Code Root Scanning (ms): Min: 0.0, Avg: 0.7, Max: 1.3, Diff: 1.3, Sum: 2.7]
      [Object Copy (ms): Min: 26.7, Avg: 27.4, Max: 28.3, Diff: 1.5, Sum: 109.4]
      [Termination (ms): Min: 0.0, Avg: 0.0, Max: 0.0, Diff: 0.0, Sum: 0.0]
         [Termination Attempts: Min: 1, Avg: 1.0, Max: 1, Diff: 0, Sum: 4]
      [GC Worker Other (ms): Min: 0.0, Avg: 0.0, Max: 0.0, Diff: 0.0, Sum: 0.1]
      [GC Worker Total (ms): Min: 31.0, Avg: 31.0, Max: 31.1, Diff: 0.0, Sum: 124.2]
      [GC Worker End (ms): Min: 230903.0, Avg: 230903.0, Max: 230903.0, Diff: 0.0]
   [Code Root Fixup: 0.1 ms]
   [Code Root Purge: 0.0 ms]
   [Clear CT: 0.1 ms]
   [Other: 1.8 ms]
      [Choose CSet: 0.0 ms]
      [Ref Proc: 1.0 ms]
      [Ref Enq: 0.1 ms]
      [Redirty Cards: 0.1 ms]
      [Humongous Register: 0.0 ms]
      [Humongous Reclaim: 0.0 ms]
      [Free CSet: 0.3 ms]
   [Eden: 282.0M(282.0M)->0.0B(285.0M) Survivors: 25.0M->22.0M Heap: 330.6M(512.0M)->49.8M(512.0M)]
Heap after GC invocations=14 (full 0):
 garbage-first heap   total 524288K, used 50952K [0x00000000e0000000, 0x00000000e0101000, 0x0000000100000000)
  region size 1024K, 22 young (22528K), 22 survivors (22528K)
 Metaspace       used 51998K, capacity 53966K, committed 54136K, reserved 1097728K
  class space    used 6391K, capacity 6814K, committed 6832K, reserved 1048576K
}
 [Times: user=0.11 sys=0.00, real=0.03 secs] 
2020-10-25T11:46:30.180+0100: 230.905: Total time for which application threads were stopped: 0.0389196 seconds, Stopping threads took: 0.0050803 seconds
2020-10-25T11:46:30.184+0100: 230.909: Total time for which application threads were stopped: 0.0003467 seconds, Stopping threads took: 0.0001001 seconds
2020-10-25T11:46:30.195+0100: 230.920: Total time for which application threads were stopped: 0.0021829 seconds, Stopping threads took: 0.0019842 seconds
2020-10-25T11:46:30.195+0100: 230.920: Total time for which application threads were stopped: 0.0005428 seconds, Stopping threads took: 0.0003900 seconds
2020-10-25T11:46:30.196+0100: 230.921: Total time for which application threads were stopped: 0.0001907 seconds, Stopping threads took: 0.0000579 seconds
2020-10-25T11:46:30.196+0100: 230.921: Total time for which application threads were stopped: 0.0001756 seconds, Stopping threads took: 0.0000489 seconds
2020-10-25T11:46:30.197+0100: 230.922: Total time for which application threads were stopped: 0.0005336 seconds, Stopping threads took: 0.0003666 seconds
2020-10-25T11:46:30.204+0100: 230.929: Total time for which application threads were stopped: 0.0003714 seconds, Stopping threads took: 0.0001823 seconds
2020-10-25T11:46:30.239+0100: 230.964: Total time for which application threads were stopped: 0.0022609 seconds, Stopping threads took: 0.0020264 seconds
2020-10-25T11:46:30.239+0100: 230.964: Total time for which application threads were stopped: 0.0002102 seconds, Stopping threads took: 0.0000644 seconds
2020-10-25T11:46:30.243+0100: 230.968: Total time for which application threads were stopped: 0.0020322 seconds, Stopping threads took: 0.0018378 seconds
2020-10-25T11:46:30.244+0100: 230.969: Total time for which application threads were stopped: 0.0002703 seconds, Stopping threads took: 0.0000888 seconds
2020-10-25T11:46:30.245+0100: 230.970: Total time for which application threads were stopped: 0.0002255 seconds, Stopping threads took: 0.0000592 seconds
2020-10-25T11:46:30.245+0100: 230.970: Total time for which application threads were stopped: 0.0001684 seconds, Stopping threads took: 0.0000471 seconds
2020-10-25T11:46:30.284+0100: 231.009: Total time for which application threads were stopped: 0.0003161 seconds, Stopping threads took: 0.0000854 seconds
2020-10-25T11:46:30.284+0100: 231.009: Total time for which application threads were stopped: 0.0002078 seconds, Stopping threads took: 0.0000481 seconds
2020-10-25T11:46:30.284+0100: 231.009: Total time for which application threads were stopped: 0.0001558 seconds, Stopping threads took: 0.0000406 seconds
2020-10-25T11:46:30.284+0100: 231.009: Total time for which application threads were stopped: 0.0001453 seconds, Stopping threads took: 0.0000382 seconds
2020-10-25T11:46:30.285+0100: 231.010: Total time for which application threads were stopped: 0.0001468 seconds, Stopping threads took: 0.0000396 seconds
2020-10-25T11:46:30.285+0100: 231.010: Total time for which application threads were stopped: 0.0001449 seconds, Stopping threads took: 0.0000393 seconds
2020-10-25T11:46:30.285+0100: 231.010: Total time for which application threads were stopped: 0.0001449 seconds, Stopping threads took: 0.0000396 seconds
2020-10-25T11:46:30.285+0100: 231.010: Total time for which application threads were stopped: 0.0001575 seconds, Stopping threads took: 0.0000399 seconds
2020-10-25T11:46:30.285+0100: 231.010: Total time for which application threads were stopped: 0.0001568 seconds, Stopping threads took: 0.0000405 seconds
2020-10-25T11:46:30.286+0100: 231.010: Total time for which application threads were stopped: 0.0001640 seconds, Stopping threads took: 0.0000376 seconds
2020-10-25T11:46:30.286+0100: 231.011: Total time for which application threads were stopped: 0.0002078 seconds, Stopping threads took: 0.0000493 seconds
2020-10-25T11:46:30.288+0100: 231.013: Total time for which application threads were stopped: 0.0002939 seconds, Stopping threads took: 0.0000932 seconds
2020-10-25T11:46:30.288+0100: 231.013: Total time for which application threads were stopped: 0.0001909 seconds, Stopping threads took: 0.0000593 seconds
2020-10-25T11:46:30.289+0100: 231.014: Total time for which application threads were stopped: 0.0007453 seconds, Stopping threads took: 0.0000605 seconds
2020-10-25T11:46:30.291+0100: 231.016: Total time for which application threads were stopped: 0.0003023 seconds, Stopping threads took: 0.0000998 seconds
2020-10-25T11:46:30.292+0100: 231.017: Total time for which application threads were stopped: 0.0002954 seconds, Stopping threads took: 0.0000825 seconds
2020-10-25T11:46:30.293+0100: 231.018: Total time for which application threads were stopped: 0.0002024 seconds, Stopping threads took: 0.0000709 seconds
2020-10-25T11:46:30.358+0100: 231.083: Total time for which application threads were stopped: 0.0031250 seconds, Stopping threads took: 0.0029618 seconds
2020-10-25T11:46:30.365+0100: 231.090: Total time for which application threads were stopped: 0.0002286 seconds, Stopping threads took: 0.0000619 seconds
2020-10-25T11:46:30.367+0100: 231.092: Total time for which application threads were stopped: 0.0002378 seconds, Stopping threads took: 0.0000758 seconds
2020-10-25T11:46:30.367+0100: 231.092: Total time for which application threads were stopped: 0.0001440 seconds, Stopping threads took: 0.0000445 seconds
2020-10-25T11:46:30.367+0100: 231.092: Total time for which application threads were stopped: 0.0001333 seconds, Stopping threads took: 0.0000429 seconds
2020-10-25T11:46:30.368+0100: 231.092: Total time for which application threads were stopped: 0.0001303 seconds, Stopping threads took: 0.0000413 seconds
2020-10-25T11:46:30.403+0100: 231.128: Total time for which application threads were stopped: 0.0087113 seconds, Stopping threads took: 0.0085096 seconds
2020-10-25T11:46:30.407+0100: 231.132: Total time for which application threads were stopped: 0.0026651 seconds, Stopping threads took: 0.0024357 seconds
2020-10-25T11:46:30.408+0100: 231.133: Total time for which application threads were stopped: 0.0002200 seconds, Stopping threads took: 0.0000604 seconds
2020-10-25T11:46:30.554+0100: 231.279: Total time for which application threads were stopped: 0.0002564 seconds, Stopping threads took: 0.0000595 seconds
2020-10-25T11:47:22.574+0100: 283.299: Total time for which application threads were stopped: 0.0002917 seconds, Stopping threads took: 0.0001749 seconds
2020-10-25T11:47:42.308+0100: 303.033: Total time for which application threads were stopped: 0.0002375 seconds, Stopping threads took: 0.0000585 seconds
2020-10-25T11:47:42.855+0100: 303.580: Total time for which application threads were stopped: 0.0004064 seconds, Stopping threads took: 0.0001112 seconds
2020-10-25T11:47:43.241+0100: 303.966: Total time for which application threads were stopped: 0.0008094 seconds, Stopping threads took: 0.0004666 seconds
2020-10-25T11:47:43.570+0100: 304.295: Total time for which application threads were stopped: 0.0058259 seconds, Stopping threads took: 0.0056066 seconds
2020-10-25T11:47:43.571+0100: 304.296: Total time for which application threads were stopped: 0.0008549 seconds, Stopping threads took: 0.0000793 seconds
{Heap before GC invocations=14 (full 0):
 garbage-first heap   total 524288K, used 342792K [0x00000000e0000000, 0x00000000e0101000, 0x0000000100000000)
  region size 1024K, 307 young (314368K), 22 survivors (22528K)
 Metaspace       used 52200K, capacity 54200K, committed 54392K, reserved 1097728K
  class space    used 6396K, capacity 6821K, committed 6832K, reserved 1048576K
2020-10-25T11:47:43.622+0100: 304.346: [GC pause (G1 Evacuation Pause) (young)
Desired survivor size 20447232 bytes, new threshold 15 (max 15)
- age   1:    3384192 bytes,    3384192 total
- age   2:    8055416 bytes,   11439608 total
- age   3:     744760 bytes,   12184368 total
- age   4:    5845768 bytes,   18030136 total
- age   5:    1850264 bytes,   19880400 total
, 0.0357568 secs]
   [Parallel Time: 27.4 ms, GC Workers: 4]
      [GC Worker Start (ms): Min: 304346.3, Avg: 304346.3, Max: 304346.4, Diff: 0.0]
      [Ext Root Scanning (ms): Min: 0.8, Avg: 1.3, Max: 2.5, Diff: 1.8, Sum: 5.1]
      [Update RS (ms): Min: 1.1, Avg: 2.2, Max: 2.6, Diff: 1.5, Sum: 8.6]
         [Processed Buffers: Min: 4, Avg: 11.3, Max: 18, Diff: 14, Sum: 45]
      [Scan RS (ms): Min: 0.2, Avg: 0.4, Max: 0.7, Diff: 0.5, Sum: 1.6]
      [Code Root Scanning (ms): Min: 0.0, Avg: 0.3, Max: 0.7, Diff: 0.7, Sum: 1.4]
      [Object Copy (ms): Min: 22.9, Avg: 23.2, Max: 23.5, Diff: 0.6, Sum: 92.7]
      [Termination (ms): Min: 0.0, Avg: 0.0, Max: 0.0, Diff: 0.0, Sum: 0.0]
         [Termination Attempts: Min: 1, Avg: 1.0, Max: 1, Diff: 0, Sum: 4]
      [GC Worker Other (ms): Min: 0.0, Avg: 0.0, Max: 0.0, Diff: 0.0, Sum: 0.1]
      [GC Worker Total (ms): Min: 27.4, Avg: 27.4, Max: 27.4, Diff: 0.0, Sum: 109.5]
      [GC Worker End (ms): Min: 304373.7, Avg: 304373.7, Max: 304373.7, Diff: 0.0]
   [Code Root Fixup: 0.0 ms]
   [Code Root Purge: 0.0 ms]
   [Clear CT: 0.1 ms]
   [Other: 8.1 ms]
      [Choose CSet: 0.0 ms]
      [Ref Proc: 7.4 ms]
      [Ref Enq: 0.1 ms]
      [Redirty Cards: 0.1 ms]
      [Humongous Register: 0.0 ms]
      [Humongous Reclaim: 0.0 ms]
      [Free CSet: 0.3 ms]
   [Eden: 285.0M(285.0M)->0.0B(282.0M) Survivors: 22.0M->25.0M Heap: 334.8M(512.0M)->52.3M(512.0M)]
Heap after GC invocations=15 (full 0):
 garbage-first heap   total 524288K, used 53512K [0x00000000e0000000, 0x00000000e0101000, 0x0000000100000000)
  region size 1024K, 25 young (25600K), 25 survivors (25600K)
 Metaspace       used 52200K, capacity 54200K, committed 54392K, reserved 1097728K
  class space    used 6396K, capacity 6821K, committed 6832K, reserved 1048576K
}
 [Times: user=0.13 sys=0.00, real=0.04 secs] 
2020-10-25T11:47:43.658+0100: 304.382: Total time for which application threads were stopped: 0.0407321 seconds, Stopping threads took: 0.0043633 seconds
2020-10-25T11:47:43.696+0100: 304.421: Total time for which application threads were stopped: 0.0010697 seconds, Stopping threads took: 0.0000789 seconds
2020-10-25T11:47:43.909+0100: 304.633: Total time for which application threads were stopped: 0.0007336 seconds, Stopping threads took: 0.0004837 seconds
2020-10-25T11:47:43.910+0100: 304.634: Total time for which application threads were stopped: 0.0004131 seconds, Stopping threads took: 0.0001729 seconds
2020-10-25T11:47:43.914+0100: 304.638: Total time for which application threads were stopped: 0.0011144 seconds, Stopping threads took: 0.0008768 seconds
2020-10-25T11:47:44.162+0100: 304.886: Total time for which application threads were stopped: 0.0241684 seconds, Stopping threads took: 0.0238281 seconds
2020-10-25T11:47:44.188+0100: 304.912: Total time for which application threads were stopped: 0.0003010 seconds, Stopping threads took: 0.0000969 seconds
2020-10-25T11:47:44.226+0100: 304.950: Total time for which application threads were stopped: 0.0224731 seconds, Stopping threads took: 0.0220511 seconds
2020-10-25T11:47:44.271+0100: 304.995: Total time for which application threads were stopped: 0.0409534 seconds, Stopping threads took: 0.0407430 seconds
2020-10-25T11:47:44.662+0100: 305.386: Total time for which application threads were stopped: 0.0004313 seconds, Stopping threads took: 0.0001747 seconds
2020-10-25T11:47:44.669+0100: 305.393: Total time for which application threads were stopped: 0.0003159 seconds, Stopping threads took: 0.0000886 seconds
2020-10-25T11:47:44.672+0100: 305.396: Total time for which application threads were stopped: 0.0003290 seconds, Stopping threads took: 0.0000947 seconds
2020-10-25T11:47:44.774+0100: 305.498: Total time for which application threads were stopped: 0.0019953 seconds, Stopping threads took: 0.0017609 seconds
2020-10-25T11:47:44.774+0100: 305.498: Total time for which application threads were stopped: 0.0002614 seconds, Stopping threads took: 0.0000817 seconds
2020-10-25T11:47:44.774+0100: 305.498: Total time for which application threads were stopped: 0.0002319 seconds, Stopping threads took: 0.0000588 seconds
2020-10-25T11:47:44.775+0100: 305.499: Total time for which application threads were stopped: 0.0002420 seconds, Stopping threads took: 0.0000696 seconds
2020-10-25T11:47:44.775+0100: 305.499: Total time for which application threads were stopped: 0.0001879 seconds, Stopping threads took: 0.0000666 seconds
2020-10-25T11:47:44.775+0100: 305.499: Total time for which application threads were stopped: 0.0001890 seconds, Stopping threads took: 0.0000560 seconds
2020-10-25T11:47:44.778+0100: 305.502: Total time for which application threads were stopped: 0.0014551 seconds, Stopping threads took: 0.0011622 seconds
2020-10-25T11:47:44.817+0100: 305.541: Total time for which application threads were stopped: 0.0006231 seconds, Stopping threads took: 0.0003813 seconds
2020-10-25T11:47:44.818+0100: 305.542: Total time for which application threads were stopped: 0.0003168 seconds, Stopping threads took: 0.0000706 seconds
2020-10-25T11:47:44.819+0100: 305.543: Total time for which application threads were stopped: 0.0006997 seconds, Stopping threads took: 0.0004870 seconds
2020-10-25T11:47:44.820+0100: 305.543: Total time for which application threads were stopped: 0.0001907 seconds, Stopping threads took: 0.0000583 seconds
2020-10-25T11:47:44.820+0100: 305.544: Total time for which application threads were stopped: 0.0001564 seconds, Stopping threads took: 0.0000386 seconds
2020-10-25T11:47:44.820+0100: 305.544: Total time for which application threads were stopped: 0.0001468 seconds, Stopping threads took: 0.0000333 seconds
2020-10-25T11:47:44.820+0100: 305.544: Total time for which application threads were stopped: 0.0001850 seconds, Stopping threads took: 0.0000684 seconds
2020-10-25T11:47:44.820+0100: 305.544: Total time for which application threads were stopped: 0.0001537 seconds, Stopping threads took: 0.0000348 seconds
2020-10-25T11:47:44.821+0100: 305.545: Total time for which application threads were stopped: 0.0001562 seconds, Stopping threads took: 0.0000353 seconds
2020-10-25T11:47:44.821+0100: 305.545: Total time for which application threads were stopped: 0.0001842 seconds, Stopping threads took: 0.0000662 seconds
2020-10-25T11:47:44.821+0100: 305.545: Total time for which application threads were stopped: 0.0001466 seconds, Stopping threads took: 0.0000331 seconds
2020-10-25T11:47:44.821+0100: 305.545: Total time for which application threads were stopped: 0.0001838 seconds, Stopping threads took: 0.0000566 seconds
2020-10-25T11:47:44.821+0100: 305.545: Total time for which application threads were stopped: 0.0001927 seconds, Stopping threads took: 0.0000633 seconds
2020-10-25T11:47:44.822+0100: 305.546: Total time for which application threads were stopped: 0.0002350 seconds, Stopping threads took: 0.0000379 seconds
2020-10-25T11:47:44.822+0100: 305.546: Total time for which application threads were stopped: 0.0002537 seconds, Stopping threads took: 0.0000436 seconds
2020-10-25T11:47:44.822+0100: 305.546: Total time for which application threads were stopped: 0.0002198 seconds, Stopping threads took: 0.0000691 seconds
2020-10-25T11:47:44.823+0100: 305.547: Total time for which application threads were stopped: 0.0001936 seconds, Stopping threads took: 0.0000664 seconds
2020-10-25T11:47:44.823+0100: 305.547: Total time for which application threads were stopped: 0.0002270 seconds, Stopping threads took: 0.0000599 seconds
2020-10-25T11:47:44.823+0100: 305.547: Total time for which application threads were stopped: 0.0001962 seconds, Stopping threads took: 0.0000752 seconds
2020-10-25T11:47:44.824+0100: 305.548: Total time for which application threads were stopped: 0.0006810 seconds, Stopping threads took: 0.0000566 seconds
2020-10-25T11:47:44.826+0100: 305.550: Total time for which application threads were stopped: 0.0002904 seconds, Stopping threads took: 0.0000817 seconds
2020-10-25T11:47:44.827+0100: 305.551: Total time for which application threads were stopped: 0.0002874 seconds, Stopping threads took: 0.0000873 seconds
2020-10-25T11:47:44.828+0100: 305.552: Total time for which application threads were stopped: 0.0002599 seconds, Stopping threads took: 0.0000866 seconds
2020-10-25T11:47:44.901+0100: 305.626: Total time for which application threads were stopped: 0.0024896 seconds, Stopping threads took: 0.0022533 seconds
2020-10-25T11:47:44.901+0100: 305.626: Total time for which application threads were stopped: 0.0002186 seconds, Stopping threads took: 0.0000536 seconds
2020-10-25T11:47:44.902+0100: 305.627: Total time for which application threads were stopped: 0.0001799 seconds, Stopping threads took: 0.0000399 seconds
2020-10-25T11:47:44.902+0100: 305.627: Total time for which application threads were stopped: 0.0001959 seconds, Stopping threads took: 0.0000535 seconds
2020-10-25T11:47:44.902+0100: 305.627: Total time for which application threads were stopped: 0.0001978 seconds, Stopping threads took: 0.0000569 seconds
2020-10-25T11:47:44.906+0100: 305.631: Total time for which application threads were stopped: 0.0028344 seconds, Stopping threads took: 0.0026429 seconds
2020-10-25T11:47:44.928+0100: 305.653: Total time for which application threads were stopped: 0.0025250 seconds, Stopping threads took: 0.0023120 seconds
2020-10-25T11:47:44.929+0100: 305.654: Total time for which application threads were stopped: 0.0003157 seconds, Stopping threads took: 0.0001152 seconds
2020-10-25T11:47:44.931+0100: 305.656: Total time for which application threads were stopped: 0.0004877 seconds, Stopping threads took: 0.0002943 seconds
2020-10-25T11:47:45.072+0100: 305.796: Total time for which application threads were stopped: 0.0002362 seconds, Stopping threads took: 0.0000560 seconds
2020-10-25T11:48:05.099+0100: 325.823: Total time for which application threads were stopped: 0.0002164 seconds, Stopping threads took: 0.0000597 seconds
2020-10-25T11:48:10.113+0100: 330.837: Total time for which application threads were stopped: 0.0005778 seconds, Stopping threads took: 0.0001216 seconds
2020-10-25T11:48:22.125+0100: 342.849: Total time for which application threads were stopped: 0.0001800 seconds, Stopping threads took: 0.0000443 seconds
2020-10-25T11:48:57.176+0100: 377.901: Total time for which application threads were stopped: 0.0003269 seconds, Stopping threads took: 0.0001709 seconds
2020-10-25T11:48:57.277+0100: 378.002: Total time for which application threads were stopped: 0.0003095 seconds, Stopping threads took: 0.0000700 seconds
2020-10-25T11:48:57.863+0100: 378.588: Total time for which application threads were stopped: 0.0002501 seconds, Stopping threads took: 0.0000527 seconds
2020-10-25T11:48:58.354+0100: 379.078: Total time for which application threads were stopped: 0.0035022 seconds, Stopping threads took: 0.0031559 seconds
{Heap before GC invocations=15 (full 0):
 garbage-first heap   total 524288K, used 342280K [0x00000000e0000000, 0x00000000e0101000, 0x0000000100000000)
  region size 1024K, 307 young (314368K), 25 survivors (25600K)
 Metaspace       used 52386K, capacity 54356K, committed 54392K, reserved 1097728K
  class space    used 6398K, capacity 6825K, committed 6832K, reserved 1048576K
2020-10-25T11:48:58.360+0100: 379.085: [GC pause (G1 Evacuation Pause) (young)
Desired survivor size 20447232 bytes, new threshold 15 (max 15)
- age   1:    7769080 bytes,    7769080 total
- age   2:    3159384 bytes,   10928464 total
- age   3:    1057960 bytes,   11986424 total
- age   4:      32856 bytes,   12019280 total
- age   5:    5464032 bytes,   17483312 total
- age   6:    1850264 bytes,   19333576 total
, 0.0733067 secs]
   [Parallel Time: 56.0 ms, GC Workers: 4]
      [GC Worker Start (ms): Min: 379092.0, Avg: 379111.9, Max: 379119.0, Diff: 27.0]
      [Ext Root Scanning (ms): Min: 0.0, Avg: 1.6, Max: 6.5, Diff: 6.5, Sum: 6.5]
      [Update RS (ms): Min: 0.0, Avg: 1.5, Max: 5.9, Diff: 5.9, Sum: 5.9]
         [Processed Buffers: Min: 0, Avg: 10.0, Max: 40, Diff: 40, Sum: 40]
      [Scan RS (ms): Min: 0.0, Avg: 0.1, Max: 0.2, Diff: 0.2, Sum: 0.2]
      [Code Root Scanning (ms): Min: 0.0, Avg: 0.4, Max: 1.5, Diff: 1.5, Sum: 1.5]
      [Object Copy (ms): Min: 21.8, Avg: 25.3, Max: 34.7, Diff: 13.0, Sum: 101.3]
      [Termination (ms): Min: 0.0, Avg: 0.0, Max: 0.0, Diff: 0.0, Sum: 0.0]
         [Termination Attempts: Min: 1, Avg: 9.5, Max: 14, Diff: 13, Sum: 38]
      [GC Worker Other (ms): Min: 0.0, Avg: 0.0, Max: 0.0, Diff: 0.0, Sum: 0.1]
      [GC Worker Total (ms): Min: 21.8, Avg: 28.9, Max: 48.8, Diff: 27.0, Sum: 115.5]
      [GC Worker End (ms): Min: 379140.8, Avg: 379140.8, Max: 379140.8, Diff: 0.0]
   [Code Root Fixup: 0.0 ms]
   [Code Root Purge: 0.0 ms]
   [Clear CT: 0.2 ms]
   [Other: 17.1 ms]
      [Choose CSet: 0.0 ms]
      [Ref Proc: 16.4 ms]
      [Ref Enq: 0.1 ms]
      [Redirty Cards: 0.1 ms]
      [Humongous Register: 0.0 ms]
      [Humongous Reclaim: 0.0 ms]
      [Free CSet: 0.3 ms]
   [Eden: 282.0M(282.0M)->0.0B(283.0M) Survivors: 25.0M->24.0M Heap: 334.3M(512.0M)->51.8M(512.0M)]
Heap after GC invocations=16 (full 0):
 garbage-first heap   total 524288K, used 53000K [0x00000000e0000000, 0x00000000e0101000, 0x0000000100000000)
  region size 1024K, 24 young (24576K), 24 survivors (24576K)
 Metaspace       used 52386K, capacity 54356K, committed 54392K, reserved 1097728K
  class space    used 6398K, capacity 6825K, committed 6832K, reserved 1048576K
}
 [Times: user=0.08 sys=0.02, real=0.07 secs] 
2020-10-25T11:48:58.429+0100: 379.158: Total time for which application threads were stopped: 0.0760681 seconds, Stopping threads took: 0.0022471 seconds
2020-10-25T11:48:58.730+0100: 379.455: Total time for which application threads were stopped: 0.0085497 seconds, Stopping threads took: 0.0083224 seconds
2020-10-25T11:48:58.733+0100: 379.458: Total time for which application threads were stopped: 0.0003487 seconds, Stopping threads took: 0.0000959 seconds
2020-10-25T11:48:58.735+0100: 379.460: Total time for which application threads were stopped: 0.0010028 seconds, Stopping threads took: 0.0006587 seconds
2020-10-25T11:48:58.744+0100: 379.469: Total time for which application threads were stopped: 0.0009559 seconds, Stopping threads took: 0.0006954 seconds
2020-10-25T11:48:58.753+0100: 379.478: Total time for which application threads were stopped: 0.0027736 seconds, Stopping threads took: 0.0024949 seconds
2020-10-25T11:48:59.140+0100: 379.865: Total time for which application threads were stopped: 0.0014352 seconds, Stopping threads took: 0.0011371 seconds
2020-10-25T11:48:59.154+0100: 379.878: Total time for which application threads were stopped: 0.0094457 seconds, Stopping threads took: 0.0091925 seconds
2020-10-25T11:48:59.316+0100: 380.040: Total time for which application threads were stopped: 0.0362120 seconds, Stopping threads took: 0.0358989 seconds
2020-10-25T11:48:59.331+0100: 380.055: Total time for which application threads were stopped: 0.0088715 seconds, Stopping threads took: 0.0080534 seconds
2020-10-25T11:48:59.333+0100: 380.058: Total time for which application threads were stopped: 0.0007205 seconds, Stopping threads took: 0.0003812 seconds
{Heap before GC invocations=16 (full 0):
 garbage-first heap   total 524288K, used 342792K [0x00000000e0000000, 0x00000000e0101000, 0x0000000100000000)
  region size 1024K, 307 young (314368K), 24 survivors (24576K)
 Metaspace       used 52445K, capacity 54440K, committed 54648K, reserved 1097728K
  class space    used 6399K, capacity 6827K, committed 6832K, reserved 1048576K
2020-10-25T11:48:59.594+0100: 380.318: [GC pause (G1 Evacuation Pause) (young)
Desired survivor size 20447232 bytes, new threshold 15 (max 15)
- age   1:    8940128 bytes,    8940128 total
- age   2:    1121288 bytes,   10061416 total
- age   3:      87040 bytes,   10148456 total
- age   4:     167352 bytes,   10315808 total
- age   5:      32672 bytes,   10348480 total
- age   6:    5463688 bytes,   15812168 total
- age   7:    1850160 bytes,   17662328 total
, 0.0292550 secs]
   [Parallel Time: 27.4 ms, GC Workers: 4]
      [GC Worker Start (ms): Min: 380318.6, Avg: 380318.6, Max: 380318.6, Diff: 0.0]
      [Ext Root Scanning (ms): Min: 0.9, Avg: 1.3, Max: 1.8, Diff: 0.8, Sum: 5.1]
      [Update RS (ms): Min: 1.1, Avg: 1.4, Max: 1.6, Diff: 0.5, Sum: 5.8]
         [Processed Buffers: Min: 3, Avg: 8.0, Max: 14, Diff: 11, Sum: 32]
      [Scan RS (ms): Min: 0.0, Avg: 0.1, Max: 0.1, Diff: 0.0, Sum: 0.2]
      [Code Root Scanning (ms): Min: 0.0, Avg: 0.4, Max: 1.5, Diff: 1.4, Sum: 1.6]
      [Object Copy (ms): Min: 23.6, Avg: 24.1, Max: 24.7, Diff: 1.1, Sum: 96.6]
      [Termination (ms): Min: 0.0, Avg: 0.0, Max: 0.0, Diff: 0.0, Sum: 0.0]
         [Termination Attempts: Min: 1, Avg: 1.0, Max: 1, Diff: 0, Sum: 4]
      [GC Worker Other (ms): Min: 0.0, Avg: 0.0, Max: 0.0, Diff: 0.0, Sum: 0.1]
      [GC Worker Total (ms): Min: 27.3, Avg: 27.3, Max: 27.4, Diff: 0.0, Sum: 109.4]
      [GC Worker End (ms): Min: 380345.9, Avg: 380345.9, Max: 380346.0, Diff: 0.0]
   [Code Root Fixup: 0.1 ms]
   [Code Root Purge: 0.0 ms]
   [Clear CT: 0.1 ms]
   [Other: 1.6 ms]
      [Choose CSet: 0.0 ms]
      [Ref Proc: 1.0 ms]
      [Ref Enq: 0.0 ms]
      [Redirty Cards: 0.1 ms]
      [Humongous Register: 0.0 ms]
      [Humongous Reclaim: 0.0 ms]
      [Free CSet: 0.3 ms]
   [Eden: 283.0M(283.0M)->0.0B(284.0M) Survivors: 24.0M->23.0M Heap: 334.8M(512.0M)->50.3M(512.0M)]
Heap after GC invocations=17 (full 0):
 garbage-first heap   total 524288K, used 51464K [0x00000000e0000000, 0x00000000e0101000, 0x0000000100000000)
  region size 1024K, 23 young (23552K), 23 survivors (23552K)
 Metaspace       used 52445K, capacity 54440K, committed 54648K, reserved 1097728K
  class space    used 6399K, capacity 6827K, committed 6832K, reserved 1048576K
}
 [Times: user=0.13 sys=0.00, real=0.03 secs] 
2020-10-25T11:48:59.624+0100: 380.348: Total time for which application threads were stopped: 0.0608064 seconds, Stopping threads took: 0.0308855 seconds
2020-10-25T11:48:59.719+0100: 380.443: Total time for which application threads were stopped: 0.0036345 seconds, Stopping threads took: 0.0034213 seconds
2020-10-25T11:48:59.719+0100: 380.443: Total time for which application threads were stopped: 0.0002174 seconds, Stopping threads took: 0.0000673 seconds
2020-10-25T11:48:59.719+0100: 380.444: Total time for which application threads were stopped: 0.0002703 seconds, Stopping threads took: 0.0000917 seconds
2020-10-25T11:48:59.720+0100: 380.444: Total time for which application threads were stopped: 0.0002558 seconds, Stopping threads took: 0.0000910 seconds
2020-10-25T11:48:59.720+0100: 380.444: Total time for which application threads were stopped: 0.0002269 seconds, Stopping threads took: 0.0000800 seconds
2020-10-25T11:48:59.721+0100: 380.445: Total time for which application threads were stopped: 0.0003163 seconds, Stopping threads took: 0.0000769 seconds
2020-10-25T11:48:59.749+0100: 380.473: Total time for which application threads were stopped: 0.0099379 seconds, Stopping threads took: 0.0096934 seconds
2020-10-25T11:48:59.749+0100: 380.473: Total time for which application threads were stopped: 0.0002463 seconds, Stopping threads took: 0.0000701 seconds
2020-10-25T11:48:59.755+0100: 380.479: Total time for which application threads were stopped: 0.0045282 seconds, Stopping threads took: 0.0042350 seconds
2020-10-25T11:48:59.756+0100: 380.480: Total time for which application threads were stopped: 0.0002478 seconds, Stopping threads took: 0.0000786 seconds
2020-10-25T11:48:59.761+0100: 380.485: Total time for which application threads were stopped: 0.0004092 seconds, Stopping threads took: 0.0001400 seconds
2020-10-25T11:48:59.763+0100: 380.487: Total time for which application threads were stopped: 0.0008708 seconds, Stopping threads took: 0.0006764 seconds
2020-10-25T11:48:59.764+0100: 380.488: Total time for which application threads were stopped: 0.0002459 seconds, Stopping threads took: 0.0000887 seconds
2020-10-25T11:48:59.767+0100: 380.491: Total time for which application threads were stopped: 0.0003207 seconds, Stopping threads took: 0.0001054 seconds
2020-10-25T11:48:59.767+0100: 380.491: Total time for which application threads were stopped: 0.0002204 seconds, Stopping threads took: 0.0000671 seconds
2020-10-25T11:48:59.767+0100: 380.491: Total time for which application threads were stopped: 0.0002077 seconds, Stopping threads took: 0.0000648 seconds
2020-10-25T11:48:59.768+0100: 380.492: Total time for which application threads were stopped: 0.0002008 seconds, Stopping threads took: 0.0000521 seconds
2020-10-25T11:48:59.768+0100: 380.492: Total time for which application threads were stopped: 0.0002242 seconds, Stopping threads took: 0.0000604 seconds
2020-10-25T11:48:59.769+0100: 380.493: Total time for which application threads were stopped: 0.0002686 seconds, Stopping threads took: 0.0000915 seconds
2020-10-25T11:48:59.769+0100: 380.493: Total time for which application threads were stopped: 0.0001690 seconds, Stopping threads took: 0.0000395 seconds
2020-10-25T11:48:59.769+0100: 380.494: Total time for which application threads were stopped: 0.0002142 seconds, Stopping threads took: 0.0000478 seconds
2020-10-25T11:48:59.770+0100: 380.494: Total time for which application threads were stopped: 0.0001890 seconds, Stopping threads took: 0.0000490 seconds
2020-10-25T11:48:59.770+0100: 380.494: Total time for which application threads were stopped: 0.0002023 seconds, Stopping threads took: 0.0000620 seconds
2020-10-25T11:48:59.771+0100: 380.495: Total time for which application threads were stopped: 0.0003508 seconds, Stopping threads took: 0.0000957 seconds
2020-10-25T11:48:59.772+0100: 380.496: Total time for which application threads were stopped: 0.0001528 seconds, Stopping threads took: 0.0000368 seconds
2020-10-25T11:48:59.772+0100: 380.497: Total time for which application threads were stopped: 0.0007830 seconds, Stopping threads took: 0.0000551 seconds
2020-10-25T11:48:59.774+0100: 380.499: Total time for which application threads were stopped: 0.0002909 seconds, Stopping threads took: 0.0000818 seconds
2020-10-25T11:48:59.776+0100: 380.500: Total time for which application threads were stopped: 0.0002881 seconds, Stopping threads took: 0.0000897 seconds
2020-10-25T11:48:59.779+0100: 380.503: Total time for which application threads were stopped: 0.0002477 seconds, Stopping threads took: 0.0000658 seconds
2020-10-25T11:48:59.787+0100: 380.511: Total time for which application threads were stopped: 0.0007769 seconds, Stopping threads took: 0.0004838 seconds
2020-10-25T11:48:59.788+0100: 380.512: Total time for which application threads were stopped: 0.0003582 seconds, Stopping threads took: 0.0001014 seconds
2020-10-25T11:49:00.289+0100: 381.014: Total time for which application threads were stopped: 0.0004531 seconds, Stopping threads took: 0.0000611 seconds
2020-10-25T11:49:00.331+0100: 381.056: Total time for which application threads were stopped: 0.0045685 seconds, Stopping threads took: 0.0043320 seconds
2020-10-25T11:49:00.332+0100: 381.056: Total time for which application threads were stopped: 0.0001658 seconds, Stopping threads took: 0.0000551 seconds
2020-10-25T11:49:00.332+0100: 381.057: Total time for which application threads were stopped: 0.0001553 seconds, Stopping threads took: 0.0000478 seconds
2020-10-25T11:49:00.333+0100: 381.058: Total time for which application threads were stopped: 0.0002532 seconds, Stopping threads took: 0.0000780 seconds
2020-10-25T11:49:00.335+0100: 381.059: Total time for which application threads were stopped: 0.0002609 seconds, Stopping threads took: 0.0000670 seconds
2020-10-25T11:49:00.335+0100: 381.060: Total time for which application threads were stopped: 0.0001383 seconds, Stopping threads took: 0.0000441 seconds
2020-10-25T11:49:00.408+0100: 381.133: Total time for which application threads were stopped: 0.0144933 seconds, Stopping threads took: 0.0142720 seconds
2020-10-25T11:49:00.409+0100: 381.134: Total time for which application threads were stopped: 0.0003628 seconds, Stopping threads took: 0.0001062 seconds
2020-10-25T11:49:00.410+0100: 381.135: Total time for which application threads were stopped: 0.0002416 seconds, Stopping threads took: 0.0000634 seconds
2020-10-25T11:49:00.422+0100: 381.147: Total time for which application threads were stopped: 0.0099839 seconds, Stopping threads took: 0.0097773 seconds
2020-10-25T11:49:00.430+0100: 381.154: Total time for which application threads were stopped: 0.0029108 seconds, Stopping threads took: 0.0026951 seconds
2020-10-25T11:49:00.568+0100: 381.292: Total time for which application threads were stopped: 0.0002555 seconds, Stopping threads took: 0.0000685 seconds
2020-10-25T11:50:22.240+0100: 462.965: Total time for which application threads were stopped: 0.0002859 seconds, Stopping threads took: 0.0000652 seconds
2020-10-25T11:50:51.503+0100: 492.227: Total time for which application threads were stopped: 0.0002168 seconds, Stopping threads took: 0.0000509 seconds
2020-10-25T11:50:52.015+0100: 492.739: Total time for which application threads were stopped: 0.0004934 seconds, Stopping threads took: 0.0001943 seconds
2020-10-25T11:50:52.231+0100: 492.955: Total time for which application threads were stopped: 0.0029309 seconds, Stopping threads took: 0.0026192 seconds
2020-10-25T11:50:52.641+0100: 493.366: Total time for which application threads were stopped: 0.0358827 seconds, Stopping threads took: 0.0346436 seconds
2020-10-25T11:50:52.650+0100: 493.374: Total time for which application threads were stopped: 0.0003040 seconds, Stopping threads took: 0.0000918 seconds
2020-10-25T11:50:52.651+0100: 493.375: Total time for which application threads were stopped: 0.0005320 seconds, Stopping threads took: 0.0002733 seconds
{Heap before GC invocations=17 (full 0):
 garbage-first heap   total 524288K, used 342280K [0x00000000e0000000, 0x00000000e0101000, 0x0000000100000000)
  region size 1024K, 307 young (314368K), 23 survivors (23552K)
 Metaspace       used 52561K, capacity 54568K, committed 54648K, reserved 1097728K
  class space    used 6400K, capacity 6827K, committed 6832K, reserved 1048576K
2020-10-25T11:50:52.694+0100: 493.419: [GC pause (G1 Evacuation Pause) (young)
Desired survivor size 20447232 bytes, new threshold 15 (max 15)
- age   1:    3579376 bytes,    3579376 total
- age   2:    7798456 bytes,   11377832 total
- age   3:    1118280 bytes,   12496112 total
- age   4:      86640 bytes,   12582752 total
- age   5:     167312 bytes,   12750064 total
- age   6:      32672 bytes,   12782736 total
- age   7:    5463400 bytes,   18246136 total
- age   8:    1850160 bytes,   20096296 total
, 0.0354775 secs]
   [Parallel Time: 27.8 ms, GC Workers: 4]
      [GC Worker Start (ms): Min: 493418.8, Avg: 493418.8, Max: 493418.9, Diff: 0.0]
      [Ext Root Scanning (ms): Min: 1.0, Avg: 1.5, Max: 2.5, Diff: 1.5, Sum: 6.1]
      [Update RS (ms): Min: 1.1, Avg: 1.7, Max: 1.9, Diff: 0.8, Sum: 6.8]
         [Processed Buffers: Min: 5, Avg: 10.3, Max: 16, Diff: 11, Sum: 41]
      [Scan RS (ms): Min: 0.0, Avg: 0.1, Max: 0.1, Diff: 0.0, Sum: 0.2]
      [Code Root Scanning (ms): Min: 0.0, Avg: 0.4, Max: 0.9, Diff: 0.8, Sum: 1.8]
      [Object Copy (ms): Min: 23.4, Avg: 24.0, Max: 24.6, Diff: 1.2, Sum: 95.8]
      [Termination (ms): Min: 0.0, Avg: 0.0, Max: 0.0, Diff: 0.0, Sum: 0.0]
         [Termination Attempts: Min: 1, Avg: 1.0, Max: 1, Diff: 0, Sum: 4]
      [GC Worker Other (ms): Min: 0.0, Avg: 0.0, Max: 0.0, Diff: 0.0, Sum: 0.1]
      [GC Worker Total (ms): Min: 27.7, Avg: 27.7, Max: 27.7, Diff: 0.0, Sum: 110.8]
      [GC Worker End (ms): Min: 493446.6, Avg: 493446.6, Max: 493446.6, Diff: 0.0]
   [Code Root Fixup: 0.0 ms]
   [Code Root Purge: 0.0 ms]
   [Clear CT: 0.1 ms]
   [Other: 7.6 ms]
      [Choose CSet: 0.0 ms]
      [Ref Proc: 6.7 ms]
      [Ref Enq: 0.1 ms]
      [Redirty Cards: 0.1 ms]
      [Humongous Register: 0.1 ms]
      [Humongous Reclaim: 0.0 ms]
      [Free CSet: 0.4 ms]
   [Eden: 284.0M(284.0M)->0.0B(282.0M) Survivors: 23.0M->25.0M Heap: 334.3M(512.0M)->52.8M(512.0M)]
Heap after GC invocations=18 (full 0):
 garbage-first heap   total 524288K, used 54024K [0x00000000e0000000, 0x00000000e0101000, 0x0000000100000000)
  region size 1024K, 25 young (25600K), 25 survivors (25600K)
 Metaspace       used 52561K, capacity 54568K, committed 54648K, reserved 1097728K
  class space    used 6400K, capacity 6827K, committed 6832K, reserved 1048576K
}
 [Times: user=0.17 sys=0.00, real=0.04 secs] 
2020-10-25T11:50:52.730+0100: 493.454: Total time for which application threads were stopped: 0.0379063 seconds, Stopping threads took: 0.0018217 seconds
2020-10-25T11:50:52.774+0100: 493.498: Total time for which application threads were stopped: 0.0088584 seconds, Stopping threads took: 0.0086106 seconds
2020-10-25T11:50:52.855+0100: 493.579: Total time for which application threads were stopped: 0.0007982 seconds, Stopping threads took: 0.0005852 seconds
2020-10-25T11:50:52.857+0100: 493.581: Total time for which application threads were stopped: 0.0003738 seconds, Stopping threads took: 0.0000835 seconds
2020-10-25T11:50:52.858+0100: 493.582: Total time for which application threads were stopped: 0.0003992 seconds, Stopping threads took: 0.0001885 seconds
2020-10-25T11:50:52.970+0100: 493.694: Total time for which application threads were stopped: 0.0008257 seconds, Stopping threads took: 0.0005885 seconds
2020-10-25T11:50:53.115+0100: 493.839: Total time for which application threads were stopped: 0.0019035 seconds, Stopping threads took: 0.0016769 seconds
2020-10-25T11:50:53.130+0100: 493.854: Total time for which application threads were stopped: 0.0024351 seconds, Stopping threads took: 0.0022013 seconds
2020-10-25T11:50:53.132+0100: 493.856: Total time for which application threads were stopped: 0.0003209 seconds, Stopping threads took: 0.0000651 seconds
2020-10-25T11:50:53.142+0100: 493.866: Total time for which application threads were stopped: 0.0024881 seconds, Stopping threads took: 0.0022873 seconds
2020-10-25T11:50:53.445+0100: 494.169: Total time for which application threads were stopped: 0.0012889 seconds, Stopping threads took: 0.0010145 seconds
2020-10-25T11:50:53.451+0100: 494.175: Total time for which application threads were stopped: 0.0016383 seconds, Stopping threads took: 0.0013680 seconds
2020-10-25T11:50:53.464+0100: 494.188: Total time for which application threads were stopped: 0.0097097 seconds, Stopping threads took: 0.0094264 seconds
2020-10-25T11:50:53.490+0100: 494.215: Total time for which application threads were stopped: 0.0105847 seconds, Stopping threads took: 0.0103067 seconds
2020-10-25T11:50:53.516+0100: 494.241: Total time for which application threads were stopped: 0.0042039 seconds, Stopping threads took: 0.0040277 seconds
2020-10-25T11:50:53.516+0100: 494.241: Total time for which application threads were stopped: 0.0002008 seconds, Stopping threads took: 0.0000710 seconds
2020-10-25T11:50:53.531+0100: 494.255: Total time for which application threads were stopped: 0.0002805 seconds, Stopping threads took: 0.0000761 seconds
2020-10-25T11:50:53.531+0100: 494.256: Total time for which application threads were stopped: 0.0002076 seconds, Stopping threads took: 0.0000524 seconds
2020-10-25T11:50:53.531+0100: 494.256: Total time for which application threads were stopped: 0.0001903 seconds, Stopping threads took: 0.0000465 seconds
2020-10-25T11:50:53.532+0100: 494.256: Total time for which application threads were stopped: 0.0001870 seconds, Stopping threads took: 0.0000475 seconds
2020-10-25T11:50:53.577+0100: 494.302: Total time for which application threads were stopped: 0.0002324 seconds, Stopping threads took: 0.0000624 seconds
2020-10-25T11:50:53.578+0100: 494.302: Total time for which application threads were stopped: 0.0001358 seconds, Stopping threads took: 0.0000399 seconds
2020-10-25T11:50:53.578+0100: 494.302: Total time for which application threads were stopped: 0.0001256 seconds, Stopping threads took: 0.0000378 seconds
2020-10-25T11:50:53.578+0100: 494.302: Total time for which application threads were stopped: 0.0001260 seconds, Stopping threads took: 0.0000378 seconds
2020-10-25T11:50:53.578+0100: 494.302: Total time for which application threads were stopped: 0.0001258 seconds, Stopping threads took: 0.0000374 seconds
2020-10-25T11:50:53.578+0100: 494.303: Total time for which application threads were stopped: 0.0001884 seconds, Stopping threads took: 0.0000466 seconds
2020-10-25T11:50:53.578+0100: 494.303: Total time for which application threads were stopped: 0.0001419 seconds, Stopping threads took: 0.0000441 seconds
2020-10-25T11:50:53.579+0100: 494.303: Total time for which application threads were stopped: 0.0001309 seconds, Stopping threads took: 0.0000401 seconds
2020-10-25T11:50:53.579+0100: 494.303: Total time for which application threads were stopped: 0.0001454 seconds, Stopping threads took: 0.0000528 seconds
2020-10-25T11:50:53.579+0100: 494.304: Total time for which application threads were stopped: 0.0001762 seconds, Stopping threads took: 0.0000673 seconds
2020-10-25T11:50:53.579+0100: 494.304: Total time for which application threads were stopped: 0.0001612 seconds, Stopping threads took: 0.0000584 seconds
2020-10-25T11:50:53.580+0100: 494.304: Total time for which application threads were stopped: 0.0001476 seconds, Stopping threads took: 0.0000469 seconds
2020-10-25T11:50:53.580+0100: 494.304: Total time for which application threads were stopped: 0.0001606 seconds, Stopping threads took: 0.0000510 seconds
2020-10-25T11:50:53.580+0100: 494.305: Total time for which application threads were stopped: 0.0001570 seconds, Stopping threads took: 0.0000468 seconds
2020-10-25T11:50:53.580+0100: 494.305: Total time for which application threads were stopped: 0.0001316 seconds, Stopping threads took: 0.0000397 seconds
2020-10-25T11:50:53.580+0100: 494.305: Total time for which application threads were stopped: 0.0001268 seconds, Stopping threads took: 0.0000389 seconds
2020-10-25T11:50:53.581+0100: 494.305: Total time for which application threads were stopped: 0.0001270 seconds, Stopping threads took: 0.0000328 seconds
2020-10-25T11:50:53.582+0100: 494.306: Total time for which application threads were stopped: 0.0002075 seconds, Stopping threads took: 0.0000566 seconds
2020-10-25T11:50:53.582+0100: 494.306: Total time for which application threads were stopped: 0.0001361 seconds, Stopping threads took: 0.0000410 seconds
2020-10-25T11:50:53.583+0100: 494.307: Total time for which application threads were stopped: 0.0005873 seconds, Stopping threads took: 0.0000393 seconds
2020-10-25T11:50:53.586+0100: 494.310: Total time for which application threads were stopped: 0.0002518 seconds, Stopping threads took: 0.0000751 seconds
2020-10-25T11:50:53.588+0100: 494.313: Total time for which application threads were stopped: 0.0016065 seconds, Stopping threads took: 0.0014281 seconds
2020-10-25T11:50:53.590+0100: 494.315: Total time for which application threads were stopped: 0.0006813 seconds, Stopping threads took: 0.0004929 seconds
2020-10-25T11:50:53.760+0100: 494.485: Total time for which application threads were stopped: 0.0037136 seconds, Stopping threads took: 0.0034953 seconds
2020-10-25T11:50:53.761+0100: 494.486: Total time for which application threads were stopped: 0.0002644 seconds, Stopping threads took: 0.0000681 seconds
2020-10-25T11:50:53.762+0100: 494.486: Total time for which application threads were stopped: 0.0002162 seconds, Stopping threads took: 0.0000524 seconds
2020-10-25T11:50:53.763+0100: 494.487: Total time for which application threads were stopped: 0.0002149 seconds, Stopping threads took: 0.0000610 seconds
2020-10-25T11:50:53.763+0100: 494.487: Total time for which application threads were stopped: 0.0002032 seconds, Stopping threads took: 0.0000668 seconds
2020-10-25T11:50:53.763+0100: 494.488: Total time for which application threads were stopped: 0.0001705 seconds, Stopping threads took: 0.0000507 seconds
2020-10-25T11:50:53.777+0100: 494.502: Total time for which application threads were stopped: 0.0003113 seconds, Stopping threads took: 0.0001306 seconds
2020-10-25T11:50:53.779+0100: 494.503: Total time for which application threads were stopped: 0.0002969 seconds, Stopping threads took: 0.0000851 seconds
2020-10-25T11:50:53.779+0100: 494.504: Total time for which application threads were stopped: 0.0001990 seconds, Stopping threads took: 0.0000649 seconds
2020-10-25T11:50:53.884+0100: 494.609: Total time for which application threads were stopped: 0.0002196 seconds, Stopping threads took: 0.0000664 seconds
2020-10-25T11:51:52.452+0100: 553.177: Total time for which application threads were stopped: 0.0003399 seconds, Stopping threads took: 0.0000714 seconds
2020-10-25T11:51:52.888+0100: 553.612: Total time for which application threads were stopped: 0.0005374 seconds, Stopping threads took: 0.0001365 seconds
{Heap before GC invocations=18 (full 0):
 garbage-first heap   total 524288K, used 342792K [0x00000000e0000000, 0x00000000e0101000, 0x0000000100000000)
  region size 1024K, 307 young (314368K), 25 survivors (25600K)
 Metaspace       used 52678K, capacity 54692K, committed 55032K, reserved 1097728K
  class space    used 6406K, capacity 6837K, committed 6960K, reserved 1048576K
2020-10-25T11:51:53.089+0100: 553.813: [GC pause (G1 Evacuation Pause) (young)
Desired survivor size 20447232 bytes, new threshold 15 (max 15)
- age   1:    8471568 bytes,    8471568 total
- age   2:    2432240 bytes,   10903808 total
- age   3:     605120 bytes,   11508928 total
- age   4:      65120 bytes,   11574048 total
- age   5:      86640 bytes,   11660688 total
- age   6:     153744 bytes,   11814432 total
- age   7:      32632 bytes,   11847064 total
- age   8:    5463400 bytes,   17310464 total
- age   9:    1850160 bytes,   19160624 total
, 0.0299951 secs]
   [Parallel Time: 23.0 ms, GC Workers: 4]
      [GC Worker Start (ms): Min: 553813.5, Avg: 553813.5, Max: 553813.5, Diff: 0.0]
      [Ext Root Scanning (ms): Min: 0.8, Avg: 1.3, Max: 2.3, Diff: 1.4, Sum: 5.1]
      [Update RS (ms): Min: 0.8, Avg: 1.5, Max: 1.8, Diff: 1.0, Sum: 6.1]
         [Processed Buffers: Min: 5, Avg: 9.0, Max: 16, Diff: 11, Sum: 36]
      [Scan RS (ms): Min: 0.0, Avg: 0.1, Max: 0.1, Diff: 0.1, Sum: 0.2]
      [Code Root Scanning (ms): Min: 0.1, Avg: 0.5, Max: 1.0, Diff: 0.9, Sum: 2.0]
      [Object Copy (ms): Min: 18.9, Avg: 19.6, Max: 20.2, Diff: 1.2, Sum: 78.2]
      [Termination (ms): Min: 0.0, Avg: 0.0, Max: 0.0, Diff: 0.0, Sum: 0.0]
         [Termination Attempts: Min: 1, Avg: 1.0, Max: 1, Diff: 0, Sum: 4]
      [GC Worker Other (ms): Min: 0.0, Avg: 0.0, Max: 0.1, Diff: 0.0, Sum: 0.2]
      [GC Worker Total (ms): Min: 22.9, Avg: 23.0, Max: 23.0, Diff: 0.1, Sum: 91.8]
      [GC Worker End (ms): Min: 553836.4, Avg: 553836.4, Max: 553836.4, Diff: 0.0]
   [Code Root Fixup: 0.1 ms]
   [Code Root Purge: 0.0 ms]
   [Clear CT: 0.2 ms]
   [Other: 6.7 ms]
      [Choose CSet: 0.0 ms]
      [Ref Proc: 6.0 ms]
      [Ref Enq: 0.0 ms]
      [Redirty Cards: 0.1 ms]
      [Humongous Register: 0.0 ms]
      [Humongous Reclaim: 0.0 ms]
      [Free CSet: 0.4 ms]
   [Eden: 282.0M(282.0M)->0.0B(284.0M) Survivors: 25.0M->23.0M Heap: 334.8M(512.0M)->50.3M(512.0M)]
Heap after GC invocations=19 (full 0):
 garbage-first heap   total 524288K, used 51464K [0x00000000e0000000, 0x00000000e0101000, 0x0000000100000000)
  region size 1024K, 23 young (23552K), 23 survivors (23552K)
 Metaspace       used 52678K, capacity 54692K, committed 55032K, reserved 1097728K
  class space    used 6406K, capacity 6837K, committed 6960K, reserved 1048576K
}
 [Times: user=0.08 sys=0.00, real=0.03 secs] 
2020-10-25T11:51:53.119+0100: 553.844: Total time for which application threads were stopped: 0.0306535 seconds, Stopping threads took: 0.0000743 seconds
2020-10-25T11:51:53.144+0100: 553.869: Total time for which application threads were stopped: 0.0019199 seconds, Stopping threads took: 0.0015986 seconds
2020-10-25T11:51:53.566+0100: 554.291: Total time for which application threads were stopped: 0.0012138 seconds, Stopping threads took: 0.0009809 seconds
2020-10-25T11:51:53.568+0100: 554.292: Total time for which application threads were stopped: 0.0003622 seconds, Stopping threads took: 0.0000970 seconds
2020-10-25T11:51:53.855+0100: 554.579: Total time for which application threads were stopped: 0.0016976 seconds, Stopping threads took: 0.0014671 seconds
2020-10-25T11:51:53.856+0100: 554.580: Total time for which application threads were stopped: 0.0004487 seconds, Stopping threads took: 0.0002051 seconds
{Heap before GC invocations=19 (full 0):
 garbage-first heap   total 524288K, used 342280K [0x00000000e0000000, 0x00000000e0101000, 0x0000000100000000)
  region size 1024K, 307 young (314368K), 23 survivors (23552K)
 Metaspace       used 52846K, capacity 54920K, committed 55032K, reserved 1097728K
  class space    used 6428K, capacity 6875K, committed 6960K, reserved 1048576K
2020-10-25T11:51:53.937+0100: 554.661: [GC pause (G1 Evacuation Pause) (young)
Desired survivor size 20447232 bytes, new threshold 15 (max 15)
- age   1:    8649976 bytes,    8649976 total
- age   2:    1119720 bytes,    9769696 total
- age   3:      44368 bytes,    9814064 total
- age   4:     106736 bytes,    9920800 total
- age   5:      64832 bytes,    9985632 total
- age   6:      86640 bytes,   10072272 total
- age   7:     153744 bytes,   10226016 total
- age   8:      32632 bytes,   10258648 total
- age   9:    4000984 bytes,   14259632 total
- age  10:    1836488 bytes,   16096120 total
, 0.0248167 secs]
   [Parallel Time: 23.1 ms, GC Workers: 4]
      [GC Worker Start (ms): Min: 554661.3, Avg: 554661.3, Max: 554661.3, Diff: 0.0]
      [Ext Root Scanning (ms): Min: 0.8, Avg: 1.2, Max: 1.8, Diff: 1.0, Sum: 4.6]
      [Update RS (ms): Min: 0.8, Avg: 1.4, Max: 1.7, Diff: 0.9, Sum: 5.4]
         [Processed Buffers: Min: 4, Avg: 7.3, Max: 10, Diff: 6, Sum: 29]
      [Scan RS (ms): Min: 0.0, Avg: 0.0, Max: 0.1, Diff: 0.1, Sum: 0.2]
      [Code Root Scanning (ms): Min: 0.0, Avg: 0.5, Max: 0.9, Diff: 0.9, Sum: 1.9]
      [Object Copy (ms): Min: 19.5, Avg: 20.0, Max: 20.4, Diff: 0.9, Sum: 79.9]
      [Termination (ms): Min: 0.0, Avg: 0.0, Max: 0.0, Diff: 0.0, Sum: 0.0]
         [Termination Attempts: Min: 1, Avg: 1.0, Max: 1, Diff: 0, Sum: 4]
      [GC Worker Other (ms): Min: 0.0, Avg: 0.0, Max: 0.0, Diff: 0.0, Sum: 0.1]
      [GC Worker Total (ms): Min: 23.0, Avg: 23.0, Max: 23.0, Diff: 0.0, Sum: 92.1]
      [GC Worker End (ms): Min: 554684.4, Avg: 554684.4, Max: 554684.4, Diff: 0.0]
   [Code Root Fixup: 0.1 ms]
   [Code Root Purge: 0.0 ms]
   [Clear CT: 0.1 ms]
   [Other: 1.5 ms]
      [Choose CSet: 0.0 ms]
      [Ref Proc: 0.8 ms]
      [Ref Enq: 0.0 ms]
      [Redirty Cards: 0.0 ms]
      [Humongous Register: 0.0 ms]
      [Humongous Reclaim: 0.0 ms]
      [Free CSet: 0.4 ms]
   [Eden: 284.0M(284.0M)->0.0B(286.0M) Survivors: 23.0M->21.0M Heap: 334.3M(512.0M)->48.3M(512.0M)]
Heap after GC invocations=20 (full 0):
 garbage-first heap   total 524288K, used 49416K [0x00000000e0000000, 0x00000000e0101000, 0x0000000100000000)
  region size 1024K, 21 young (21504K), 21 survivors (21504K)
 Metaspace       used 52846K, capacity 54920K, committed 55032K, reserved 1097728K
  class space    used 6428K, capacity 6875K, committed 6960K, reserved 1048576K
}
 [Times: user=0.06 sys=0.00, real=0.02 secs] 
2020-10-25T11:51:53.962+0100: 554.686: Total time for which application threads were stopped: 0.0254640 seconds, Stopping threads took: 0.0000762 seconds
2020-10-25T11:51:54.022+0100: 554.747: Total time for which application threads were stopped: 0.0015898 seconds, Stopping threads took: 0.0013057 seconds
2020-10-25T11:51:54.023+0100: 554.748: Total time for which application threads were stopped: 0.0003157 seconds, Stopping threads took: 0.0000858 seconds
2020-10-25T11:51:54.107+0100: 554.831: Total time for which application threads were stopped: 0.0003053 seconds, Stopping threads took: 0.0000924 seconds
2020-10-25T11:51:54.113+0100: 554.838: Total time for which application threads were stopped: 0.0005256 seconds, Stopping threads took: 0.0002939 seconds
2020-10-25T11:51:54.118+0100: 554.843: Total time for which application threads were stopped: 0.0010242 seconds, Stopping threads took: 0.0007870 seconds
2020-10-25T11:51:54.120+0100: 554.844: Total time for which application threads were stopped: 0.0003310 seconds, Stopping threads took: 0.0000885 seconds
2020-10-25T11:51:54.335+0100: 555.059: Total time for which application threads were stopped: 0.0045876 seconds, Stopping threads took: 0.0042704 seconds
2020-10-25T11:51:54.433+0100: 555.158: Total time for which application threads were stopped: 0.0003188 seconds, Stopping threads took: 0.0000848 seconds
2020-10-25T11:51:54.440+0100: 555.164: Total time for which application threads were stopped: 0.0002894 seconds, Stopping threads took: 0.0000763 seconds
2020-10-25T11:51:54.442+0100: 555.166: Total time for which application threads were stopped: 0.0002878 seconds, Stopping threads took: 0.0000861 seconds
2020-10-25T11:51:54.511+0100: 555.236: Total time for which application threads were stopped: 0.0068254 seconds, Stopping threads took: 0.0066205 seconds
2020-10-25T11:51:54.512+0100: 555.236: Total time for which application threads were stopped: 0.0002744 seconds, Stopping threads took: 0.0000703 seconds
2020-10-25T11:51:54.512+0100: 555.236: Total time for which application threads were stopped: 0.0002055 seconds, Stopping threads took: 0.0000638 seconds
2020-10-25T11:51:54.538+0100: 555.262: Total time for which application threads were stopped: 0.0044917 seconds, Stopping threads took: 0.0042688 seconds
2020-10-25T11:51:54.549+0100: 555.273: Total time for which application threads were stopped: 0.0034401 seconds, Stopping threads took: 0.0032138 seconds
2020-10-25T11:51:54.551+0100: 555.275: Total time for which application threads were stopped: 0.0003460 seconds, Stopping threads took: 0.0000895 seconds
2020-10-25T11:51:54.552+0100: 555.276: Total time for which application threads were stopped: 0.0002925 seconds, Stopping threads took: 0.0000679 seconds
2020-10-25T11:51:54.567+0100: 555.291: Total time for which application threads were stopped: 0.0003049 seconds, Stopping threads took: 0.0000912 seconds
2020-10-25T11:51:54.568+0100: 555.292: Total time for which application threads were stopped: 0.0001919 seconds, Stopping threads took: 0.0000729 seconds
2020-10-25T11:51:54.568+0100: 555.292: Total time for which application threads were stopped: 0.0001749 seconds, Stopping threads took: 0.0000468 seconds
2020-10-25T11:51:54.568+0100: 555.292: Total time for which application threads were stopped: 0.0001518 seconds, Stopping threads took: 0.0000368 seconds
2020-10-25T11:51:54.568+0100: 555.292: Total time for which application threads were stopped: 0.0001530 seconds, Stopping threads took: 0.0000503 seconds
2020-10-25T11:51:54.568+0100: 555.293: Total time for which application threads were stopped: 0.0001350 seconds, Stopping threads took: 0.0000350 seconds
2020-10-25T11:51:54.569+0100: 555.293: Total time for which application threads were stopped: 0.0001611 seconds, Stopping threads took: 0.0000508 seconds
2020-10-25T11:51:54.569+0100: 555.293: Total time for which application threads were stopped: 0.0001439 seconds, Stopping threads took: 0.0000457 seconds
2020-10-25T11:51:54.569+0100: 555.293: Total time for which application threads were stopped: 0.0001326 seconds, Stopping threads took: 0.0000361 seconds
2020-10-25T11:51:54.569+0100: 555.293: Total time for which application threads were stopped: 0.0001693 seconds, Stopping threads took: 0.0000595 seconds
2020-10-25T11:51:54.570+0100: 555.294: Total time for which application threads were stopped: 0.0001798 seconds, Stopping threads took: 0.0000688 seconds
2020-10-25T11:51:54.570+0100: 555.294: Total time for which application threads were stopped: 0.0001874 seconds, Stopping threads took: 0.0000802 seconds
2020-10-25T11:51:54.570+0100: 555.294: Total time for which application threads were stopped: 0.0001768 seconds, Stopping threads took: 0.0000672 seconds
2020-10-25T11:51:54.570+0100: 555.294: Total time for which application threads were stopped: 0.0001750 seconds, Stopping threads took: 0.0000709 seconds
2020-10-25T11:51:54.570+0100: 555.295: Total time for which application threads were stopped: 0.0001569 seconds, Stopping threads took: 0.0000525 seconds
2020-10-25T11:51:54.571+0100: 555.295: Total time for which application threads were stopped: 0.0001605 seconds, Stopping threads took: 0.0000621 seconds
2020-10-25T11:51:54.571+0100: 555.295: Total time for which application threads were stopped: 0.0001631 seconds, Stopping threads took: 0.0000607 seconds
2020-10-25T11:51:54.571+0100: 555.295: Total time for which application threads were stopped: 0.0001613 seconds, Stopping threads took: 0.0000632 seconds
2020-10-25T11:51:54.571+0100: 555.295: Total time for which application threads were stopped: 0.0001985 seconds, Stopping threads took: 0.0000724 seconds
2020-10-25T11:51:54.572+0100: 555.296: Total time for which application threads were stopped: 0.0006940 seconds, Stopping threads took: 0.0000799 seconds
2020-10-25T11:51:54.575+0100: 555.299: Total time for which application threads were stopped: 0.0002652 seconds, Stopping threads took: 0.0000771 seconds
2020-10-25T11:51:54.576+0100: 555.300: Total time for which application threads were stopped: 0.0002592 seconds, Stopping threads took: 0.0000700 seconds
2020-10-25T11:51:54.577+0100: 555.301: Total time for which application threads were stopped: 0.0002231 seconds, Stopping threads took: 0.0000686 seconds
2020-10-25T11:51:54.743+0100: 555.467: Total time for which application threads were stopped: 0.0013603 seconds, Stopping threads took: 0.0011515 seconds
2020-10-25T11:51:54.743+0100: 555.467: Total time for which application threads were stopped: 0.0004447 seconds, Stopping threads took: 0.0003130 seconds
2020-10-25T11:51:54.743+0100: 555.468: Total time for which application threads were stopped: 0.0002294 seconds, Stopping threads took: 0.0000773 seconds
2020-10-25T11:51:54.751+0100: 555.475: Total time for which application threads were stopped: 0.0041431 seconds, Stopping threads took: 0.0039554 seconds
2020-10-25T11:51:54.753+0100: 555.477: Total time for which application threads were stopped: 0.0002313 seconds, Stopping threads took: 0.0000664 seconds
2020-10-25T11:51:54.753+0100: 555.477: Total time for which application threads were stopped: 0.0001480 seconds, Stopping threads took: 0.0000440 seconds
2020-10-25T11:51:54.789+0100: 555.513: Total time for which application threads were stopped: 0.0002723 seconds, Stopping threads took: 0.0000796 seconds
2020-10-25T11:51:54.791+0100: 555.515: Total time for which application threads were stopped: 0.0002673 seconds, Stopping threads took: 0.0000742 seconds
2020-10-25T11:51:54.792+0100: 555.516: Total time for which application threads were stopped: 0.0001600 seconds, Stopping threads took: 0.0000435 seconds
2020-10-25T11:51:54.882+0100: 555.606: Total time for which application threads were stopped: 0.0003188 seconds, Stopping threads took: 0.0000527 seconds
2020-10-25T11:52:07.888+0100: 568.612: Total time for which application threads were stopped: 0.0001805 seconds, Stopping threads took: 0.0000526 seconds
2020-10-25T11:52:09.085+0100: 569.810: Total time for which application threads were stopped: 0.0002484 seconds, Stopping threads took: 0.0001139 seconds
2020-10-25T11:52:09.599+0100: 570.323: Total time for which application threads were stopped: 0.0007015 seconds, Stopping threads took: 0.0001395 seconds
2020-10-25T11:52:09.845+0100: 570.570: Total time for which application threads were stopped: 0.0015695 seconds, Stopping threads took: 0.0012343 seconds
{Heap before GC invocations=20 (full 0):
 garbage-first heap   total 524288K, used 342280K [0x00000000e0000000, 0x00000000e0101000, 0x0000000100000000)
  region size 1024K, 307 young (314368K), 21 survivors (21504K)
 Metaspace       used 52939K, capacity 55034K, committed 55288K, reserved 1097728K
  class space    used 6432K, capacity 6882K, committed 6960K, reserved 1048576K
2020-10-25T11:52:09.940+0100: 570.665: [GC pause (G1 Evacuation Pause) (young)
Desired survivor size 20447232 bytes, new threshold 15 (max 15)
- age   1:    2329208 bytes,    2329208 total
- age   2:    7909656 bytes,   10238864 total
- age   3:    1118208 bytes,   11357072 total
- age   4:      44208 bytes,   11401280 total
- age   5:     106664 bytes,   11507944 total
- age   6:      64832 bytes,   11572776 total
- age   7:      86640 bytes,   11659416 total
- age   8:     150520 bytes,   11809936 total
- age   9:      32472 bytes,   11842408 total
- age  10:    4000984 bytes,   15843392 total
- age  11:    1836488 bytes,   17679880 total
, 0.0311548 secs]
   [Parallel Time: 24.3 ms, GC Workers: 4]
      [GC Worker Start (ms): Min: 570665.4, Avg: 570665.4, Max: 570665.5, Diff: 0.1]
      [Ext Root Scanning (ms): Min: 0.9, Avg: 1.4, Max: 1.9, Diff: 0.9, Sum: 5.4]
      [Update RS (ms): Min: 1.3, Avg: 1.5, Max: 1.6, Diff: 0.3, Sum: 6.1]
         [Processed Buffers: Min: 2, Avg: 9.0, Max: 22, Diff: 20, Sum: 36]
      [Scan RS (ms): Min: 0.0, Avg: 0.1, Max: 0.1, Diff: 0.0, Sum: 0.2]
      [Code Root Scanning (ms): Min: 0.0, Avg: 0.5, Max: 1.0, Diff: 1.0, Sum: 1.9]
      [Object Copy (ms): Min: 20.3, Avg: 20.8, Max: 21.5, Diff: 1.2, Sum: 83.3]
      [Termination (ms): Min: 0.0, Avg: 0.0, Max: 0.0, Diff: 0.0, Sum: 0.0]
         [Termination Attempts: Min: 1, Avg: 1.0, Max: 1, Diff: 0, Sum: 4]
      [GC Worker Other (ms): Min: 0.0, Avg: 0.0, Max: 0.0, Diff: 0.0, Sum: 0.1]
      [GC Worker Total (ms): Min: 24.2, Avg: 24.2, Max: 24.3, Diff: 0.1, Sum: 97.0]
      [GC Worker End (ms): Min: 570689.6, Avg: 570689.6, Max: 570689.6, Diff: 0.0]
   [Code Root Fixup: 0.1 ms]
   [Code Root Purge: 0.0 ms]
   [Clear CT: 0.2 ms]
   [Other: 6.6 ms]
      [Choose CSet: 0.0 ms]
      [Ref Proc: 6.0 ms]
      [Ref Enq: 0.1 ms]
      [Redirty Cards: 0.0 ms]
      [Humongous Register: 0.0 ms]
      [Humongous Reclaim: 0.0 ms]
      [Free CSet: 0.3 ms]
   [Eden: 286.0M(286.0M)->0.0B(283.0M) Survivors: 21.0M->24.0M Heap: 334.3M(512.0M)->51.8M(512.0M)]
Heap after GC invocations=21 (full 0):
 garbage-first heap   total 524288K, used 53000K [0x00000000e0000000, 0x00000000e0101000, 0x0000000100000000)
  region size 1024K, 24 young (24576K), 24 survivors (24576K)
 Metaspace       used 52939K, capacity 55034K, committed 55288K, reserved 1097728K
  class space    used 6432K, capacity 6882K, committed 6960K, reserved 1048576K
}
 [Times: user=0.13 sys=0.00, real=0.03 secs] 
2020-10-25T11:52:09.972+0100: 570.697: Total time for which application threads were stopped: 0.0319570 seconds, Stopping threads took: 0.0000830 seconds
2020-10-25T11:52:10.143+0100: 570.868: Total time for which application threads were stopped: 0.0034019 seconds, Stopping threads took: 0.0031251 seconds
2020-10-25T11:52:10.145+0100: 570.870: Total time for which application threads were stopped: 0.0003090 seconds, Stopping threads took: 0.0001043 seconds
2020-10-25T11:52:10.149+0100: 570.874: Total time for which application threads were stopped: 0.0003859 seconds, Stopping threads took: 0.0000791 seconds
2020-10-25T11:52:10.161+0100: 570.886: Total time for which application threads were stopped: 0.0003628 seconds, Stopping threads took: 0.0001010 seconds
2020-10-25T11:52:10.163+0100: 570.887: Total time for which application threads were stopped: 0.0010573 seconds, Stopping threads took: 0.0000865 seconds
2020-10-25T11:52:10.175+0100: 570.900: Total time for which application threads were stopped: 0.0120961 seconds, Stopping threads took: 0.0117939 seconds
2020-10-25T11:52:10.315+0100: 571.039: Total time for which application threads were stopped: 0.0022303 seconds, Stopping threads took: 0.0019947 seconds
2020-10-25T11:52:10.495+0100: 571.220: Total time for which application threads were stopped: 0.0041503 seconds, Stopping threads took: 0.0039196 seconds
2020-10-25T11:52:10.499+0100: 571.224: Total time for which application threads were stopped: 0.0003008 seconds, Stopping threads took: 0.0000896 seconds
2020-10-25T11:52:10.518+0100: 571.243: Total time for which application threads were stopped: 0.0050102 seconds, Stopping threads took: 0.0047783 seconds
2020-10-25T11:52:10.522+0100: 571.246: Total time for which application threads were stopped: 0.0017804 seconds, Stopping threads took: 0.0015546 seconds
2020-10-25T11:52:10.798+0100: 571.523: Total time for which application threads were stopped: 0.0018334 seconds, Stopping threads took: 0.0015305 seconds
2020-10-25T11:52:10.798+0100: 571.523: Total time for which application threads were stopped: 0.0002366 seconds, Stopping threads took: 0.0000883 seconds
2020-10-25T11:52:10.798+0100: 571.523: Total time for which application threads were stopped: 0.0002073 seconds, Stopping threads took: 0.0000731 seconds
2020-10-25T11:52:10.799+0100: 571.524: Total time for which application threads were stopped: 0.0002403 seconds, Stopping threads took: 0.0000776 seconds
2020-10-25T11:52:10.799+0100: 571.524: Total time for which application threads were stopped: 0.0002772 seconds, Stopping threads took: 0.0000861 seconds
2020-10-25T11:52:10.799+0100: 571.524: Total time for which application threads were stopped: 0.0002318 seconds, Stopping threads took: 0.0000855 seconds
2020-10-25T11:52:10.818+0100: 571.543: Total time for which application threads were stopped: 0.0015894 seconds, Stopping threads took: 0.0013630 seconds
2020-10-25T11:52:10.818+0100: 571.543: Total time for which application threads were stopped: 0.0001894 seconds, Stopping threads took: 0.0000515 seconds
2020-10-25T11:52:10.820+0100: 571.545: Total time for which application threads were stopped: 0.0002350 seconds, Stopping threads took: 0.0000596 seconds
2020-10-25T11:52:10.822+0100: 571.547: Total time for which application threads were stopped: 0.0002386 seconds, Stopping threads took: 0.0000558 seconds
2020-10-25T11:52:10.822+0100: 571.547: Total time for which application threads were stopped: 0.0002006 seconds, Stopping threads took: 0.0000495 seconds
2020-10-25T11:52:10.823+0100: 571.547: Total time for which application threads were stopped: 0.0001985 seconds, Stopping threads took: 0.0000460 seconds
2020-10-25T11:52:10.823+0100: 571.548: Total time for which application threads were stopped: 0.0001677 seconds, Stopping threads took: 0.0000434 seconds
2020-10-25T11:52:10.823+0100: 571.548: Total time for which application threads were stopped: 0.0001664 seconds, Stopping threads took: 0.0000438 seconds
2020-10-25T11:52:10.823+0100: 571.548: Total time for which application threads were stopped: 0.0001569 seconds, Stopping threads took: 0.0000410 seconds
2020-10-25T11:52:10.824+0100: 571.549: Total time for which application threads were stopped: 0.0002135 seconds, Stopping threads took: 0.0000550 seconds
2020-10-25T11:52:10.825+0100: 571.550: Total time for which application threads were stopped: 0.0002039 seconds, Stopping threads took: 0.0000537 seconds
2020-10-25T11:52:10.826+0100: 571.551: Total time for which application threads were stopped: 0.0002267 seconds, Stopping threads took: 0.0000600 seconds
2020-10-25T11:52:10.826+0100: 571.551: Total time for which application threads were stopped: 0.0002049 seconds, Stopping threads took: 0.0000670 seconds
2020-10-25T11:52:10.826+0100: 571.551: Total time for which application threads were stopped: 0.0001442 seconds, Stopping threads took: 0.0000419 seconds
2020-10-25T11:52:10.827+0100: 571.552: Total time for which application threads were stopped: 0.0001641 seconds, Stopping threads took: 0.0000512 seconds
2020-10-25T11:52:10.827+0100: 571.552: Total time for which application threads were stopped: 0.0001560 seconds, Stopping threads took: 0.0000560 seconds
2020-10-25T11:52:10.827+0100: 571.552: Total time for which application threads were stopped: 0.0001406 seconds, Stopping threads took: 0.0000424 seconds
2020-10-25T11:52:10.828+0100: 571.553: Total time for which application threads were stopped: 0.0001692 seconds, Stopping threads took: 0.0000481 seconds
2020-10-25T11:52:10.828+0100: 571.553: Total time for which application threads were stopped: 0.0001468 seconds, Stopping threads took: 0.0000420 seconds
2020-10-25T11:52:10.830+0100: 571.554: Total time for which application threads were stopped: 0.0007380 seconds, Stopping threads took: 0.0000684 seconds
2020-10-25T11:52:10.835+0100: 571.560: Total time for which application threads were stopped: 0.0002707 seconds, Stopping threads took: 0.0000601 seconds
2020-10-25T11:52:10.836+0100: 571.561: Total time for which application threads were stopped: 0.0002417 seconds, Stopping threads took: 0.0000693 seconds
2020-10-25T11:52:10.839+0100: 571.564: Total time for which application threads were stopped: 0.0003227 seconds, Stopping threads took: 0.0000647 seconds
2020-10-25T11:52:10.883+0100: 571.608: Total time for which application threads were stopped: 0.0002732 seconds, Stopping threads took: 0.0000670 seconds
2020-10-25T11:52:10.888+0100: 571.613: Total time for which application threads were stopped: 0.0005174 seconds, Stopping threads took: 0.0003185 seconds
2020-10-25T11:52:10.890+0100: 571.615: Total time for which application threads were stopped: 0.0007280 seconds, Stopping threads took: 0.0005276 seconds
2020-10-25T11:52:10.906+0100: 571.631: Total time for which application threads were stopped: 0.0007065 seconds, Stopping threads took: 0.0003780 seconds
2020-10-25T11:52:11.070+0100: 571.795: Total time for which application threads were stopped: 0.0024161 seconds, Stopping threads took: 0.0021658 seconds
2020-10-25T11:52:11.070+0100: 571.795: Total time for which application threads were stopped: 0.0002185 seconds, Stopping threads took: 0.0000646 seconds
2020-10-25T11:52:11.071+0100: 571.796: Total time for which application threads were stopped: 0.0002032 seconds, Stopping threads took: 0.0000542 seconds
2020-10-25T11:52:11.071+0100: 571.796: Total time for which application threads were stopped: 0.0001546 seconds, Stopping threads took: 0.0000550 seconds
2020-10-25T11:52:11.071+0100: 571.796: Total time for which application threads were stopped: 0.0001454 seconds, Stopping threads took: 0.0000527 seconds
2020-10-25T11:52:11.071+0100: 571.796: Total time for which application threads were stopped: 0.0001431 seconds, Stopping threads took: 0.0000522 seconds
2020-10-25T11:52:11.098+0100: 571.823: Total time for which application threads were stopped: 0.0002865 seconds, Stopping threads took: 0.0000850 seconds
2020-10-25T11:52:11.100+0100: 571.825: Total time for which application threads were stopped: 0.0002752 seconds, Stopping threads took: 0.0000713 seconds
2020-10-25T11:52:11.100+0100: 571.825: Total time for which application threads were stopped: 0.0002820 seconds, Stopping threads took: 0.0000535 seconds
2020-10-25T11:52:11.271+0100: 571.996: Total time for which application threads were stopped: 0.0002499 seconds, Stopping threads took: 0.0000713 seconds
2020-10-25T11:52:23.277+0100: 584.001: Total time for which application threads were stopped: 0.0001951 seconds, Stopping threads took: 0.0000475 seconds
2020-10-25T13:22:35.282+0100: 5996.016: Total time for which application threads were stopped: 0.0004573 seconds, Stopping threads took: 0.0001147 seconds
2020-10-25T13:22:36.284+0100: 5997.017: Total time for which application threads were stopped: 0.0003849 seconds, Stopping threads took: 0.0000663 seconds
2020-10-25T13:22:37.152+0100: 5997.885: Total time for which application threads were stopped: 0.0003902 seconds, Stopping threads took: 0.0000911 seconds
2020-10-25T13:22:37.152+0100: 5997.886: Total time for which application threads were stopped: 0.0003131 seconds, Stopping threads took: 0.0000653 seconds
2020-10-25T13:22:37.197+0100: 5997.930: Total time for which application threads were stopped: 0.0068939 seconds, Stopping threads took: 0.0064709 seconds
2020-10-25T13:22:37.701+0100: 5998.435: Total time for which application threads were stopped: 0.0003262 seconds, Stopping threads took: 0.0000640 seconds
2020-10-25T13:22:37.707+0100: 5998.441: Total time for which application threads were stopped: 0.0003570 seconds, Stopping threads took: 0.0000804 seconds
2020-10-25T13:22:37.707+0100: 5998.441: Total time for which application threads were stopped: 0.0002510 seconds, Stopping threads took: 0.0000487 seconds
2020-10-25T13:22:37.708+0100: 5998.442: Total time for which application threads were stopped: 0.0002362 seconds, Stopping threads took: 0.0000410 seconds
2020-10-25T13:22:38.317+0100: 5999.051: Total time for which application threads were stopped: 0.0032841 seconds, Stopping threads took: 0.0029207 seconds
2020-10-25T13:22:38.641+0100: 5999.374: Total time for which application threads were stopped: 0.0003940 seconds, Stopping threads took: 0.0000911 seconds
2020-10-25T13:22:38.974+0100: 5999.707: Total time for which application threads were stopped: 0.0025418 seconds, Stopping threads took: 0.0022001 seconds
2020-10-25T13:22:39.725+0100: 6000.458: Total time for which application threads were stopped: 0.0006287 seconds, Stopping threads took: 0.0000832 seconds
2020-10-25T13:22:39.831+0100: 6000.564: Total time for which application threads were stopped: 0.0004820 seconds, Stopping threads took: 0.0000807 seconds
2020-10-25T13:22:40.052+0100: 6000.785: Total time for which application threads were stopped: 0.0004557 seconds, Stopping threads took: 0.0000720 seconds
2020-10-25T13:22:40.190+0100: 6000.924: Total time for which application threads were stopped: 0.0003778 seconds, Stopping threads took: 0.0000704 seconds
2020-10-25T13:22:40.608+0100: 6001.342: Total time for which application threads were stopped: 0.0004922 seconds, Stopping threads took: 0.0001881 seconds
2020-10-25T13:22:40.608+0100: 6001.342: Total time for which application threads were stopped: 0.0003000 seconds, Stopping threads took: 0.0000592 seconds
2020-10-25T13:22:40.745+0100: 6001.478: Total time for which application threads were stopped: 0.0016855 seconds, Stopping threads took: 0.0000599 seconds
2020-10-25T13:22:40.784+0100: 6001.517: Total time for which application threads were stopped: 0.0004185 seconds, Stopping threads took: 0.0001215 seconds
2020-10-25T13:22:40.786+0100: 6001.519: Total time for which application threads were stopped: 0.0003646 seconds, Stopping threads took: 0.0000600 seconds
2020-10-25T13:22:41.013+0100: 6001.746: Total time for which application threads were stopped: 0.0004350 seconds, Stopping threads took: 0.0000816 seconds
2020-10-25T13:22:41.239+0100: 6001.973: Total time for which application threads were stopped: 0.0003495 seconds, Stopping threads took: 0.0000896 seconds
2020-10-25T13:22:41.239+0100: 6001.973: Total time for which application threads were stopped: 0.0002238 seconds, Stopping threads took: 0.0000390 seconds
2020-10-25T13:22:41.419+0100: 6002.153: Total time for which application threads were stopped: 0.0003976 seconds, Stopping threads took: 0.0000991 seconds
2020-10-25T13:22:41.813+0100: 6002.546: Total time for which application threads were stopped: 0.0003614 seconds, Stopping threads took: 0.0000650 seconds
2020-10-25T13:22:41.823+0100: 6002.557: Total time for which application threads were stopped: 0.0004297 seconds, Stopping threads took: 0.0000925 seconds
2020-10-25T13:22:41.824+0100: 6002.557: Total time for which application threads were stopped: 0.0005179 seconds, Stopping threads took: 0.0001975 seconds
2020-10-25T13:22:41.832+0100: 6002.565: Total time for which application threads were stopped: 0.0014436 seconds, Stopping threads took: 0.0002293 seconds
2020-10-25T13:22:41.947+0100: 6002.680: Total time for which application threads were stopped: 0.0004316 seconds, Stopping threads took: 0.0000993 seconds
2020-10-25T13:22:41.947+0100: 6002.681: Total time for which application threads were stopped: 0.0003950 seconds, Stopping threads took: 0.0001133 seconds
2020-10-25T13:22:41.951+0100: 6002.685: Total time for which application threads were stopped: 0.0004600 seconds, Stopping threads took: 0.0000987 seconds
2020-10-25T13:22:42.121+0100: 6002.855: Total time for which application threads were stopped: 0.0004274 seconds, Stopping threads took: 0.0000904 seconds
2020-10-25T13:22:42.122+0100: 6002.855: Total time for which application threads were stopped: 0.0003681 seconds, Stopping threads took: 0.0000878 seconds
2020-10-25T13:22:42.123+0100: 6002.856: Total time for which application threads were stopped: 0.0005092 seconds, Stopping threads took: 0.0000525 seconds
2020-10-25T13:22:43.123+0100: 6003.857: Total time for which application threads were stopped: 0.0003352 seconds, Stopping threads took: 0.0000661 seconds
2020-10-25T13:22:43.603+0100: 6004.337: Total time for which application threads were stopped: 0.0003568 seconds, Stopping threads took: 0.0000605 seconds
2020-10-25T13:22:44.736+0100: 6005.470: Total time for which application threads were stopped: 0.0032748 seconds, Stopping threads took: 0.0028542 seconds
2020-10-25T13:22:44.737+0100: 6005.470: Total time for which application threads were stopped: 0.0005731 seconds, Stopping threads took: 0.0001009 seconds
2020-10-25T13:22:44.769+0100: 6005.502: Total time for which application threads were stopped: 0.0005993 seconds, Stopping threads took: 0.0001022 seconds
2020-10-25T13:22:44.792+0100: 6005.525: Total time for which application threads were stopped: 0.0003707 seconds, Stopping threads took: 0.0000684 seconds
2020-10-25T13:22:44.813+0100: 6005.546: Total time for which application threads were stopped: 0.0083251 seconds, Stopping threads took: 0.0079813 seconds
2020-10-25T13:22:44.839+0100: 6005.572: Total time for which application threads were stopped: 0.0003506 seconds, Stopping threads took: 0.0000556 seconds
2020-10-25T13:22:44.843+0100: 6005.576: Total time for which application threads were stopped: 0.0007917 seconds, Stopping threads took: 0.0003732 seconds
2020-10-25T13:22:44.976+0100: 6005.710: Total time for which application threads were stopped: 0.0003569 seconds, Stopping threads took: 0.0000668 seconds
2020-10-25T13:22:45.042+0100: 6005.776: Total time for which application threads were stopped: 0.0004118 seconds, Stopping threads took: 0.0000820 seconds
2020-10-25T13:22:45.046+0100: 6005.780: Total time for which application threads were stopped: 0.0004916 seconds, Stopping threads took: 0.0000838 seconds
2020-10-25T13:22:45.046+0100: 6005.780: Total time for which application threads were stopped: 0.0003470 seconds, Stopping threads took: 0.0000705 seconds
2020-10-25T13:22:45.052+0100: 6005.786: Total time for which application threads were stopped: 0.0007130 seconds, Stopping threads took: 0.0003900 seconds
2020-10-25T13:22:45.053+0100: 6005.787: Total time for which application threads were stopped: 0.0005566 seconds, Stopping threads took: 0.0000674 seconds
2020-10-25T13:22:45.054+0100: 6005.788: Total time for which application threads were stopped: 0.0007043 seconds, Stopping threads took: 0.0000813 seconds
2020-10-25T13:22:45.055+0100: 6005.789: Total time for which application threads were stopped: 0.0006016 seconds, Stopping threads took: 0.0000647 seconds
2020-10-25T13:22:45.059+0100: 6005.793: Total time for which application threads were stopped: 0.0011036 seconds, Stopping threads took: 0.0007756 seconds
2020-10-25T13:22:45.060+0100: 6005.794: Total time for which application threads were stopped: 0.0003482 seconds, Stopping threads took: 0.0000516 seconds
2020-10-25T13:22:45.060+0100: 6005.794: Total time for which application threads were stopped: 0.0002874 seconds, Stopping threads took: 0.0000364 seconds
2020-10-25T13:22:45.061+0100: 6005.795: Total time for which application threads were stopped: 0.0002985 seconds, Stopping threads took: 0.0000389 seconds
2020-10-25T13:22:45.065+0100: 6005.799: Total time for which application threads were stopped: 0.0005496 seconds, Stopping threads took: 0.0000971 seconds
2020-10-25T13:22:45.066+0100: 6005.800: Total time for which application threads were stopped: 0.0004039 seconds, Stopping threads took: 0.0000846 seconds
2020-10-25T13:22:45.066+0100: 6005.800: Total time for which application threads were stopped: 0.0003273 seconds, Stopping threads took: 0.0000464 seconds
2020-10-25T13:22:45.068+0100: 6005.802: Total time for which application threads were stopped: 0.0003807 seconds, Stopping threads took: 0.0000748 seconds
2020-10-25T13:22:45.093+0100: 6005.827: Total time for which application threads were stopped: 0.0004799 seconds, Stopping threads took: 0.0001025 seconds
2020-10-25T13:22:45.114+0100: 6005.848: Total time for which application threads were stopped: 0.0004356 seconds, Stopping threads took: 0.0000738 seconds
2020-10-25T13:22:45.114+0100: 6005.848: Total time for which application threads were stopped: 0.0003781 seconds, Stopping threads took: 0.0000659 seconds
2020-10-25T13:22:45.115+0100: 6005.849: Total time for which application threads were stopped: 0.0003322 seconds, Stopping threads took: 0.0000577 seconds
2020-10-25T13:22:45.115+0100: 6005.849: Total time for which application threads were stopped: 0.0002984 seconds, Stopping threads took: 0.0000451 seconds
2020-10-25T13:22:45.116+0100: 6005.850: Total time for which application threads were stopped: 0.0003450 seconds, Stopping threads took: 0.0000871 seconds
2020-10-25T13:22:45.117+0100: 6005.850: Total time for which application threads were stopped: 0.0003913 seconds, Stopping threads took: 0.0000804 seconds
2020-10-25T13:22:45.120+0100: 6005.854: Total time for which application threads were stopped: 0.0004916 seconds, Stopping threads took: 0.0000758 seconds
2020-10-25T13:22:45.122+0100: 6005.856: Total time for which application threads were stopped: 0.0005985 seconds, Stopping threads took: 0.0000966 seconds
2020-10-25T13:22:45.122+0100: 6005.856: Total time for which application threads were stopped: 0.0003308 seconds, Stopping threads took: 0.0000500 seconds
2020-10-25T13:22:45.123+0100: 6005.857: Total time for which application threads were stopped: 0.0004998 seconds, Stopping threads took: 0.0000995 seconds
2020-10-25T13:22:45.124+0100: 6005.858: Total time for which application threads were stopped: 0.0003735 seconds, Stopping threads took: 0.0000698 seconds
2020-10-25T13:22:45.131+0100: 6005.865: Total time for which application threads were stopped: 0.0003874 seconds, Stopping threads took: 0.0000684 seconds
2020-10-25T13:22:45.132+0100: 6005.866: Total time for which application threads were stopped: 0.0005484 seconds, Stopping threads took: 0.0000883 seconds
2020-10-25T13:22:45.132+0100: 6005.866: Total time for which application threads were stopped: 0.0003606 seconds, Stopping threads took: 0.0000861 seconds
2020-10-25T13:22:45.133+0100: 6005.867: Total time for which application threads were stopped: 0.0006842 seconds, Stopping threads took: 0.0003654 seconds
2020-10-25T13:22:45.135+0100: 6005.868: Total time for which application threads were stopped: 0.0004369 seconds, Stopping threads took: 0.0001030 seconds
2020-10-25T13:22:45.136+0100: 6005.870: Total time for which application threads were stopped: 0.0005375 seconds, Stopping threads took: 0.0000920 seconds
2020-10-25T13:22:45.137+0100: 6005.871: Total time for which application threads were stopped: 0.0005587 seconds, Stopping threads took: 0.0002180 seconds
2020-10-25T13:22:45.138+0100: 6005.871: Total time for which application threads were stopped: 0.0003558 seconds, Stopping threads took: 0.0000899 seconds
2020-10-25T13:22:45.138+0100: 6005.872: Total time for which application threads were stopped: 0.0003453 seconds, Stopping threads took: 0.0000674 seconds
2020-10-25T13:22:45.139+0100: 6005.873: Total time for which application threads were stopped: 0.0003511 seconds, Stopping threads took: 0.0000824 seconds
2020-10-25T13:22:45.139+0100: 6005.873: Total time for which application threads were stopped: 0.0003272 seconds, Stopping threads took: 0.0000602 seconds
2020-10-25T13:22:45.140+0100: 6005.874: Total time for which application threads were stopped: 0.0003105 seconds, Stopping threads took: 0.0000780 seconds
2020-10-25T13:22:45.141+0100: 6005.874: Total time for which application threads were stopped: 0.0003682 seconds, Stopping threads took: 0.0000504 seconds
2020-10-25T13:22:45.143+0100: 6005.877: Total time for which application threads were stopped: 0.0008215 seconds, Stopping threads took: 0.0001569 seconds
2020-10-25T13:22:45.143+0100: 6005.877: Total time for which application threads were stopped: 0.0003376 seconds, Stopping threads took: 0.0000455 seconds
2020-10-25T13:22:45.145+0100: 6005.879: Total time for which application threads were stopped: 0.0005016 seconds, Stopping threads took: 0.0000686 seconds
2020-10-25T13:22:45.150+0100: 6005.884: Total time for which application threads were stopped: 0.0004429 seconds, Stopping threads took: 0.0000754 seconds
2020-10-25T13:22:45.152+0100: 6005.886: Total time for which application threads were stopped: 0.0003670 seconds, Stopping threads took: 0.0000655 seconds
2020-10-25T13:22:45.152+0100: 6005.886: Total time for which application threads were stopped: 0.0003173 seconds, Stopping threads took: 0.0000642 seconds
2020-10-25T13:22:45.430+0100: 6006.164: Total time for which application threads were stopped: 0.0003743 seconds, Stopping threads took: 0.0000665 seconds
2020-10-25T13:22:45.643+0100: 6006.376: Total time for which application threads were stopped: 0.0015310 seconds, Stopping threads took: 0.0000697 seconds
2020-10-25T13:22:45.701+0100: 6006.435: Total time for which application threads were stopped: 0.0005738 seconds, Stopping threads took: 0.0000917 seconds
2020-10-25T13:23:14.732+0100: 6035.465: Total time for which application threads were stopped: 0.0003736 seconds, Stopping threads took: 0.0000863 seconds
2020-10-25T13:23:26.761+0100: 6047.495: Total time for which application threads were stopped: 0.0003629 seconds, Stopping threads took: 0.0000764 seconds
2020-10-25T13:23:39.482+0100: 6060.216: Total time for which application threads were stopped: 0.0002902 seconds, Stopping threads took: 0.0000978 seconds
2020-10-25T13:23:40.483+0100: 6061.216: Total time for which application threads were stopped: 0.0002002 seconds, Stopping threads took: 0.0000509 seconds
2020-10-25T13:23:43.950+0100: 6064.683: Total time for which application threads were stopped: 0.0002170 seconds, Stopping threads took: 0.0000499 seconds
2020-10-25T13:24:45.146+0100: 6125.879: Total time for which application threads were stopped: 0.0003363 seconds, Stopping threads took: 0.0000680 seconds
2020-10-25T13:24:46.146+0100: 6126.880: Total time for which application threads were stopped: 0.0004849 seconds, Stopping threads took: 0.0001346 seconds
2020-10-25T13:24:47.147+0100: 6127.880: Total time for which application threads were stopped: 0.0007001 seconds, Stopping threads took: 0.0001329 seconds
2020-10-25T13:25:50.223+0100: 6190.956: Total time for which application threads were stopped: 0.0005988 seconds, Stopping threads took: 0.0001588 seconds
2020-10-25T13:26:45.867+0100: 6246.600: Total time for which application threads were stopped: 0.0002786 seconds, Stopping threads took: 0.0000821 seconds
2020-10-25T13:26:46.392+0100: 6247.126: Total time for which application threads were stopped: 0.0006482 seconds, Stopping threads took: 0.0002293 seconds
{Heap before GC invocations=21 (full 0):
 garbage-first heap   total 524288K, used 342792K [0x00000000e0000000, 0x00000000e0101000, 0x0000000100000000)
  region size 1024K, 307 young (314368K), 24 survivors (24576K)
 Metaspace       used 55245K, capacity 57664K, committed 57976K, reserved 1099776K
  class space    used 6736K, capacity 7249K, committed 7344K, reserved 1048576K
2020-10-25T13:26:46.554+0100: 6247.287: [GC pause (G1 Evacuation Pause) (young)
Desired survivor size 20447232 bytes, new threshold 15 (max 15)
- age   1:   10311664 bytes,   10311664 total
- age   2:     992712 bytes,   11304376 total
- age   3:     550280 bytes,   11854656 total
- age   4:      89512 bytes,   11944168 total
- age   5:      44104 bytes,   11988272 total
- age   6:     106528 bytes,   12094800 total
- age   7:      64832 bytes,   12159632 total
- age   8:      86640 bytes,   12246272 total
- age   9:     150256 bytes,   12396528 total
- age  10:      32472 bytes,   12429000 total
- age  11:    4000904 bytes,   16429904 total
- age  12:    1836488 bytes,   18266392 total
, 0.0350378 secs]
   [Parallel Time: 27.1 ms, GC Workers: 4]
      [GC Worker Start (ms): Min: 6247287.3, Avg: 6247287.4, Max: 6247287.4, Diff: 0.1]
      [Ext Root Scanning (ms): Min: 1.1, Avg: 1.8, Max: 3.4, Diff: 2.2, Sum: 7.1]
      [Update RS (ms): Min: 1.4, Avg: 2.4, Max: 2.8, Diff: 1.4, Sum: 9.5]
         [Processed Buffers: Min: 1, Avg: 14.5, Max: 25, Diff: 24, Sum: 58]
      [Scan RS (ms): Min: 0.0, Avg: 0.1, Max: 0.1, Diff: 0.0, Sum: 0.3]
      [Code Root Scanning (ms): Min: 0.1, Avg: 0.8, Max: 1.7, Diff: 1.7, Sum: 3.2]
      [Object Copy (ms): Min: 21.3, Avg: 21.9, Max: 22.8, Diff: 1.5, Sum: 87.7]
      [Termination (ms): Min: 0.0, Avg: 0.0, Max: 0.0, Diff: 0.0, Sum: 0.0]
         [Termination Attempts: Min: 1, Avg: 1.3, Max: 2, Diff: 1, Sum: 5]
      [GC Worker Other (ms): Min: 0.0, Avg: 0.0, Max: 0.0, Diff: 0.0, Sum: 0.1]
      [GC Worker Total (ms): Min: 26.9, Avg: 27.0, Max: 27.0, Diff: 0.1, Sum: 107.9]
      [GC Worker End (ms): Min: 6247314.3, Avg: 6247314.3, Max: 6247314.3, Diff: 0.0]
   [Code Root Fixup: 0.1 ms]
   [Code Root Purge: 0.0 ms]
   [Clear CT: 0.2 ms]
   [Other: 7.7 ms]
      [Choose CSet: 0.0 ms]
      [Ref Proc: 6.8 ms]
      [Ref Enq: 0.1 ms]
      [Redirty Cards: 0.1 ms]
      [Humongous Register: 0.0 ms]
      [Humongous Reclaim: 0.0 ms]
      [Free CSet: 0.4 ms]
   [Eden: 283.0M(283.0M)->0.0B(283.0M) Survivors: 24.0M->24.0M Heap: 334.8M(512.0M)->51.8M(512.0M)]
Heap after GC invocations=22 (full 0):
 garbage-first heap   total 524288K, used 53000K [0x00000000e0000000, 0x00000000e0101000, 0x0000000100000000)
  region size 1024K, 24 young (24576K), 24 survivors (24576K)
 Metaspace       used 55245K, capacity 57664K, committed 57976K, reserved 1099776K
  class space    used 6736K, capacity 7249K, committed 7344K, reserved 1048576K
}
 [Times: user=0.14 sys=0.00, real=0.04 secs] 
2020-10-25T13:26:46.589+0100: 6247.323: Total time for which application threads were stopped: 0.0356839 seconds, Stopping threads took: 0.0000631 seconds
2020-10-25T13:26:46.590+0100: 6247.323: Total time for which application threads were stopped: 0.0003590 seconds, Stopping threads took: 0.0001155 seconds
2020-10-25T13:26:46.590+0100: 6247.324: Total time for which application threads were stopped: 0.0002908 seconds, Stopping threads took: 0.0000954 seconds
2020-10-25T13:26:46.591+0100: 6247.324: Total time for which application threads were stopped: 0.0002183 seconds, Stopping threads took: 0.0000793 seconds
2020-10-25T13:26:46.705+0100: 6247.438: Total time for which application threads were stopped: 0.0008693 seconds, Stopping threads took: 0.0005977 seconds
2020-10-25T13:26:46.981+0100: 6247.715: Total time for which application threads were stopped: 0.0071793 seconds, Stopping threads took: 0.0069253 seconds
2020-10-25T13:26:46.985+0100: 6247.719: Total time for which application threads were stopped: 0.0005035 seconds, Stopping threads took: 0.0002695 seconds
2020-10-25T13:26:46.996+0100: 6247.730: Total time for which application threads were stopped: 0.0003623 seconds, Stopping threads took: 0.0001133 seconds
2020-10-25T13:26:47.018+0100: 6247.752: Total time for which application threads were stopped: 0.0009449 seconds, Stopping threads took: 0.0006248 seconds
2020-10-25T13:26:47.019+0100: 6247.753: Total time for which application threads were stopped: 0.0004588 seconds, Stopping threads took: 0.0001051 seconds
{Heap before GC invocations=22 (full 0):
 garbage-first heap   total 524288K, used 342792K [0x00000000e0000000, 0x00000000e0101000, 0x0000000100000000)
  region size 1024K, 307 young (314368K), 24 survivors (24576K)
 Metaspace       used 55266K, capacity 57664K, committed 57976K, reserved 1099776K
  class space    used 6736K, capacity 7249K, committed 7344K, reserved 1048576K
2020-10-25T13:26:47.095+0100: 6247.828: [GC pause (G1 Evacuation Pause) (young)
Desired survivor size 20447232 bytes, new threshold 15 (max 15)
- age   1:    8601232 bytes,    8601232 total
- age   2:    1069504 bytes,    9670736 total
- age   3:      69544 bytes,    9740280 total
- age   4:      74208 bytes,    9814488 total
- age   5:      68184 bytes,    9882672 total
- age   6:      41312 bytes,    9923984 total
- age   7:      99200 bytes,   10023184 total
- age   8:      60176 bytes,   10083360 total
- age   9:      84528 bytes,   10167888 total
- age  10:     140760 bytes,   10308648 total
- age  11:      31648 bytes,   10340296 total
- age  12:    3958024 bytes,   14298320 total
- age  13:    1836208 bytes,   16134528 total
, 0.0247401 secs]
   [Parallel Time: 22.6 ms, GC Workers: 4]
      [GC Worker Start (ms): Min: 6247828.6, Avg: 6247828.6, Max: 6247828.6, Diff: 0.0]
      [Ext Root Scanning (ms): Min: 0.9, Avg: 1.3, Max: 2.1, Diff: 1.2, Sum: 5.4]
      [Update RS (ms): Min: 1.0, Avg: 1.6, Max: 1.9, Diff: 0.9, Sum: 6.2]
         [Processed Buffers: Min: 3, Avg: 5.8, Max: 11, Diff: 8, Sum: 23]
      [Scan RS (ms): Min: 0.0, Avg: 0.1, Max: 0.1, Diff: 0.1, Sum: 0.2]
      [Code Root Scanning (ms): Min: 0.0, Avg: 0.6, Max: 1.2, Diff: 1.2, Sum: 2.3]
      [Object Copy (ms): Min: 18.2, Avg: 19.0, Max: 19.9, Diff: 1.7, Sum: 76.0]
      [Termination (ms): Min: 0.0, Avg: 0.0, Max: 0.0, Diff: 0.0, Sum: 0.0]
         [Termination Attempts: Min: 1, Avg: 2.0, Max: 4, Diff: 3, Sum: 8]
      [GC Worker Other (ms): Min: 0.0, Avg: 0.0, Max: 0.0, Diff: 0.0, Sum: 0.1]
      [GC Worker Total (ms): Min: 22.5, Avg: 22.6, Max: 22.6, Diff: 0.0, Sum: 90.2]
      [GC Worker End (ms): Min: 6247851.1, Avg: 6247851.1, Max: 6247851.1, Diff: 0.0]
   [Code Root Fixup: 0.1 ms]
   [Code Root Purge: 0.0 ms]
   [Clear CT: 0.1 ms]
   [Other: 1.9 ms]
      [Choose CSet: 0.0 ms]
      [Ref Proc: 1.1 ms]
      [Ref Enq: 0.1 ms]
      [Redirty Cards: 0.1 ms]
      [Humongous Register: 0.0 ms]
      [Humongous Reclaim: 0.0 ms]
      [Free CSet: 0.4 ms]
   [Eden: 283.0M(283.0M)->0.0B(286.0M) Survivors: 24.0M->21.0M Heap: 334.8M(512.0M)->48.8M(512.0M)]
Heap after GC invocations=23 (full 0):
 garbage-first heap   total 524288K, used 49928K [0x00000000e0000000, 0x00000000e0101000, 0x0000000100000000)
  region size 1024K, 21 young (21504K), 21 survivors (21504K)
 Metaspace       used 55266K, capacity 57664K, committed 57976K, reserved 1099776K
  class space    used 6736K, capacity 7249K, committed 7344K, reserved 1048576K
}
 [Times: user=0.06 sys=0.02, real=0.02 secs] 
2020-10-25T13:26:47.120+0100: 6247.854: Total time for which application threads were stopped: 0.0256230 seconds, Stopping threads took: 0.0000990 seconds
2020-10-25T13:26:47.501+0100: 6248.234: Total time for which application threads were stopped: 0.0011252 seconds, Stopping threads took: 0.0000906 seconds
2020-10-25T13:26:47.855+0100: 6248.588: Total time for which application threads were stopped: 0.0016557 seconds, Stopping threads took: 0.0013509 seconds
2020-10-25T13:26:47.857+0100: 6248.590: Total time for which application threads were stopped: 0.0003605 seconds, Stopping threads took: 0.0000969 seconds
2020-10-25T13:26:47.882+0100: 6248.616: Total time for which application threads were stopped: 0.0003593 seconds, Stopping threads took: 0.0000793 seconds
2020-10-25T13:26:47.886+0100: 6248.620: Total time for which application threads were stopped: 0.0024169 seconds, Stopping threads took: 0.0013961 seconds
2020-10-25T13:26:47.930+0100: 6248.663: Total time for which application threads were stopped: 0.0033683 seconds, Stopping threads took: 0.0030891 seconds
2020-10-25T13:26:47.930+0100: 6248.664: Total time for which application threads were stopped: 0.0002849 seconds, Stopping threads took: 0.0001068 seconds
2020-10-25T13:26:47.931+0100: 6248.664: Total time for which application threads were stopped: 0.0002164 seconds, Stopping threads took: 0.0000475 seconds
2020-10-25T13:26:47.931+0100: 6248.665: Total time for which application threads were stopped: 0.0001960 seconds, Stopping threads took: 0.0000402 seconds
2020-10-25T13:26:47.931+0100: 6248.665: Total time for which application threads were stopped: 0.0001889 seconds, Stopping threads took: 0.0000407 seconds
2020-10-25T13:26:47.959+0100: 6248.692: Total time for which application threads were stopped: 0.0006215 seconds, Stopping threads took: 0.0003743 seconds
2020-10-25T13:26:47.961+0100: 6248.694: Total time for which application threads were stopped: 0.0004111 seconds, Stopping threads took: 0.0000987 seconds
2020-10-25T13:26:47.961+0100: 6248.694: Total time for which application threads were stopped: 0.0001902 seconds, Stopping threads took: 0.0000525 seconds
2020-10-25T13:26:47.967+0100: 6248.700: Total time for which application threads were stopped: 0.0003447 seconds, Stopping threads took: 0.0000935 seconds
2020-10-25T13:26:47.982+0100: 6248.716: Total time for which application threads were stopped: 0.0009897 seconds, Stopping threads took: 0.0007267 seconds
2020-10-25T13:26:48.049+0100: 6248.782: Total time for which application threads were stopped: 0.0004689 seconds, Stopping threads took: 0.0002007 seconds
2020-10-25T13:26:48.076+0100: 6248.809: Total time for which application threads were stopped: 0.0019791 seconds, Stopping threads took: 0.0017217 seconds
2020-10-25T13:26:48.077+0100: 6248.811: Total time for which application threads were stopped: 0.0003462 seconds, Stopping threads took: 0.0000905 seconds
2020-10-25T13:26:48.078+0100: 6248.811: Total time for which application threads were stopped: 0.0002910 seconds, Stopping threads took: 0.0000681 seconds
2020-10-25T13:26:48.078+0100: 6248.811: Total time for which application threads were stopped: 0.0002548 seconds, Stopping threads took: 0.0000582 seconds
2020-10-25T13:26:48.078+0100: 6248.812: Total time for which application threads were stopped: 0.0002443 seconds, Stopping threads took: 0.0000679 seconds
2020-10-25T13:26:48.091+0100: 6248.824: Total time for which application threads were stopped: 0.0003346 seconds, Stopping threads took: 0.0001110 seconds
2020-10-25T13:26:48.092+0100: 6248.825: Total time for which application threads were stopped: 0.0002758 seconds, Stopping threads took: 0.0000539 seconds
2020-10-25T13:26:48.092+0100: 6248.826: Total time for which application threads were stopped: 0.0002520 seconds, Stopping threads took: 0.0000624 seconds
2020-10-25T13:26:48.094+0100: 6248.827: Total time for which application threads were stopped: 0.0002808 seconds, Stopping threads took: 0.0000657 seconds
2020-10-25T13:26:48.094+0100: 6248.828: Total time for which application threads were stopped: 0.0002581 seconds, Stopping threads took: 0.0000545 seconds
2020-10-25T13:26:48.396+0100: 6249.130: Total time for which application threads were stopped: 0.0002589 seconds, Stopping threads took: 0.0000798 seconds
2020-10-25T13:27:44.497+0100: 6305.231: Total time for which application threads were stopped: 0.0008623 seconds, Stopping threads took: 0.0002185 seconds
2020-10-25T13:27:45.498+0100: 6306.231: Total time for which application threads were stopped: 0.0004522 seconds, Stopping threads took: 0.0001079 seconds
2020-10-25T13:27:53.502+0100: 6314.235: Total time for which application threads were stopped: 0.0003460 seconds, Stopping threads took: 0.0001722 seconds
2020-10-25T13:27:53.502+0100: 6314.236: Total time for which application threads were stopped: 0.0001880 seconds, Stopping threads took: 0.0000390 seconds
2020-10-25T13:27:54.000+0100: 6314.734: Total time for which application threads were stopped: 0.0002838 seconds, Stopping threads took: 0.0000620 seconds
2020-10-25T13:27:54.255+0100: 6314.988: Total time for which application threads were stopped: 0.0008493 seconds, Stopping threads took: 0.0005419 seconds
{Heap before GC invocations=23 (full 0):
 garbage-first heap   total 524288K, used 342792K [0x00000000e0000000, 0x00000000e0101000, 0x0000000100000000)
  region size 1024K, 307 young (314368K), 21 survivors (21504K)
 Metaspace       used 55368K, capacity 57792K, committed 57976K, reserved 1099776K
  class space    used 6737K, capacity 7249K, committed 7344K, reserved 1048576K
2020-10-25T13:27:54.399+0100: 6315.133: [GC pause (G1 Evacuation Pause) (young)
Desired survivor size 20447232 bytes, new threshold 15 (max 15)
- age   1:    3072656 bytes,    3072656 total
- age   2:    7024392 bytes,   10097048 total
- age   3:    1065000 bytes,   11162048 total
- age   4:      65336 bytes,   11227384 total
- age   5:      71016 bytes,   11298400 total
- age   6:      66032 bytes,   11364432 total
- age   7:      39440 bytes,   11403872 total
- age   8:      96184 bytes,   11500056 total
- age   9:      58072 bytes,   11558128 total
- age  10:      80408 bytes,   11638536 total
- age  11:     137776 bytes,   11776312 total
- age  12:      31120 bytes,   11807432 total
- age  13:    3913872 bytes,   15721304 total
- age  14:    1835624 bytes,   17556928 total
, 0.0363351 secs]
   [Parallel Time: 33.8 ms, GC Workers: 4]
      [GC Worker Start (ms): Min: 6315132.7, Avg: 6315132.8, Max: 6315132.9, Diff: 0.2]
      [Ext Root Scanning (ms): Min: 0.9, Avg: 1.5, Max: 2.6, Diff: 1.7, Sum: 6.0]
      [Update RS (ms): Min: 1.1, Avg: 1.9, Max: 2.3, Diff: 1.3, Sum: 7.5]
         [Processed Buffers: Min: 2, Avg: 8.5, Max: 18, Diff: 16, Sum: 34]
      [Scan RS (ms): Min: 0.0, Avg: 0.1, Max: 0.1, Diff: 0.1, Sum: 0.2]
      [Code Root Scanning (ms): Min: 0.0, Avg: 0.9, Max: 1.7, Diff: 1.7, Sum: 3.4]
      [Object Copy (ms): Min: 28.2, Avg: 29.3, Max: 30.3, Diff: 2.1, Sum: 117.2]
      [Termination (ms): Min: 0.0, Avg: 0.0, Max: 0.1, Diff: 0.1, Sum: 0.2]
         [Termination Attempts: Min: 1, Avg: 1.0, Max: 1, Diff: 0, Sum: 4]
      [GC Worker Other (ms): Min: 0.0, Avg: 0.0, Max: 0.0, Diff: 0.0, Sum: 0.1]
      [GC Worker Total (ms): Min: 33.5, Avg: 33.7, Max: 33.7, Diff: 0.2, Sum: 134.7]
      [GC Worker End (ms): Min: 6315166.5, Avg: 6315166.5, Max: 6315166.5, Diff: 0.0]
   [Code Root Fixup: 0.1 ms]
   [Code Root Purge: 0.0 ms]
   [Clear CT: 0.2 ms]
   [Other: 2.2 ms]
      [Choose CSet: 0.0 ms]
      [Ref Proc: 1.3 ms]
      [Ref Enq: 0.1 ms]
      [Redirty Cards: 0.1 ms]
      [Humongous Register: 0.0 ms]
      [Humongous Reclaim: 0.0 ms]
      [Free CSet: 0.5 ms]
   [Eden: 286.0M(286.0M)->0.0B(282.0M) Survivors: 21.0M->25.0M Heap: 334.8M(512.0M)->52.3M(512.0M)]
Heap after GC invocations=24 (full 0):
 garbage-first heap   total 524288K, used 53512K [0x00000000e0000000, 0x00000000e0101000, 0x0000000100000000)
  region size 1024K, 25 young (25600K), 25 survivors (25600K)
 Metaspace       used 55368K, capacity 57792K, committed 57976K, reserved 1099776K
  class space    used 6737K, capacity 7249K, committed 7344K, reserved 1048576K
}
 [Times: user=0.17 sys=0.00, real=0.04 secs] 
2020-10-25T13:27:54.436+0100: 6315.169: Total time for which application threads were stopped: 0.0403868 seconds, Stopping threads took: 0.0033928 seconds
2020-10-25T13:27:54.438+0100: 6315.171: Total time for which application threads were stopped: 0.0003324 seconds, Stopping threads took: 0.0001105 seconds
2020-10-25T13:27:54.468+0100: 6315.201: Total time for which application threads were stopped: 0.0003736 seconds, Stopping threads took: 0.0000934 seconds
2020-10-25T13:27:54.472+0100: 6315.205: Total time for which application threads were stopped: 0.0004220 seconds, Stopping threads took: 0.0001142 seconds
2020-10-25T13:27:54.477+0100: 6315.210: Total time for which application threads were stopped: 0.0005551 seconds, Stopping threads took: 0.0001358 seconds
2020-10-25T13:27:55.108+0100: 6315.842: Total time for which application threads were stopped: 0.0004574 seconds, Stopping threads took: 0.0000723 seconds
2020-10-25T13:27:55.116+0100: 6315.850: Total time for which application threads were stopped: 0.0011728 seconds, Stopping threads took: 0.0009094 seconds
2020-10-25T13:27:55.120+0100: 6315.853: Total time for which application threads were stopped: 0.0004487 seconds, Stopping threads took: 0.0001301 seconds
2020-10-25T13:27:55.293+0100: 6316.027: Total time for which application threads were stopped: 0.0114194 seconds, Stopping threads took: 0.0111641 seconds
2020-10-25T13:27:55.300+0100: 6316.033: Total time for which application threads were stopped: 0.0003934 seconds, Stopping threads took: 0.0000711 seconds
2020-10-25T13:27:55.304+0100: 6316.038: Total time for which application threads were stopped: 0.0033105 seconds, Stopping threads took: 0.0030502 seconds
2020-10-25T13:27:55.314+0100: 6316.048: Total time for which application threads were stopped: 0.0068673 seconds, Stopping threads took: 0.0066377 seconds
2020-10-25T13:27:55.317+0100: 6316.050: Total time for which application threads were stopped: 0.0003300 seconds, Stopping threads took: 0.0000813 seconds
2020-10-25T13:27:55.461+0100: 6316.195: Total time for which application threads were stopped: 0.0025189 seconds, Stopping threads took: 0.0021079 seconds
{Heap before GC invocations=24 (full 0):
 garbage-first heap   total 524288K, used 342280K [0x00000000e0000000, 0x00000000e0101000, 0x0000000100000000)
  region size 1024K, 308 young (315392K), 25 survivors (25600K)
 Metaspace       used 55473K, capacity 57926K, committed 58232K, reserved 1099776K
  class space    used 6738K, capacity 7250K, committed 7344K, reserved 1048576K
2020-10-25T13:27:55.462+0100: 6316.196: [GC pause (GCLocker Initiated GC) (young)
Desired survivor size 20447232 bytes, new threshold 15 (max 15)
- age   1:    7441392 bytes,    7441392 total
- age   2:     771184 bytes,    8212576 total
- age   3:    5993856 bytes,   14206432 total
- age   4:    1060696 bytes,   15267128 total
- age   5:      65336 bytes,   15332464 total
- age   6:      70512 bytes,   15402976 total
- age   7:      65480 bytes,   15468456 total
- age   8:      39440 bytes,   15507896 total
- age   9:      95608 bytes,   15603504 total
- age  10:      57568 bytes,   15661072 total
- age  11:      80408 bytes,   15741480 total
- age  12:     137272 bytes,   15878752 total
- age  13:      30592 bytes,   15909344 total
- age  14:    3910728 bytes,   19820072 total
- age  15:    1835504 bytes,   21655576 total
, 0.0362777 secs]
   [Parallel Time: 33.6 ms, GC Workers: 4]
      [GC Worker Start (ms): Min: 6316196.0, Avg: 6316196.0, Max: 6316196.1, Diff: 0.1]
      [Ext Root Scanning (ms): Min: 1.1, Avg: 1.8, Max: 3.2, Diff: 2.0, Sum: 7.4]
      [Update RS (ms): Min: 0.7, Avg: 1.5, Max: 1.9, Diff: 1.2, Sum: 6.0]
         [Processed Buffers: Min: 3, Avg: 7.0, Max: 18, Diff: 15, Sum: 28]
      [Scan RS (ms): Min: 0.0, Avg: 0.1, Max: 0.1, Diff: 0.1, Sum: 0.2]
      [Code Root Scanning (ms): Min: 0.0, Avg: 0.8, Max: 1.7, Diff: 1.7, Sum: 3.3]
      [Object Copy (ms): Min: 27.6, Avg: 29.1, Max: 30.1, Diff: 2.5, Sum: 116.3]
      [Termination (ms): Min: 0.0, Avg: 0.3, Max: 0.4, Diff: 0.4, Sum: 1.1]
         [Termination Attempts: Min: 1, Avg: 1.0, Max: 1, Diff: 0, Sum: 4]
      [GC Worker Other (ms): Min: 0.0, Avg: 0.0, Max: 0.0, Diff: 0.0, Sum: 0.1]
      [GC Worker Total (ms): Min: 33.5, Avg: 33.6, Max: 33.6, Diff: 0.1, Sum: 134.3]
      [GC Worker End (ms): Min: 6316229.6, Avg: 6316229.6, Max: 6316229.6, Diff: 0.0]
   [Code Root Fixup: 0.1 ms]
   [Code Root Purge: 0.1 ms]
   [Clear CT: 0.1 ms]
   [Other: 2.4 ms]
      [Choose CSet: 0.0 ms]
      [Ref Proc: 1.7 ms]
      [Ref Enq: 0.0 ms]
      [Redirty Cards: 0.0 ms]
      [Humongous Register: 0.0 ms]
      [Humongous Reclaim: 0.0 ms]
      [Free CSet: 0.3 ms]
   [Eden: 283.0M(282.0M)->0.0B(283.0M) Survivors: 25.0M->24.0M Heap: 335.2M(512.0M)->53.0M(512.0M)]
Heap after GC invocations=25 (full 0):
 garbage-first heap   total 524288K, used 54308K [0x00000000e0000000, 0x00000000e0101000, 0x0000000100000000)
  region size 1024K, 24 young (24576K), 24 survivors (24576K)
 Metaspace       used 55473K, capacity 57926K, committed 58232K, reserved 1099776K
  class space    used 6738K, capacity 7250K, committed 7344K, reserved 1048576K
}
 [Times: user=0.19 sys=0.00, real=0.04 secs] 
2020-10-25T13:27:55.499+0100: 6316.232: Total time for which application threads were stopped: 0.0371470 seconds, Stopping threads took: 0.0000743 seconds
2020-10-25T13:27:55.517+0100: 6316.250: Total time for which application threads were stopped: 0.0031076 seconds, Stopping threads took: 0.0028318 seconds
2020-10-25T13:27:55.517+0100: 6316.250: Total time for which application threads were stopped: 0.0002315 seconds, Stopping threads took: 0.0000605 seconds
2020-10-25T13:27:55.517+0100: 6316.251: Total time for which application threads were stopped: 0.0002201 seconds, Stopping threads took: 0.0000544 seconds
2020-10-25T13:27:55.518+0100: 6316.252: Total time for which application threads were stopped: 0.0002398 seconds, Stopping threads took: 0.0000444 seconds
2020-10-25T13:27:55.518+0100: 6316.252: Total time for which application threads were stopped: 0.0002047 seconds, Stopping threads took: 0.0000569 seconds
2020-10-25T13:27:55.519+0100: 6316.252: Total time for which application threads were stopped: 0.0002111 seconds, Stopping threads took: 0.0000361 seconds
2020-10-25T13:27:55.543+0100: 6316.277: Total time for which application threads were stopped: 0.0009766 seconds, Stopping threads took: 0.0007451 seconds
2020-10-25T13:27:55.555+0100: 6316.288: Total time for which application threads were stopped: 0.0034670 seconds, Stopping threads took: 0.0032443 seconds
2020-10-25T13:27:55.559+0100: 6316.293: Total time for which application threads were stopped: 0.0018841 seconds, Stopping threads took: 0.0016162 seconds
2020-10-25T13:27:55.560+0100: 6316.294: Total time for which application threads were stopped: 0.0003062 seconds, Stopping threads took: 0.0000707 seconds
2020-10-25T13:27:55.563+0100: 6316.297: Total time for which application threads were stopped: 0.0003494 seconds, Stopping threads took: 0.0000811 seconds
2020-10-25T13:27:55.564+0100: 6316.298: Total time for which application threads were stopped: 0.0002842 seconds, Stopping threads took: 0.0000735 seconds
2020-10-25T13:27:55.564+0100: 6316.298: Total time for which application threads were stopped: 0.0002343 seconds, Stopping threads took: 0.0000539 seconds
2020-10-25T13:27:55.565+0100: 6316.298: Total time for which application threads were stopped: 0.0002235 seconds, Stopping threads took: 0.0000527 seconds
2020-10-25T13:27:55.593+0100: 6316.326: Total time for which application threads were stopped: 0.0003134 seconds, Stopping threads took: 0.0000904 seconds
2020-10-25T13:27:55.594+0100: 6316.327: Total time for which application threads were stopped: 0.0003544 seconds, Stopping threads took: 0.0000807 seconds
2020-10-25T13:27:55.595+0100: 6316.329: Total time for which application threads were stopped: 0.0007593 seconds, Stopping threads took: 0.0005213 seconds
2020-10-25T13:27:55.636+0100: 6316.369: Total time for which application threads were stopped: 0.0106461 seconds, Stopping threads took: 0.0090002 seconds
2020-10-25T13:27:55.638+0100: 6316.371: Total time for which application threads were stopped: 0.0011653 seconds, Stopping threads took: 0.0004446 seconds
2020-10-25T13:27:55.689+0100: 6316.423: Total time for which application threads were stopped: 0.0002790 seconds, Stopping threads took: 0.0000728 seconds
2020-10-25T13:28:36.381+0100: 6357.115: Total time for which application threads were stopped: 0.0002761 seconds, Stopping threads took: 0.0000679 seconds
2020-10-25T13:28:36.877+0100: 6357.611: Total time for which application threads were stopped: 0.0006141 seconds, Stopping threads took: 0.0002173 seconds
2020-10-25T13:28:37.115+0100: 6357.849: Total time for which application threads were stopped: 0.0009594 seconds, Stopping threads took: 0.0006777 seconds
2020-10-25T13:28:37.284+0100: 6358.018: Total time for which application threads were stopped: 0.0013390 seconds, Stopping threads took: 0.0010748 seconds
2020-10-25T13:28:37.285+0100: 6358.019: Total time for which application threads were stopped: 0.0003336 seconds, Stopping threads took: 0.0000946 seconds
2020-10-25T13:28:37.287+0100: 6358.020: Total time for which application threads were stopped: 0.0012808 seconds, Stopping threads took: 0.0001058 seconds
2020-10-25T13:28:37.289+0100: 6358.022: Total time for which application threads were stopped: 0.0003894 seconds, Stopping threads took: 0.0000987 seconds
2020-10-25T13:28:37.290+0100: 6358.023: Total time for which application threads were stopped: 0.0003285 seconds, Stopping threads took: 0.0000883 seconds
2020-10-25T13:28:37.311+0100: 6358.044: Total time for which application threads were stopped: 0.0028619 seconds, Stopping threads took: 0.0025629 seconds
{Heap before GC invocations=25 (full 0):
 garbage-first heap   total 524288K, used 344100K [0x00000000e0000000, 0x00000000e0101000, 0x0000000100000000)
  region size 1024K, 307 young (314368K), 24 survivors (24576K)
 Metaspace       used 55502K, capacity 57926K, committed 58232K, reserved 1099776K
  class space    used 6738K, capacity 7250K, committed 7344K, reserved 1048576K
2020-10-25T13:28:37.327+0100: 6358.061: [GC pause (G1 Evacuation Pause) (young)
Desired survivor size 20447232 bytes, new threshold 15 (max 15)
- age   1:    4187632 bytes,    4187632 total
- age   2:    4977752 bytes,    9165384 total
- age   3:     769032 bytes,    9934416 total
- age   4:    5991584 bytes,   15926000 total
- age   5:    1060664 bytes,   16986664 total
- age   6:      65336 bytes,   17052000 total
- age   7:      70512 bytes,   17122512 total
- age   8:      65480 bytes,   17187992 total
- age   9:      39440 bytes,   17227432 total
- age  10:      95608 bytes,   17323040 total
- age  11:      57568 bytes,   17380608 total
- age  12:      80408 bytes,   17461016 total
- age  13:     137272 bytes,   17598288 total
- age  14:      30592 bytes,   17628880 total
- age  15:    3910728 bytes,   21539608 total
, 0.0358799 secs]
   [Parallel Time: 28.8 ms, GC Workers: 4]
      [GC Worker Start (ms): Min: 6358060.8, Avg: 6358060.8, Max: 6358060.8, Diff: 0.0]
      [Ext Root Scanning (ms): Min: 0.8, Avg: 1.2, Max: 2.2, Diff: 1.5, Sum: 4.9]
      [Update RS (ms): Min: 1.9, Avg: 2.6, Max: 2.9, Diff: 1.0, Sum: 10.6]
         [Processed Buffers: Min: 5, Avg: 9.3, Max: 15, Diff: 10, Sum: 37]
      [Scan RS (ms): Min: 0.0, Avg: 0.1, Max: 0.1, Diff: 0.1, Sum: 0.2]
      [Code Root Scanning (ms): Min: 0.0, Avg: 0.7, Max: 1.4, Diff: 1.4, Sum: 2.8]
      [Object Copy (ms): Min: 23.6, Avg: 24.1, Max: 24.7, Diff: 1.1, Sum: 96.4]
      [Termination (ms): Min: 0.0, Avg: 0.0, Max: 0.0, Diff: 0.0, Sum: 0.0]
         [Termination Attempts: Min: 1, Avg: 1.0, Max: 1, Diff: 0, Sum: 4]
      [GC Worker Other (ms): Min: 0.0, Avg: 0.0, Max: 0.0, Diff: 0.0, Sum: 0.1]
      [GC Worker Total (ms): Min: 28.7, Avg: 28.8, Max: 28.8, Diff: 0.0, Sum: 115.0]
      [GC Worker End (ms): Min: 6358089.5, Avg: 6358089.5, Max: 6358089.6, Diff: 0.0]
   [Code Root Fixup: 0.1 ms]
   [Code Root Purge: 0.0 ms]
   [Clear CT: 0.1 ms]
   [Other: 6.8 ms]
      [Choose CSet: 0.0 ms]
      [Ref Proc: 6.2 ms]
      [Ref Enq: 0.1 ms]
      [Redirty Cards: 0.1 ms]
      [Humongous Register: 0.0 ms]
      [Humongous Reclaim: 0.0 ms]
      [Free CSet: 0.3 ms]
   [Eden: 283.0M(283.0M)->0.0B(285.0M) Survivors: 24.0M->22.0M Heap: 336.0M(512.0M)->56.2M(512.0M)]
Heap after GC invocations=26 (full 0):
 garbage-first heap   total 524288K, used 57562K [0x00000000e0000000, 0x00000000e0101000, 0x0000000100000000)
  region size 1024K, 22 young (22528K), 22 survivors (22528K)
 Metaspace       used 55502K, capacity 57926K, committed 58232K, reserved 1099776K
  class space    used 6738K, capacity 7250K, committed 7344K, reserved 1048576K
}
 [Times: user=0.13 sys=0.00, real=0.04 secs] 
2020-10-25T13:28:37.364+0100: 6358.097: Total time for which application threads were stopped: 0.0382691 seconds, Stopping threads took: 0.0017910 seconds
2020-10-25T13:28:37.429+0100: 6358.163: Total time for which application threads were stopped: 0.0008755 seconds, Stopping threads took: 0.0005980 seconds
2020-10-25T13:28:37.430+0100: 6358.164: Total time for which application threads were stopped: 0.0003544 seconds, Stopping threads took: 0.0001291 seconds
2020-10-25T13:28:37.737+0100: 6358.470: Total time for which application threads were stopped: 0.0029985 seconds, Stopping threads took: 0.0026922 seconds
2020-10-25T13:28:37.741+0100: 6358.474: Total time for which application threads were stopped: 0.0003410 seconds, Stopping threads took: 0.0000973 seconds
2020-10-25T13:28:37.743+0100: 6358.477: Total time for which application threads were stopped: 0.0003934 seconds, Stopping threads took: 0.0000892 seconds
2020-10-25T13:28:38.198+0100: 6358.932: Total time for which application threads were stopped: 0.0025608 seconds, Stopping threads took: 0.0022947 seconds
2020-10-25T13:28:38.199+0100: 6358.933: Total time for which application threads were stopped: 0.0002650 seconds, Stopping threads took: 0.0000672 seconds
2020-10-25T13:28:38.201+0100: 6358.935: Total time for which application threads were stopped: 0.0003658 seconds, Stopping threads took: 0.0000714 seconds
2020-10-25T13:28:38.202+0100: 6358.935: Total time for which application threads were stopped: 0.0003173 seconds, Stopping threads took: 0.0000850 seconds
2020-10-25T13:28:38.202+0100: 6358.936: Total time for which application threads were stopped: 0.0002980 seconds, Stopping threads took: 0.0000777 seconds
2020-10-25T13:28:38.204+0100: 6358.937: Total time for which application threads were stopped: 0.0010164 seconds, Stopping threads took: 0.0006958 seconds
2020-10-25T13:28:38.206+0100: 6358.939: Total time for which application threads were stopped: 0.0003831 seconds, Stopping threads took: 0.0000898 seconds
2020-10-25T13:28:38.221+0100: 6358.955: Total time for which application threads were stopped: 0.0003458 seconds, Stopping threads took: 0.0000897 seconds
2020-10-25T13:28:38.223+0100: 6358.957: Total time for which application threads were stopped: 0.0002990 seconds, Stopping threads took: 0.0000584 seconds
2020-10-25T13:28:38.223+0100: 6358.957: Total time for which application threads were stopped: 0.0001940 seconds, Stopping threads took: 0.0000437 seconds
2020-10-25T13:28:38.290+0100: 6359.024: Total time for which application threads were stopped: 0.0008734 seconds, Stopping threads took: 0.0006375 seconds
2020-10-25T13:28:38.295+0100: 6359.029: Total time for which application threads were stopped: 0.0003377 seconds, Stopping threads took: 0.0000901 seconds
2020-10-25T13:28:38.298+0100: 6359.031: Total time for which application threads were stopped: 0.0003704 seconds, Stopping threads took: 0.0000618 seconds
2020-10-25T13:28:38.404+0100: 6359.138: Total time for which application threads were stopped: 0.0005725 seconds, Stopping threads took: 0.0002633 seconds
2020-10-25T13:28:38.422+0100: 6359.155: Total time for which application threads were stopped: 0.0008690 seconds, Stopping threads took: 0.0000652 seconds
2020-10-25T13:28:38.423+0100: 6359.157: Total time for which application threads were stopped: 0.0014518 seconds, Stopping threads took: 0.0006335 seconds
2020-10-25T13:28:38.424+0100: 6359.158: Total time for which application threads were stopped: 0.0008690 seconds, Stopping threads took: 0.0000445 seconds
2020-10-25T13:28:38.425+0100: 6359.159: Total time for which application threads were stopped: 0.0007747 seconds, Stopping threads took: 0.0000663 seconds
2020-10-25T13:28:38.426+0100: 6359.159: Total time for which application threads were stopped: 0.0007870 seconds, Stopping threads took: 0.0000638 seconds
2020-10-25T13:28:38.427+0100: 6359.160: Total time for which application threads were stopped: 0.0008091 seconds, Stopping threads took: 0.0000705 seconds
2020-10-25T13:28:38.436+0100: 6359.169: Total time for which application threads were stopped: 0.0009586 seconds, Stopping threads took: 0.0000633 seconds
2020-10-25T13:28:38.438+0100: 6359.172: Total time for which application threads were stopped: 0.0012943 seconds, Stopping threads took: 0.0000936 seconds
2020-10-25T13:28:38.439+0100: 6359.173: Total time for which application threads were stopped: 0.0008537 seconds, Stopping threads took: 0.0000654 seconds
2020-10-25T13:28:38.531+0100: 6359.265: Total time for which application threads were stopped: 0.0008306 seconds, Stopping threads took: 0.0000882 seconds
2020-10-25T13:28:44.628+0100: 6365.362: Total time for which application threads were stopped: 0.0006672 seconds, Stopping threads took: 0.0001771 seconds
2020-10-25T13:29:35.174+0100: 6415.907: Total time for which application threads were stopped: 0.0002822 seconds, Stopping threads took: 0.0000707 seconds
2020-10-25T13:29:35.667+0100: 6416.400: Total time for which application threads were stopped: 0.0006134 seconds, Stopping threads took: 0.0001391 seconds
2020-10-25T13:29:35.873+0100: 6416.607: Total time for which application threads were stopped: 0.0005341 seconds, Stopping threads took: 0.0001868 seconds
{Heap before GC invocations=26 (full 0):
 garbage-first heap   total 524288K, used 349402K [0x00000000e0000000, 0x00000000e0101000, 0x0000000100000000)
  region size 1024K, 307 young (314368K), 22 survivors (22528K)
 Metaspace       used 55589K, capacity 58058K, committed 58232K, reserved 1099776K
  class space    used 6738K, capacity 7250K, committed 7344K, reserved 1048576K
2020-10-25T13:29:35.958+0100: 6416.692: [GC pause (G1 Evacuation Pause) (young)
Desired survivor size 20447232 bytes, new threshold 15 (max 15)
- age   1:    4234600 bytes,    4234600 total
- age   2:    3805056 bytes,    8039656 total
- age   3:    1081440 bytes,    9121096 total
- age   4:      51752 bytes,    9172848 total
- age   5:    5631576 bytes,   14804424 total
- age   6:    1060664 bytes,   15865088 total
- age   7:      65336 bytes,   15930424 total
- age   8:      70512 bytes,   16000936 total
- age   9:      65480 bytes,   16066416 total
- age  10:      39440 bytes,   16105856 total
- age  11:      95608 bytes,   16201464 total
- age  12:      57568 bytes,   16259032 total
- age  13:      80408 bytes,   16339440 total
- age  14:     137272 bytes,   16476712 total
- age  15:      30592 bytes,   16507304 total
, 0.0376392 secs]
   [Parallel Time: 29.2 ms, GC Workers: 4]
      [GC Worker Start (ms): Min: 6416692.3, Avg: 6416692.3, Max: 6416692.3, Diff: 0.0]
      [Ext Root Scanning (ms): Min: 1.2, Avg: 1.9, Max: 2.9, Diff: 1.7, Sum: 7.5]
      [Update RS (ms): Min: 5.3, Avg: 6.0, Max: 6.3, Diff: 1.0, Sum: 24.1]
         [Processed Buffers: Min: 10, Avg: 13.8, Max: 23, Diff: 13, Sum: 55]
      [Scan RS (ms): Min: 0.0, Avg: 0.1, Max: 0.1, Diff: 0.0, Sum: 0.2]
      [Code Root Scanning (ms): Min: 0.0, Avg: 0.5, Max: 0.9, Diff: 0.9, Sum: 1.9]
      [Object Copy (ms): Min: 19.7, Avg: 20.5, Max: 21.4, Diff: 1.7, Sum: 82.0]
      [Termination (ms): Min: 0.0, Avg: 0.1, Max: 0.2, Diff: 0.2, Sum: 0.4]
         [Termination Attempts: Min: 1, Avg: 4.0, Max: 7, Diff: 6, Sum: 16]
      [GC Worker Other (ms): Min: 0.0, Avg: 0.0, Max: 0.0, Diff: 0.0, Sum: 0.1]
      [GC Worker Total (ms): Min: 29.0, Avg: 29.1, Max: 29.2, Diff: 0.1, Sum: 116.3]
      [GC Worker End (ms): Min: 6416721.3, Avg: 6416721.4, Max: 6416721.4, Diff: 0.1]
   [Code Root Fixup: 0.0 ms]
   [Code Root Purge: 0.0 ms]
   [Clear CT: 0.1 ms]
   [Other: 8.3 ms]
      [Choose CSet: 0.0 ms]
      [Ref Proc: 7.5 ms]
      [Ref Enq: 0.1 ms]
      [Redirty Cards: 0.1 ms]
      [Humongous Register: 0.0 ms]
      [Humongous Reclaim: 0.0 ms]
      [Free CSet: 0.4 ms]
   [Eden: 285.0M(285.0M)->0.0B(286.0M) Survivors: 22.0M->21.0M Heap: 341.2M(512.0M)->57.0M(512.0M)]
Heap after GC invocations=27 (full 0):
 garbage-first heap   total 524288K, used 58368K [0x00000000e0000000, 0x00000000e0101000, 0x0000000100000000)
  region size 1024K, 21 young (21504K), 21 survivors (21504K)
 Metaspace       used 55589K, capacity 58058K, committed 58232K, reserved 1099776K
  class space    used 6738K, capacity 7250K, committed 7344K, reserved 1048576K
}
 [Times: user=0.14 sys=0.00, real=0.04 secs] 
2020-10-25T13:29:35.996+0100: 6416.730: Total time for which application threads were stopped: 0.0395431 seconds, Stopping threads took: 0.0013219 seconds
2020-10-25T13:29:36.212+0100: 6416.946: Total time for which application threads were stopped: 0.0010427 seconds, Stopping threads took: 0.0007873 seconds
2020-10-25T13:29:36.213+0100: 6416.947: Total time for which application threads were stopped: 0.0003652 seconds, Stopping threads took: 0.0000931 seconds
2020-10-25T13:29:36.214+0100: 6416.948: Total time for which application threads were stopped: 0.0003744 seconds, Stopping threads took: 0.0000729 seconds
2020-10-25T13:29:36.218+0100: 6416.952: Total time for which application threads were stopped: 0.0016265 seconds, Stopping threads took: 0.0013215 seconds
2020-10-25T13:29:36.221+0100: 6416.954: Total time for which application threads were stopped: 0.0003965 seconds, Stopping threads took: 0.0000945 seconds
2020-10-25T13:29:36.221+0100: 6416.955: Total time for which application threads were stopped: 0.0003924 seconds, Stopping threads took: 0.0000774 seconds
2020-10-25T13:29:36.618+0100: 6417.352: Total time for which application threads were stopped: 0.0259248 seconds, Stopping threads took: 0.0255362 seconds
2020-10-25T13:29:36.621+0100: 6417.354: Total time for which application threads were stopped: 0.0003619 seconds, Stopping threads took: 0.0001069 seconds
2020-10-25T13:29:36.631+0100: 6417.365: Total time for which application threads were stopped: 0.0033401 seconds, Stopping threads took: 0.0030596 seconds
2020-10-25T13:29:36.633+0100: 6417.367: Total time for which application threads were stopped: 0.0003550 seconds, Stopping threads took: 0.0000876 seconds
2020-10-25T13:29:36.651+0100: 6417.384: Total time for which application threads were stopped: 0.0047499 seconds, Stopping threads took: 0.0039163 seconds
2020-10-25T13:29:36.929+0100: 6417.662: Total time for which application threads were stopped: 0.0010374 seconds, Stopping threads took: 0.0007688 seconds
2020-10-25T13:29:36.929+0100: 6417.662: Total time for which application threads were stopped: 0.0002529 seconds, Stopping threads took: 0.0001043 seconds
2020-10-25T13:29:36.929+0100: 6417.663: Total time for which application threads were stopped: 0.0002159 seconds, Stopping threads took: 0.0000557 seconds
2020-10-25T13:29:36.930+0100: 6417.663: Total time for which application threads were stopped: 0.0002025 seconds, Stopping threads took: 0.0000693 seconds
2020-10-25T13:29:36.930+0100: 6417.663: Total time for which application threads were stopped: 0.0002217 seconds, Stopping threads took: 0.0000761 seconds
2020-10-25T13:29:36.930+0100: 6417.664: Total time for which application threads were stopped: 0.0001698 seconds, Stopping threads took: 0.0000346 seconds
2020-10-25T13:29:36.945+0100: 6417.678: Total time for which application threads were stopped: 0.0005935 seconds, Stopping threads took: 0.0003261 seconds
2020-10-25T13:29:36.946+0100: 6417.679: Total time for which application threads were stopped: 0.0004006 seconds, Stopping threads took: 0.0000895 seconds
2020-10-25T13:29:36.947+0100: 6417.680: Total time for which application threads were stopped: 0.0004555 seconds, Stopping threads took: 0.0001202 seconds
2020-10-25T13:29:36.947+0100: 6417.680: Total time for which application threads were stopped: 0.0002059 seconds, Stopping threads took: 0.0000390 seconds
{Heap before GC invocations=27 (full 0):
 garbage-first heap   total 524288K, used 351232K [0x00000000e0000000, 0x00000000e0101000, 0x0000000100000000)
  region size 1024K, 307 young (314368K), 21 survivors (21504K)
 Metaspace       used 55639K, capacity 58058K, committed 58232K, reserved 1099776K
  class space    used 6739K, capacity 7250K, committed 7344K, reserved 1048576K
2020-10-25T13:29:36.974+0100: 6417.707: [GC pause (G1 Evacuation Pause) (young)
Desired survivor size 20447232 bytes, new threshold 15 (max 15)
- age   1:    5808832 bytes,    5808832 total
- age   2:    1110176 bytes,    6919008 total
- age   3:      51744 bytes,    6970752 total
- age   4:     129840 bytes,    7100592 total
- age   5:      51544 bytes,    7152136 total
- age   6:    5618040 bytes,   12770176 total
- age   7:    1060664 bytes,   13830840 total
- age   8:      65336 bytes,   13896176 total
- age   9:      70512 bytes,   13966688 total
- age  10:      65480 bytes,   14032168 total
- age  11:      39440 bytes,   14071608 total
- age  12:      95608 bytes,   14167216 total
- age  13:      57568 bytes,   14224784 total
- age  14:      80408 bytes,   14305192 total
- age  15:     137272 bytes,   14442464 total
, 0.0272028 secs]
   [Parallel Time: 25.2 ms, GC Workers: 4]
      [GC Worker Start (ms): Min: 6417707.7, Avg: 6417707.7, Max: 6417707.7, Diff: 0.0]
      [Ext Root Scanning (ms): Min: 1.1, Avg: 1.4, Max: 1.9, Diff: 0.7, Sum: 5.7]
      [Update RS (ms): Min: 2.4, Avg: 2.7, Max: 3.2, Diff: 0.8, Sum: 10.7]
         [Processed Buffers: Min: 2, Avg: 7.5, Max: 16, Diff: 14, Sum: 30]
      [Scan RS (ms): Min: 0.0, Avg: 0.1, Max: 0.1, Diff: 0.1, Sum: 0.2]
      [Code Root Scanning (ms): Min: 0.0, Avg: 0.5, Max: 0.9, Diff: 0.9, Sum: 1.9]
      [Object Copy (ms): Min: 20.1, Avg: 20.5, Max: 20.7, Diff: 0.6, Sum: 81.8]
      [Termination (ms): Min: 0.0, Avg: 0.0, Max: 0.0, Diff: 0.0, Sum: 0.0]
         [Termination Attempts: Min: 1, Avg: 1.0, Max: 1, Diff: 0, Sum: 4]
      [GC Worker Other (ms): Min: 0.0, Avg: 0.0, Max: 0.0, Diff: 0.0, Sum: 0.1]
      [GC Worker Total (ms): Min: 25.1, Avg: 25.1, Max: 25.1, Diff: 0.0, Sum: 100.4]
      [GC Worker End (ms): Min: 6417732.8, Avg: 6417732.8, Max: 6417732.8, Diff: 0.0]
   [Code Root Fixup: 0.1 ms]
   [Code Root Purge: 0.0 ms]
   [Clear CT: 0.1 ms]
   [Other: 1.9 ms]
      [Choose CSet: 0.0 ms]
      [Ref Proc: 0.9 ms]
      [Ref Enq: 0.1 ms]
      [Redirty Cards: 0.1 ms]
      [Humongous Register: 0.0 ms]
      [Humongous Reclaim: 0.0 ms]
      [Free CSet: 0.4 ms]
   [Eden: 286.0M(286.0M)->0.0B(288.0M) Survivors: 21.0M->19.0M Heap: 343.0M(512.0M)->55.7M(512.0M)]
Heap after GC invocations=28 (full 0):
 garbage-first heap   total 524288K, used 56986K [0x00000000e0000000, 0x00000000e0101000, 0x0000000100000000)
  region size 1024K, 19 young (19456K), 19 survivors (19456K)
 Metaspace       used 55639K, capacity 58058K, committed 58232K, reserved 1099776K
  class space    used 6739K, capacity 7250K, committed 7344K, reserved 1048576K
}
 [Times: user=0.11 sys=0.00, real=0.03 secs] 
2020-10-25T13:29:37.002+0100: 6417.735: Total time for which application threads were stopped: 0.0291783 seconds, Stopping threads took: 0.0013424 seconds
2020-10-25T13:29:37.117+0100: 6417.850: Total time for which application threads were stopped: 0.0005791 seconds, Stopping threads took: 0.0002550 seconds
2020-10-25T13:29:37.305+0100: 6418.038: Total time for which application threads were stopped: 0.0020341 seconds, Stopping threads took: 0.0017368 seconds
2020-10-25T13:29:37.306+0100: 6418.039: Total time for which application threads were stopped: 0.0003290 seconds, Stopping threads took: 0.0000623 seconds
2020-10-25T13:29:37.307+0100: 6418.040: Total time for which application threads were stopped: 0.0003138 seconds, Stopping threads took: 0.0000591 seconds
2020-10-25T13:29:37.423+0100: 6418.157: Total time for which application threads were stopped: 0.0002824 seconds, Stopping threads took: 0.0000546 seconds
2020-10-25T13:29:45.439+0100: 6426.173: Total time for which application threads were stopped: 0.0005929 seconds, Stopping threads took: 0.0002260 seconds
2020-10-25T13:31:00.785+0100: 6501.519: Total time for which application threads were stopped: 0.0003263 seconds, Stopping threads took: 0.0000702 seconds
2020-10-25T13:31:01.367+0100: 6502.101: Total time for which application threads were stopped: 0.0002644 seconds, Stopping threads took: 0.0000748 seconds
2020-10-25T13:31:01.573+0100: 6502.306: Total time for which application threads were stopped: 0.0008188 seconds, Stopping threads took: 0.0004752 seconds
2020-10-25T13:31:01.809+0100: 6502.542: Total time for which application threads were stopped: 0.0029394 seconds, Stopping threads took: 0.0026718 seconds
2020-10-25T13:31:01.815+0100: 6502.548: Total time for which application threads were stopped: 0.0023584 seconds, Stopping threads took: 0.0021305 seconds
2020-10-25T13:31:01.816+0100: 6502.549: Total time for which application threads were stopped: 0.0003375 seconds, Stopping threads took: 0.0000748 seconds
2020-10-25T13:31:01.819+0100: 6502.553: Total time for which application threads were stopped: 0.0003405 seconds, Stopping threads took: 0.0000824 seconds
2020-10-25T13:31:01.823+0100: 6502.556: Total time for which application threads were stopped: 0.0004227 seconds, Stopping threads took: 0.0001070 seconds
{Heap before GC invocations=28 (full 0):
 garbage-first heap   total 524288K, used 351898K [0x00000000e0000000, 0x00000000e0101000, 0x0000000100000000)
  region size 1024K, 307 young (314368K), 19 survivors (19456K)
 Metaspace       used 55697K, capacity 58088K, committed 58232K, reserved 1099776K
  class space    used 6741K, capacity 7255K, committed 7344K, reserved 1048576K
2020-10-25T13:31:01.835+0100: 6502.568: [GC pause (G1 Evacuation Pause) (young)
Desired survivor size 20447232 bytes, new threshold 15 (max 15)
- age   1:    3402560 bytes,    3402560 total
- age   2:    4653352 bytes,    8055912 total
- age   3:    1107168 bytes,    9163080 total
- age   4:      51464 bytes,    9214544 total
- age   5:     129760 bytes,    9344304 total
- age   6:      51544 bytes,    9395848 total
- age   7:    5618016 bytes,   15013864 total
- age   8:    1060664 bytes,   16074528 total
- age   9:      65336 bytes,   16139864 total
- age  10:      70512 bytes,   16210376 total
- age  11:      65480 bytes,   16275856 total
- age  12:      39440 bytes,   16315296 total
- age  13:      95608 bytes,   16410904 total
- age  14:      57568 bytes,   16468472 total
- age  15:      80408 bytes,   16548880 total
, 0.0303756 secs]
   [Parallel Time: 23.4 ms, GC Workers: 4]
      [GC Worker Start (ms): Min: 6502567.9, Avg: 6502567.9, Max: 6502568.0, Diff: 0.0]
      [Ext Root Scanning (ms): Min: 0.9, Avg: 1.1, Max: 1.3, Diff: 0.4, Sum: 4.3]
      [Update RS (ms): Min: 2.6, Avg: 2.8, Max: 3.1, Diff: 0.5, Sum: 11.4]
         [Processed Buffers: Min: 2, Avg: 10.3, Max: 27, Diff: 25, Sum: 41]
      [Scan RS (ms): Min: 0.0, Avg: 0.1, Max: 0.1, Diff: 0.1, Sum: 0.2]
      [Code Root Scanning (ms): Min: 0.0, Avg: 0.3, Max: 0.7, Diff: 0.7, Sum: 1.3]
      [Object Copy (ms): Min: 18.6, Avg: 19.0, Max: 19.4, Diff: 0.8, Sum: 75.9]
      [Termination (ms): Min: 0.0, Avg: 0.0, Max: 0.0, Diff: 0.0, Sum: 0.0]
         [Termination Attempts: Min: 1, Avg: 1.0, Max: 1, Diff: 0, Sum: 4]
      [GC Worker Other (ms): Min: 0.0, Avg: 0.0, Max: 0.0, Diff: 0.0, Sum: 0.1]
      [GC Worker Total (ms): Min: 23.3, Avg: 23.3, Max: 23.3, Diff: 0.0, Sum: 93.2]
      [GC Worker End (ms): Min: 6502591.2, Avg: 6502591.2, Max: 6502591.3, Diff: 0.0]
   [Code Root Fixup: 0.0 ms]
   [Code Root Purge: 0.0 ms]
   [Clear CT: 0.1 ms]
   [Other: 6.8 ms]
      [Choose CSet: 0.0 ms]
      [Ref Proc: 6.2 ms]
      [Ref Enq: 0.1 ms]
      [Redirty Cards: 0.1 ms]
      [Humongous Register: 0.0 ms]
      [Humongous Reclaim: 0.0 ms]
      [Free CSet: 0.3 ms]
   [Eden: 288.0M(288.0M)->0.0B(286.0M) Survivors: 19.0M->21.0M Heap: 343.7M(512.0M)->58.4M(512.0M)]
Heap after GC invocations=29 (full 0):
 garbage-first heap   total 524288K, used 59781K [0x00000000e0000000, 0x00000000e0101000, 0x0000000100000000)
  region size 1024K, 21 young (21504K), 21 survivors (21504K)
 Metaspace       used 55697K, capacity 58088K, committed 58232K, reserved 1099776K
  class space    used 6741K, capacity 7255K, committed 7344K, reserved 1048576K
}
 [Times: user=0.13 sys=0.00, real=0.03 secs] 
2020-10-25T13:31:01.865+0100: 6502.598: Total time for which application threads were stopped: 0.0310796 seconds, Stopping threads took: 0.0000774 seconds
2020-10-25T13:31:02.098+0100: 6502.832: Total time for which application threads were stopped: 0.0598398 seconds, Stopping threads took: 0.0595612 seconds
2020-10-25T13:31:02.104+0100: 6502.838: Total time for which application threads were stopped: 0.0018318 seconds, Stopping threads took: 0.0015748 seconds
2020-10-25T13:31:02.389+0100: 6503.123: Total time for which application threads were stopped: 0.0027824 seconds, Stopping threads took: 0.0024754 seconds
2020-10-25T13:31:02.397+0100: 6503.130: Total time for which application threads were stopped: 0.0006975 seconds, Stopping threads took: 0.0004419 seconds
2020-10-25T13:31:02.400+0100: 6503.134: Total time for which application threads were stopped: 0.0002954 seconds, Stopping threads took: 0.0000752 seconds
2020-10-25T13:31:02.687+0100: 6503.421: Total time for which application threads were stopped: 0.0010148 seconds, Stopping threads took: 0.0006933 seconds
2020-10-25T13:31:02.795+0100: 6503.529: Total time for which application threads were stopped: 0.0038315 seconds, Stopping threads took: 0.0035328 seconds
2020-10-25T13:31:02.803+0100: 6503.536: Total time for which application threads were stopped: 0.0031614 seconds, Stopping threads took: 0.0029053 seconds
2020-10-25T13:31:02.814+0100: 6503.548: Total time for which application threads were stopped: 0.0092288 seconds, Stopping threads took: 0.0088819 seconds
2020-10-25T13:31:02.872+0100: 6503.605: Total time for which application threads were stopped: 0.0009867 seconds, Stopping threads took: 0.0007330 seconds
2020-10-25T13:31:02.872+0100: 6503.606: Total time for which application threads were stopped: 0.0003477 seconds, Stopping threads took: 0.0001037 seconds
2020-10-25T13:31:02.873+0100: 6503.606: Total time for which application threads were stopped: 0.0003077 seconds, Stopping threads took: 0.0000716 seconds
2020-10-25T13:31:02.873+0100: 6503.607: Total time for which application threads were stopped: 0.0003323 seconds, Stopping threads took: 0.0000716 seconds
2020-10-25T13:31:02.874+0100: 6503.607: Total time for which application threads were stopped: 0.0003169 seconds, Stopping threads took: 0.0000739 seconds
2020-10-25T13:31:02.874+0100: 6503.608: Total time for which application threads were stopped: 0.0002998 seconds, Stopping threads took: 0.0000655 seconds
2020-10-25T13:31:02.889+0100: 6503.622: Total time for which application threads were stopped: 0.0013945 seconds, Stopping threads took: 0.0011509 seconds
2020-10-25T13:31:02.950+0100: 6503.683: Total time for which application threads were stopped: 0.0024525 seconds, Stopping threads took: 0.0022072 seconds
2020-10-25T13:31:02.950+0100: 6503.683: Total time for which application threads were stopped: 0.0002829 seconds, Stopping threads took: 0.0000848 seconds
2020-10-25T13:31:03.199+0100: 6503.933: Total time for which application threads were stopped: 0.0038772 seconds, Stopping threads took: 0.0035880 seconds
2020-10-25T13:31:03.200+0100: 6503.933: Total time for which application threads were stopped: 0.0002855 seconds, Stopping threads took: 0.0000848 seconds
2020-10-25T13:31:03.200+0100: 6503.933: Total time for which application threads were stopped: 0.0002633 seconds, Stopping threads took: 0.0000764 seconds
2020-10-25T13:31:03.210+0100: 6503.943: Total time for which application threads were stopped: 0.0086326 seconds, Stopping threads took: 0.0083358 seconds
2020-10-25T13:31:03.210+0100: 6503.944: Total time for which application threads were stopped: 0.0003044 seconds, Stopping threads took: 0.0000875 seconds
2020-10-25T13:31:03.211+0100: 6503.944: Total time for which application threads were stopped: 0.0002943 seconds, Stopping threads took: 0.0000625 seconds
2020-10-25T13:31:03.246+0100: 6503.979: Total time for which application threads were stopped: 0.0031041 seconds, Stopping threads took: 0.0028507 seconds
2020-10-25T13:31:03.247+0100: 6503.981: Total time for which application threads were stopped: 0.0003640 seconds, Stopping threads took: 0.0001386 seconds
2020-10-25T13:31:03.249+0100: 6503.982: Total time for which application threads were stopped: 0.0002857 seconds, Stopping threads took: 0.0000690 seconds
2020-10-25T13:31:03.604+0100: 6504.338: Total time for which application threads were stopped: 0.0002687 seconds, Stopping threads took: 0.0000563 seconds
2020-10-25T13:31:57.171+0100: 6557.905: Total time for which application threads were stopped: 0.0002616 seconds, Stopping threads took: 0.0000652 seconds
2020-10-25T13:31:57.658+0100: 6558.392: Total time for which application threads were stopped: 0.0002487 seconds, Stopping threads took: 0.0000557 seconds
2020-10-25T13:31:57.901+0100: 6558.634: Total time for which application threads were stopped: 0.0037421 seconds, Stopping threads took: 0.0034058 seconds
{Heap before GC invocations=29 (full 0):
 garbage-first heap   total 524288K, used 352645K [0x00000000e0000000, 0x00000000e0101000, 0x0000000100000000)
  region size 1024K, 307 young (314368K), 21 survivors (21504K)
 Metaspace       used 55778K, capacity 58230K, committed 58488K, reserved 1099776K
  class space    used 6742K, capacity 7256K, committed 7344K, reserved 1048576K
2020-10-25T13:31:57.940+0100: 6558.673: [GC pause (G1 Evacuation Pause) (young)
Desired survivor size 20447232 bytes, new threshold 15 (max 15)
- age   1:    4862624 bytes,    4862624 total
- age   2:    2936304 bytes,    7798928 total
- age   3:     603928 bytes,    8402856 total
- age   4:      46344 bytes,    8449200 total
- age   5:      51464 bytes,    8500664 total
- age   6:     128200 bytes,    8628864 total
- age   7:      51016 bytes,    8679880 total
- age   8:    5617784 bytes,   14297664 total
- age   9:    1060664 bytes,   15358328 total
- age  10:      65336 bytes,   15423664 total
- age  11:      70512 bytes,   15494176 total
- age  12:      65480 bytes,   15559656 total
- age  13:      39440 bytes,   15599096 total
- age  14:      95608 bytes,   15694704 total
- age  15:      57568 bytes,   15752272 total
, 0.0315987 secs]
   [Parallel Time: 23.4 ms, GC Workers: 4]
      [GC Worker Start (ms): Min: 6558673.3, Avg: 6558673.5, Max: 6558673.6, Diff: 0.3]
      [Ext Root Scanning (ms): Min: 0.9, Avg: 1.2, Max: 1.5, Diff: 0.7, Sum: 4.6]
      [Update RS (ms): Min: 2.3, Avg: 2.5, Max: 2.5, Diff: 0.2, Sum: 9.8]
         [Processed Buffers: Min: 3, Avg: 11.0, Max: 25, Diff: 22, Sum: 44]
      [Scan RS (ms): Min: 0.0, Avg: 0.1, Max: 0.1, Diff: 0.1, Sum: 0.2]
      [Code Root Scanning (ms): Min: 0.0, Avg: 0.3, Max: 0.6, Diff: 0.6, Sum: 1.4]
      [Object Copy (ms): Min: 18.7, Avg: 19.2, Max: 19.6, Diff: 0.9, Sum: 76.8]
      [Termination (ms): Min: 0.0, Avg: 0.0, Max: 0.0, Diff: 0.0, Sum: 0.0]
         [Termination Attempts: Min: 1, Avg: 1.0, Max: 1, Diff: 0, Sum: 4]
      [GC Worker Other (ms): Min: 0.0, Avg: 0.0, Max: 0.0, Diff: 0.0, Sum: 0.1]
      [GC Worker Total (ms): Min: 23.1, Avg: 23.2, Max: 23.4, Diff: 0.3, Sum: 92.9]
      [GC Worker End (ms): Min: 6558696.7, Avg: 6558696.7, Max: 6558696.7, Diff: 0.0]
   [Code Root Fixup: 0.0 ms]
   [Code Root Purge: 0.0 ms]
   [Clear CT: 0.1 ms]
   [Other: 8.0 ms]
      [Choose CSet: 0.0 ms]
      [Ref Proc: 7.2 ms]
      [Ref Enq: 0.1 ms]
      [Redirty Cards: 0.0 ms]
      [Humongous Register: 0.0 ms]
      [Humongous Reclaim: 0.0 ms]
      [Free CSet: 0.3 ms]
   [Eden: 286.0M(286.0M)->0.0B(286.0M) Survivors: 21.0M->21.0M Heap: 344.4M(512.0M)->58.0M(512.0M)]
Heap after GC invocations=30 (full 0):
 garbage-first heap   total 524288K, used 59369K [0x00000000e0000000, 0x00000000e0101000, 0x0000000100000000)
  region size 1024K, 21 young (21504K), 21 survivors (21504K)
 Metaspace       used 55778K, capacity 58230K, committed 58488K, reserved 1099776K
  class space    used 6742K, capacity 7256K, committed 7344K, reserved 1048576K
}
 [Times: user=0.08 sys=0.00, real=0.03 secs] 
2020-10-25T13:31:57.971+0100: 6558.705: Total time for which application threads were stopped: 0.0323308 seconds, Stopping threads took: 0.0000770 seconds
2020-10-25T13:31:58.139+0100: 6558.872: Total time for which application threads were stopped: 0.0026285 seconds, Stopping threads took: 0.0023800 seconds
2020-10-25T13:31:58.140+0100: 6558.873: Total time for which application threads were stopped: 0.0003336 seconds, Stopping threads took: 0.0000921 seconds
2020-10-25T13:31:58.140+0100: 6558.874: Total time for which application threads were stopped: 0.0003142 seconds, Stopping threads took: 0.0000885 seconds
2020-10-25T13:31:58.141+0100: 6558.874: Total time for which application threads were stopped: 0.0003880 seconds, Stopping threads took: 0.0000776 seconds
2020-10-25T13:31:58.142+0100: 6558.875: Total time for which application threads were stopped: 0.0003176 seconds, Stopping threads took: 0.0000744 seconds
2020-10-25T13:31:58.153+0100: 6558.886: Total time for which application threads were stopped: 0.0031181 seconds, Stopping threads took: 0.0028299 seconds
2020-10-25T13:31:58.165+0100: 6558.898: Total time for which application threads were stopped: 0.0008581 seconds, Stopping threads took: 0.0006067 seconds
2020-10-25T13:31:58.679+0100: 6559.412: Total time for which application threads were stopped: 0.0031710 seconds, Stopping threads took: 0.0028895 seconds
2020-10-25T13:31:58.683+0100: 6559.416: Total time for which application threads were stopped: 0.0003453 seconds, Stopping threads took: 0.0000943 seconds
2020-10-25T13:31:58.750+0100: 6559.483: Total time for which application threads were stopped: 0.0631963 seconds, Stopping threads took: 0.0617173 seconds
2020-10-25T13:31:58.772+0100: 6559.505: Total time for which application threads were stopped: 0.0004176 seconds, Stopping threads took: 0.0001105 seconds
2020-10-25T13:31:58.963+0100: 6559.697: Total time for which application threads were stopped: 0.0199414 seconds, Stopping threads took: 0.0196256 seconds
{Heap before GC invocations=30 (full 0):
 garbage-first heap   total 524288K, used 352233K [0x00000000e0000000, 0x00000000e0101000, 0x0000000100000000)
  region size 1024K, 307 young (314368K), 21 survivors (21504K)
 Metaspace       used 55808K, capacity 58294K, committed 58488K, reserved 1099776K
  class space    used 6742K, capacity 7256K, committed 7344K, reserved 1048576K
2020-10-25T13:31:59.110+0100: 6559.844: [GC pause (G1 Evacuation Pause) (young)
Desired survivor size 20447232 bytes, new threshold 15 (max 15)
- age   1:    5757160 bytes,    5757160 total
- age   2:    1112488 bytes,    6869648 total
- age   3:      45064 bytes,    6914712 total
- age   4:      87320 bytes,    7002032 total
- age   5:      46056 bytes,    7048088 total
- age   6:      51464 bytes,    7099552 total
- age   7:     128200 bytes,    7227752 total
- age   8:      50944 bytes,    7278696 total
- age   9:    5617344 bytes,   12896040 total
- age  10:    1060664 bytes,   13956704 total
- age  11:      65336 bytes,   14022040 total
- age  12:      70512 bytes,   14092552 total
- age  13:      65480 bytes,   14158032 total
- age  14:      39440 bytes,   14197472 total
- age  15:      95608 bytes,   14293080 total
, 0.0282697 secs]
   [Parallel Time: 26.3 ms, GC Workers: 4]
      [GC Worker Start (ms): Min: 6559844.5, Avg: 6559844.7, Max: 6559845.2, Diff: 0.7]
      [Ext Root Scanning (ms): Min: 0.8, Avg: 2.3, Max: 5.0, Diff: 4.2, Sum: 9.1]
      [Update RS (ms): Min: 0.5, Avg: 2.9, Max: 4.0, Diff: 3.5, Sum: 11.5]
         [Processed Buffers: Min: 2, Avg: 7.0, Max: 12, Diff: 10, Sum: 28]
      [Scan RS (ms): Min: 0.0, Avg: 0.1, Max: 0.1, Diff: 0.1, Sum: 0.3]
      [Code Root Scanning (ms): Min: 0.0, Avg: 0.3, Max: 0.7, Diff: 0.7, Sum: 1.3]
      [Object Copy (ms): Min: 20.2, Avg: 20.5, Max: 20.8, Diff: 0.6, Sum: 82.1]
      [Termination (ms): Min: 0.0, Avg: 0.0, Max: 0.0, Diff: 0.0, Sum: 0.0]
         [Termination Attempts: Min: 1, Avg: 1.0, Max: 1, Diff: 0, Sum: 4]
      [GC Worker Other (ms): Min: 0.0, Avg: 0.0, Max: 0.0, Diff: 0.0, Sum: 0.1]
      [GC Worker Total (ms): Min: 25.6, Avg: 26.1, Max: 26.3, Diff: 0.7, Sum: 104.3]
      [GC Worker End (ms): Min: 6559870.8, Avg: 6559870.8, Max: 6559870.8, Diff: 0.0]
   [Code Root Fixup: 0.0 ms]
   [Code Root Purge: 0.0 ms]
   [Clear CT: 0.1 ms]
   [Other: 1.8 ms]
      [Choose CSet: 0.0 ms]
      [Ref Proc: 1.0 ms]
      [Ref Enq: 0.1 ms]
      [Redirty Cards: 0.0 ms]
      [Humongous Register: 0.0 ms]
      [Humongous Reclaim: 0.0 ms]
      [Free CSet: 0.3 ms]
   [Eden: 286.0M(286.0M)->0.0B(287.0M) Survivors: 21.0M->20.0M Heap: 344.0M(512.0M)->57.1M(512.0M)]
Heap after GC invocations=31 (full 0):
 garbage-first heap   total 524288K, used 58468K [0x00000000e0000000, 0x00000000e0101000, 0x0000000100000000)
  region size 1024K, 20 young (20480K), 20 survivors (20480K)
 Metaspace       used 55808K, capacity 58294K, committed 58488K, reserved 1099776K
  class space    used 6742K, capacity 7256K, committed 7344K, reserved 1048576K
}
 [Times: user=0.13 sys=0.00, real=0.03 secs] 
2020-10-25T13:31:59.139+0100: 6559.873: Total time for which application threads were stopped: 0.1507927 seconds, Stopping threads took: 0.1218082 seconds
2020-10-25T13:31:59.188+0100: 6559.922: Total time for which application threads were stopped: 0.0046735 seconds, Stopping threads took: 0.0044305 seconds
2020-10-25T13:31:59.188+0100: 6559.922: Total time for which application threads were stopped: 0.0002047 seconds, Stopping threads took: 0.0000482 seconds
2020-10-25T13:31:59.189+0100: 6559.923: Total time for which application threads were stopped: 0.0002323 seconds, Stopping threads took: 0.0000465 seconds
2020-10-25T13:31:59.189+0100: 6559.923: Total time for which application threads were stopped: 0.0003884 seconds, Stopping threads took: 0.0000448 seconds
2020-10-25T13:31:59.190+0100: 6559.924: Total time for which application threads were stopped: 0.0003080 seconds, Stopping threads took: 0.0000630 seconds
2020-10-25T13:31:59.192+0100: 6559.926: Total time for which application threads were stopped: 0.0004304 seconds, Stopping threads took: 0.0000719 seconds
2020-10-25T13:31:59.206+0100: 6559.939: Total time for which application threads were stopped: 0.0004496 seconds, Stopping threads took: 0.0001423 seconds
2020-10-25T13:31:59.207+0100: 6559.941: Total time for which application threads were stopped: 0.0004473 seconds, Stopping threads took: 0.0000825 seconds
2020-10-25T13:31:59.208+0100: 6559.942: Total time for which application threads were stopped: 0.0003822 seconds, Stopping threads took: 0.0000871 seconds
2020-10-25T13:31:59.428+0100: 6560.162: Total time for which application threads were stopped: 0.0072427 seconds, Stopping threads took: 0.0069449 seconds
2020-10-25T13:31:59.433+0100: 6560.167: Total time for which application threads were stopped: 0.0014097 seconds, Stopping threads took: 0.0002394 seconds
2020-10-25T13:31:59.437+0100: 6560.171: Total time for which application threads were stopped: 0.0021273 seconds, Stopping threads took: 0.0018492 seconds
2020-10-25T13:31:59.440+0100: 6560.174: Total time for which application threads were stopped: 0.0003917 seconds, Stopping threads took: 0.0000671 seconds
2020-10-25T13:31:59.450+0100: 6560.183: Total time for which application threads were stopped: 0.0003964 seconds, Stopping threads took: 0.0001442 seconds
2020-10-25T13:31:59.565+0100: 6560.299: Total time for which application threads were stopped: 0.0038881 seconds, Stopping threads took: 0.0034029 seconds
2020-10-25T13:31:59.566+0100: 6560.299: Total time for which application threads were stopped: 0.0002650 seconds, Stopping threads took: 0.0000523 seconds
2020-10-25T13:31:59.567+0100: 6560.300: Total time for which application threads were stopped: 0.0002705 seconds, Stopping threads took: 0.0000669 seconds
2020-10-25T13:31:59.567+0100: 6560.301: Total time for which application threads were stopped: 0.0002395 seconds, Stopping threads took: 0.0000596 seconds
2020-10-25T13:31:59.573+0100: 6560.306: Total time for which application threads were stopped: 0.0056054 seconds, Stopping threads took: 0.0053301 seconds
2020-10-25T13:31:59.574+0100: 6560.308: Total time for which application threads were stopped: 0.0010386 seconds, Stopping threads took: 0.0007905 seconds
2020-10-25T13:31:59.586+0100: 6560.319: Total time for which application threads were stopped: 0.0002787 seconds, Stopping threads took: 0.0000580 seconds
2020-10-25T13:31:59.587+0100: 6560.321: Total time for which application threads were stopped: 0.0002600 seconds, Stopping threads took: 0.0000693 seconds
2020-10-25T13:31:59.587+0100: 6560.321: Total time for which application threads were stopped: 0.0001897 seconds, Stopping threads took: 0.0000337 seconds
2020-10-25T13:31:59.703+0100: 6560.437: Total time for which application threads were stopped: 0.0002535 seconds, Stopping threads took: 0.0000578 seconds
2020-10-25T13:33:45.274+0100: 6666.007: Total time for which application threads were stopped: 0.0004019 seconds, Stopping threads took: 0.0000921 seconds
2020-10-25T13:35:00.285+0100: 6741.019: Total time for which application threads were stopped: 0.0003278 seconds, Stopping threads took: 0.0000855 seconds
2020-10-25T13:35:00.783+0100: 6741.516: Total time for which application threads were stopped: 0.0004627 seconds, Stopping threads took: 0.0001296 seconds
2020-10-25T13:35:01.022+0100: 6741.755: Total time for which application threads were stopped: 0.0016804 seconds, Stopping threads took: 0.0013554 seconds
2020-10-25T13:35:01.190+0100: 6741.923: Total time for which application threads were stopped: 0.0011218 seconds, Stopping threads took: 0.0008326 seconds
2020-10-25T13:35:01.193+0100: 6741.927: Total time for which application threads were stopped: 0.0024290 seconds, Stopping threads took: 0.0020410 seconds
2020-10-25T13:35:01.194+0100: 6741.928: Total time for which application threads were stopped: 0.0004291 seconds, Stopping threads took: 0.0000816 seconds
{Heap before GC invocations=31 (full 0):
 garbage-first heap   total 524288K, used 352356K [0x00000000e0000000, 0x00000000e0101000, 0x0000000100000000)
  region size 1024K, 307 young (314368K), 20 survivors (20480K)
 Metaspace       used 55832K, capacity 58294K, committed 58488K, reserved 1099776K
  class space    used 6742K, capacity 7256K, committed 7344K, reserved 1048576K
2020-10-25T13:35:01.210+0100: 6741.943: [GC pause (G1 Evacuation Pause) (young)
Desired survivor size 20447232 bytes, new threshold 15 (max 15)
- age   1:    3702128 bytes,    3702128 total
- age   2:    4678808 bytes,    8380936 total
- age   3:    1109520 bytes,    9490456 total
- age   4:      44744 bytes,    9535200 total
- age   5:      87280 bytes,    9622480 total
- age   6:      46056 bytes,    9668536 total
- age   7:      51464 bytes,    9720000 total
- age   8:     128200 bytes,    9848200 total
- age   9:      50944 bytes,    9899144 total
- age  10:    5617344 bytes,   15516488 total
- age  11:    1060664 bytes,   16577152 total
- age  12:      65336 bytes,   16642488 total
- age  13:      70512 bytes,   16713000 total
- age  14:      65480 bytes,   16778480 total
- age  15:      39440 bytes,   16817920 total
, 0.0304997 secs]
   [Parallel Time: 23.6 ms, GC Workers: 4]
      [GC Worker Start (ms): Min: 6741943.1, Avg: 6741943.1, Max: 6741943.1, Diff: 0.0]
      [Ext Root Scanning (ms): Min: 1.2, Avg: 1.4, Max: 1.7, Diff: 0.5, Sum: 5.8]
      [Update RS (ms): Min: 2.3, Avg: 2.5, Max: 2.9, Diff: 0.6, Sum: 10.2]
         [Processed Buffers: Min: 3, Avg: 11.3, Max: 19, Diff: 16, Sum: 45]
      [Scan RS (ms): Min: 0.0, Avg: 0.1, Max: 0.1, Diff: 0.1, Sum: 0.3]
      [Code Root Scanning (ms): Min: 0.0, Avg: 0.3, Max: 0.6, Diff: 0.6, Sum: 1.2]
      [Object Copy (ms): Min: 18.6, Avg: 19.1, Max: 19.7, Diff: 1.0, Sum: 76.5]
      [Termination (ms): Min: 0.0, Avg: 0.0, Max: 0.0, Diff: 0.0, Sum: 0.0]
         [Termination Attempts: Min: 1, Avg: 1.0, Max: 1, Diff: 0, Sum: 4]
      [GC Worker Other (ms): Min: 0.0, Avg: 0.0, Max: 0.1, Diff: 0.1, Sum: 0.2]
      [GC Worker Total (ms): Min: 23.5, Avg: 23.5, Max: 23.5, Diff: 0.0, Sum: 94.0]
      [GC Worker End (ms): Min: 6741966.6, Avg: 6741966.6, Max: 6741966.6, Diff: 0.0]
   [Code Root Fixup: 0.0 ms]
   [Code Root Purge: 0.0 ms]
   [Clear CT: 0.1 ms]
   [Other: 6.7 ms]
      [Choose CSet: 0.0 ms]
      [Ref Proc: 5.9 ms]
      [Ref Enq: 0.1 ms]
      [Redirty Cards: 0.1 ms]
      [Humongous Register: 0.0 ms]
      [Humongous Reclaim: 0.0 ms]
      [Free CSet: 0.3 ms]
   [Eden: 287.0M(287.0M)->0.0B(285.0M) Survivors: 20.0M->22.0M Heap: 344.1M(512.0M)->59.2M(512.0M)]
Heap after GC invocations=32 (full 0):
 garbage-first heap   total 524288K, used 60589K [0x00000000e0000000, 0x00000000e0101000, 0x0000000100000000)
  region size 1024K, 22 young (22528K), 22 survivors (22528K)
 Metaspace       used 55832K, capacity 58294K, committed 58488K, reserved 1099776K
  class space    used 6742K, capacity 7256K, committed 7344K, reserved 1048576K
}
 [Times: user=0.13 sys=0.00, real=0.03 secs] 
2020-10-25T13:35:01.241+0100: 6741.974: Total time for which application threads were stopped: 0.0315385 seconds, Stopping threads took: 0.0000803 seconds
2020-10-25T13:35:01.247+0100: 6741.980: Total time for which application threads were stopped: 0.0007153 seconds, Stopping threads took: 0.0004172 seconds
2020-10-25T13:35:01.249+0100: 6741.982: Total time for which application threads were stopped: 0.0004718 seconds, Stopping threads took: 0.0001132 seconds
2020-10-25T13:35:01.399+0100: 6742.132: Total time for which application threads were stopped: 0.0006918 seconds, Stopping threads took: 0.0003152 seconds
2020-10-25T13:35:01.470+0100: 6742.203: Total time for which application threads were stopped: 0.0011530 seconds, Stopping threads took: 0.0001037 seconds
2020-10-25T13:35:01.486+0100: 6742.219: Total time for which application threads were stopped: 0.0011937 seconds, Stopping threads took: 0.0009468 seconds
2020-10-25T13:35:01.514+0100: 6742.247: Total time for which application threads were stopped: 0.0003610 seconds, Stopping threads took: 0.0000944 seconds
2020-10-25T13:35:01.518+0100: 6742.251: Total time for which application threads were stopped: 0.0018626 seconds, Stopping threads took: 0.0016197 seconds
2020-10-25T13:35:01.587+0100: 6742.320: Total time for which application threads were stopped: 0.0004489 seconds, Stopping threads took: 0.0000958 seconds
2020-10-25T13:35:01.588+0100: 6742.321: Total time for which application threads were stopped: 0.0004077 seconds, Stopping threads took: 0.0000699 seconds
2020-10-25T13:35:01.784+0100: 6742.518: Total time for which application threads were stopped: 0.0019890 seconds, Stopping threads took: 0.0017259 seconds
2020-10-25T13:35:01.785+0100: 6742.519: Total time for which application threads were stopped: 0.0002795 seconds, Stopping threads took: 0.0001062 seconds
2020-10-25T13:35:01.785+0100: 6742.519: Total time for which application threads were stopped: 0.0002462 seconds, Stopping threads took: 0.0000654 seconds
2020-10-25T13:35:01.785+0100: 6742.519: Total time for which application threads were stopped: 0.0002481 seconds, Stopping threads took: 0.0000756 seconds
2020-10-25T13:35:01.786+0100: 6742.520: Total time for which application threads were stopped: 0.0002500 seconds, Stopping threads took: 0.0000427 seconds
2020-10-25T13:35:01.786+0100: 6742.520: Total time for which application threads were stopped: 0.0002278 seconds, Stopping threads took: 0.0000699 seconds
2020-10-25T13:35:01.797+0100: 6742.531: Total time for which application threads were stopped: 0.0003220 seconds, Stopping threads took: 0.0000679 seconds
2020-10-25T13:35:01.801+0100: 6742.535: Total time for which application threads were stopped: 0.0003078 seconds, Stopping threads took: 0.0000783 seconds
2020-10-25T13:35:01.801+0100: 6742.535: Total time for which application threads were stopped: 0.0002973 seconds, Stopping threads took: 0.0000813 seconds
2020-10-25T13:35:01.831+0100: 6742.565: Total time for which application threads were stopped: 0.0004084 seconds, Stopping threads took: 0.0000674 seconds
2020-10-25T13:35:01.835+0100: 6742.569: Total time for which application threads were stopped: 0.0003300 seconds, Stopping threads took: 0.0000723 seconds
2020-10-25T13:35:01.838+0100: 6742.572: Total time for which application threads were stopped: 0.0002596 seconds, Stopping threads took: 0.0000495 seconds
2020-10-25T13:35:01.878+0100: 6742.612: Total time for which application threads were stopped: 0.0003849 seconds, Stopping threads took: 0.0000972 seconds
2020-10-25T13:35:01.951+0100: 6742.685: Total time for which application threads were stopped: 0.0024889 seconds, Stopping threads took: 0.0021519 seconds
2020-10-25T13:35:01.952+0100: 6742.686: Total time for which application threads were stopped: 0.0003403 seconds, Stopping threads took: 0.0000667 seconds
2020-10-25T13:35:01.952+0100: 6742.686: Total time for which application threads were stopped: 0.0003160 seconds, Stopping threads took: 0.0000365 seconds
2020-10-25T13:35:01.953+0100: 6742.686: Total time for which application threads were stopped: 0.0002487 seconds, Stopping threads took: 0.0000436 seconds
2020-10-25T13:35:01.953+0100: 6742.687: Total time for which application threads were stopped: 0.0002409 seconds, Stopping threads took: 0.0000412 seconds
2020-10-25T13:35:01.953+0100: 6742.687: Total time for which application threads were stopped: 0.0002579 seconds, Stopping threads took: 0.0000416 seconds
2020-10-25T13:35:01.966+0100: 6742.700: Total time for which application threads were stopped: 0.0003282 seconds, Stopping threads took: 0.0000869 seconds
2020-10-25T13:35:01.968+0100: 6742.702: Total time for which application threads were stopped: 0.0002771 seconds, Stopping threads took: 0.0000551 seconds
2020-10-25T13:35:01.969+0100: 6742.702: Total time for which application threads were stopped: 0.0001769 seconds, Stopping threads took: 0.0000328 seconds
2020-10-25T13:35:02.101+0100: 6742.835: Total time for which application threads were stopped: 0.0002327 seconds, Stopping threads took: 0.0000595 seconds
2020-10-25T13:35:43.688+0100: 6784.422: Total time for which application threads were stopped: 0.0001959 seconds, Stopping threads took: 0.0000456 seconds
2020-10-25T13:35:44.215+0100: 6784.948: Total time for which application threads were stopped: 0.0005020 seconds, Stopping threads took: 0.0001050 seconds
{Heap before GC invocations=32 (full 0):
 garbage-first heap   total 524288K, used 352429K [0x00000000e0000000, 0x00000000e0101000, 0x0000000100000000)
  region size 1024K, 307 young (314368K), 22 survivors (22528K)
 Metaspace       used 55880K, capacity 58358K, committed 58488K, reserved 1099776K
  class space    used 6742K, capacity 7256K, committed 7344K, reserved 1048576K
2020-10-25T13:35:44.400+0100: 6785.134: [GC pause (G1 Evacuation Pause) (young)
Desired survivor size 20447232 bytes, new threshold 15 (max 15)
- age   1:    5532152 bytes,    5532152 total
- age   2:    2462816 bytes,    7994968 total
- age   3:     576408 bytes,    8571376 total
- age   4:      59360 bytes,    8630736 total
- age   5:      44640 bytes,    8675376 total
- age   6:      73952 bytes,    8749328 total
- age   7:      46016 bytes,    8795344 total
- age   8:      51464 bytes,    8846808 total
- age   9:     128200 bytes,    8975008 total
- age  10:      50944 bytes,    9025952 total
- age  11:    5617120 bytes,   14643072 total
- age  12:    1060664 bytes,   15703736 total
- age  13:      65336 bytes,   15769072 total
- age  14:      70072 bytes,   15839144 total
- age  15:      65480 bytes,   15904624 total
, 0.0307866 secs]
   [Parallel Time: 24.4 ms, GC Workers: 4]
      [GC Worker Start (ms): Min: 6785133.9, Avg: 6785135.3, Max: 6785136.8, Diff: 2.9]
      [Ext Root Scanning (ms): Min: 0.0, Avg: 1.2, Max: 2.5, Diff: 2.5, Sum: 4.8]
      [Update RS (ms): Min: 2.8, Avg: 3.0, Max: 3.5, Diff: 0.7, Sum: 12.0]
         [Processed Buffers: Min: 3, Avg: 10.5, Max: 16, Diff: 13, Sum: 42]
      [Scan RS (ms): Min: 0.0, Avg: 0.1, Max: 0.2, Diff: 0.1, Sum: 0.4]
      [Code Root Scanning (ms): Min: 0.0, Avg: 0.3, Max: 1.1, Diff: 1.1, Sum: 1.3]
      [Object Copy (ms): Min: 17.4, Avg: 18.1, Max: 18.5, Diff: 1.1, Sum: 72.6]
      [Termination (ms): Min: 0.0, Avg: 0.1, Max: 0.1, Diff: 0.1, Sum: 0.2]
         [Termination Attempts: Min: 1, Avg: 1.0, Max: 1, Diff: 0, Sum: 4]
      [GC Worker Other (ms): Min: 0.0, Avg: 0.0, Max: 0.1, Diff: 0.1, Sum: 0.2]
      [GC Worker Total (ms): Min: 21.4, Avg: 22.9, Max: 24.3, Diff: 2.9, Sum: 91.5]
      [GC Worker End (ms): Min: 6785158.2, Avg: 6785158.2, Max: 6785158.2, Diff: 0.0]
   [Code Root Fixup: 0.0 ms]
   [Code Root Purge: 0.0 ms]
   [Clear CT: 0.1 ms]
   [Other: 6.2 ms]
      [Choose CSet: 0.0 ms]
      [Ref Proc: 5.6 ms]
      [Ref Enq: 0.0 ms]
      [Redirty Cards: 0.0 ms]
      [Humongous Register: 0.0 ms]
      [Humongous Reclaim: 0.0 ms]
      [Free CSet: 0.3 ms]
   [Eden: 285.0M(285.0M)->0.0B(286.0M) Survivors: 22.0M->21.0M Heap: 344.2M(512.0M)->58.2M(512.0M)]
Heap after GC invocations=33 (full 0):
 garbage-first heap   total 524288K, used 59647K [0x00000000e0000000, 0x00000000e0101000, 0x0000000100000000)
  region size 1024K, 21 young (21504K), 21 survivors (21504K)
 Metaspace       used 55880K, capacity 58358K, committed 58488K, reserved 1099776K
  class space    used 6742K, capacity 7256K, committed 7344K, reserved 1048576K
}
 [Times: user=0.09 sys=0.02, real=0.03 secs] 
2020-10-25T13:35:44.432+0100: 6785.165: Total time for which application threads were stopped: 0.0315750 seconds, Stopping threads took: 0.0000688 seconds
2020-10-25T13:35:44.492+0100: 6785.225: Total time for which application threads were stopped: 0.0007642 seconds, Stopping threads took: 0.0004301 seconds
2020-10-25T13:35:44.637+0100: 6785.371: Total time for which application threads were stopped: 0.0014342 seconds, Stopping threads took: 0.0011619 seconds
2020-10-25T13:35:44.638+0100: 6785.371: Total time for which application threads were stopped: 0.0003845 seconds, Stopping threads took: 0.0001110 seconds
2020-10-25T13:35:44.639+0100: 6785.372: Total time for which application threads were stopped: 0.0004603 seconds, Stopping threads took: 0.0000750 seconds
2020-10-25T13:35:44.650+0100: 6785.383: Total time for which application threads were stopped: 0.0004882 seconds, Stopping threads took: 0.0002043 seconds
2020-10-25T13:35:44.666+0100: 6785.399: Total time for which application threads were stopped: 0.0032396 seconds, Stopping threads took: 0.0023016 seconds
2020-10-25T13:35:44.667+0100: 6785.400: Total time for which application threads were stopped: 0.0003780 seconds, Stopping threads took: 0.0000909 seconds
2020-10-25T13:35:44.821+0100: 6785.555: Total time for which application threads were stopped: 0.0006621 seconds, Stopping threads took: 0.0004056 seconds
2020-10-25T13:35:44.997+0100: 6785.731: Total time for which application threads were stopped: 0.0016594 seconds, Stopping threads took: 0.0013522 seconds
2020-10-25T13:35:45.005+0100: 6785.739: Total time for which application threads were stopped: 0.0036658 seconds, Stopping threads took: 0.0023736 seconds
2020-10-25T13:35:45.007+0100: 6785.741: Total time for which application threads were stopped: 0.0003759 seconds, Stopping threads took: 0.0000843 seconds
2020-10-25T13:35:45.009+0100: 6785.743: Total time for which application threads were stopped: 0.0004475 seconds, Stopping threads took: 0.0001027 seconds
{Heap before GC invocations=33 (full 0):
 garbage-first heap   total 524288K, used 352511K [0x00000000e0000000, 0x00000000e0101000, 0x0000000100000000)
  region size 1024K, 307 young (314368K), 21 survivors (21504K)
 Metaspace       used 55882K, capacity 58358K, committed 58488K, reserved 1099776K
  class space    used 6742K, capacity 7256K, committed 7344K, reserved 1048576K
2020-10-25T13:35:45.087+0100: 6785.821: [GC pause (G1 Evacuation Pause) (young)
Desired survivor size 20447232 bytes, new threshold 15 (max 15)
- age   1:    5591952 bytes,    5591952 total
- age   2:    1119832 bytes,    6711784 total
- age   3:      38200 bytes,    6749984 total
- age   4:      71856 bytes,    6821840 total
- age   5:      59072 bytes,    6880912 total
- age   6:      44640 bytes,    6925552 total
- age   7:      73952 bytes,    6999504 total
- age   8:      46016 bytes,    7045520 total
- age   9:      51432 bytes,    7096952 total
- age  10:     128200 bytes,    7225152 total
- age  11:      50944 bytes,    7276096 total
- age  12:    5617120 bytes,   12893216 total
- age  13:    1060664 bytes,   13953880 total
- age  14:      65336 bytes,   14019216 total
- age  15:      70072 bytes,   14089288 total
, 0.0245372 secs]
   [Parallel Time: 22.9 ms, GC Workers: 4]
      [GC Worker Start (ms): Min: 6785820.9, Avg: 6785821.0, Max: 6785821.0, Diff: 0.0]
      [Ext Root Scanning (ms): Min: 1.1, Avg: 1.4, Max: 1.8, Diff: 0.7, Sum: 5.7]
      [Update RS (ms): Min: 1.8, Avg: 2.3, Max: 2.9, Diff: 1.0, Sum: 9.1]
         [Processed Buffers: Min: 3, Avg: 6.8, Max: 9, Diff: 6, Sum: 27]
      [Scan RS (ms): Min: 0.0, Avg: 0.2, Max: 0.6, Diff: 0.5, Sum: 0.8]
      [Code Root Scanning (ms): Min: 0.0, Avg: 0.3, Max: 1.1, Diff: 1.1, Sum: 1.2]
      [Object Copy (ms): Min: 17.9, Avg: 18.6, Max: 19.3, Diff: 1.4, Sum: 74.6]
      [Termination (ms): Min: 0.0, Avg: 0.0, Max: 0.0, Diff: 0.0, Sum: 0.0]
         [Termination Attempts: Min: 1, Avg: 1.0, Max: 1, Diff: 0, Sum: 4]
      [GC Worker Other (ms): Min: 0.0, Avg: 0.0, Max: 0.0, Diff: 0.0, Sum: 0.1]
      [GC Worker Total (ms): Min: 22.8, Avg: 22.9, Max: 22.9, Diff: 0.0, Sum: 91.4]
      [GC Worker End (ms): Min: 6785843.8, Avg: 6785843.8, Max: 6785843.8, Diff: 0.0]
   [Code Root Fixup: 0.0 ms]
   [Code Root Purge: 0.0 ms]
   [Clear CT: 0.1 ms]
   [Other: 1.4 ms]
      [Choose CSet: 0.0 ms]
      [Ref Proc: 0.7 ms]
      [Ref Enq: 0.1 ms]
      [Redirty Cards: 0.0 ms]
      [Humongous Register: 0.0 ms]
      [Humongous Reclaim: 0.0 ms]
      [Free CSet: 0.3 ms]
   [Eden: 286.0M(286.0M)->0.0B(289.0M) Survivors: 21.0M->18.0M Heap: 344.2M(512.0M)->55.9M(512.0M)]
Heap after GC invocations=34 (full 0):
 garbage-first heap   total 524288K, used 57199K [0x00000000e0000000, 0x00000000e0101000, 0x0000000100000000)
  region size 1024K, 18 young (18432K), 18 survivors (18432K)
 Metaspace       used 55882K, capacity 58358K, committed 58488K, reserved 1099776K
  class space    used 6742K, capacity 7256K, committed 7344K, reserved 1048576K
}
 [Times: user=0.13 sys=0.00, real=0.03 secs] 
2020-10-25T13:35:45.112+0100: 6785.846: Total time for which application threads were stopped: 0.0324473 seconds, Stopping threads took: 0.0070053 seconds
2020-10-25T13:35:45.364+0100: 6786.097: Total time for which application threads were stopped: 0.0016657 seconds, Stopping threads took: 0.0013732 seconds
2020-10-25T13:35:45.364+0100: 6786.097: Total time for which application threads were stopped: 0.0003189 seconds, Stopping threads took: 0.0000616 seconds
2020-10-25T13:35:45.365+0100: 6786.098: Total time for which application threads were stopped: 0.0003426 seconds, Stopping threads took: 0.0000908 seconds
2020-10-25T13:35:45.365+0100: 6786.098: Total time for which application threads were stopped: 0.0002931 seconds, Stopping threads took: 0.0000798 seconds
2020-10-25T13:35:45.365+0100: 6786.098: Total time for which application threads were stopped: 0.0003111 seconds, Stopping threads took: 0.0000872 seconds
2020-10-25T13:35:45.366+0100: 6786.099: Total time for which application threads were stopped: 0.0003022 seconds, Stopping threads took: 0.0000458 seconds
2020-10-25T13:35:45.383+0100: 6786.116: Total time for which application threads were stopped: 0.0009332 seconds, Stopping threads took: 0.0006207 seconds
2020-10-25T13:35:45.384+0100: 6786.117: Total time for which application threads were stopped: 0.0003674 seconds, Stopping threads took: 0.0000885 seconds
2020-10-25T13:35:45.385+0100: 6786.118: Total time for which application threads were stopped: 0.0003133 seconds, Stopping threads took: 0.0000937 seconds
2020-10-25T13:35:45.385+0100: 6786.119: Total time for which application threads were stopped: 0.0003926 seconds, Stopping threads took: 0.0000984 seconds
2020-10-25T13:35:45.387+0100: 6786.120: Total time for which application threads were stopped: 0.0003186 seconds, Stopping threads took: 0.0000721 seconds
2020-10-25T13:35:45.423+0100: 6786.156: Total time for which application threads were stopped: 0.0003921 seconds, Stopping threads took: 0.0000596 seconds
2020-10-25T13:35:45.565+0100: 6786.298: Total time for which application threads were stopped: 0.0034633 seconds, Stopping threads took: 0.0032112 seconds
2020-10-25T13:35:45.565+0100: 6786.298: Total time for which application threads were stopped: 0.0002937 seconds, Stopping threads took: 0.0000825 seconds
2020-10-25T13:35:45.566+0100: 6786.299: Total time for which application threads were stopped: 0.0002586 seconds, Stopping threads took: 0.0000606 seconds
2020-10-25T13:35:45.566+0100: 6786.299: Total time for which application threads were stopped: 0.0001830 seconds, Stopping threads took: 0.0000436 seconds
2020-10-25T13:35:45.566+0100: 6786.299: Total time for which application threads were stopped: 0.0001662 seconds, Stopping threads took: 0.0000414 seconds
2020-10-25T13:35:45.566+0100: 6786.300: Total time for which application threads were stopped: 0.0002450 seconds, Stopping threads took: 0.0000668 seconds
2020-10-25T13:35:45.580+0100: 6786.313: Total time for which application threads were stopped: 0.0002906 seconds, Stopping threads took: 0.0000650 seconds
2020-10-25T13:35:45.581+0100: 6786.314: Total time for which application threads were stopped: 0.0002817 seconds, Stopping threads took: 0.0000741 seconds
2020-10-25T13:35:45.583+0100: 6786.316: Total time for which application threads were stopped: 0.0003379 seconds, Stopping threads took: 0.0000850 seconds
2020-10-25T13:35:45.584+0100: 6786.317: Total time for which application threads were stopped: 0.0002914 seconds, Stopping threads took: 0.0000633 seconds
2020-10-25T13:35:45.585+0100: 6786.318: Total time for which application threads were stopped: 0.0006011 seconds, Stopping threads took: 0.0003714 seconds
2020-10-25T13:35:45.586+0100: 6786.319: Total time for which application threads were stopped: 0.0002903 seconds, Stopping threads took: 0.0000744 seconds
2020-10-25T13:35:45.744+0100: 6786.477: Total time for which application threads were stopped: 0.0006220 seconds, Stopping threads took: 0.0003543 seconds
2020-10-25T13:36:44.390+0100: 6845.123: Total time for which application threads were stopped: 0.0002572 seconds, Stopping threads took: 0.0000674 seconds
2020-10-25T13:36:44.936+0100: 6845.670: Total time for which application threads were stopped: 0.0007620 seconds, Stopping threads took: 0.0002485 seconds
2020-10-25T13:36:45.152+0100: 6845.885: Total time for which application threads were stopped: 0.0005861 seconds, Stopping threads took: 0.0002290 seconds
{Heap before GC invocations=34 (full 0):
 garbage-first heap   total 524288K, used 353135K [0x00000000e0000000, 0x00000000e0101000, 0x0000000100000000)
  region size 1024K, 307 young (314368K), 18 survivors (18432K)
 Metaspace       used 56157K, capacity 58770K, committed 59000K, reserved 1101824K
  class space    used 6774K, capacity 7314K, committed 7344K, reserved 1048576K
2020-10-25T13:36:45.276+0100: 6846.009: [GC pause (G1 Evacuation Pause) (young)
Desired survivor size 20447232 bytes, new threshold 15 (max 15)
- age   1:    3253600 bytes,    3253600 total
- age   2:    4525376 bytes,    7778976 total
- age   3:    1115608 bytes,    8894584 total
- age   4:      38040 bytes,    8932624 total
- age   5:      71816 bytes,    9004440 total
- age   6:      59072 bytes,    9063512 total
- age   7:      44640 bytes,    9108152 total
- age   8:      73952 bytes,    9182104 total
- age   9:      46016 bytes,    9228120 total
- age  10:      51352 bytes,    9279472 total
- age  11:     128200 bytes,    9407672 total
- age  12:      50944 bytes,    9458616 total
- age  13:    5617120 bytes,   15075736 total
- age  14:    1060664 bytes,   16136400 total
- age  15:      65336 bytes,   16201736 total
, 0.0307164 secs]
   [Parallel Time: 23.7 ms, GC Workers: 4]
      [GC Worker Start (ms): Min: 6846009.3, Avg: 6846009.3, Max: 6846009.3, Diff: 0.0]
      [Ext Root Scanning (ms): Min: 1.0, Avg: 1.2, Max: 1.6, Diff: 0.6, Sum: 5.0]
      [Update RS (ms): Min: 2.4, Avg: 2.5, Max: 2.6, Diff: 0.2, Sum: 10.2]
         [Processed Buffers: Min: 3, Avg: 10.5, Max: 19, Diff: 16, Sum: 42]
      [Scan RS (ms): Min: 0.0, Avg: 0.1, Max: 0.1, Diff: 0.1, Sum: 0.2]
      [Code Root Scanning (ms): Min: 0.0, Avg: 0.3, Max: 0.5, Diff: 0.5, Sum: 1.1]
      [Object Copy (ms): Min: 19.0, Avg: 19.4, Max: 19.8, Diff: 0.9, Sum: 77.8]
      [Termination (ms): Min: 0.0, Avg: 0.0, Max: 0.0, Diff: 0.0, Sum: 0.0]
         [Termination Attempts: Min: 1, Avg: 1.0, Max: 1, Diff: 0, Sum: 4]
      [GC Worker Other (ms): Min: 0.0, Avg: 0.0, Max: 0.0, Diff: 0.0, Sum: 0.1]
      [GC Worker Total (ms): Min: 23.6, Avg: 23.6, Max: 23.6, Diff: 0.0, Sum: 94.3]
      [GC Worker End (ms): Min: 6846032.9, Avg: 6846032.9, Max: 6846032.9, Diff: 0.0]
   [Code Root Fixup: 0.0 ms]
   [Code Root Purge: 0.0 ms]
   [Clear CT: 0.1 ms]
   [Other: 6.9 ms]
      [Choose CSet: 0.0 ms]
      [Ref Proc: 6.1 ms]
      [Ref Enq: 0.1 ms]
      [Redirty Cards: 0.1 ms]
      [Humongous Register: 0.0 ms]
      [Humongous Reclaim: 0.0 ms]
      [Free CSet: 0.3 ms]
   [Eden: 289.0M(289.0M)->0.0B(286.0M) Survivors: 18.0M->21.0M Heap: 344.9M(512.0M)->59.0M(512.0M)]
Heap after GC invocations=35 (full 0):
 garbage-first heap   total 524288K, used 60386K [0x00000000e0000000, 0x00000000e0101000, 0x0000000100000000)
  region size 1024K, 21 young (21504K), 21 survivors (21504K)
 Metaspace       used 56157K, capacity 58770K, committed 59000K, reserved 1101824K
  class space    used 6774K, capacity 7314K, committed 7344K, reserved 1048576K
}
 [Times: user=0.06 sys=0.00, real=0.03 secs] 
2020-10-25T13:36:45.307+0100: 6846.040: Total time for which application threads were stopped: 0.0330696 seconds, Stopping threads took: 0.0016390 seconds
2020-10-25T13:36:45.308+0100: 6846.041: Total time for which application threads were stopped: 0.0003607 seconds, Stopping threads took: 0.0001125 seconds
2020-10-25T13:36:45.309+0100: 6846.042: Total time for which application threads were stopped: 0.0009613 seconds, Stopping threads took: 0.0007162 seconds
2020-10-25T13:36:45.310+0100: 6846.043: Total time for which application threads were stopped: 0.0003686 seconds, Stopping threads took: 0.0000843 seconds
2020-10-25T13:36:45.313+0100: 6846.046: Total time for which application threads were stopped: 0.0012816 seconds, Stopping threads took: 0.0009359 seconds
2020-10-25T13:36:45.452+0100: 6846.186: Total time for which application threads were stopped: 0.0005400 seconds, Stopping threads took: 0.0002518 seconds
2020-10-25T13:36:45.454+0100: 6846.187: Total time for which application threads were stopped: 0.0003915 seconds, Stopping threads took: 0.0001050 seconds
2020-10-25T13:36:45.653+0100: 6846.387: Total time for which application threads were stopped: 0.0016334 seconds, Stopping threads took: 0.0013688 seconds
2020-10-25T13:36:45.658+0100: 6846.391: Total time for which application threads were stopped: 0.0003483 seconds, Stopping threads took: 0.0000951 seconds
2020-10-25T13:36:45.660+0100: 6846.393: Total time for which application threads were stopped: 0.0003304 seconds, Stopping threads took: 0.0000835 seconds
2020-10-25T13:36:45.797+0100: 6846.531: Total time for which application threads were stopped: 0.0009757 seconds, Stopping threads took: 0.0006453 seconds
2020-10-25T13:36:45.920+0100: 6846.653: Total time for which application threads were stopped: 0.0010396 seconds, Stopping threads took: 0.0007809 seconds
2020-10-25T13:36:45.920+0100: 6846.654: Total time for which application threads were stopped: 0.0002278 seconds, Stopping threads took: 0.0000812 seconds
2020-10-25T13:36:45.920+0100: 6846.654: Total time for which application threads were stopped: 0.0002420 seconds, Stopping threads took: 0.0000911 seconds
2020-10-25T13:36:45.921+0100: 6846.655: Total time for which application threads were stopped: 0.0002959 seconds, Stopping threads took: 0.0000737 seconds
2020-10-25T13:36:45.923+0100: 6846.657: Total time for which application threads were stopped: 0.0003602 seconds, Stopping threads took: 0.0000933 seconds
2020-10-25T13:36:45.927+0100: 6846.661: Total time for which application threads were stopped: 0.0011440 seconds, Stopping threads took: 0.0008819 seconds
2020-10-25T13:36:45.944+0100: 6846.678: Total time for which application threads were stopped: 0.0003177 seconds, Stopping threads took: 0.0000744 seconds
2020-10-25T13:36:45.946+0100: 6846.679: Total time for which application threads were stopped: 0.0003224 seconds, Stopping threads took: 0.0000878 seconds
2020-10-25T13:36:45.946+0100: 6846.680: Total time for which application threads were stopped: 0.0002591 seconds, Stopping threads took: 0.0000642 seconds
2020-10-25T13:36:46.003+0100: 6846.737: Total time for which application threads were stopped: 0.0054521 seconds, Stopping threads took: 0.0052127 seconds
2020-10-25T13:36:46.022+0100: 6846.755: Total time for which application threads were stopped: 0.0007230 seconds, Stopping threads took: 0.0004676 seconds
2020-10-25T13:36:46.024+0100: 6846.757: Total time for which application threads were stopped: 0.0003065 seconds, Stopping threads took: 0.0000815 seconds
2020-10-25T13:36:46.026+0100: 6846.759: Total time for which application threads were stopped: 0.0003450 seconds, Stopping threads took: 0.0000917 seconds
2020-10-25T13:36:46.177+0100: 6846.910: Total time for which application threads were stopped: 0.0003703 seconds, Stopping threads took: 0.0001106 seconds
2020-10-25T13:36:46.177+0100: 6846.911: Total time for which application threads were stopped: 0.0001725 seconds, Stopping threads took: 0.0000434 seconds
2020-10-25T13:36:46.177+0100: 6846.911: Total time for which application threads were stopped: 0.0002232 seconds, Stopping threads took: 0.0000640 seconds
2020-10-25T13:36:46.178+0100: 6846.911: Total time for which application threads were stopped: 0.0001772 seconds, Stopping threads took: 0.0000368 seconds
2020-10-25T13:36:46.178+0100: 6846.912: Total time for which application threads were stopped: 0.0001899 seconds, Stopping threads took: 0.0000540 seconds
2020-10-25T13:36:46.178+0100: 6846.912: Total time for which application threads were stopped: 0.0001608 seconds, Stopping threads took: 0.0000360 seconds
2020-10-25T13:36:46.188+0100: 6846.921: Total time for which application threads were stopped: 0.0003231 seconds, Stopping threads took: 0.0000890 seconds
2020-10-25T13:36:46.190+0100: 6846.923: Total time for which application threads were stopped: 0.0003340 seconds, Stopping threads took: 0.0000629 seconds
2020-10-25T13:36:46.190+0100: 6846.924: Total time for which application threads were stopped: 0.0002795 seconds, Stopping threads took: 0.0000556 seconds
2020-10-25T13:36:46.318+0100: 6847.052: Total time for which application threads were stopped: 0.0002703 seconds, Stopping threads took: 0.0000650 seconds
2020-10-25T13:37:17.965+0100: 6878.698: Total time for which application threads were stopped: 0.0003225 seconds, Stopping threads took: 0.0001045 seconds
2020-10-25T13:37:18.474+0100: 6879.208: Total time for which application threads were stopped: 0.0005302 seconds, Stopping threads took: 0.0001455 seconds
{Heap before GC invocations=35 (full 0):
 garbage-first heap   total 524288K, used 353250K [0x00000000e0000000, 0x00000000e0101000, 0x0000000100000000)
  region size 1024K, 307 young (314368K), 21 survivors (21504K)
 Metaspace       used 56301K, capacity 58834K, committed 59000K, reserved 1101824K
  class space    used 6774K, capacity 7314K, committed 7344K, reserved 1048576K
2020-10-25T13:37:18.643+0100: 6879.377: [GC pause (G1 Evacuation Pause) (young)
Desired survivor size 20447232 bytes, new threshold 15 (max 15)
- age   1:    6183640 bytes,    6183640 total
- age   2:    1624952 bytes,    7808592 total
- age   3:     555248 bytes,    8363840 total
- age   4:      74032 bytes,    8437872 total
- age   5:      38040 bytes,    8475912 total
- age   6:      71608 bytes,    8547520 total
- age   7:      59072 bytes,    8606592 total
- age   8:      44640 bytes,    8651232 total
- age   9:      73952 bytes,    8725184 total
- age  10:      46016 bytes,    8771200 total
- age  11:      51352 bytes,    8822552 total
- age  12:     122168 bytes,    8944720 total
- age  13:      50944 bytes,    8995664 total
- age  14:    5616888 bytes,   14612552 total
- age  15:    1060664 bytes,   15673216 total
, 0.0295127 secs]
   [Parallel Time: 22.4 ms, GC Workers: 4]
      [GC Worker Start (ms): Min: 6879377.5, Avg: 6879377.7, Max: 6879378.4, Diff: 0.9]
      [Ext Root Scanning (ms): Min: 0.5, Avg: 1.2, Max: 1.6, Diff: 1.1, Sum: 4.7]
      [Update RS (ms): Min: 2.5, Avg: 2.5, Max: 2.5, Diff: 0.0, Sum: 9.9]
         [Processed Buffers: Min: 5, Avg: 10.5, Max: 16, Diff: 11, Sum: 42]
      [Scan RS (ms): Min: 0.0, Avg: 0.1, Max: 0.1, Diff: 0.0, Sum: 0.2]
      [Code Root Scanning (ms): Min: 0.1, Avg: 0.3, Max: 0.6, Diff: 0.5, Sum: 1.3]
      [Object Copy (ms): Min: 17.7, Avg: 18.0, Max: 18.2, Diff: 0.5, Sum: 72.0]
      [Termination (ms): Min: 0.0, Avg: 0.0, Max: 0.0, Diff: 0.0, Sum: 0.0]
         [Termination Attempts: Min: 1, Avg: 1.0, Max: 1, Diff: 0, Sum: 4]
      [GC Worker Other (ms): Min: 0.0, Avg: 0.0, Max: 0.0, Diff: 0.0, Sum: 0.1]
      [GC Worker Total (ms): Min: 21.4, Avg: 22.1, Max: 22.3, Diff: 0.9, Sum: 88.2]
      [GC Worker End (ms): Min: 6879399.8, Avg: 6879399.8, Max: 6879399.8, Diff: 0.0]
   [Code Root Fixup: 0.0 ms]
   [Code Root Purge: 0.0 ms]
   [Clear CT: 0.1 ms]
   [Other: 7.0 ms]
      [Choose CSet: 0.0 ms]
      [Ref Proc: 6.2 ms]
      [Ref Enq: 0.1 ms]
      [Redirty Cards: 0.0 ms]
      [Humongous Register: 0.0 ms]
      [Humongous Reclaim: 0.0 ms]
      [Free CSet: 0.4 ms]
   [Eden: 286.0M(286.0M)->0.0B(287.0M) Survivors: 21.0M->20.0M Heap: 345.0M(512.0M)->58.5M(512.0M)]
Heap after GC invocations=36 (full 0):
 garbage-first heap   total 524288K, used 59934K [0x00000000e0000000, 0x00000000e0101000, 0x0000000100000000)
  region size 1024K, 20 young (20480K), 20 survivors (20480K)
 Metaspace       used 56301K, capacity 58834K, committed 59000K, reserved 1101824K
  class space    used 6774K, capacity 7314K, committed 7344K, reserved 1048576K
}
 [Times: user=0.11 sys=0.00, real=0.03 secs] 
2020-10-25T13:37:18.673+0100: 6879.407: Total time for which application threads were stopped: 0.0302561 seconds, Stopping threads took: 0.0000672 seconds
2020-10-25T13:37:18.679+0100: 6879.413: Total time for which application threads were stopped: 0.0007714 seconds, Stopping threads took: 0.0004805 seconds
2020-10-25T13:37:18.857+0100: 6879.591: Total time for which application threads were stopped: 0.0013704 seconds, Stopping threads took: 0.0010972 seconds
2020-10-25T13:37:18.858+0100: 6879.592: Total time for which application threads were stopped: 0.0003395 seconds, Stopping threads took: 0.0000832 seconds
2020-10-25T13:37:18.859+0100: 6879.593: Total time for which application threads were stopped: 0.0004329 seconds, Stopping threads took: 0.0001265 seconds
2020-10-25T13:37:18.865+0100: 6879.599: Total time for which application threads were stopped: 0.0026951 seconds, Stopping threads took: 0.0023545 seconds
{Heap before GC invocations=36 (full 0):
 garbage-first heap   total 524288K, used 353822K [0x00000000e0000000, 0x00000000e0101000, 0x0000000100000000)
  region size 1024K, 307 young (314368K), 20 survivors (20480K)
 Metaspace       used 56352K, capacity 58902K, committed 59000K, reserved 1101824K
  class space    used 6774K, capacity 7314K, committed 7344K, reserved 1048576K
2020-10-25T13:37:19.327+0100: 6880.060: [GC pause (G1 Evacuation Pause) (young)
Desired survivor size 20447232 bytes, new threshold 15 (max 15)
- age   1:    5602400 bytes,    5602400 total
- age   2:    1157192 bytes,    6759592 total
- age   3:      31288 bytes,    6790880 total
- age   4:      65384 bytes,    6856264 total
- age   5:      73616 bytes,    6929880 total
- age   6:      38040 bytes,    6967920 total
- age   7:      71608 bytes,    7039528 total
- age   8:      59024 bytes,    7098552 total
- age   9:      44640 bytes,    7143192 total
- age  10:      73952 bytes,    7217144 total
- age  11:      46016 bytes,    7263160 total
- age  12:      51352 bytes,    7314512 total
- age  13:     121680 bytes,    7436192 total
- age  14:      50944 bytes,    7487136 total
- age  15:    5616888 bytes,   13104024 total
, 0.0232662 secs]
   [Parallel Time: 21.8 ms, GC Workers: 4]
      [GC Worker Start (ms): Min: 6880060.5, Avg: 6880060.5, Max: 6880060.5, Diff: 0.0]
      [Ext Root Scanning (ms): Min: 1.0, Avg: 1.2, Max: 1.3, Diff: 0.4, Sum: 4.6]
      [Update RS (ms): Min: 2.7, Avg: 2.8, Max: 3.0, Diff: 0.2, Sum: 11.4]
         [Processed Buffers: Min: 6, Avg: 7.8, Max: 12, Diff: 6, Sum: 31]
      [Scan RS (ms): Min: 0.0, Avg: 0.1, Max: 0.1, Diff: 0.1, Sum: 0.2]
      [Code Root Scanning (ms): Min: 0.0, Avg: 0.3, Max: 0.6, Diff: 0.6, Sum: 1.2]
      [Object Copy (ms): Min: 17.1, Avg: 17.2, Max: 17.3, Diff: 0.2, Sum: 68.9]
      [Termination (ms): Min: 0.0, Avg: 0.0, Max: 0.0, Diff: 0.0, Sum: 0.0]
         [Termination Attempts: Min: 1, Avg: 1.0, Max: 1, Diff: 0, Sum: 4]
      [GC Worker Other (ms): Min: 0.0, Avg: 0.0, Max: 0.0, Diff: 0.0, Sum: 0.1]
      [GC Worker Total (ms): Min: 21.6, Avg: 21.6, Max: 21.6, Diff: 0.0, Sum: 86.4]
      [GC Worker End (ms): Min: 6880082.1, Avg: 6880082.1, Max: 6880082.1, Diff: 0.0]
   [Code Root Fixup: 0.0 ms]
   [Code Root Purge: 0.0 ms]
   [Clear CT: 0.1 ms]
   [Other: 1.3 ms]
      [Choose CSet: 0.0 ms]
      [Ref Proc: 0.7 ms]
      [Ref Enq: 0.0 ms]
      [Redirty Cards: 0.0 ms]
      [Humongous Register: 0.0 ms]
      [Humongous Reclaim: 0.0 ms]
      [Free CSet: 0.3 ms]
   [Eden: 287.0M(287.0M)->0.0B(295.0M) Survivors: 20.0M->12.0M Heap: 345.5M(512.0M)->56.9M(512.0M)]
Heap after GC invocations=37 (full 0):
 garbage-first heap   total 524288K, used 58273K [0x00000000e0000000, 0x00000000e0101000, 0x0000000100000000)
  region size 1024K, 12 young (12288K), 12 survivors (12288K)
 Metaspace       used 56352K, capacity 58902K, committed 59000K, reserved 1101824K
  class space    used 6774K, capacity 7314K, committed 7344K, reserved 1048576K
}
 [Times: user=0.06 sys=0.00, real=0.02 secs] 
2020-10-25T13:37:19.350+0100: 6880.084: Total time for which application threads were stopped: 0.0240994 seconds, Stopping threads took: 0.0001204 seconds
2020-10-25T13:37:19.423+0100: 6880.157: Total time for which application threads were stopped: 0.0024908 seconds, Stopping threads took: 0.0022243 seconds
2020-10-25T13:37:19.425+0100: 6880.158: Total time for which application threads were stopped: 0.0004396 seconds, Stopping threads took: 0.0001212 seconds
2020-10-25T13:37:19.428+0100: 6880.162: Total time for which application threads were stopped: 0.0008348 seconds, Stopping threads took: 0.0003854 seconds
2020-10-25T13:37:19.429+0100: 6880.163: Total time for which application threads were stopped: 0.0004174 seconds, Stopping threads took: 0.0000792 seconds
2020-10-25T13:37:19.435+0100: 6880.169: Total time for which application threads were stopped: 0.0005066 seconds, Stopping threads took: 0.0002622 seconds
2020-10-25T13:37:19.438+0100: 6880.172: Total time for which application threads were stopped: 0.0003681 seconds, Stopping threads took: 0.0000845 seconds
2020-10-25T13:37:19.638+0100: 6880.371: Total time for which application threads were stopped: 0.0018987 seconds, Stopping threads took: 0.0014187 seconds
2020-10-25T13:37:19.644+0100: 6880.377: Total time for which application threads were stopped: 0.0003282 seconds, Stopping threads took: 0.0000728 seconds
2020-10-25T13:37:19.646+0100: 6880.379: Total time for which application threads were stopped: 0.0002986 seconds, Stopping threads took: 0.0000601 seconds
2020-10-25T13:37:19.709+0100: 6880.443: Total time for which application threads were stopped: 0.0075499 seconds, Stopping threads took: 0.0072828 seconds
2020-10-25T13:37:19.710+0100: 6880.443: Total time for which application threads were stopped: 0.0002676 seconds, Stopping threads took: 0.0000430 seconds
2020-10-25T13:37:19.710+0100: 6880.443: Total time for which application threads were stopped: 0.0002552 seconds, Stopping threads took: 0.0000658 seconds
2020-10-25T13:37:19.710+0100: 6880.444: Total time for which application threads were stopped: 0.0002264 seconds, Stopping threads took: 0.0000537 seconds
2020-10-25T13:37:19.710+0100: 6880.444: Total time for which application threads were stopped: 0.0002327 seconds, Stopping threads took: 0.0000502 seconds
2020-10-25T13:37:19.712+0100: 6880.446: Total time for which application threads were stopped: 0.0003418 seconds, Stopping threads took: 0.0000651 seconds
2020-10-25T13:37:19.714+0100: 6880.447: Total time for which application threads were stopped: 0.0008988 seconds, Stopping threads took: 0.0006240 seconds
2020-10-25T13:37:19.740+0100: 6880.473: Total time for which application threads were stopped: 0.0013010 seconds, Stopping threads took: 0.0010482 seconds
2020-10-25T13:37:19.741+0100: 6880.475: Total time for which application threads were stopped: 0.0003364 seconds, Stopping threads took: 0.0000799 seconds
2020-10-25T13:37:19.742+0100: 6880.476: Total time for which application threads were stopped: 0.0003371 seconds, Stopping threads took: 0.0000788 seconds
2020-10-25T13:37:19.806+0100: 6880.540: Total time for which application threads were stopped: 0.0002992 seconds, Stopping threads took: 0.0000606 seconds
2020-10-25T13:37:19.807+0100: 6880.540: Total time for which application threads were stopped: 0.0002208 seconds, Stopping threads took: 0.0000656 seconds
2020-10-25T13:37:19.807+0100: 6880.540: Total time for which application threads were stopped: 0.0002115 seconds, Stopping threads took: 0.0000631 seconds
2020-10-25T13:37:19.807+0100: 6880.541: Total time for which application threads were stopped: 0.0001924 seconds, Stopping threads took: 0.0000598 seconds
2020-10-25T13:37:19.808+0100: 6880.541: Total time for which application threads were stopped: 0.0002039 seconds, Stopping threads took: 0.0000580 seconds
2020-10-25T13:37:19.808+0100: 6880.541: Total time for which application threads were stopped: 0.0001939 seconds, Stopping threads took: 0.0000661 seconds
2020-10-25T13:37:19.816+0100: 6880.549: Total time for which application threads were stopped: 0.0003637 seconds, Stopping threads took: 0.0000985 seconds
2020-10-25T13:37:19.817+0100: 6880.551: Total time for which application threads were stopped: 0.0002983 seconds, Stopping threads took: 0.0000869 seconds
2020-10-25T13:37:19.818+0100: 6880.551: Total time for which application threads were stopped: 0.0002416 seconds, Stopping threads took: 0.0000525 seconds
2020-10-25T13:37:19.950+0100: 6880.684: Total time for which application threads were stopped: 0.0002223 seconds, Stopping threads took: 0.0000555 seconds
2020-10-25T13:37:46.024+0100: 6906.757: Total time for which application threads were stopped: 0.0003473 seconds, Stopping threads took: 0.0000814 seconds
2020-10-25T13:38:26.104+0100: 6946.837: Total time for which application threads were stopped: 0.0002265 seconds, Stopping threads took: 0.0000692 seconds
2020-10-25T13:38:40.127+0100: 6960.861: Total time for which application threads were stopped: 0.0002500 seconds, Stopping threads took: 0.0000612 seconds
2020-10-25T13:38:45.664+0100: 6966.398: Total time for which application threads were stopped: 0.0002899 seconds, Stopping threads took: 0.0000618 seconds
2020-10-25T13:38:45.927+0100: 6966.660: Total time for which application threads were stopped: 0.0002821 seconds, Stopping threads took: 0.0000592 seconds
2020-10-25T13:38:46.199+0100: 6966.933: Total time for which application threads were stopped: 0.0002729 seconds, Stopping threads took: 0.0000570 seconds
2020-10-25T13:38:46.427+0100: 6967.161: Total time for which application threads were stopped: 0.0003978 seconds, Stopping threads took: 0.0000915 seconds
{Heap before GC invocations=37 (full 0):
 garbage-first heap   total 524288K, used 360353K [0x00000000e0000000, 0x00000000e0101000, 0x0000000100000000)
  region size 1024K, 307 young (314368K), 12 survivors (12288K)
 Metaspace       used 56451K, capacity 59094K, committed 59256K, reserved 1101824K
  class space    used 6774K, capacity 7314K, committed 7344K, reserved 1048576K
2020-10-25T13:38:46.557+0100: 6967.291: [GC pause (G1 Evacuation Pause) (young)
Desired survivor size 20447232 bytes, new threshold 15 (max 15)
- age   1:    2800888 bytes,    2800888 total
- age   2:    4769776 bytes,    7570664 total
- age   3:    1155600 bytes,    8726264 total
- age   4:      31128 bytes,    8757392 total
- age   5:      65344 bytes,    8822736 total
- age   6:      73616 bytes,    8896352 total
- age   7:      38040 bytes,    8934392 total
- age   8:      71608 bytes,    9006000 total
- age   9:      58624 bytes,    9064624 total
- age  10:      44640 bytes,    9109264 total
- age  11:      73952 bytes,    9183216 total
- age  12:      46016 bytes,    9229232 total
- age  13:      51352 bytes,    9280584 total
- age  14:     121680 bytes,    9402264 total
- age  15:      50944 bytes,    9453208 total
, 0.0256804 secs]
   [Parallel Time: 17.2 ms, GC Workers: 4]
      [GC Worker Start (ms): Min: 6967291.1, Avg: 6967291.1, Max: 6967291.1, Diff: 0.0]
      [Ext Root Scanning (ms): Min: 0.8, Avg: 1.0, Max: 1.1, Diff: 0.3, Sum: 4.0]
      [Update RS (ms): Min: 4.4, Avg: 4.5, Max: 4.8, Diff: 0.4, Sum: 18.2]
         [Processed Buffers: Min: 6, Avg: 13.8, Max: 25, Diff: 19, Sum: 55]
      [Scan RS (ms): Min: 0.0, Avg: 0.1, Max: 0.1, Diff: 0.1, Sum: 0.2]
      [Code Root Scanning (ms): Min: 0.0, Avg: 0.3, Max: 0.5, Diff: 0.5, Sum: 1.1]
      [Object Copy (ms): Min: 10.9, Avg: 11.2, Max: 11.6, Diff: 0.8, Sum: 44.7]
      [Termination (ms): Min: 0.0, Avg: 0.0, Max: 0.0, Diff: 0.0, Sum: 0.0]
         [Termination Attempts: Min: 1, Avg: 1.0, Max: 1, Diff: 0, Sum: 4]
      [GC Worker Other (ms): Min: 0.0, Avg: 0.0, Max: 0.0, Diff: 0.0, Sum: 0.1]
      [GC Worker Total (ms): Min: 17.1, Avg: 17.1, Max: 17.1, Diff: 0.0, Sum: 68.3]
      [GC Worker End (ms): Min: 6967308.2, Avg: 6967308.2, Max: 6967308.2, Diff: 0.0]
   [Code Root Fixup: 0.0 ms]
   [Code Root Purge: 0.0 ms]
   [Clear CT: 0.1 ms]
   [Other: 8.3 ms]
      [Choose CSet: 0.0 ms]
      [Ref Proc: 7.7 ms]
      [Ref Enq: 0.1 ms]
      [Redirty Cards: 0.0 ms]
      [Humongous Register: 0.0 ms]
      [Humongous Reclaim: 0.0 ms]
      [Free CSet: 0.3 ms]
   [Eden: 295.0M(295.0M)->0.0B(290.0M) Survivors: 12.0M->17.0M Heap: 351.9M(512.0M)->63.5M(512.0M)]
Heap after GC invocations=38 (full 0):
 garbage-first heap   total 524288K, used 65024K [0x00000000e0000000, 0x00000000e0101000, 0x0000000100000000)
  region size 1024K, 17 young (17408K), 17 survivors (17408K)
 Metaspace       used 56451K, capacity 59094K, committed 59256K, reserved 1101824K
  class space    used 6774K, capacity 7314K, committed 7344K, reserved 1048576K
}
 [Times: user=0.06 sys=0.00, real=0.03 secs] 
2020-10-25T13:38:46.583+0100: 6967.317: Total time for which application threads were stopped: 0.0275801 seconds, Stopping threads took: 0.0009949 seconds
2020-10-25T13:38:46.585+0100: 6967.319: Total time for which application threads were stopped: 0.0003499 seconds, Stopping threads took: 0.0000849 seconds
2020-10-25T13:38:46.585+0100: 6967.319: Total time for which application threads were stopped: 0.0003203 seconds, Stopping threads took: 0.0000554 seconds
2020-10-25T13:38:46.593+0100: 6967.327: Total time for which application threads were stopped: 0.0032822 seconds, Stopping threads took: 0.0021770 seconds
2020-10-25T13:38:46.594+0100: 6967.328: Total time for which application threads were stopped: 0.0003966 seconds, Stopping threads took: 0.0000551 seconds
2020-10-25T13:38:46.876+0100: 6967.609: Total time for which application threads were stopped: 0.0014528 seconds, Stopping threads took: 0.0011697 seconds
2020-10-25T13:38:46.877+0100: 6967.610: Total time for which application threads were stopped: 0.0003838 seconds, Stopping threads took: 0.0001059 seconds
2020-10-25T13:38:47.088+0100: 6967.822: Total time for which application threads were stopped: 0.0044874 seconds, Stopping threads took: 0.0042046 seconds
2020-10-25T13:38:47.090+0100: 6967.823: Total time for which application threads were stopped: 0.0003727 seconds, Stopping threads took: 0.0000817 seconds
2020-10-25T13:38:47.093+0100: 6967.826: Total time for which application threads were stopped: 0.0021481 seconds, Stopping threads took: 0.0017681 seconds
2020-10-25T13:38:47.105+0100: 6967.838: Total time for which application threads were stopped: 0.0034907 seconds, Stopping threads took: 0.0032272 seconds
2020-10-25T13:38:47.107+0100: 6967.841: Total time for which application threads were stopped: 0.0003194 seconds, Stopping threads took: 0.0000704 seconds
2020-10-25T13:38:47.561+0100: 6968.295: Total time for which application threads were stopped: 0.0034380 seconds, Stopping threads took: 0.0024983 seconds
2020-10-25T13:38:47.565+0100: 6968.298: Total time for which application threads were stopped: 0.0003415 seconds, Stopping threads took: 0.0000696 seconds
2020-10-25T13:38:47.569+0100: 6968.302: Total time for which application threads were stopped: 0.0003295 seconds, Stopping threads took: 0.0000593 seconds
2020-10-25T13:38:47.573+0100: 6968.306: Total time for which application threads were stopped: 0.0012248 seconds, Stopping threads took: 0.0000883 seconds
2020-10-25T13:38:47.577+0100: 6968.311: Total time for which application threads were stopped: 0.0006422 seconds, Stopping threads took: 0.0003827 seconds
2020-10-25T13:38:47.589+0100: 6968.323: Total time for which application threads were stopped: 0.0022841 seconds, Stopping threads took: 0.0019218 seconds
2020-10-25T13:38:47.738+0100: 6968.471: Total time for which application threads were stopped: 0.0023981 seconds, Stopping threads took: 0.0021608 seconds
2020-10-25T13:38:47.739+0100: 6968.472: Total time for which application threads were stopped: 0.0002064 seconds, Stopping threads took: 0.0000604 seconds
2020-10-25T13:38:47.739+0100: 6968.472: Total time for which application threads were stopped: 0.0001704 seconds, Stopping threads took: 0.0000420 seconds
2020-10-25T13:38:47.739+0100: 6968.472: Total time for which application threads were stopped: 0.0001483 seconds, Stopping threads took: 0.0000386 seconds
2020-10-25T13:38:47.739+0100: 6968.472: Total time for which application threads were stopped: 0.0001444 seconds, Stopping threads took: 0.0000377 seconds
2020-10-25T13:38:47.740+0100: 6968.473: Total time for which application threads were stopped: 0.0001570 seconds, Stopping threads took: 0.0000381 seconds
2020-10-25T13:38:47.750+0100: 6968.483: Total time for which application threads were stopped: 0.0003220 seconds, Stopping threads took: 0.0000624 seconds
2020-10-25T13:38:47.751+0100: 6968.484: Total time for which application threads were stopped: 0.0002898 seconds, Stopping threads took: 0.0000754 seconds
2020-10-25T13:38:47.751+0100: 6968.484: Total time for which application threads were stopped: 0.0002422 seconds, Stopping threads took: 0.0000650 seconds
2020-10-25T13:38:47.816+0100: 6968.549: Total time for which application threads were stopped: 0.0002978 seconds, Stopping threads took: 0.0000731 seconds
2020-10-25T13:39:46.905+0100: 7027.638: Total time for which application threads were stopped: 0.0002651 seconds, Stopping threads took: 0.0000721 seconds
2020-10-25T13:40:57.739+0100: 7098.472: Total time for which application threads were stopped: 0.0002972 seconds, Stopping threads took: 0.0000708 seconds
2020-10-25T13:40:58.263+0100: 7098.996: Total time for which application threads were stopped: 0.0008473 seconds, Stopping threads took: 0.0002510 seconds
{Heap before GC invocations=38 (full 0):
 garbage-first heap   total 524288K, used 361984K [0x00000000e0000000, 0x00000000e0101000, 0x0000000100000000)
  region size 1024K, 307 young (314368K), 17 survivors (17408K)
 Metaspace       used 56482K, capacity 59094K, committed 59256K, reserved 1101824K
  class space    used 6774K, capacity 7314K, committed 7344K, reserved 1048576K
2020-10-25T13:40:58.440+0100: 7099.174: [GC pause (G1 Evacuation Pause) (young)
Desired survivor size 20447232 bytes, new threshold 15 (max 15)
- age   1:    6718840 bytes,    6718840 total
- age   2:    1207592 bytes,    7926432 total
- age   3:     551256 bytes,    8477688 total
- age   4:     125144 bytes,    8602832 total
- age   5:      31024 bytes,    8633856 total
- age   6:      65176 bytes,    8699032 total
- age   7:      60256 bytes,    8759288 total
- age   8:      38040 bytes,    8797328 total
- age   9:      71568 bytes,    8868896 total
- age  10:      58624 bytes,    8927520 total
- age  11:      44640 bytes,    8972160 total
- age  12:      73952 bytes,    9046112 total
- age  13:      46016 bytes,    9092128 total
- age  14:      51352 bytes,    9143480 total
- age  15:     121680 bytes,    9265160 total
, 0.0214791 secs]
   [Parallel Time: 14.2 ms, GC Workers: 4]
      [GC Worker Start (ms): Min: 7099173.8, Avg: 7099173.8, Max: 7099173.9, Diff: 0.0]
      [Ext Root Scanning (ms): Min: 1.0, Avg: 1.3, Max: 1.7, Diff: 0.7, Sum: 5.3]
      [Update RS (ms): Min: 0.5, Avg: 0.8, Max: 0.9, Diff: 0.4, Sum: 3.2]
         [Processed Buffers: Min: 2, Avg: 10.0, Max: 14, Diff: 12, Sum: 40]
      [Scan RS (ms): Min: 0.0, Avg: 0.1, Max: 0.1, Diff: 0.1, Sum: 0.2]
      [Code Root Scanning (ms): Min: 0.0, Avg: 0.5, Max: 1.0, Diff: 1.0, Sum: 1.8]
      [Object Copy (ms): Min: 10.9, Avg: 11.4, Max: 11.8, Diff: 0.8, Sum: 45.8]
      [Termination (ms): Min: 0.0, Avg: 0.0, Max: 0.0, Diff: 0.0, Sum: 0.0]
         [Termination Attempts: Min: 1, Avg: 1.0, Max: 1, Diff: 0, Sum: 4]
      [GC Worker Other (ms): Min: 0.0, Avg: 0.0, Max: 0.0, Diff: 0.0, Sum: 0.1]
      [GC Worker Total (ms): Min: 14.1, Avg: 14.1, Max: 14.1, Diff: 0.1, Sum: 56.4]
      [GC Worker End (ms): Min: 7099187.9, Avg: 7099187.9, Max: 7099187.9, Diff: 0.0]
   [Code Root Fixup: 0.0 ms]
   [Code Root Purge: 0.0 ms]
   [Clear CT: 0.1 ms]
   [Other: 7.2 ms]
      [Choose CSet: 0.0 ms]
      [Ref Proc: 6.2 ms]
      [Ref Enq: 0.1 ms]
      [Redirty Cards: 0.1 ms]
      [Humongous Register: 0.0 ms]
      [Humongous Reclaim: 0.0 ms]
      [Free CSet: 0.5 ms]
   [Eden: 290.0M(290.0M)->0.0B(293.0M) Survivors: 17.0M->14.0M Heap: 353.5M(512.0M)->61.8M(512.0M)]
Heap after GC invocations=39 (full 0):
 garbage-first heap   total 524288K, used 63255K [0x00000000e0000000, 0x00000000e0101000, 0x0000000100000000)
  region size 1024K, 14 young (14336K), 14 survivors (14336K)
 Metaspace       used 56482K, capacity 59094K, committed 59256K, reserved 1101824K
  class space    used 6774K, capacity 7314K, committed 7344K, reserved 1048576K
}
 [Times: user=0.06 sys=0.00, real=0.02 secs] 
2020-10-25T13:40:58.462+0100: 7099.196: Total time for which application threads were stopped: 0.0221405 seconds, Stopping threads took: 0.0000564 seconds
2020-10-25T13:40:58.476+0100: 7099.209: Total time for which application threads were stopped: 0.0007339 seconds, Stopping threads took: 0.0003786 seconds
2020-10-25T13:40:58.614+0100: 7099.347: Total time for which application threads were stopped: 0.0004144 seconds, Stopping threads took: 0.0001276 seconds
2020-10-25T13:40:58.621+0100: 7099.354: Total time for which application threads were stopped: 0.0009281 seconds, Stopping threads took: 0.0006358 seconds
2020-10-25T13:40:58.621+0100: 7099.355: Total time for which application threads were stopped: 0.0003735 seconds, Stopping threads took: 0.0000770 seconds
2020-10-25T13:40:58.628+0100: 7099.362: Total time for which application threads were stopped: 0.0009661 seconds, Stopping threads took: 0.0006524 seconds
2020-10-25T13:40:58.634+0100: 7099.367: Total time for which application threads were stopped: 0.0010726 seconds, Stopping threads took: 0.0008391 seconds
2020-10-25T13:40:58.638+0100: 7099.371: Total time for which application threads were stopped: 0.0003635 seconds, Stopping threads took: 0.0000922 seconds
2020-10-25T13:40:58.638+0100: 7099.372: Total time for which application threads were stopped: 0.0003213 seconds, Stopping threads took: 0.0000713 seconds
2020-10-25T13:40:59.225+0100: 7099.959: Total time for which application threads were stopped: 0.0022084 seconds, Stopping threads took: 0.0019408 seconds
2020-10-25T13:40:59.238+0100: 7099.972: Total time for which application threads were stopped: 0.0056195 seconds, Stopping threads took: 0.0046683 seconds
{Heap before GC invocations=39 (full 0):
 garbage-first heap   total 524288K, used 363287K [0x00000000e0000000, 0x00000000e0101000, 0x0000000100000000)
  region size 1024K, 307 young (314368K), 14 survivors (14336K)
 Metaspace       used 56499K, capacity 59094K, committed 59256K, reserved 1101824K
  class space    used 6774K, capacity 7314K, committed 7344K, reserved 1048576K
2020-10-25T13:40:59.244+0100: 7099.978: [GC pause (G1 Evacuation Pause) (young)
Desired survivor size 20447232 bytes, new threshold 15 (max 15)
- age   1:    5865328 bytes,    5865328 total
- age   2:    1106576 bytes,    6971904 total
- age   3:      30664 bytes,    7002568 total
- age   4:      73552 bytes,    7076120 total
- age   5:     124824 bytes,    7200944 total
- age   6:      31024 bytes,    7231968 total
- age   7:      65104 bytes,    7297072 total
- age   8:      60184 bytes,    7357256 total
- age   9:      38040 bytes,    7395296 total
- age  10:      71488 bytes,    7466784 total
- age  11:      58624 bytes,    7525408 total
- age  12:      44640 bytes,    7570048 total
- age  13:      73952 bytes,    7644000 total
- age  14:      46016 bytes,    7690016 total
- age  15:      51352 bytes,    7741368 total
, 0.0195659 secs]
   [Parallel Time: 17.6 ms, GC Workers: 4]
      [GC Worker Start (ms): Min: 7099978.1, Avg: 7099980.6, Max: 7099987.8, Diff: 9.6]
      [Ext Root Scanning (ms): Min: 0.0, Avg: 1.8, Max: 3.1, Diff: 3.1, Sum: 7.3]
      [Update RS (ms): Min: 0.0, Avg: 0.7, Max: 1.4, Diff: 1.4, Sum: 2.9]
         [Processed Buffers: Min: 0, Avg: 8.0, Max: 13, Diff: 13, Sum: 32]
      [Scan RS (ms): Min: 0.0, Avg: 0.1, Max: 0.1, Diff: 0.1, Sum: 0.3]
      [Code Root Scanning (ms): Min: 0.0, Avg: 0.2, Max: 0.5, Diff: 0.5, Sum: 1.0]
      [Object Copy (ms): Min: 7.7, Avg: 12.0, Max: 13.9, Diff: 6.2, Sum: 48.2]
      [Termination (ms): Min: 0.0, Avg: 0.1, Max: 0.2, Diff: 0.2, Sum: 0.3]
         [Termination Attempts: Min: 1, Avg: 1.0, Max: 1, Diff: 0, Sum: 4]
      [GC Worker Other (ms): Min: 0.0, Avg: 0.0, Max: 0.1, Diff: 0.0, Sum: 0.1]
      [GC Worker Total (ms): Min: 7.9, Avg: 15.0, Max: 17.6, Diff: 9.7, Sum: 60.1]
      [GC Worker End (ms): Min: 7099995.5, Avg: 7099995.6, Max: 7099995.7, Diff: 0.2]
   [Code Root Fixup: 0.0 ms]
   [Code Root Purge: 0.0 ms]
   [Clear CT: 0.1 ms]
   [Other: 1.8 ms]
      [Choose CSet: 0.0 ms]
      [Ref Proc: 0.9 ms]
      [Ref Enq: 0.1 ms]
      [Redirty Cards: 0.2 ms]
      [Humongous Register: 0.0 ms]
      [Humongous Reclaim: 0.0 ms]
      [Free CSet: 0.3 ms]
   [Eden: 293.0M(293.0M)->0.0B(294.0M) Survivors: 14.0M->13.0M Heap: 354.8M(512.0M)->60.5M(512.0M)]
Heap after GC invocations=40 (full 0):
 garbage-first heap   total 524288K, used 61933K [0x00000000e0000000, 0x00000000e0101000, 0x0000000100000000)
  region size 1024K, 13 young (13312K), 13 survivors (13312K)
 Metaspace       used 56499K, capacity 59094K, committed 59256K, reserved 1101824K
  class space    used 6774K, capacity 7314K, committed 7344K, reserved 1048576K
}
 [Times: user=0.06 sys=0.00, real=0.02 secs] 
2020-10-25T13:40:59.264+0100: 7099.998: Total time for which application threads were stopped: 0.0230808 seconds, Stopping threads took: 0.0025631 seconds
2020-10-25T13:40:59.266+0100: 7100.000: Total time for which application threads were stopped: 0.0006196 seconds, Stopping threads took: 0.0002831 seconds
2020-10-25T13:40:59.569+0100: 7100.303: Total time for which application threads were stopped: 0.0011743 seconds, Stopping threads took: 0.0009156 seconds
2020-10-25T13:40:59.569+0100: 7100.303: Total time for which application threads were stopped: 0.0003102 seconds, Stopping threads took: 0.0000852 seconds
2020-10-25T13:40:59.570+0100: 7100.304: Total time for which application threads were stopped: 0.0002473 seconds, Stopping threads took: 0.0000877 seconds
2020-10-25T13:40:59.570+0100: 7100.304: Total time for which application threads were stopped: 0.0003330 seconds, Stopping threads took: 0.0000655 seconds
2020-10-25T13:40:59.571+0100: 7100.304: Total time for which application threads were stopped: 0.0002314 seconds, Stopping threads took: 0.0000624 seconds
2020-10-25T13:40:59.571+0100: 7100.305: Total time for which application threads were stopped: 0.0001762 seconds, Stopping threads took: 0.0000378 seconds
2020-10-25T13:40:59.587+0100: 7100.320: Total time for which application threads were stopped: 0.0013700 seconds, Stopping threads took: 0.0010097 seconds
2020-10-25T13:40:59.589+0100: 7100.323: Total time for which application threads were stopped: 0.0003439 seconds, Stopping threads took: 0.0000961 seconds
2020-10-25T13:40:59.589+0100: 7100.323: Total time for which application threads were stopped: 0.0003308 seconds, Stopping threads took: 0.0000787 seconds
2020-10-25T13:40:59.590+0100: 7100.324: Total time for which application threads were stopped: 0.0003598 seconds, Stopping threads took: 0.0000730 seconds
2020-10-25T13:40:59.591+0100: 7100.325: Total time for which application threads were stopped: 0.0003468 seconds, Stopping threads took: 0.0000993 seconds
2020-10-25T13:40:59.622+0100: 7100.356: Total time for which application threads were stopped: 0.0007262 seconds, Stopping threads took: 0.0001068 seconds
2020-10-25T13:40:59.652+0100: 7100.385: Total time for which application threads were stopped: 0.0002887 seconds, Stopping threads took: 0.0000611 seconds
2020-10-25T13:40:59.652+0100: 7100.386: Total time for which application threads were stopped: 0.0001603 seconds, Stopping threads took: 0.0000358 seconds
2020-10-25T13:40:59.652+0100: 7100.386: Total time for which application threads were stopped: 0.0001976 seconds, Stopping threads took: 0.0000442 seconds
2020-10-25T13:40:59.652+0100: 7100.386: Total time for which application threads were stopped: 0.0001720 seconds, Stopping threads took: 0.0000338 seconds
2020-10-25T13:40:59.653+0100: 7100.386: Total time for which application threads were stopped: 0.0001601 seconds, Stopping threads took: 0.0000321 seconds
2020-10-25T13:40:59.653+0100: 7100.387: Total time for which application threads were stopped: 0.0001677 seconds, Stopping threads took: 0.0000320 seconds
2020-10-25T13:40:59.662+0100: 7100.395: Total time for which application threads were stopped: 0.0003582 seconds, Stopping threads took: 0.0001077 seconds
2020-10-25T13:40:59.663+0100: 7100.397: Total time for which application threads were stopped: 0.0003112 seconds, Stopping threads took: 0.0000566 seconds
2020-10-25T13:40:59.663+0100: 7100.397: Total time for which application threads were stopped: 0.0002517 seconds, Stopping threads took: 0.0000451 seconds
2020-10-25T13:40:59.664+0100: 7100.397: Total time for which application threads were stopped: 0.0002350 seconds, Stopping threads took: 0.0000425 seconds
2020-10-25T13:40:59.664+0100: 7100.398: Total time for which application threads were stopped: 0.0003124 seconds, Stopping threads took: 0.0000504 seconds
2020-10-25T13:40:59.665+0100: 7100.399: Total time for which application threads were stopped: 0.0002985 seconds, Stopping threads took: 0.0000718 seconds
2020-10-25T13:40:59.686+0100: 7100.420: Total time for which application threads were stopped: 0.0010966 seconds, Stopping threads took: 0.0001339 seconds
2020-10-25T13:40:59.688+0100: 7100.421: Total time for which application threads were stopped: 0.0008703 seconds, Stopping threads took: 0.0000768 seconds
2020-10-25T13:40:59.825+0100: 7100.559: Total time for which application threads were stopped: 0.0004294 seconds, Stopping threads took: 0.0001324 seconds
2020-10-25T13:41:32.947+0100: 7133.681: Total time for which application threads were stopped: 0.0007970 seconds, Stopping threads took: 0.0001697 seconds
2020-10-25T13:41:46.953+0100: 7147.686: Total time for which application threads were stopped: 0.0004124 seconds, Stopping threads took: 0.0001128 seconds
2020-10-25T13:43:44.476+0100: 7265.210: Total time for which application threads were stopped: 0.0002793 seconds, Stopping threads took: 0.0000656 seconds
2020-10-25T13:43:45.281+0100: 7266.015: Total time for which application threads were stopped: 0.0006952 seconds, Stopping threads took: 0.0001543 seconds
2020-10-25T13:43:45.486+0100: 7266.220: Total time for which application threads were stopped: 0.0014851 seconds, Stopping threads took: 0.0011228 seconds
{Heap before GC invocations=40 (full 0):
 garbage-first heap   total 524288K, used 362989K [0x00000000e0000000, 0x00000000e0101000, 0x0000000100000000)
  region size 1024K, 307 young (314368K), 13 survivors (13312K)
 Metaspace       used 56520K, capacity 59094K, committed 59256K, reserved 1101824K
  class space    used 6774K, capacity 7314K, committed 7344K, reserved 1048576K
2020-10-25T13:43:45.622+0100: 7266.355: [GC pause (G1 Evacuation Pause) (young)
Desired survivor size 20447232 bytes, new threshold 15 (max 15)
- age   1:    3125040 bytes,    3125040 total
- age   2:    4556560 bytes,    7681600 total
- age   3:    1104592 bytes,    8786192 total
- age   4:      30624 bytes,    8816816 total
- age   5:      73512 bytes,    8890328 total
- age   6:     124824 bytes,    9015152 total
- age   7:      31024 bytes,    9046176 total
- age   8:      65104 bytes,    9111280 total
- age   9:      60184 bytes,    9171464 total
- age  10:      38040 bytes,    9209504 total
- age  11:      71488 bytes,    9280992 total
- age  12:      58624 bytes,    9339616 total
- age  13:      44640 bytes,    9384256 total
- age  14:      73952 bytes,    9458208 total
- age  15:      46016 bytes,    9504224 total
, 0.0251768 secs]
   [Parallel Time: 15.6 ms, GC Workers: 4]
      [GC Worker Start (ms): Min: 7266355.7, Avg: 7266355.7, Max: 7266355.7, Diff: 0.0]
      [Ext Root Scanning (ms): Min: 0.9, Avg: 1.3, Max: 1.8, Diff: 0.8, Sum: 5.2]
      [Update RS (ms): Min: 0.3, Avg: 0.8, Max: 1.0, Diff: 0.7, Sum: 3.2]
         [Processed Buffers: Min: 1, Avg: 11.0, Max: 22, Diff: 21, Sum: 44]
      [Scan RS (ms): Min: 0.0, Avg: 0.1, Max: 0.1, Diff: 0.1, Sum: 0.2]
      [Code Root Scanning (ms): Min: 0.0, Avg: 0.2, Max: 0.9, Diff: 0.9, Sum: 0.9]
      [Object Copy (ms): Min: 12.3, Avg: 13.0, Max: 13.4, Diff: 1.0, Sum: 52.1]
      [Termination (ms): Min: 0.0, Avg: 0.1, Max: 0.1, Diff: 0.1, Sum: 0.4]
         [Termination Attempts: Min: 1, Avg: 1.0, Max: 1, Diff: 0, Sum: 4]
      [GC Worker Other (ms): Min: 0.0, Avg: 0.0, Max: 0.0, Diff: 0.0, Sum: 0.1]
      [GC Worker Total (ms): Min: 15.5, Avg: 15.5, Max: 15.5, Diff: 0.1, Sum: 62.0]
      [GC Worker End (ms): Min: 7266371.1, Avg: 7266371.2, Max: 7266371.2, Diff: 0.1]
   [Code Root Fixup: 0.0 ms]
   [Code Root Purge: 0.0 ms]
   [Clear CT: 0.2 ms]
   [Other: 9.4 ms]
      [Choose CSet: 0.0 ms]
      [Ref Proc: 8.6 ms]
      [Ref Enq: 0.1 ms]
      [Redirty Cards: 0.1 ms]
      [Humongous Register: 0.0 ms]
      [Humongous Reclaim: 0.0 ms]
      [Free CSet: 0.3 ms]
   [Eden: 294.0M(294.0M)->0.0B(292.0M) Survivors: 13.0M->15.0M Heap: 354.5M(512.0M)->63.1M(512.0M)]
Heap after GC invocations=41 (full 0):
 garbage-first heap   total 524288K, used 64596K [0x00000000e0000000, 0x00000000e0101000, 0x0000000100000000)
  region size 1024K, 15 young (15360K), 15 survivors (15360K)
 Metaspace       used 56520K, capacity 59094K, committed 59256K, reserved 1101824K
  class space    used 6774K, capacity 7314K, committed 7344K, reserved 1048576K
}
 [Times: user=0.05 sys=0.00, real=0.03 secs] 
2020-10-25T13:43:45.647+0100: 7266.381: Total time for which application threads were stopped: 0.0266842 seconds, Stopping threads took: 0.0008390 seconds
2020-10-25T13:43:45.648+0100: 7266.382: Total time for which application threads were stopped: 0.0003132 seconds, Stopping threads took: 0.0000750 seconds
2020-10-25T13:43:45.649+0100: 7266.382: Total time for which application threads were stopped: 0.0003328 seconds, Stopping threads took: 0.0000579 seconds
2020-10-25T13:43:45.649+0100: 7266.383: Total time for which application threads were stopped: 0.0003547 seconds, Stopping threads took: 0.0000477 seconds
2020-10-25T13:43:45.652+0100: 7266.385: Total time for which application threads were stopped: 0.0004214 seconds, Stopping threads took: 0.0001284 seconds
2020-10-25T13:43:45.653+0100: 7266.386: Total time for which application threads were stopped: 0.0003942 seconds, Stopping threads took: 0.0000797 seconds
2020-10-25T13:43:45.655+0100: 7266.388: Total time for which application threads were stopped: 0.0015006 seconds, Stopping threads took: 0.0003195 seconds
2020-10-25T13:43:45.845+0100: 7266.579: Total time for which application threads were stopped: 0.0006960 seconds, Stopping threads took: 0.0004295 seconds
2020-10-25T13:43:45.975+0100: 7266.709: Total time for which application threads were stopped: 0.0009097 seconds, Stopping threads took: 0.0005614 seconds
2020-10-25T13:43:46.001+0100: 7266.735: Total time for which application threads were stopped: 0.0003629 seconds, Stopping threads took: 0.0000766 seconds
2020-10-25T13:43:46.007+0100: 7266.740: Total time for which application threads were stopped: 0.0003511 seconds, Stopping threads took: 0.0000612 seconds
2020-10-25T13:43:46.009+0100: 7266.743: Total time for which application threads were stopped: 0.0004214 seconds, Stopping threads took: 0.0001325 seconds
2020-10-25T13:43:46.109+0100: 7266.843: Total time for which application threads were stopped: 0.0007618 seconds, Stopping threads took: 0.0004252 seconds
2020-10-25T13:43:46.201+0100: 7266.935: Total time for which application threads were stopped: 0.0004374 seconds, Stopping threads took: 0.0001288 seconds
2020-10-25T13:43:46.205+0100: 7266.939: Total time for which application threads were stopped: 0.0008016 seconds, Stopping threads took: 0.0005210 seconds
2020-10-25T13:43:46.208+0100: 7266.942: Total time for which application threads were stopped: 0.0009531 seconds, Stopping threads took: 0.0005519 seconds
2020-10-25T13:43:46.210+0100: 7266.943: Total time for which application threads were stopped: 0.0005443 seconds, Stopping threads took: 0.0000693 seconds
2020-10-25T13:43:46.252+0100: 7266.986: Total time for which application threads were stopped: 0.0020651 seconds, Stopping threads took: 0.0017887 seconds
2020-10-25T13:43:46.253+0100: 7266.987: Total time for which application threads were stopped: 0.0003159 seconds, Stopping threads took: 0.0000891 seconds
2020-10-25T13:43:46.262+0100: 7266.995: Total time for which application threads were stopped: 0.0008276 seconds, Stopping threads took: 0.0005735 seconds
2020-10-25T13:43:46.262+0100: 7266.996: Total time for which application threads were stopped: 0.0004674 seconds, Stopping threads took: 0.0002798 seconds
2020-10-25T13:43:46.263+0100: 7266.996: Total time for which application threads were stopped: 0.0003316 seconds, Stopping threads took: 0.0000897 seconds
2020-10-25T13:43:46.264+0100: 7266.997: Total time for which application threads were stopped: 0.0003923 seconds, Stopping threads took: 0.0001259 seconds
2020-10-25T13:43:46.281+0100: 7267.015: Total time for which application threads were stopped: 0.0003021 seconds, Stopping threads took: 0.0000794 seconds
2020-10-25T13:43:46.282+0100: 7267.016: Total time for which application threads were stopped: 0.0003192 seconds, Stopping threads took: 0.0000770 seconds
2020-10-25T13:43:46.283+0100: 7267.017: Total time for which application threads were stopped: 0.0003003 seconds, Stopping threads took: 0.0000773 seconds
2020-10-25T13:43:46.386+0100: 7267.120: Total time for which application threads were stopped: 0.0024545 seconds, Stopping threads took: 0.0022022 seconds
2020-10-25T13:43:46.387+0100: 7267.121: Total time for which application threads were stopped: 0.0012312 seconds, Stopping threads took: 0.0009875 seconds
2020-10-25T13:43:46.388+0100: 7267.122: Total time for which application threads were stopped: 0.0003118 seconds, Stopping threads took: 0.0000843 seconds
2020-10-25T13:43:46.388+0100: 7267.122: Total time for which application threads were stopped: 0.0002805 seconds, Stopping threads took: 0.0000690 seconds
2020-10-25T13:43:46.390+0100: 7267.123: Total time for which application threads were stopped: 0.0007753 seconds, Stopping threads took: 0.0005508 seconds
2020-10-25T13:43:46.390+0100: 7267.124: Total time for which application threads were stopped: 0.0002809 seconds, Stopping threads took: 0.0000725 seconds
2020-10-25T13:43:46.401+0100: 7267.134: Total time for which application threads were stopped: 0.0003328 seconds, Stopping threads took: 0.0001029 seconds
2020-10-25T13:43:46.402+0100: 7267.136: Total time for which application threads were stopped: 0.0003193 seconds, Stopping threads took: 0.0000645 seconds
2020-10-25T13:43:46.402+0100: 7267.136: Total time for which application threads were stopped: 0.0002308 seconds, Stopping threads took: 0.0000478 seconds
2020-10-25T13:43:46.598+0100: 7267.332: Total time for which application threads were stopped: 0.0004330 seconds, Stopping threads took: 0.0000886 seconds
2020-10-25T13:43:46.606+0100: 7267.340: Total time for which application threads were stopped: 0.0005061 seconds, Stopping threads took: 0.0001193 seconds
2020-10-25T13:48:47.276+0100: 7568.010: Total time for which application threads were stopped: 0.0003334 seconds, Stopping threads took: 0.0000803 seconds
2020-10-25T13:49:29.830+0100: 7610.563: Total time for which application threads were stopped: 0.0003626 seconds, Stopping threads took: 0.0000834 seconds
2020-10-25T13:49:30.328+0100: 7611.062: Total time for which application threads were stopped: 0.0006649 seconds, Stopping threads took: 0.0001450 seconds
{Heap before GC invocations=41 (full 0):
 garbage-first heap   total 524288K, used 363604K [0x00000000e0000000, 0x00000000e0101000, 0x0000000100000000)
  region size 1024K, 307 young (314368K), 15 survivors (15360K)
 Metaspace       used 56562K, capacity 59158K, committed 59256K, reserved 1101824K
  class space    used 6774K, capacity 7314K, committed 7344K, reserved 1048576K
2020-10-25T13:49:30.530+0100: 7611.264: [GC pause (G1 Evacuation Pause) (young)
Desired survivor size 20447232 bytes, new threshold 15 (max 15)
- age   1:    6352856 bytes,    6352856 total
- age   2:    1381472 bytes,    7734328 total
- age   3:     542512 bytes,    8276840 total
- age   4:      69280 bytes,    8346120 total
- age   5:      30520 bytes,    8376640 total
- age   6:      73360 bytes,    8450000 total
- age   7:     124824 bytes,    8574824 total
- age   8:      31024 bytes,    8605848 total
- age   9:      65104 bytes,    8670952 total
- age  10:      59808 bytes,    8730760 total
- age  11:      38040 bytes,    8768800 total
- age  12:      71488 bytes,    8840288 total
- age  13:      58624 bytes,    8898912 total
- age  14:      44640 bytes,    8943552 total
- age  15:      73952 bytes,    9017504 total
, 0.0223498 secs]
   [Parallel Time: 14.4 ms, GC Workers: 4]
      [GC Worker Start (ms): Min: 7611263.7, Avg: 7611263.7, Max: 7611263.7, Diff: 0.0]
      [Ext Root Scanning (ms): Min: 1.1, Avg: 1.4, Max: 1.7, Diff: 0.6, Sum: 5.6]
      [Update RS (ms): Min: 0.7, Avg: 0.9, Max: 1.1, Diff: 0.4, Sum: 3.6]
         [Processed Buffers: Min: 2, Avg: 12.0, Max: 24, Diff: 22, Sum: 48]
      [Scan RS (ms): Min: 0.0, Avg: 0.1, Max: 0.1, Diff: 0.1, Sum: 0.2]
      [Code Root Scanning (ms): Min: 0.0, Avg: 0.6, Max: 1.2, Diff: 1.2, Sum: 2.3]
      [Object Copy (ms): Min: 10.5, Avg: 11.3, Max: 12.1, Diff: 1.6, Sum: 45.3]
      [Termination (ms): Min: 0.0, Avg: 0.0, Max: 0.0, Diff: 0.0, Sum: 0.0]
         [Termination Attempts: Min: 1, Avg: 1.0, Max: 1, Diff: 0, Sum: 4]
      [GC Worker Other (ms): Min: 0.0, Avg: 0.0, Max: 0.0, Diff: 0.0, Sum: 0.1]
      [GC Worker Total (ms): Min: 14.3, Avg: 14.3, Max: 14.3, Diff: 0.0, Sum: 57.1]
      [GC Worker End (ms): Min: 7611278.0, Avg: 7611278.0, Max: 7611278.0, Diff: 0.0]
   [Code Root Fixup: 0.0 ms]
   [Code Root Purge: 0.0 ms]
   [Clear CT: 0.2 ms]
   [Other: 7.7 ms]
      [Choose CSet: 0.0 ms]
      [Ref Proc: 7.0 ms]
      [Ref Enq: 0.1 ms]
      [Redirty Cards: 0.1 ms]
      [Humongous Register: 0.0 ms]
      [Humongous Reclaim: 0.0 ms]
      [Free CSet: 0.3 ms]
   [Eden: 292.0M(292.0M)->0.0B(293.0M) Survivors: 15.0M->14.0M Heap: 355.1M(512.0M)->62.2M(512.0M)]
Heap after GC invocations=42 (full 0):
 garbage-first heap   total 524288K, used 63658K [0x00000000e0000000, 0x00000000e0101000, 0x0000000100000000)
  region size 1024K, 14 young (14336K), 14 survivors (14336K)
 Metaspace       used 56562K, capacity 59158K, committed 59256K, reserved 1101824K
  class space    used 6774K, capacity 7314K, committed 7344K, reserved 1048576K
}
 [Times: user=0.06 sys=0.00, real=0.02 secs] 
2020-10-25T13:49:30.553+0100: 7611.286: Total time for which application threads were stopped: 0.0230066 seconds, Stopping threads took: 0.0000558 seconds
2020-10-25T13:49:30.560+0100: 7611.294: Total time for which application threads were stopped: 0.0006977 seconds, Stopping threads took: 0.0003034 seconds
2020-10-25T13:49:30.718+0100: 7611.451: Total time for which application threads were stopped: 0.0007893 seconds, Stopping threads took: 0.0005098 seconds
2020-10-25T13:49:30.719+0100: 7611.452: Total time for which application threads were stopped: 0.0003034 seconds, Stopping threads took: 0.0000788 seconds
2020-10-25T13:49:30.720+0100: 7611.453: Total time for which application threads were stopped: 0.0003849 seconds, Stopping threads took: 0.0000782 seconds
2020-10-25T13:49:30.728+0100: 7611.462: Total time for which application threads were stopped: 0.0006241 seconds, Stopping threads took: 0.0002956 seconds
2020-10-25T13:49:30.734+0100: 7611.467: Total time for which application threads were stopped: 0.0004620 seconds, Stopping threads took: 0.0000898 seconds
2020-10-25T13:49:30.744+0100: 7611.477: Total time for which application threads were stopped: 0.0020626 seconds, Stopping threads took: 0.0016991 seconds
2020-10-25T13:49:31.087+0100: 7611.821: Total time for which application threads were stopped: 0.0014827 seconds, Stopping threads took: 0.0011950 seconds
2020-10-25T13:49:31.089+0100: 7611.823: Total time for which application threads were stopped: 0.0004373 seconds, Stopping threads took: 0.0001071 seconds
{Heap before GC invocations=42 (full 0):
 garbage-first heap   total 524288K, used 363690K [0x00000000e0000000, 0x00000000e0101000, 0x0000000100000000)
  region size 1024K, 307 young (314368K), 14 survivors (14336K)
 Metaspace       used 56576K, capacity 59222K, committed 59256K, reserved 1101824K
  class space    used 6774K, capacity 7314K, committed 7344K, reserved 1048576K
2020-10-25T13:49:31.099+0100: 7611.833: [GC pause (G1 Evacuation Pause) (young)
Desired survivor size 20447232 bytes, new threshold 15 (max 15)
- age   1:    5547056 bytes,    5547056 total
- age   2:    1095344 bytes,    6642400 total
- age   3:      33208 bytes,    6675608 total
- age   4:      68664 bytes,    6744272 total
- age   5:      68992 bytes,    6813264 total
- age   6:      30520 bytes,    6843784 total
- age   7:      73360 bytes,    6917144 total
- age   8:     120184 bytes,    7037328 total
- age   9:      31024 bytes,    7068352 total
- age  10:      65104 bytes,    7133456 total
- age  11:      59696 bytes,    7193152 total
- age  12:      38040 bytes,    7231192 total
- age  13:      71488 bytes,    7302680 total
- age  14:      58392 bytes,    7361072 total
- age  15:      44640 bytes,    7405712 total
, 0.0146045 secs]
   [Parallel Time: 12.4 ms, GC Workers: 4]
      [GC Worker Start (ms): Min: 7611832.7, Avg: 7611832.7, Max: 7611832.7, Diff: 0.0]
      [Ext Root Scanning (ms): Min: 0.9, Avg: 1.0, Max: 1.2, Diff: 0.2, Sum: 4.1]
      [Update RS (ms): Min: 0.4, Avg: 0.6, Max: 0.8, Diff: 0.4, Sum: 2.5]
         [Processed Buffers: Min: 1, Avg: 7.3, Max: 19, Diff: 18, Sum: 29]
      [Scan RS (ms): Min: 0.0, Avg: 0.1, Max: 0.1, Diff: 0.1, Sum: 0.2]
      [Code Root Scanning (ms): Min: 0.0, Avg: 0.2, Max: 0.5, Diff: 0.5, Sum: 0.9]
      [Object Copy (ms): Min: 10.2, Avg: 10.4, Max: 10.6, Diff: 0.4, Sum: 41.7]
      [Termination (ms): Min: 0.0, Avg: 0.0, Max: 0.0, Diff: 0.0, Sum: 0.0]
         [Termination Attempts: Min: 1, Avg: 1.0, Max: 1, Diff: 0, Sum: 4]
      [GC Worker Other (ms): Min: 0.0, Avg: 0.0, Max: 0.0, Diff: 0.0, Sum: 0.1]
      [GC Worker Total (ms): Min: 12.4, Avg: 12.4, Max: 12.4, Diff: 0.0, Sum: 49.5]
      [GC Worker End (ms): Min: 7611845.1, Avg: 7611845.1, Max: 7611845.1, Diff: 0.0]
   [Code Root Fixup: 0.0 ms]
   [Code Root Purge: 0.0 ms]
   [Clear CT: 0.2 ms]
   [Other: 1.9 ms]
      [Choose CSet: 0.0 ms]
      [Ref Proc: 1.2 ms]
      [Ref Enq: 0.1 ms]
      [Redirty Cards: 0.1 ms]
      [Humongous Register: 0.0 ms]
      [Humongous Reclaim: 0.0 ms]
      [Free CSet: 0.3 ms]
   [Eden: 293.0M(293.0M)->0.0B(294.0M) Survivors: 14.0M->13.0M Heap: 355.2M(512.0M)->60.7M(512.0M)]
Heap after GC invocations=43 (full 0):
 garbage-first heap   total 524288K, used 62201K [0x00000000e0000000, 0x00000000e0101000, 0x0000000100000000)
  region size 1024K, 13 young (13312K), 13 survivors (13312K)
 Metaspace       used 56576K, capacity 59222K, committed 59256K, reserved 1101824K
  class space    used 6774K, capacity 7314K, committed 7344K, reserved 1048576K
}
 [Times: user=0.06 sys=0.00, real=0.02 secs] 
2020-10-25T13:49:31.114+0100: 7611.848: Total time for which application threads were stopped: 0.0164087 seconds, Stopping threads took: 0.0011205 seconds
2020-10-25T13:49:31.115+0100: 7611.849: Total time for which application threads were stopped: 0.0003890 seconds, Stopping threads took: 0.0000978 seconds
2020-10-25T13:49:31.117+0100: 7611.851: Total time for which application threads were stopped: 0.0004233 seconds, Stopping threads took: 0.0000992 seconds
2020-10-25T13:49:31.373+0100: 7612.107: Total time for which application threads were stopped: 0.0012823 seconds, Stopping threads took: 0.0009165 seconds
2020-10-25T13:49:31.380+0100: 7612.114: Total time for which application threads were stopped: 0.0026617 seconds, Stopping threads took: 0.0023721 seconds
2020-10-25T13:49:31.383+0100: 7612.117: Total time for which application threads were stopped: 0.0004141 seconds, Stopping threads took: 0.0001145 seconds
2020-10-25T13:49:31.392+0100: 7612.126: Total time for which application threads were stopped: 0.0009498 seconds, Stopping threads took: 0.0006641 seconds
2020-10-25T13:49:31.428+0100: 7612.162: Total time for which application threads were stopped: 0.0006377 seconds, Stopping threads took: 0.0004314 seconds
2020-10-25T13:49:31.428+0100: 7612.162: Total time for which application threads were stopped: 0.0002808 seconds, Stopping threads took: 0.0000653 seconds
2020-10-25T13:49:31.429+0100: 7612.163: Total time for which application threads were stopped: 0.0001784 seconds, Stopping threads took: 0.0000345 seconds
2020-10-25T13:49:31.429+0100: 7612.163: Total time for which application threads were stopped: 0.0002143 seconds, Stopping threads took: 0.0000380 seconds
2020-10-25T13:49:31.429+0100: 7612.163: Total time for which application threads were stopped: 0.0002776 seconds, Stopping threads took: 0.0001329 seconds
2020-10-25T13:49:31.430+0100: 7612.164: Total time for which application threads were stopped: 0.0002516 seconds, Stopping threads took: 0.0000530 seconds
2020-10-25T13:49:31.450+0100: 7612.184: Total time for which application threads were stopped: 0.0016906 seconds, Stopping threads took: 0.0014402 seconds
2020-10-25T13:49:31.453+0100: 7612.187: Total time for which application threads were stopped: 0.0003293 seconds, Stopping threads took: 0.0000858 seconds
2020-10-25T13:49:31.460+0100: 7612.194: Total time for which application threads were stopped: 0.0039798 seconds, Stopping threads took: 0.0037317 seconds
2020-10-25T13:49:31.531+0100: 7612.265: Total time for which application threads were stopped: 0.0021569 seconds, Stopping threads took: 0.0010284 seconds
2020-10-25T13:49:31.532+0100: 7612.266: Total time for which application threads were stopped: 0.0010858 seconds, Stopping threads took: 0.0000502 seconds
2020-10-25T13:49:31.534+0100: 7612.267: Total time for which application threads were stopped: 0.0009713 seconds, Stopping threads took: 0.0000507 seconds
2020-10-25T13:49:31.534+0100: 7612.268: Total time for which application threads were stopped: 0.0009285 seconds, Stopping threads took: 0.0000686 seconds
2020-10-25T13:49:31.535+0100: 7612.269: Total time for which application threads were stopped: 0.0009797 seconds, Stopping threads took: 0.0000609 seconds
2020-10-25T13:49:31.536+0100: 7612.270: Total time for which application threads were stopped: 0.0008913 seconds, Stopping threads took: 0.0000567 seconds
2020-10-25T13:49:31.551+0100: 7612.285: Total time for which application threads were stopped: 0.0009963 seconds, Stopping threads took: 0.0000533 seconds
2020-10-25T13:49:31.554+0100: 7612.288: Total time for which application threads were stopped: 0.0009861 seconds, Stopping threads took: 0.0000875 seconds
2020-10-25T13:49:31.555+0100: 7612.289: Total time for which application threads were stopped: 0.0012581 seconds, Stopping threads took: 0.0004140 seconds
2020-10-25T13:49:31.654+0100: 7612.388: Total time for which application threads were stopped: 0.0003124 seconds, Stopping threads took: 0.0000648 seconds
2020-10-25T13:50:30.830+0100: 7671.564: Total time for which application threads were stopped: 0.0003187 seconds, Stopping threads took: 0.0000835 seconds
2020-10-25T13:50:34.074+0100: 7674.808: Total time for which application threads were stopped: 0.0002002 seconds, Stopping threads took: 0.0000465 seconds
2020-10-25T13:50:34.574+0100: 7675.307: Total time for which application threads were stopped: 0.0005012 seconds, Stopping threads took: 0.0001324 seconds
2020-10-25T13:50:34.790+0100: 7675.523: Total time for which application threads were stopped: 0.0026041 seconds, Stopping threads took: 0.0021658 seconds
2020-10-25T13:50:34.965+0100: 7675.698: Total time for which application threads were stopped: 0.0008726 seconds, Stopping threads took: 0.0005895 seconds
2020-10-25T13:50:34.966+0100: 7675.699: Total time for which application threads were stopped: 0.0003960 seconds, Stopping threads took: 0.0000752 seconds
2020-10-25T13:50:34.967+0100: 7675.700: Total time for which application threads were stopped: 0.0003661 seconds, Stopping threads took: 0.0000493 seconds
2020-10-25T13:50:34.969+0100: 7675.703: Total time for which application threads were stopped: 0.0013873 seconds, Stopping threads took: 0.0001081 seconds
2020-10-25T13:50:34.970+0100: 7675.703: Total time for which application threads were stopped: 0.0004358 seconds, Stopping threads took: 0.0000950 seconds
2020-10-25T13:50:34.971+0100: 7675.704: Total time for which application threads were stopped: 0.0003670 seconds, Stopping threads took: 0.0000811 seconds
{Heap before GC invocations=43 (full 0):
 garbage-first heap   total 524288K, used 363257K [0x00000000e0000000, 0x00000000e0101000, 0x0000000100000000)
  region size 1024K, 307 young (314368K), 13 survivors (13312K)
 Metaspace       used 56618K, capacity 59222K, committed 59256K, reserved 1101824K
  class space    used 6774K, capacity 7314K, committed 7344K, reserved 1048576K
2020-10-25T13:50:34.979+0100: 7675.712: [GC pause (G1 Evacuation Pause) (young)
Desired survivor size 20447232 bytes, new threshold 15 (max 15)
- age   1:    2464088 bytes,    2464088 total
- age   2:    4644592 bytes,    7108680 total
- age   3:    1093480 bytes,    8202160 total
- age   4:      33016 bytes,    8235176 total
- age   5:      68624 bytes,    8303800 total
- age   6:      68992 bytes,    8372792 total
- age   7:      30520 bytes,    8403312 total
- age   8:      73360 bytes,    8476672 total
- age   9:     120184 bytes,    8596856 total
- age  10:      31024 bytes,    8627880 total
- age  11:      65104 bytes,    8692984 total
- age  12:      59696 bytes,    8752680 total
- age  13:      38040 bytes,    8790720 total
- age  14:      71488 bytes,    8862208 total
- age  15:      58392 bytes,    8920600 total
, 0.0213736 secs]
   [Parallel Time: 14.2 ms, GC Workers: 4]
      [GC Worker Start (ms): Min: 7675712.5, Avg: 7675712.5, Max: 7675712.5, Diff: 0.0]
      [Ext Root Scanning (ms): Min: 1.1, Avg: 1.4, Max: 1.7, Diff: 0.6, Sum: 5.5]
      [Update RS (ms): Min: 0.5, Avg: 0.8, Max: 0.9, Diff: 0.4, Sum: 3.2]
         [Processed Buffers: Min: 1, Avg: 11.8, Max: 19, Diff: 18, Sum: 47]
      [Scan RS (ms): Min: 0.0, Avg: 0.1, Max: 0.1, Diff: 0.1, Sum: 0.2]
      [Code Root Scanning (ms): Min: 0.0, Avg: 0.2, Max: 0.4, Diff: 0.4, Sum: 0.8]
      [Object Copy (ms): Min: 11.7, Avg: 11.7, Max: 11.7, Diff: 0.1, Sum: 46.8]
      [Termination (ms): Min: 0.0, Avg: 0.0, Max: 0.0, Diff: 0.0, Sum: 0.0]
         [Termination Attempts: Min: 1, Avg: 1.0, Max: 1, Diff: 0, Sum: 4]
      [GC Worker Other (ms): Min: 0.0, Avg: 0.0, Max: 0.0, Diff: 0.0, Sum: 0.1]
      [GC Worker Total (ms): Min: 14.2, Avg: 14.2, Max: 14.2, Diff: 0.0, Sum: 56.7]
      [GC Worker End (ms): Min: 7675726.7, Avg: 7675726.7, Max: 7675726.7, Diff: 0.0]
   [Code Root Fixup: 0.0 ms]
   [Code Root Purge: 0.0 ms]
   [Clear CT: 0.1 ms]
   [Other: 7.0 ms]
      [Choose CSet: 0.0 ms]
      [Ref Proc: 6.2 ms]
      [Ref Enq: 0.1 ms]
      [Redirty Cards: 0.1 ms]
      [Humongous Register: 0.0 ms]
      [Humongous Reclaim: 0.0 ms]
      [Free CSet: 0.3 ms]
   [Eden: 294.0M(294.0M)->0.0B(292.0M) Survivors: 13.0M->15.0M Heap: 354.7M(512.0M)->63.3M(512.0M)]
Heap after GC invocations=44 (full 0):
 garbage-first heap   total 524288K, used 64842K [0x00000000e0000000, 0x00000000e0101000, 0x0000000100000000)
  region size 1024K, 15 young (15360K), 15 survivors (15360K)
 Metaspace       used 56618K, capacity 59222K, committed 59256K, reserved 1101824K
  class space    used 6774K, capacity 7314K, committed 7344K, reserved 1048576K
}
 [Times: user=0.13 sys=0.00, real=0.02 secs] 
2020-10-25T13:50:35.001+0100: 7675.734: Total time for which application threads were stopped: 0.0241369 seconds, Stopping threads took: 0.0019199 seconds
2020-10-25T13:50:35.094+0100: 7675.827: Total time for which application threads were stopped: 0.0007307 seconds, Stopping threads took: 0.0004502 seconds
2020-10-25T13:50:35.186+0100: 7675.919: Total time for which application threads were stopped: 0.0004944 seconds, Stopping threads took: 0.0001016 seconds
2020-10-25T13:50:35.365+0100: 7676.099: Total time for which application threads were stopped: 0.0013762 seconds, Stopping threads took: 0.0010178 seconds
2020-10-25T13:50:35.371+0100: 7676.105: Total time for which application threads were stopped: 0.0004010 seconds, Stopping threads took: 0.0000878 seconds
2020-10-25T13:50:35.374+0100: 7676.108: Total time for which application threads were stopped: 0.0004250 seconds, Stopping threads took: 0.0000638 seconds
2020-10-25T13:50:35.463+0100: 7676.197: Total time for which application threads were stopped: 0.0006233 seconds, Stopping threads took: 0.0002706 seconds
2020-10-25T13:50:35.595+0100: 7676.328: Total time for which application threads were stopped: 0.0003233 seconds, Stopping threads took: 0.0000553 seconds
2020-10-25T13:50:35.640+0100: 7676.374: Total time for which application threads were stopped: 0.0212667 seconds, Stopping threads took: 0.0210086 seconds
2020-10-25T13:50:35.670+0100: 7676.404: Total time for which application threads were stopped: 0.0248106 seconds, Stopping threads took: 0.0245667 seconds
2020-10-25T13:50:35.672+0100: 7676.406: Total time for which application threads were stopped: 0.0004308 seconds, Stopping threads took: 0.0000729 seconds
2020-10-25T13:50:35.845+0100: 7676.579: Total time for which application threads were stopped: 0.0003001 seconds, Stopping threads took: 0.0000507 seconds
2020-10-25T13:50:35.845+0100: 7676.579: Total time for which application threads were stopped: 0.0001827 seconds, Stopping threads took: 0.0000376 seconds
2020-10-25T13:50:35.845+0100: 7676.579: Total time for which application threads were stopped: 0.0001671 seconds, Stopping threads took: 0.0000313 seconds
2020-10-25T13:50:35.846+0100: 7676.579: Total time for which application threads were stopped: 0.0001953 seconds, Stopping threads took: 0.0000329 seconds
2020-10-25T13:50:35.846+0100: 7676.580: Total time for which application threads were stopped: 0.0001646 seconds, Stopping threads took: 0.0000334 seconds
2020-10-25T13:50:35.846+0100: 7676.580: Total time for which application threads were stopped: 0.0002884 seconds, Stopping threads took: 0.0000473 seconds
2020-10-25T13:50:35.855+0100: 7676.589: Total time for which application threads were stopped: 0.0003934 seconds, Stopping threads took: 0.0001011 seconds
2020-10-25T13:50:35.856+0100: 7676.590: Total time for which application threads were stopped: 0.0002915 seconds, Stopping threads took: 0.0000526 seconds
2020-10-25T13:50:35.857+0100: 7676.590: Total time for which application threads were stopped: 0.0002428 seconds, Stopping threads took: 0.0000453 seconds
2020-10-25T13:50:35.912+0100: 7676.646: Total time for which application threads were stopped: 0.0002592 seconds, Stopping threads took: 0.0000609 seconds
2020-10-25T13:51:48.099+0100: 7748.833: Total time for which application threads were stopped: 0.0006867 seconds, Stopping threads took: 0.0001104 seconds
2020-10-25T13:52:00.117+0100: 7760.851: Total time for which application threads were stopped: 0.0006428 seconds, Stopping threads took: 0.0001746 seconds
2020-10-25T13:52:11.591+0100: 7772.324: Total time for which application threads were stopped: 0.0003723 seconds, Stopping threads took: 0.0000622 seconds
2020-10-25T13:52:12.100+0100: 7772.836: Total time for which application threads were stopped: 0.0005972 seconds, Stopping threads took: 0.0001535 seconds
{Heap before GC invocations=44 (full 0):
 garbage-first heap   total 524288K, used 363850K [0x00000000e0000000, 0x00000000e0101000, 0x0000000100000000)
  region size 1024K, 307 young (314368K), 15 survivors (15360K)
 Metaspace       used 56709K, capacity 59350K, committed 59512K, reserved 1101824K
  class space    used 6774K, capacity 7314K, committed 7344K, reserved 1048576K
2020-10-25T13:52:12.305+0100: 7773.039: [GC pause (G1 Evacuation Pause) (young)
Desired survivor size 20447232 bytes, new threshold 15 (max 15)
- age   1:    6595136 bytes,    6595136 total
- age   2:    1329792 bytes,    7924928 total
- age   3:     564064 bytes,    8488992 total
- age   4:      68024 bytes,    8557016 total
- age   5:      32912 bytes,    8589928 total
- age   6:      68488 bytes,    8658416 total
- age   7:      68992 bytes,    8727408 total
- age   8:      30520 bytes,    8757928 total
- age   9:      73360 bytes,    8831288 total
- age  10:     120184 bytes,    8951472 total
- age  11:      31024 bytes,    8982496 total
- age  12:      65104 bytes,    9047600 total
- age  13:      59696 bytes,    9107296 total
- age  14:      38040 bytes,    9145336 total
- age  15:      71488 bytes,    9216824 total
, 0.0204988 secs]
   [Parallel Time: 13.3 ms, GC Workers: 4]
      [GC Worker Start (ms): Min: 7773039.5, Avg: 7773039.5, Max: 7773039.6, Diff: 0.0]
      [Ext Root Scanning (ms): Min: 1.0, Avg: 1.3, Max: 1.6, Diff: 0.7, Sum: 5.0]
      [Update RS (ms): Min: 0.6, Avg: 0.9, Max: 1.1, Diff: 0.5, Sum: 3.7]
         [Processed Buffers: Min: 5, Avg: 11.8, Max: 17, Diff: 12, Sum: 47]
      [Scan RS (ms): Min: 0.0, Avg: 0.1, Max: 0.1, Diff: 0.1, Sum: 0.2]
      [Code Root Scanning (ms): Min: 0.0, Avg: 0.4, Max: 0.8, Diff: 0.8, Sum: 1.6]
      [Object Copy (ms): Min: 10.1, Avg: 10.6, Max: 11.0, Diff: 0.9, Sum: 42.3]
      [Termination (ms): Min: 0.0, Avg: 0.0, Max: 0.0, Diff: 0.0, Sum: 0.0]
         [Termination Attempts: Min: 1, Avg: 1.0, Max: 1, Diff: 0, Sum: 4]
      [GC Worker Other (ms): Min: 0.0, Avg: 0.0, Max: 0.0, Diff: 0.0, Sum: 0.2]
      [GC Worker Total (ms): Min: 13.2, Avg: 13.2, Max: 13.3, Diff: 0.1, Sum: 53.0]
      [GC Worker End (ms): Min: 7773052.8, Avg: 7773052.8, Max: 7773052.8, Diff: 0.0]
   [Code Root Fixup: 0.0 ms]
   [Code Root Purge: 0.0 ms]
   [Clear CT: 0.2 ms]
   [Other: 6.9 ms]
      [Choose CSet: 0.0 ms]
      [Ref Proc: 6.3 ms]
      [Ref Enq: 0.1 ms]
      [Redirty Cards: 0.1 ms]
      [Humongous Register: 0.0 ms]
      [Humongous Reclaim: 0.0 ms]
      [Free CSet: 0.3 ms]
   [Eden: 292.0M(292.0M)->0.0B(294.0M) Survivors: 15.0M->13.0M Heap: 355.3M(512.0M)->61.4M(512.0M)]
Heap after GC invocations=45 (full 0):
 garbage-first heap   total 524288K, used 62896K [0x00000000e0000000, 0x00000000e0101000, 0x0000000100000000)
  region size 1024K, 13 young (13312K), 13 survivors (13312K)
 Metaspace       used 56709K, capacity 59350K, committed 59512K, reserved 1101824K
  class space    used 6774K, capacity 7314K, committed 7344K, reserved 1048576K
}
 [Times: user=0.13 sys=0.00, real=0.02 secs] 
2020-10-25T13:52:12.324+0100: 7773.060: Total time for which application threads were stopped: 0.0211667 seconds, Stopping threads took: 0.0000520 seconds
2020-10-25T13:52:12.335+0100: 7773.068: Total time for which application threads were stopped: 0.0011469 seconds, Stopping threads took: 0.0006069 seconds
2020-10-25T13:52:12.524+0100: 7773.258: Total time for which application threads were stopped: 0.0034859 seconds, Stopping threads took: 0.0031807 seconds
2020-10-25T13:52:12.527+0100: 7773.261: Total time for which application threads were stopped: 0.0004016 seconds, Stopping threads took: 0.0001053 seconds
2020-10-25T13:52:12.527+0100: 7773.261: Total time for which application threads were stopped: 0.0003983 seconds, Stopping threads took: 0.0000902 seconds
2020-10-25T13:52:12.531+0100: 7773.265: Total time for which application threads were stopped: 0.0014631 seconds, Stopping threads took: 0.0010161 seconds
2020-10-25T13:52:12.873+0100: 7773.606: Total time for which application threads were stopped: 0.0019022 seconds, Stopping threads took: 0.0016024 seconds
2020-10-25T13:52:12.876+0100: 7773.610: Total time for which application threads were stopped: 0.0004302 seconds, Stopping threads took: 0.0001047 seconds
2020-10-25T13:52:12.877+0100: 7773.611: Total time for which application threads were stopped: 0.0003473 seconds, Stopping threads took: 0.0000687 seconds
2020-10-25T13:52:12.884+0100: 7773.617: Total time for which application threads were stopped: 0.0047759 seconds, Stopping threads took: 0.0044550 seconds
2020-10-25T13:52:12.889+0100: 7773.622: Total time for which application threads were stopped: 0.0028085 seconds, Stopping threads took: 0.0018480 seconds
{Heap before GC invocations=45 (full 0):
 garbage-first heap   total 524288K, used 363952K [0x00000000e0000000, 0x00000000e0101000, 0x0000000100000000)
  region size 1024K, 307 young (314368K), 13 survivors (13312K)
 Metaspace       used 56709K, capacity 59350K, committed 59512K, reserved 1101824K
  class space    used 6774K, capacity 7314K, committed 7344K, reserved 1048576K
2020-10-25T13:52:12.982+0100: 7773.716: [GC pause (G1 Evacuation Pause) (young)
Desired survivor size 20447232 bytes, new threshold 15 (max 15)
- age   1:    5588400 bytes,    5588400 total
- age   2:    1096216 bytes,    6684616 total
- age   3:      32632 bytes,    6717248 total
- age   4:      85744 bytes,    6802992 total
- age   5:      67664 bytes,    6870656 total
- age   6:      32912 bytes,    6903568 total
- age   7:      68488 bytes,    6972056 total
- age   8:      68992 bytes,    7041048 total
- age   9:      30520 bytes,    7071568 total
- age  10:      73360 bytes,    7144928 total
- age  11:     120184 bytes,    7265112 total
- age  12:      31024 bytes,    7296136 total
- age  13:      65104 bytes,    7361240 total
- age  14:      59464 bytes,    7420704 total
- age  15:      38040 bytes,    7458744 total
, 0.0152937 secs]
   [Parallel Time: 13.3 ms, GC Workers: 4]
      [GC Worker Start (ms): Min: 7773716.1, Avg: 7773716.1, Max: 7773716.1, Diff: 0.0]
      [Ext Root Scanning (ms): Min: 1.3, Avg: 1.5, Max: 2.1, Diff: 0.8, Sum: 6.0]
      [Update RS (ms): Min: 0.0, Avg: 0.5, Max: 0.7, Diff: 0.7, Sum: 2.1]
         [Processed Buffers: Min: 1, Avg: 7.5, Max: 21, Diff: 20, Sum: 30]
      [Scan RS (ms): Min: 0.0, Avg: 0.1, Max: 0.1, Diff: 0.1, Sum: 0.2]
      [Code Root Scanning (ms): Min: 0.0, Avg: 0.2, Max: 0.4, Diff: 0.4, Sum: 0.8]
      [Object Copy (ms): Min: 10.6, Avg: 10.9, Max: 11.2, Diff: 0.6, Sum: 43.8]
      [Termination (ms): Min: 0.0, Avg: 0.0, Max: 0.0, Diff: 0.0, Sum: 0.0]
         [Termination Attempts: Min: 1, Avg: 1.0, Max: 1, Diff: 0, Sum: 4]
      [GC Worker Other (ms): Min: 0.0, Avg: 0.0, Max: 0.0, Diff: 0.0, Sum: 0.1]
      [GC Worker Total (ms): Min: 13.2, Avg: 13.3, Max: 13.3, Diff: 0.0, Sum: 53.0]
      [GC Worker End (ms): Min: 7773729.3, Avg: 7773729.3, Max: 7773729.4, Diff: 0.0]
   [Code Root Fixup: 0.0 ms]
   [Code Root Purge: 0.0 ms]
   [Clear CT: 0.1 ms]
   [Other: 1.8 ms]
      [Choose CSet: 0.0 ms]
      [Ref Proc: 1.0 ms]
      [Ref Enq: 0.1 ms]
      [Redirty Cards: 0.0 ms]
      [Humongous Register: 0.0 ms]
      [Humongous Reclaim: 0.0 ms]
      [Free CSet: 0.3 ms]
   [Eden: 294.0M(294.0M)->0.0B(294.0M) Survivors: 13.0M->13.0M Heap: 355.4M(512.0M)->61.0M(512.0M)]
Heap after GC invocations=46 (full 0):
 garbage-first heap   total 524288K, used 62482K [0x00000000e0000000, 0x00000000e0101000, 0x0000000100000000)
  region size 1024K, 13 young (13312K), 13 survivors (13312K)
 Metaspace       used 56709K, capacity 59350K, committed 59512K, reserved 1101824K
  class space    used 6774K, capacity 7314K, committed 7344K, reserved 1048576K
}
 [Times: user=0.06 sys=0.00, real=0.02 secs] 
2020-10-25T13:52:12.998+0100: 7773.732: Total time for which application threads were stopped: 0.0185505 seconds, Stopping threads took: 0.0023478 seconds
2020-10-25T13:52:13.331+0100: 7774.064: Total time for which application threads were stopped: 0.0074874 seconds, Stopping threads took: 0.0072172 seconds
2020-10-25T13:52:13.332+0100: 7774.065: Total time for which application threads were stopped: 0.0003494 seconds, Stopping threads took: 0.0000576 seconds
2020-10-25T13:52:13.332+0100: 7774.065: Total time for which application threads were stopped: 0.0002652 seconds, Stopping threads took: 0.0000479 seconds
2020-10-25T13:52:13.333+0100: 7774.066: Total time for which application threads were stopped: 0.0003275 seconds, Stopping threads took: 0.0000720 seconds
2020-10-25T13:52:13.334+0100: 7774.067: Total time for which application threads were stopped: 0.0003426 seconds, Stopping threads took: 0.0000789 seconds
2020-10-25T13:52:13.334+0100: 7774.067: Total time for which application threads were stopped: 0.0002683 seconds, Stopping threads took: 0.0000549 seconds
2020-10-25T13:52:13.348+0100: 7774.081: Total time for which application threads were stopped: 0.0003813 seconds, Stopping threads took: 0.0001179 seconds
2020-10-25T13:52:13.349+0100: 7774.083: Total time for which application threads were stopped: 0.0003271 seconds, Stopping threads took: 0.0000673 seconds
2020-10-25T13:52:13.350+0100: 7774.083: Total time for which application threads were stopped: 0.0003109 seconds, Stopping threads took: 0.0001079 seconds
2020-10-25T13:52:13.351+0100: 7774.084: Total time for which application threads were stopped: 0.0003227 seconds, Stopping threads took: 0.0000711 seconds
2020-10-25T13:52:13.351+0100: 7774.085: Total time for which application threads were stopped: 0.0002936 seconds, Stopping threads took: 0.0000620 seconds
2020-10-25T13:52:13.377+0100: 7774.110: Total time for which application threads were stopped: 0.0010154 seconds, Stopping threads took: 0.0001070 seconds
2020-10-25T13:52:13.418+0100: 7774.152: Total time for which application threads were stopped: 0.0006179 seconds, Stopping threads took: 0.0003378 seconds
2020-10-25T13:52:13.453+0100: 7774.186: Total time for which application threads were stopped: 0.0003127 seconds, Stopping threads took: 0.0000573 seconds
2020-10-25T13:52:13.453+0100: 7774.186: Total time for which application threads were stopped: 0.0001933 seconds, Stopping threads took: 0.0000339 seconds
2020-10-25T13:52:13.453+0100: 7774.187: Total time for which application threads were stopped: 0.0001969 seconds, Stopping threads took: 0.0000332 seconds
2020-10-25T13:52:13.454+0100: 7774.187: Total time for which application threads were stopped: 0.0001997 seconds, Stopping threads took: 0.0000462 seconds
2020-10-25T13:52:13.454+0100: 7774.187: Total time for which application threads were stopped: 0.0001854 seconds, Stopping threads took: 0.0000375 seconds
2020-10-25T13:52:13.454+0100: 7774.187: Total time for which application threads were stopped: 0.0001749 seconds, Stopping threads took: 0.0000321 seconds
2020-10-25T13:52:13.462+0100: 7774.196: Total time for which application threads were stopped: 0.0003420 seconds, Stopping threads took: 0.0000900 seconds
2020-10-25T13:52:13.463+0100: 7774.197: Total time for which application threads were stopped: 0.0003029 seconds, Stopping threads took: 0.0000526 seconds
2020-10-25T13:52:13.464+0100: 7774.197: Total time for which application threads were stopped: 0.0003550 seconds, Stopping threads took: 0.0000500 seconds
2020-10-25T13:52:13.464+0100: 7774.198: Total time for which application threads were stopped: 0.0002821 seconds, Stopping threads took: 0.0000485 seconds
2020-10-25T13:52:13.465+0100: 7774.199: Total time for which application threads were stopped: 0.0004090 seconds, Stopping threads took: 0.0001035 seconds
2020-10-25T13:52:13.546+0100: 7774.279: Total time for which application threads were stopped: 0.0002778 seconds, Stopping threads took: 0.0000683 seconds
2020-10-25T13:53:47.859+0100: 7868.593: Total time for which application threads were stopped: 0.0002941 seconds, Stopping threads took: 0.0000662 seconds
2020-10-25T13:53:48.127+0100: 7868.860: Total time for which application threads were stopped: 0.0002404 seconds, Stopping threads took: 0.0000508 seconds
2020-10-25T13:53:48.609+0100: 7869.342: Total time for which application threads were stopped: 0.0004240 seconds, Stopping threads took: 0.0001037 seconds
2020-10-25T13:53:48.846+0100: 7869.580: Total time for which application threads were stopped: 0.0105229 seconds, Stopping threads took: 0.0101549 seconds
{Heap before GC invocations=46 (full 0):
 garbage-first heap   total 524288K, used 363538K [0x00000000e0000000, 0x00000000e0101000, 0x0000000100000000)
  region size 1024K, 307 young (314368K), 13 survivors (13312K)
 Metaspace       used 56730K, capacity 59350K, committed 59512K, reserved 1101824K
  class space    used 6774K, capacity 7314K, committed 7344K, reserved 1048576K
2020-10-25T13:53:49.011+0100: 7869.745: [GC pause (G1 Evacuation Pause) (young)
Desired survivor size 20447232 bytes, new threshold 15 (max 15)
- age   1:    2997816 bytes,    2997816 total
- age   2:    4540320 bytes,    7538136 total
- age   3:    1092648 bytes,    8630784 total
- age   4:      32472 bytes,    8663256 total
- age   5:      85704 bytes,    8748960 total
- age   6:      67664 bytes,    8816624 total
- age   7:      32912 bytes,    8849536 total
- age   8:      68488 bytes,    8918024 total
- age   9:      68992 bytes,    8987016 total
- age  10:      30520 bytes,    9017536 total
- age  11:      73360 bytes,    9090896 total
- age  12:     120184 bytes,    9211080 total
- age  13:      31024 bytes,    9242104 total
- age  14:      65104 bytes,    9307208 total
- age  15:      59464 bytes,    9366672 total
, 0.0212749 secs]
   [Parallel Time: 13.8 ms, GC Workers: 4]
      [GC Worker Start (ms): Min: 7869745.3, Avg: 7869745.3, Max: 7869745.3, Diff: 0.0]
      [Ext Root Scanning (ms): Min: 0.9, Avg: 1.5, Max: 1.9, Diff: 1.1, Sum: 5.9]
      [Update RS (ms): Min: 0.3, Avg: 0.8, Max: 1.3, Diff: 0.9, Sum: 3.3]
         [Processed Buffers: Min: 6, Avg: 10.5, Max: 16, Diff: 10, Sum: 42]
      [Scan RS (ms): Min: 0.0, Avg: 0.1, Max: 0.1, Diff: 0.0, Sum: 0.2]
      [Code Root Scanning (ms): Min: 0.0, Avg: 0.2, Max: 0.4, Diff: 0.4, Sum: 0.8]
      [Object Copy (ms): Min: 11.0, Avg: 11.2, Max: 11.2, Diff: 0.2, Sum: 44.6]
      [Termination (ms): Min: 0.0, Avg: 0.0, Max: 0.0, Diff: 0.0, Sum: 0.0]
         [Termination Attempts: Min: 1, Avg: 1.0, Max: 1, Diff: 0, Sum: 4]
      [GC Worker Other (ms): Min: 0.0, Avg: 0.0, Max: 0.0, Diff: 0.0, Sum: 0.1]
      [GC Worker Total (ms): Min: 13.7, Avg: 13.7, Max: 13.7, Diff: 0.0, Sum: 54.9]
      [GC Worker End (ms): Min: 7869759.0, Avg: 7869759.0, Max: 7869759.0, Diff: 0.0]
   [Code Root Fixup: 0.0 ms]
   [Code Root Purge: 0.0 ms]
   [Clear CT: 0.1 ms]
   [Other: 7.3 ms]
      [Choose CSet: 0.0 ms]
      [Ref Proc: 6.6 ms]
      [Ref Enq: 0.1 ms]
      [Redirty Cards: 0.1 ms]
      [Humongous Register: 0.0 ms]
      [Humongous Reclaim: 0.0 ms]
      [Free CSet: 0.3 ms]
   [Eden: 294.0M(294.0M)->0.0B(291.0M) Survivors: 13.0M->16.0M Heap: 355.0M(512.0M)->64.1M(512.0M)]
Heap after GC invocations=47 (full 0):
 garbage-first heap   total 524288K, used 65631K [0x00000000e0000000, 0x00000000e0101000, 0x0000000100000000)
  region size 1024K, 16 young (16384K), 16 survivors (16384K)
 Metaspace       used 56730K, capacity 59350K, committed 59512K, reserved 1101824K
  class space    used 6774K, capacity 7314K, committed 7344K, reserved 1048576K
}
 [Times: user=0.06 sys=0.00, real=0.02 secs] 
2020-10-25T13:53:49.033+0100: 7869.767: Total time for which application threads were stopped: 0.0242347 seconds, Stopping threads took: 0.0023069 seconds
2020-10-25T13:53:49.034+0100: 7869.767: Total time for which application threads were stopped: 0.0003899 seconds, Stopping threads took: 0.0000990 seconds
2020-10-25T13:53:49.034+0100: 7869.768: Total time for which application threads were stopped: 0.0003697 seconds, Stopping threads took: 0.0000508 seconds
2020-10-25T13:53:49.035+0100: 7869.769: Total time for which application threads were stopped: 0.0003707 seconds, Stopping threads took: 0.0000859 seconds
2020-10-25T13:53:49.036+0100: 7869.770: Total time for which application threads were stopped: 0.0004768 seconds, Stopping threads took: 0.0001254 seconds
2020-10-25T13:53:49.036+0100: 7869.770: Total time for which application threads were stopped: 0.0003855 seconds, Stopping threads took: 0.0000790 seconds
2020-10-25T13:53:49.162+0100: 7869.895: Total time for which application threads were stopped: 0.0012806 seconds, Stopping threads took: 0.0009195 seconds
2020-10-25T13:53:49.162+0100: 7869.896: Total time for which application threads were stopped: 0.0004046 seconds, Stopping threads took: 0.0000729 seconds
2020-10-25T13:53:49.319+0100: 7870.053: Total time for which application threads were stopped: 0.0004154 seconds, Stopping threads took: 0.0001137 seconds
2020-10-25T13:53:49.323+0100: 7870.057: Total time for which application threads were stopped: 0.0004085 seconds, Stopping threads took: 0.0000945 seconds
2020-10-25T13:53:49.325+0100: 7870.059: Total time for which application threads were stopped: 0.0003510 seconds, Stopping threads took: 0.0000613 seconds
2020-10-25T13:53:49.443+0100: 7870.177: Total time for which application threads were stopped: 0.0027798 seconds, Stopping threads took: 0.0024161 seconds
2020-10-25T13:53:49.520+0100: 7870.254: Total time for which application threads were stopped: 0.0004308 seconds, Stopping threads took: 0.0001754 seconds
2020-10-25T13:53:49.521+0100: 7870.254: Total time for which application threads were stopped: 0.0003023 seconds, Stopping threads took: 0.0000916 seconds
2020-10-25T13:53:49.521+0100: 7870.255: Total time for which application threads were stopped: 0.0002355 seconds, Stopping threads took: 0.0000411 seconds
2020-10-25T13:53:49.521+0100: 7870.255: Total time for which application threads were stopped: 0.0002758 seconds, Stopping threads took: 0.0000731 seconds
2020-10-25T13:53:49.522+0100: 7870.255: Total time for which application threads were stopped: 0.0002651 seconds, Stopping threads took: 0.0000499 seconds
2020-10-25T13:53:49.522+0100: 7870.256: Total time for which application threads were stopped: 0.0002637 seconds, Stopping threads took: 0.0000728 seconds
2020-10-25T13:53:49.532+0100: 7870.265: Total time for which application threads were stopped: 0.0003221 seconds, Stopping threads took: 0.0000700 seconds
2020-10-25T13:53:49.534+0100: 7870.268: Total time for which application threads were stopped: 0.0008677 seconds, Stopping threads took: 0.0006367 seconds
2020-10-25T13:53:49.535+0100: 7870.268: Total time for which application threads were stopped: 0.0003058 seconds, Stopping threads took: 0.0000847 seconds
2020-10-25T13:53:49.689+0100: 7870.423: Total time for which application threads were stopped: 0.0005508 seconds, Stopping threads took: 0.0000790 seconds
2020-10-25T13:53:49.693+0100: 7870.427: Total time for which application threads were stopped: 0.0003236 seconds, Stopping threads took: 0.0000559 seconds
2020-10-25T13:53:49.696+0100: 7870.429: Total time for which application threads were stopped: 0.0002987 seconds, Stopping threads took: 0.0000528 seconds
2020-10-25T13:53:49.827+0100: 7870.561: Total time for which application threads were stopped: 0.0012188 seconds, Stopping threads took: 0.0009031 seconds
2020-10-25T13:53:49.908+0100: 7870.641: Total time for which application threads were stopped: 0.0168773 seconds, Stopping threads took: 0.0166467 seconds
2020-10-25T13:53:49.908+0100: 7870.641: Total time for which application threads were stopped: 0.0002162 seconds, Stopping threads took: 0.0000580 seconds
2020-10-25T13:53:49.909+0100: 7870.642: Total time for which application threads were stopped: 0.0002448 seconds, Stopping threads took: 0.0000459 seconds
2020-10-25T13:53:49.909+0100: 7870.642: Total time for which application threads were stopped: 0.0001947 seconds, Stopping threads took: 0.0000541 seconds
2020-10-25T13:53:49.909+0100: 7870.643: Total time for which application threads were stopped: 0.0001641 seconds, Stopping threads took: 0.0000370 seconds
2020-10-25T13:53:49.909+0100: 7870.643: Total time for which application threads were stopped: 0.0001540 seconds, Stopping threads took: 0.0000348 seconds
2020-10-25T13:53:49.928+0100: 7870.662: Total time for which application threads were stopped: 0.0004217 seconds, Stopping threads took: 0.0000795 seconds
2020-10-25T13:53:49.931+0100: 7870.664: Total time for which application threads were stopped: 0.0004548 seconds, Stopping threads took: 0.0000858 seconds
2020-10-25T13:53:49.931+0100: 7870.664: Total time for which application threads were stopped: 0.0003304 seconds, Stopping threads took: 0.0000532 seconds
2020-10-25T13:53:50.078+0100: 7870.811: Total time for which application threads were stopped: 0.0003248 seconds, Stopping threads took: 0.0000619 seconds
2020-10-25T13:54:46.646+0100: 7927.379: Total time for which application threads were stopped: 0.0003547 seconds, Stopping threads took: 0.0000754 seconds
2020-10-25T13:54:47.100+0100: 7927.833: Total time for which application threads were stopped: 0.0002972 seconds, Stopping threads took: 0.0000558 seconds
{Heap before GC invocations=47 (full 0):
 garbage-first heap   total 524288K, used 363615K [0x00000000e0000000, 0x00000000e0101000, 0x0000000100000000)
  region size 1024K, 307 young (314368K), 16 survivors (16384K)
 Metaspace       used 56742K, capacity 59350K, committed 59512K, reserved 1101824K
  class space    used 6774K, capacity 7314K, committed 7344K, reserved 1048576K
2020-10-25T13:54:47.297+0100: 7928.031: [GC pause (G1 Evacuation Pause) (young)
Desired survivor size 20447232 bytes, new threshold 15 (max 15)
- age   1:    6024896 bytes,    6024896 total
- age   2:    1788672 bytes,    7813568 total
- age   3:     555472 bytes,    8369040 total
- age   4:      65056 bytes,    8434096 total
- age   5:      32368 bytes,    8466464 total
- age   6:      72640 bytes,    8539104 total
- age   7:      67664 bytes,    8606768 total
- age   8:      32912 bytes,    8639680 total
- age   9:      68488 bytes,    8708168 total
- age  10:      68552 bytes,    8776720 total
- age  11:      30520 bytes,    8807240 total
- age  12:      73360 bytes,    8880600 total
- age  13:     120184 bytes,    9000784 total
- age  14:      31024 bytes,    9031808 total
- age  15:      65104 bytes,    9096912 total
, 0.0200924 secs]
   [Parallel Time: 12.7 ms, GC Workers: 4]
      [GC Worker Start (ms): Min: 7928031.0, Avg: 7928031.0, Max: 7928031.1, Diff: 0.0]
      [Ext Root Scanning (ms): Min: 1.1, Avg: 1.5, Max: 2.5, Diff: 1.4, Sum: 6.1]
      [Update RS (ms): Min: 0.0, Avg: 0.7, Max: 1.0, Diff: 1.0, Sum: 2.9]
         [Processed Buffers: Min: 0, Avg: 10.5, Max: 24, Diff: 24, Sum: 42]
      [Scan RS (ms): Min: 0.0, Avg: 0.1, Max: 0.1, Diff: 0.1, Sum: 0.2]
      [Code Root Scanning (ms): Min: 0.0, Avg: 0.2, Max: 0.4, Diff: 0.4, Sum: 0.8]
      [Object Copy (ms): Min: 10.0, Avg: 10.1, Max: 10.1, Diff: 0.1, Sum: 40.2]
      [Termination (ms): Min: 0.0, Avg: 0.0, Max: 0.0, Diff: 0.0, Sum: 0.0]
         [Termination Attempts: Min: 1, Avg: 1.0, Max: 1, Diff: 0, Sum: 4]
      [GC Worker Other (ms): Min: 0.0, Avg: 0.0, Max: 0.0, Diff: 0.0, Sum: 0.1]
      [GC Worker Total (ms): Min: 12.6, Avg: 12.6, Max: 12.6, Diff: 0.0, Sum: 50.4]
      [GC Worker End (ms): Min: 7928043.6, Avg: 7928043.6, Max: 7928043.7, Diff: 0.0]
   [Code Root Fixup: 0.0 ms]
   [Code Root Purge: 0.0 ms]
   [Clear CT: 0.1 ms]
   [Other: 7.2 ms]
      [Choose CSet: 0.0 ms]
      [Ref Proc: 6.5 ms]
      [Ref Enq: 0.1 ms]
      [Redirty Cards: 0.0 ms]
      [Humongous Register: 0.0 ms]
      [Humongous Reclaim: 0.0 ms]
      [Free CSet: 0.3 ms]
   [Eden: 291.0M(291.0M)->0.0B(293.0M) Survivors: 16.0M->14.0M Heap: 355.1M(512.0M)->62.2M(512.0M)]
Heap after GC invocations=48 (full 0):
 garbage-first heap   total 524288K, used 63670K [0x00000000e0000000, 0x00000000e0101000, 0x0000000100000000)
  region size 1024K, 14 young (14336K), 14 survivors (14336K)
 Metaspace       used 56742K, capacity 59350K, committed 59512K, reserved 1101824K
  class space    used 6774K, capacity 7314K, committed 7344K, reserved 1048576K
}
 [Times: user=0.06 sys=0.00, real=0.02 secs] 
2020-10-25T13:54:47.317+0100: 7928.051: Total time for which application threads were stopped: 0.0207492 seconds, Stopping threads took: 0.0000509 seconds
2020-10-25T13:54:47.344+0100: 7928.078: Total time for which application threads were stopped: 0.0005897 seconds, Stopping threads took: 0.0002069 seconds
2020-10-25T13:54:47.545+0100: 7928.279: Total time for which application threads were stopped: 0.0017252 seconds, Stopping threads took: 0.0014408 seconds
2020-10-25T13:54:47.546+0100: 7928.280: Total time for which application threads were stopped: 0.0004014 seconds, Stopping threads took: 0.0001099 seconds
2020-10-25T13:54:47.547+0100: 7928.281: Total time for which application threads were stopped: 0.0004806 seconds, Stopping threads took: 0.0001028 seconds
2020-10-25T13:54:47.549+0100: 7928.283: Total time for which application threads were stopped: 0.0013928 seconds, Stopping threads took: 0.0000699 seconds
2020-10-25T13:54:47.550+0100: 7928.284: Total time for which application threads were stopped: 0.0004371 seconds, Stopping threads took: 0.0000928 seconds
2020-10-25T13:54:47.561+0100: 7928.295: Total time for which application threads were stopped: 0.0012780 seconds, Stopping threads took: 0.0009759 seconds
2020-10-25T13:54:47.693+0100: 7928.427: Total time for which application threads were stopped: 0.0007986 seconds, Stopping threads took: 0.0005383 seconds
2020-10-25T13:54:47.793+0100: 7928.527: Total time for which application threads were stopped: 0.0004938 seconds, Stopping threads took: 0.0001251 seconds
2020-10-25T13:54:47.797+0100: 7928.531: Total time for which application threads were stopped: 0.0006567 seconds, Stopping threads took: 0.0002954 seconds
2020-10-25T13:54:47.799+0100: 7928.532: Total time for which application threads were stopped: 0.0004336 seconds, Stopping threads took: 0.0000869 seconds
2020-10-25T13:54:47.804+0100: 7928.537: Total time for which application threads were stopped: 0.0007003 seconds, Stopping threads took: 0.0003926 seconds
{Heap before GC invocations=48 (full 0):
 garbage-first heap   total 524288K, used 363702K [0x00000000e0000000, 0x00000000e0101000, 0x0000000100000000)
  region size 1024K, 307 young (314368K), 14 survivors (14336K)
 Metaspace       used 56784K, capacity 59350K, committed 59512K, reserved 1101824K
  class space    used 6774K, capacity 7314K, committed 7344K, reserved 1048576K
2020-10-25T13:54:47.895+0100: 7928.629: [GC pause (G1 Evacuation Pause) (young)
Desired survivor size 20447232 bytes, new threshold 15 (max 15)
- age   1:    5517712 bytes,    5517712 total
- age   2:    1115176 bytes,    6632888 total
- age   3:      37384 bytes,    6670272 total
- age   4:      68160 bytes,    6738432 total
- age   5:      64768 bytes,    6803200 total
- age   6:      32368 bytes,    6835568 total
- age   7:      72640 bytes,    6908208 total
- age   8:      67664 bytes,    6975872 total
- age   9:      32912 bytes,    7008784 total
- age  10:      68488 bytes,    7077272 total
- age  11:      68552 bytes,    7145824 total
- age  12:      30520 bytes,    7176344 total
- age  13:      73360 bytes,    7249704 total
- age  14:     120184 bytes,    7369888 total
- age  15:      31024 bytes,    7400912 total
, 0.0161718 secs]
   [Parallel Time: 14.5 ms, GC Workers: 4]
      [GC Worker Start (ms): Min: 7928628.7, Avg: 7928628.7, Max: 7928628.7, Diff: 0.0]
      [Ext Root Scanning (ms): Min: 0.9, Avg: 1.2, Max: 1.7, Diff: 0.8, Sum: 4.6]
      [Update RS (ms): Min: 0.0, Avg: 0.5, Max: 0.7, Diff: 0.7, Sum: 1.9]
         [Processed Buffers: Min: 0, Avg: 6.8, Max: 25, Diff: 25, Sum: 27]
      [Scan RS (ms): Min: 0.0, Avg: 0.1, Max: 0.1, Diff: 0.0, Sum: 0.2]
      [Code Root Scanning (ms): Min: 0.0, Avg: 0.2, Max: 0.4, Diff: 0.4, Sum: 0.8]
      [Object Copy (ms): Min: 12.3, Avg: 12.5, Max: 12.8, Diff: 0.6, Sum: 50.1]
      [Termination (ms): Min: 0.0, Avg: 0.0, Max: 0.0, Diff: 0.0, Sum: 0.0]
         [Termination Attempts: Min: 1, Avg: 1.0, Max: 1, Diff: 0, Sum: 4]
      [GC Worker Other (ms): Min: 0.0, Avg: 0.0, Max: 0.0, Diff: 0.0, Sum: 0.2]
      [GC Worker Total (ms): Min: 14.4, Avg: 14.5, Max: 14.5, Diff: 0.0, Sum: 57.8]
      [GC Worker End (ms): Min: 7928643.1, Avg: 7928643.2, Max: 7928643.2, Diff: 0.0]
   [Code Root Fixup: 0.0 ms]
   [Code Root Purge: 0.0 ms]
   [Clear CT: 0.1 ms]
   [Other: 1.5 ms]
      [Choose CSet: 0.0 ms]
      [Ref Proc: 0.9 ms]
      [Ref Enq: 0.1 ms]
      [Redirty Cards: 0.1 ms]
      [Humongous Register: 0.0 ms]
      [Humongous Reclaim: 0.0 ms]
      [Free CSet: 0.2 ms]
   [Eden: 293.0M(293.0M)->0.0B(294.0M) Survivors: 14.0M->13.0M Heap: 355.2M(512.0M)->61.2M(512.0M)]
Heap after GC invocations=49 (full 0):
 garbage-first heap   total 524288K, used 62707K [0x00000000e0000000, 0x00000000e0101000, 0x0000000100000000)
  region size 1024K, 13 young (13312K), 13 survivors (13312K)
 Metaspace       used 56784K, capacity 59350K, committed 59512K, reserved 1101824K
  class space    used 6774K, capacity 7314K, committed 7344K, reserved 1048576K
}
 [Times: user=0.06 sys=0.00, real=0.02 secs] 
2020-10-25T13:54:47.911+0100: 7928.645: Total time for which application threads were stopped: 0.0173267 seconds, Stopping threads took: 0.0005614 seconds
2020-10-25T13:54:47.976+0100: 7928.709: Total time for which application threads were stopped: 0.0019215 seconds, Stopping threads took: 0.0016546 seconds
2020-10-25T13:54:47.976+0100: 7928.710: Total time for which application threads were stopped: 0.0002789 seconds, Stopping threads took: 0.0000871 seconds
2020-10-25T13:54:47.976+0100: 7928.710: Total time for which application threads were stopped: 0.0002474 seconds, Stopping threads took: 0.0000724 seconds
2020-10-25T13:54:47.977+0100: 7928.710: Total time for which application threads were stopped: 0.0002793 seconds, Stopping threads took: 0.0000827 seconds
2020-10-25T13:54:47.977+0100: 7928.711: Total time for which application threads were stopped: 0.0002477 seconds, Stopping threads took: 0.0000656 seconds
2020-10-25T13:54:47.977+0100: 7928.711: Total time for which application threads were stopped: 0.0002632 seconds, Stopping threads took: 0.0000640 seconds
2020-10-25T13:54:47.991+0100: 7928.725: Total time for which application threads were stopped: 0.0012314 seconds, Stopping threads took: 0.0009800 seconds
2020-10-25T13:54:47.993+0100: 7928.726: Total time for which application threads were stopped: 0.0004346 seconds, Stopping threads took: 0.0000880 seconds
2020-10-25T13:54:47.993+0100: 7928.727: Total time for which application threads were stopped: 0.0003742 seconds, Stopping threads took: 0.0001408 seconds
2020-10-25T13:54:48.188+0100: 7928.921: Total time for which application threads were stopped: 0.0003087 seconds, Stopping threads took: 0.0000511 seconds
2020-10-25T13:54:48.192+0100: 7928.925: Total time for which application threads were stopped: 0.0003015 seconds, Stopping threads took: 0.0000520 seconds
2020-10-25T13:54:48.193+0100: 7928.927: Total time for which application threads were stopped: 0.0002903 seconds, Stopping threads took: 0.0000508 seconds
2020-10-25T13:54:48.217+0100: 7928.951: Total time for which application threads were stopped: 0.0003955 seconds, Stopping threads took: 0.0000920 seconds
2020-10-25T13:54:48.314+0100: 7929.048: Total time for which application threads were stopped: 0.0002866 seconds, Stopping threads took: 0.0000558 seconds
2020-10-25T13:54:48.315+0100: 7929.048: Total time for which application threads were stopped: 0.0001871 seconds, Stopping threads took: 0.0000476 seconds
2020-10-25T13:54:48.315+0100: 7929.048: Total time for which application threads were stopped: 0.0001510 seconds, Stopping threads took: 0.0000308 seconds
2020-10-25T13:54:48.315+0100: 7929.048: Total time for which application threads were stopped: 0.0001433 seconds, Stopping threads took: 0.0000304 seconds
2020-10-25T13:54:48.315+0100: 7929.049: Total time for which application threads were stopped: 0.0001460 seconds, Stopping threads took: 0.0000303 seconds
2020-10-25T13:54:48.316+0100: 7929.049: Total time for which application threads were stopped: 0.0001611 seconds, Stopping threads took: 0.0000296 seconds
2020-10-25T13:54:48.324+0100: 7929.058: Total time for which application threads were stopped: 0.0003161 seconds, Stopping threads took: 0.0000784 seconds
2020-10-25T13:54:48.328+0100: 7929.061: Total time for which application threads were stopped: 0.0002976 seconds, Stopping threads took: 0.0000726 seconds
2020-10-25T13:54:48.328+0100: 7929.062: Total time for which application threads were stopped: 0.0002141 seconds, Stopping threads took: 0.0000592 seconds
2020-10-25T13:54:48.466+0100: 7929.199: Total time for which application threads were stopped: 0.0002595 seconds, Stopping threads took: 0.0000518 seconds
2020-10-25T13:55:00.820+0100: 7941.554: Total time for which application threads were stopped: 0.0002840 seconds, Stopping threads took: 0.0000641 seconds
2020-10-25T13:55:01.312+0100: 7942.046: Total time for which application threads were stopped: 0.0004792 seconds, Stopping threads took: 0.0001201 seconds
2020-10-25T13:55:01.514+0100: 7942.248: Total time for which application threads were stopped: 0.0005258 seconds, Stopping threads took: 0.0000919 seconds
{Heap before GC invocations=49 (full 0):
 garbage-first heap   total 524288K, used 363763K [0x00000000e0000000, 0x00000000e0101000, 0x0000000100000000)
  region size 1024K, 307 young (314368K), 13 survivors (13312K)
 Metaspace       used 56806K, capacity 59414K, committed 59512K, reserved 1101824K
  class space    used 6774K, capacity 7314K, committed 7344K, reserved 1048576K
2020-10-25T13:55:01.635+0100: 7942.368: [GC pause (G1 Evacuation Pause) (young)
Desired survivor size 20447232 bytes, new threshold 15 (max 15)
- age   1:    3603080 bytes,    3603080 total
- age   2:    4523744 bytes,    8126824 total
- age   3:    1111032 bytes,    9237856 total
- age   4:      37224 bytes,    9275080 total
- age   5:      68120 bytes,    9343200 total
- age   6:      64768 bytes,    9407968 total
- age   7:      32368 bytes,    9440336 total
- age   8:      72640 bytes,    9512976 total
- age   9:      67664 bytes,    9580640 total
- age  10:      32912 bytes,    9613552 total
- age  11:      68488 bytes,    9682040 total
- age  12:      68552 bytes,    9750592 total
- age  13:      30520 bytes,    9781112 total
- age  14:      73360 bytes,    9854472 total
- age  15:     120184 bytes,    9974656 total
, 0.0204111 secs]
   [Parallel Time: 13.0 ms, GC Workers: 4]
      [GC Worker Start (ms): Min: 7942368.1, Avg: 7942368.1, Max: 7942368.1, Diff: 0.0]
      [Ext Root Scanning (ms): Min: 0.9, Avg: 1.1, Max: 1.3, Diff: 0.3, Sum: 4.4]
      [Update RS (ms): Min: 0.6, Avg: 0.7, Max: 0.8, Diff: 0.2, Sum: 2.8]
         [Processed Buffers: Min: 1, Avg: 8.8, Max: 20, Diff: 19, Sum: 35]
      [Scan RS (ms): Min: 0.0, Avg: 0.1, Max: 0.1, Diff: 0.1, Sum: 0.2]
      [Code Root Scanning (ms): Min: 0.0, Avg: 0.2, Max: 0.4, Diff: 0.4, Sum: 0.8]
      [Object Copy (ms): Min: 10.6, Avg: 10.9, Max: 11.2, Diff: 0.6, Sum: 43.5]
      [Termination (ms): Min: 0.0, Avg: 0.0, Max: 0.0, Diff: 0.0, Sum: 0.0]
         [Termination Attempts: Min: 1, Avg: 1.0, Max: 1, Diff: 0, Sum: 4]
      [GC Worker Other (ms): Min: 0.0, Avg: 0.0, Max: 0.0, Diff: 0.0, Sum: 0.1]
      [GC Worker Total (ms): Min: 13.0, Avg: 13.0, Max: 13.0, Diff: 0.0, Sum: 51.9]
      [GC Worker End (ms): Min: 7942381.0, Avg: 7942381.0, Max: 7942381.0, Diff: 0.0]
   [Code Root Fixup: 0.0 ms]
   [Code Root Purge: 0.0 ms]
   [Clear CT: 0.1 ms]
   [Other: 7.2 ms]
      [Choose CSet: 0.0 ms]
      [Ref Proc: 6.5 ms]
      [Ref Enq: 0.1 ms]
      [Redirty Cards: 0.1 ms]
      [Humongous Register: 0.0 ms]
      [Humongous Reclaim: 0.0 ms]
      [Free CSet: 0.3 ms]
   [Eden: 294.0M(294.0M)->0.0B(292.0M) Survivors: 13.0M->15.0M Heap: 355.2M(512.0M)->63.9M(512.0M)]
Heap after GC invocations=50 (full 0):
 garbage-first heap   total 524288K, used 65392K [0x00000000e0000000, 0x00000000e0101000, 0x0000000100000000)
  region size 1024K, 15 young (15360K), 15 survivors (15360K)
 Metaspace       used 56806K, capacity 59414K, committed 59512K, reserved 1101824K
  class space    used 6774K, capacity 7314K, committed 7344K, reserved 1048576K
}
 [Times: user=0.13 sys=0.00, real=0.02 secs] 
2020-10-25T13:55:01.655+0100: 7942.389: Total time for which application threads were stopped: 0.0216725 seconds, Stopping threads took: 0.0005806 seconds
2020-10-25T13:55:01.656+0100: 7942.390: Total time for which application threads were stopped: 0.0003872 seconds, Stopping threads took: 0.0001210 seconds
2020-10-25T13:55:01.657+0100: 7942.390: Total time for which application threads were stopped: 0.0003720 seconds, Stopping threads took: 0.0000783 seconds
2020-10-25T13:55:01.658+0100: 7942.391: Total time for which application threads were stopped: 0.0004344 seconds, Stopping threads took: 0.0000986 seconds
2020-10-25T13:55:01.659+0100: 7942.392: Total time for which application threads were stopped: 0.0004000 seconds, Stopping threads took: 0.0000883 seconds
2020-10-25T13:55:01.691+0100: 7942.424: Total time for which application threads were stopped: 0.0029616 seconds, Stopping threads took: 0.0019178 seconds
2020-10-25T13:55:01.807+0100: 7942.540: Total time for which application threads were stopped: 0.0004217 seconds, Stopping threads took: 0.0001237 seconds
2020-10-25T13:55:01.961+0100: 7942.695: Total time for which application threads were stopped: 0.0056095 seconds, Stopping threads took: 0.0053370 seconds
2020-10-25T13:55:01.963+0100: 7942.697: Total time for which application threads were stopped: 0.0003807 seconds, Stopping threads took: 0.0000956 seconds
2020-10-25T13:55:01.975+0100: 7942.708: Total time for which application threads were stopped: 0.0059154 seconds, Stopping threads took: 0.0056388 seconds
2020-10-25T13:55:01.977+0100: 7942.710: Total time for which application threads were stopped: 0.0003485 seconds, Stopping threads took: 0.0000777 seconds
2020-10-25T13:55:02.319+0100: 7943.053: Total time for which application threads were stopped: 0.0025007 seconds, Stopping threads took: 0.0022011 seconds
2020-10-25T13:55:02.319+0100: 7943.053: Total time for which application threads were stopped: 0.0002162 seconds, Stopping threads took: 0.0000775 seconds
2020-10-25T13:55:02.320+0100: 7943.054: Total time for which application threads were stopped: 0.0002178 seconds, Stopping threads took: 0.0000579 seconds
2020-10-25T13:55:02.320+0100: 7943.054: Total time for which application threads were stopped: 0.0001616 seconds, Stopping threads took: 0.0000340 seconds
2020-10-25T13:55:02.320+0100: 7943.054: Total time for which application threads were stopped: 0.0002013 seconds, Stopping threads took: 0.0000602 seconds
2020-10-25T13:55:02.320+0100: 7943.054: Total time for which application threads were stopped: 0.0002092 seconds, Stopping threads took: 0.0000544 seconds
2020-10-25T13:55:02.330+0100: 7943.064: Total time for which application threads were stopped: 0.0003305 seconds, Stopping threads took: 0.0000890 seconds
2020-10-25T13:55:02.332+0100: 7943.066: Total time for which application threads were stopped: 0.0003464 seconds, Stopping threads took: 0.0001075 seconds
2020-10-25T13:55:02.333+0100: 7943.067: Total time for which application threads were stopped: 0.0002819 seconds, Stopping threads took: 0.0000785 seconds
2020-10-25T13:55:02.376+0100: 7943.110: Total time for which application threads were stopped: 0.0003322 seconds, Stopping threads took: 0.0000555 seconds
2020-10-25T13:55:02.380+0100: 7943.114: Total time for which application threads were stopped: 0.0002948 seconds, Stopping threads took: 0.0000577 seconds
2020-10-25T13:55:02.382+0100: 7943.116: Total time for which application threads were stopped: 0.0003346 seconds, Stopping threads took: 0.0000635 seconds
2020-10-25T13:55:02.390+0100: 7943.124: Total time for which application threads were stopped: 0.0003657 seconds, Stopping threads took: 0.0000690 seconds
2020-10-25T13:55:02.470+0100: 7943.204: Total time for which application threads were stopped: 0.0002896 seconds, Stopping threads took: 0.0000579 seconds
2020-10-25T13:55:02.470+0100: 7943.204: Total time for which application threads were stopped: 0.0001771 seconds, Stopping threads took: 0.0000346 seconds
2020-10-25T13:55:02.470+0100: 7943.204: Total time for which application threads were stopped: 0.0002356 seconds, Stopping threads took: 0.0000431 seconds
2020-10-25T13:55:02.471+0100: 7943.204: Total time for which application threads were stopped: 0.0002121 seconds, Stopping threads took: 0.0000377 seconds
2020-10-25T13:55:02.471+0100: 7943.205: Total time for which application threads were stopped: 0.0001810 seconds, Stopping threads took: 0.0000334 seconds
2020-10-25T13:55:02.471+0100: 7943.205: Total time for which application threads were stopped: 0.0001736 seconds, Stopping threads took: 0.0000337 seconds
2020-10-25T13:55:02.479+0100: 7943.213: Total time for which application threads were stopped: 0.0003018 seconds, Stopping threads took: 0.0000746 seconds
2020-10-25T13:55:02.480+0100: 7943.214: Total time for which application threads were stopped: 0.0003037 seconds, Stopping threads took: 0.0000608 seconds
2020-10-25T13:55:02.481+0100: 7943.214: Total time for which application threads were stopped: 0.0002383 seconds, Stopping threads took: 0.0000682 seconds
2020-10-25T13:55:02.614+0100: 7943.348: Total time for which application threads were stopped: 0.0002872 seconds, Stopping threads took: 0.0000688 seconds
2020-10-25T16:23:14.118+0100: 16834.861: Total time for which application threads were stopped: 0.0005645 seconds, Stopping threads took: 0.0001414 seconds
2020-10-25T16:23:14.119+0100: 16834.861: Total time for which application threads were stopped: 0.0003164 seconds, Stopping threads took: 0.0000813 seconds
2020-10-25T16:23:15.119+0100: 16835.861: Total time for which application threads were stopped: 0.0004075 seconds, Stopping threads took: 0.0000642 seconds
2020-10-25T16:23:15.700+0100: 16836.443: Total time for which application threads were stopped: 0.0004441 seconds, Stopping threads took: 0.0000590 seconds
2020-10-25T16:23:15.795+0100: 16836.537: Total time for which application threads were stopped: 0.0002645 seconds, Stopping threads took: 0.0000512 seconds
2020-10-25T16:23:15.897+0100: 16836.639: Total time for which application threads were stopped: 0.0002690 seconds, Stopping threads took: 0.0000506 seconds
2020-10-25T16:23:18.066+0100: 16838.809: Total time for which application threads were stopped: 0.0009953 seconds, Stopping threads took: 0.0001154 seconds
2020-10-25T16:23:18.067+0100: 16838.809: Total time for which application threads were stopped: 0.0002418 seconds, Stopping threads took: 0.0000394 seconds
2020-10-25T16:23:18.067+0100: 16838.810: Total time for which application threads were stopped: 0.0003399 seconds, Stopping threads took: 0.0000329 seconds
2020-10-25T16:23:19.067+0100: 16839.809: Total time for which application threads were stopped: 0.0003957 seconds, Stopping threads took: 0.0000539 seconds
2020-10-25T16:23:20.068+0100: 16840.810: Total time for which application threads were stopped: 0.0003478 seconds, Stopping threads took: 0.0000574 seconds
2020-10-25T16:23:21.049+0100: 16841.794: Total time for which application threads were stopped: 0.0438157 seconds, Stopping threads took: 0.0434517 seconds
2020-10-25T16:23:21.057+0100: 16841.799: Total time for which application threads were stopped: 0.0004447 seconds, Stopping threads took: 0.0000627 seconds
2020-10-25T16:23:22.058+0100: 16842.801: Total time for which application threads were stopped: 0.0004907 seconds, Stopping threads took: 0.0000585 seconds
2020-10-25T16:23:22.485+0100: 16843.228: Total time for which application threads were stopped: 0.0003702 seconds, Stopping threads took: 0.0000645 seconds
2020-10-25T16:23:23.043+0100: 16843.788: Total time for which application threads were stopped: 0.0004381 seconds, Stopping threads took: 0.0000898 seconds
2020-10-25T16:23:23.043+0100: 16843.789: Total time for which application threads were stopped: 0.0005146 seconds, Stopping threads took: 0.0001003 seconds
2020-10-25T16:23:23.202+0100: 16843.945: Total time for which application threads were stopped: 0.0004281 seconds, Stopping threads took: 0.0000648 seconds
2020-10-25T16:23:23.396+0100: 16844.139: Total time for which application threads were stopped: 0.0004326 seconds, Stopping threads took: 0.0000510 seconds
2020-10-25T16:23:23.690+0100: 16844.435: Total time for which application threads were stopped: 0.0004111 seconds, Stopping threads took: 0.0000556 seconds
2020-10-25T16:23:23.722+0100: 16844.465: Total time for which application threads were stopped: 0.0003750 seconds, Stopping threads took: 0.0000505 seconds
2020-10-25T16:23:24.075+0100: 16844.819: Total time for which application threads were stopped: 0.0004233 seconds, Stopping threads took: 0.0001192 seconds
2020-10-25T16:23:24.075+0100: 16844.820: Total time for which application threads were stopped: 0.0003673 seconds, Stopping threads took: 0.0000593 seconds
2020-10-25T16:23:24.075+0100: 16844.820: Total time for which application threads were stopped: 0.0002669 seconds, Stopping threads took: 0.0000564 seconds
2020-10-25T16:23:24.075+0100: 16844.820: Total time for which application threads were stopped: 0.0002291 seconds, Stopping threads took: 0.0000324 seconds
2020-10-25T16:23:24.075+0100: 16844.821: Total time for which application threads were stopped: 0.0002798 seconds, Stopping threads took: 0.0000787 seconds
2020-10-25T16:23:24.439+0100: 16845.181: Total time for which application threads were stopped: 0.0003474 seconds, Stopping threads took: 0.0000522 seconds
2020-10-25T16:23:24.758+0100: 16845.501: Total time for which application threads were stopped: 0.0012496 seconds, Stopping threads took: 0.0000537 seconds
2020-10-25T16:23:25.174+0100: 16845.916: Total time for which application threads were stopped: 0.0005167 seconds, Stopping threads took: 0.0001737 seconds
2020-10-25T16:23:26.706+0100: 16847.449: Total time for which application threads were stopped: 0.0004518 seconds, Stopping threads took: 0.0000582 seconds
2020-10-25T16:23:26.751+0100: 16847.494: Total time for which application threads were stopped: 0.0004560 seconds, Stopping threads took: 0.0001004 seconds
2020-10-25T16:23:26.752+0100: 16847.494: Total time for which application threads were stopped: 0.0003610 seconds, Stopping threads took: 0.0000722 seconds
2020-10-25T16:23:26.752+0100: 16847.495: Total time for which application threads were stopped: 0.0003528 seconds, Stopping threads took: 0.0000635 seconds
2020-10-25T16:23:26.753+0100: 16847.496: Total time for which application threads were stopped: 0.0004005 seconds, Stopping threads took: 0.0001115 seconds
2020-10-25T16:23:26.754+0100: 16847.497: Total time for which application threads were stopped: 0.0004261 seconds, Stopping threads took: 0.0001330 seconds
2020-10-25T16:23:26.754+0100: 16847.497: Total time for which application threads were stopped: 0.0003352 seconds, Stopping threads took: 0.0000705 seconds
2020-10-25T16:23:26.766+0100: 16847.509: Total time for which application threads were stopped: 0.0090513 seconds, Stopping threads took: 0.0085736 seconds
2020-10-25T16:23:26.767+0100: 16847.510: Total time for which application threads were stopped: 0.0003960 seconds, Stopping threads took: 0.0000565 seconds
2020-10-25T16:23:26.862+0100: 16847.604: Total time for which application threads were stopped: 0.0079694 seconds, Stopping threads took: 0.0075724 seconds
2020-10-25T16:23:26.862+0100: 16847.605: Total time for which application threads were stopped: 0.0004075 seconds, Stopping threads took: 0.0000550 seconds
2020-10-25T16:23:26.863+0100: 16847.605: Total time for which application threads were stopped: 0.0003657 seconds, Stopping threads took: 0.0000502 seconds
2020-10-25T16:23:26.864+0100: 16847.607: Total time for which application threads were stopped: 0.0004265 seconds, Stopping threads took: 0.0000851 seconds
2020-10-25T16:23:26.873+0100: 16847.617: Total time for which application threads were stopped: 0.0004094 seconds, Stopping threads took: 0.0000541 seconds
2020-10-25T16:23:26.874+0100: 16847.617: Total time for which application threads were stopped: 0.0003501 seconds, Stopping threads took: 0.0000456 seconds
2020-10-25T16:23:26.875+0100: 16847.618: Total time for which application threads were stopped: 0.0004584 seconds, Stopping threads took: 0.0000621 seconds
2020-10-25T16:23:26.875+0100: 16847.619: Total time for which application threads were stopped: 0.0003246 seconds, Stopping threads took: 0.0000559 seconds
2020-10-25T16:23:26.876+0100: 16847.619: Total time for which application threads were stopped: 0.0003771 seconds, Stopping threads took: 0.0001112 seconds
2020-10-25T16:23:26.876+0100: 16847.619: Total time for which application threads were stopped: 0.0002912 seconds, Stopping threads took: 0.0000584 seconds
2020-10-25T16:23:26.878+0100: 16847.621: Total time for which application threads were stopped: 0.0003236 seconds, Stopping threads took: 0.0000463 seconds
2020-10-25T16:23:26.880+0100: 16847.624: Total time for which application threads were stopped: 0.0004110 seconds, Stopping threads took: 0.0000722 seconds
2020-10-25T16:23:26.881+0100: 16847.624: Total time for which application threads were stopped: 0.0003016 seconds, Stopping threads took: 0.0000420 seconds
2020-10-25T16:23:26.881+0100: 16847.624: Total time for which application threads were stopped: 0.0002657 seconds, Stopping threads took: 0.0000458 seconds
2020-10-25T16:23:26.882+0100: 16847.625: Total time for which application threads were stopped: 0.0002836 seconds, Stopping threads took: 0.0000392 seconds
2020-10-25T16:23:26.882+0100: 16847.625: Total time for which application threads were stopped: 0.0003050 seconds, Stopping threads took: 0.0000452 seconds
2020-10-25T16:23:26.883+0100: 16847.626: Total time for which application threads were stopped: 0.0004088 seconds, Stopping threads took: 0.0001000 seconds
2020-10-25T16:23:26.885+0100: 16847.628: Total time for which application threads were stopped: 0.0003853 seconds, Stopping threads took: 0.0000686 seconds
2020-10-25T16:23:26.885+0100: 16847.629: Total time for which application threads were stopped: 0.0003987 seconds, Stopping threads took: 0.0000694 seconds
2020-10-25T16:23:26.891+0100: 16847.634: Total time for which application threads were stopped: 0.0005475 seconds, Stopping threads took: 0.0000820 seconds
2020-10-25T16:23:26.892+0100: 16847.635: Total time for which application threads were stopped: 0.0004691 seconds, Stopping threads took: 0.0001349 seconds
2020-10-25T16:23:26.893+0100: 16847.636: Total time for which application threads were stopped: 0.0005461 seconds, Stopping threads took: 0.0000741 seconds
2020-10-25T16:23:26.893+0100: 16847.636: Total time for which application threads were stopped: 0.0003450 seconds, Stopping threads took: 0.0000661 seconds
2020-10-25T16:23:26.893+0100: 16847.637: Total time for which application threads were stopped: 0.0003533 seconds, Stopping threads took: 0.0000622 seconds
2020-10-25T16:23:26.894+0100: 16847.637: Total time for which application threads were stopped: 0.0003350 seconds, Stopping threads took: 0.0000729 seconds
2020-10-25T16:23:27.689+0100: 16848.432: Total time for which application threads were stopped: 0.0004836 seconds, Stopping threads took: 0.0000654 seconds
2020-10-25T16:23:27.691+0100: 16848.433: Total time for which application threads were stopped: 0.0003960 seconds, Stopping threads took: 0.0000559 seconds
2020-10-25T16:23:27.694+0100: 16848.436: Total time for which application threads were stopped: 0.0005723 seconds, Stopping threads took: 0.0000983 seconds
2020-10-25T16:23:27.694+0100: 16848.437: Total time for which application threads were stopped: 0.0006424 seconds, Stopping threads took: 0.0000904 seconds
2020-10-25T16:23:27.829+0100: 16848.573: Total time for which application threads were stopped: 0.0004773 seconds, Stopping threads took: 0.0001009 seconds
2020-10-25T16:23:28.915+0100: 16849.657: Total time for which application threads were stopped: 0.0005853 seconds, Stopping threads took: 0.0000603 seconds
2020-10-25T16:23:28.915+0100: 16849.658: Total time for which application threads were stopped: 0.0004230 seconds, Stopping threads took: 0.0000505 seconds
2020-10-25T16:23:28.920+0100: 16849.662: Total time for which application threads were stopped: 0.0004324 seconds, Stopping threads took: 0.0000579 seconds
2020-10-25T16:23:28.925+0100: 16849.667: Total time for which application threads were stopped: 0.0004962 seconds, Stopping threads took: 0.0000714 seconds
2020-10-25T16:23:28.930+0100: 16849.673: Total time for which application threads were stopped: 0.0003919 seconds, Stopping threads took: 0.0000557 seconds
2020-10-25T16:23:28.931+0100: 16849.673: Total time for which application threads were stopped: 0.0003450 seconds, Stopping threads took: 0.0000560 seconds
2020-10-25T16:23:28.933+0100: 16849.676: Total time for which application threads were stopped: 0.0005353 seconds, Stopping threads took: 0.0002157 seconds
2020-10-25T16:23:28.934+0100: 16849.677: Total time for which application threads were stopped: 0.0003384 seconds, Stopping threads took: 0.0000589 seconds
2020-10-25T16:23:28.938+0100: 16849.680: Total time for which application threads were stopped: 0.0004728 seconds, Stopping threads took: 0.0000694 seconds
2020-10-25T16:23:28.939+0100: 16849.681: Total time for which application threads were stopped: 0.0004797 seconds, Stopping threads took: 0.0001220 seconds
2020-10-25T16:23:28.940+0100: 16849.682: Total time for which application threads were stopped: 0.0004744 seconds, Stopping threads took: 0.0001245 seconds
2020-10-25T16:23:28.943+0100: 16849.685: Total time for which application threads were stopped: 0.0004878 seconds, Stopping threads took: 0.0000781 seconds
2020-10-25T16:23:28.945+0100: 16849.687: Total time for which application threads were stopped: 0.0004299 seconds, Stopping threads took: 0.0000781 seconds
2020-10-25T16:23:28.945+0100: 16849.688: Total time for which application threads were stopped: 0.0003814 seconds, Stopping threads took: 0.0000829 seconds
2020-10-25T16:23:29.271+0100: 16850.013: Total time for which application threads were stopped: 0.0004049 seconds, Stopping threads took: 0.0000587 seconds
2020-10-25T16:23:49.279+0100: 16870.021: Total time for which application threads were stopped: 0.0002508 seconds, Stopping threads took: 0.0000555 seconds
2020-10-25T16:24:17.913+0100: 16898.655: Total time for which application threads were stopped: 0.0002911 seconds, Stopping threads took: 0.0000667 seconds
2020-10-25T16:24:29.377+0100: 16910.120: Total time for which application threads were stopped: 0.0003514 seconds, Stopping threads took: 0.0000956 seconds
2020-10-25T16:26:18.223+0100: 17018.965: Total time for which application threads were stopped: 0.0002658 seconds, Stopping threads took: 0.0000497 seconds
2020-10-25T16:26:19.227+0100: 17019.970: Total time for which application threads were stopped: 0.0002955 seconds, Stopping threads took: 0.0000732 seconds
2020-10-25T16:29:43.274+0100: 17224.022: Total time for which application threads were stopped: 0.0003841 seconds, Stopping threads took: 0.0000837 seconds
2020-10-25T16:29:43.724+0100: 17224.466: Total time for which application threads were stopped: 0.0003724 seconds, Stopping threads took: 0.0000791 seconds
{Heap before GC invocations=50 (full 0):
 garbage-first heap   total 524288K, used 364400K [0x00000000e0000000, 0x00000000e0101000, 0x0000000100000000)
  region size 1024K, 307 young (314368K), 15 survivors (15360K)
 Metaspace       used 56901K, capacity 59482K, committed 59512K, reserved 1101824K
  class space    used 6774K, capacity 7314K, committed 7344K, reserved 1048576K
2020-10-25T16:29:43.904+0100: 17224.647: [GC pause (G1 Evacuation Pause) (young)
Desired survivor size 20447232 bytes, new threshold 15 (max 15)
- age   1:    5228808 bytes,    5228808 total
- age   2:    2474536 bytes,    7703344 total
- age   3:     560856 bytes,    8264200 total
- age   4:      74704 bytes,    8338904 total
- age   5:      37120 bytes,    8376024 total
- age   6:      67544 bytes,    8443568 total
- age   7:      64768 bytes,    8508336 total
- age   8:      32368 bytes,    8540704 total
- age   9:      72640 bytes,    8613344 total
- age  10:      67664 bytes,    8681008 total
- age  11:      32912 bytes,    8713920 total
- age  12:      68488 bytes,    8782408 total
- age  13:      68552 bytes,    8850960 total
- age  14:      30520 bytes,    8881480 total
- age  15:      73360 bytes,    8954840 total
, 0.0213270 secs]
   [Parallel Time: 14.2 ms, GC Workers: 4]
      [GC Worker Start (ms): Min: 17224646.9, Avg: 17224646.9, Max: 17224646.9, Diff: 0.1]
      [Ext Root Scanning (ms): Min: 1.0, Avg: 1.3, Max: 1.8, Diff: 0.8, Sum: 5.1]
      [Update RS (ms): Min: 0.7, Avg: 1.3, Max: 1.8, Diff: 1.1, Sum: 5.3]
         [Processed Buffers: Min: 7, Avg: 15.3, Max: 24, Diff: 17, Sum: 61]
      [Scan RS (ms): Min: 0.0, Avg: 0.1, Max: 0.1, Diff: 0.1, Sum: 0.2]
      [Code Root Scanning (ms): Min: 0.0, Avg: 0.2, Max: 0.5, Diff: 0.5, Sum: 0.9]
      [Object Copy (ms): Min: 10.9, Avg: 11.1, Max: 11.3, Diff: 0.3, Sum: 44.5]
      [Termination (ms): Min: 0.0, Avg: 0.0, Max: 0.0, Diff: 0.0, Sum: 0.0]
         [Termination Attempts: Min: 1, Avg: 1.0, Max: 1, Diff: 0, Sum: 4]
      [GC Worker Other (ms): Min: 0.0, Avg: 0.0, Max: 0.0, Diff: 0.0, Sum: 0.1]
      [GC Worker Total (ms): Min: 14.0, Avg: 14.0, Max: 14.1, Diff: 0.1, Sum: 56.2]
      [GC Worker End (ms): Min: 17224660.9, Avg: 17224660.9, Max: 17224660.9, Diff: 0.0]
   [Code Root Fixup: 0.0 ms]
   [Code Root Purge: 0.0 ms]
   [Clear CT: 0.1 ms]
   [Other: 7.0 ms]
      [Choose CSet: 0.0 ms]
      [Ref Proc: 6.3 ms]
      [Ref Enq: 0.1 ms]
      [Redirty Cards: 0.1 ms]
      [Humongous Register: 0.0 ms]
      [Humongous Reclaim: 0.0 ms]
      [Free CSet: 0.3 ms]
   [Eden: 292.0M(292.0M)->0.0B(293.0M) Survivors: 15.0M->14.0M Heap: 355.9M(512.0M)->62.5M(512.0M)]
Heap after GC invocations=51 (full 0):
 garbage-first heap   total 524288K, used 63998K [0x00000000e0000000, 0x00000000e0101000, 0x0000000100000000)
  region size 1024K, 14 young (14336K), 14 survivors (14336K)
 Metaspace       used 56901K, capacity 59482K, committed 59512K, reserved 1101824K
  class space    used 6774K, capacity 7314K, committed 7344K, reserved 1048576K
}
 [Times: user=0.06 sys=0.00, real=0.02 secs] 
2020-10-25T16:29:43.924+0100: 17224.668: Total time for which application threads were stopped: 0.0218473 seconds, Stopping threads took: 0.0000486 seconds
2020-10-25T16:29:43.934+0100: 17224.682: Total time for which application threads were stopped: 0.0005029 seconds, Stopping threads took: 0.0000881 seconds
2020-10-25T16:29:44.124+0100: 17224.874: Total time for which application threads were stopped: 0.0028620 seconds, Stopping threads took: 0.0025774 seconds
2020-10-25T16:29:44.124+0100: 17224.875: Total time for which application threads were stopped: 0.0003670 seconds, Stopping threads took: 0.0000849 seconds
2020-10-25T16:29:44.134+0100: 17224.876: Total time for which application threads were stopped: 0.0004679 seconds, Stopping threads took: 0.0000640 seconds
2020-10-25T16:29:44.134+0100: 17224.880: Total time for which application threads were stopped: 0.0023830 seconds, Stopping threads took: 0.0020637 seconds
{Heap before GC invocations=51 (full 0):
 garbage-first heap   total 524288K, used 364030K [0x00000000e0000000, 0x00000000e0101000, 0x0000000100000000)
  region size 1024K, 307 young (314368K), 14 survivors (14336K)
 Metaspace       used 56913K, capacity 59482K, committed 59512K, reserved 1101824K
  class space    used 6774K, capacity 7314K, committed 7344K, reserved 1048576K
2020-10-25T16:29:44.517+0100: 17225.260: [GC pause (G1 Evacuation Pause) (young)
Desired survivor size 20447232 bytes, new threshold 15 (max 15)
- age   1:    6010736 bytes,    6010736 total
- age   2:    1101712 bytes,    7112448 total
- age   3:      41808 bytes,    7154256 total
- age   4:      64128 bytes,    7218384 total
- age   5:      57856 bytes,    7276240 total
- age   6:      36280 bytes,    7312520 total
- age   7:      65016 bytes,    7377536 total
- age   8:      62408 bytes,    7439944 total
- age   9:      31600 bytes,    7471544 total
- age  10:      68256 bytes,    7539800 total
- age  11:      65424 bytes,    7605224 total
- age  12:      32048 bytes,    7637272 total
- age  13:      66152 bytes,    7703424 total
- age  14:      66216 bytes,    7769640 total
- age  15:      29872 bytes,    7799512 total
, 0.0140842 secs]
   [Parallel Time: 12.1 ms, GC Workers: 4]
      [GC Worker Start (ms): Min: 17225260.1, Avg: 17225260.1, Max: 17225260.1, Diff: 0.0]
      [Ext Root Scanning (ms): Min: 1.0, Avg: 1.3, Max: 1.8, Diff: 0.9, Sum: 5.0]
      [Update RS (ms): Min: 0.4, Avg: 0.8, Max: 1.0, Diff: 0.6, Sum: 3.2]
         [Processed Buffers: Min: 2, Avg: 7.0, Max: 11, Diff: 9, Sum: 28]
      [Scan RS (ms): Min: 0.0, Avg: 0.1, Max: 0.1, Diff: 0.0, Sum: 0.2]
      [Code Root Scanning (ms): Min: 0.0, Avg: 0.2, Max: 0.4, Diff: 0.4, Sum: 0.8]
      [Object Copy (ms): Min: 9.4, Avg: 9.7, Max: 10.0, Diff: 0.6, Sum: 38.7]
      [Termination (ms): Min: 0.0, Avg: 0.0, Max: 0.0, Diff: 0.0, Sum: 0.0]
         [Termination Attempts: Min: 1, Avg: 1.0, Max: 1, Diff: 0, Sum: 4]
      [GC Worker Other (ms): Min: 0.0, Avg: 0.0, Max: 0.0, Diff: 0.0, Sum: 0.1]
      [GC Worker Total (ms): Min: 12.0, Avg: 12.0, Max: 12.0, Diff: 0.0, Sum: 48.1]
      [GC Worker End (ms): Min: 17225272.1, Avg: 17225272.1, Max: 17225272.1, Diff: 0.0]
   [Code Root Fixup: 0.0 ms]
   [Code Root Purge: 0.0 ms]
   [Clear CT: 0.1 ms]
   [Other: 1.8 ms]
      [Choose CSet: 0.0 ms]
      [Ref Proc: 1.2 ms]
      [Ref Enq: 0.0 ms]
      [Redirty Cards: 0.1 ms]
      [Humongous Register: 0.0 ms]
      [Humongous Reclaim: 0.0 ms]
      [Free CSet: 0.3 ms]
   [Eden: 293.0M(293.0M)->0.0B(296.0M) Survivors: 14.0M->11.0M Heap: 355.5M(512.0M)->59.5M(512.0M)]
Heap after GC invocations=52 (full 0):
 garbage-first heap   total 524288K, used 60978K [0x00000000e0000000, 0x00000000e0101000, 0x0000000100000000)
  region size 1024K, 11 young (11264K), 11 survivors (11264K)
 Metaspace       used 56913K, capacity 59482K, committed 59512K, reserved 1101824K
  class space    used 6774K, capacity 7314K, committed 7344K, reserved 1048576K
}
 [Times: user=0.06 sys=0.00, real=0.02 secs] 
2020-10-25T16:29:44.532+0100: 17225.274: Total time for which application threads were stopped: 0.0151814 seconds, Stopping threads took: 0.0004148 seconds
2020-10-25T16:29:44.777+0100: 17225.520: Total time for which application threads were stopped: 0.0014834 seconds, Stopping threads took: 0.0010908 seconds
2020-10-25T16:29:44.799+0100: 17225.542: Total time for which application threads were stopped: 0.0010682 seconds, Stopping threads took: 0.0007931 seconds
2020-10-25T16:29:44.800+0100: 17225.543: Total time for which application threads were stopped: 0.0008426 seconds, Stopping threads took: 0.0005962 seconds
2020-10-25T16:29:44.801+0100: 17225.544: Total time for which application threads were stopped: 0.0003214 seconds, Stopping threads took: 0.0000552 seconds
2020-10-25T16:29:44.801+0100: 17225.544: Total time for which application threads were stopped: 0.0002291 seconds, Stopping threads took: 0.0000484 seconds
2020-10-25T16:29:44.802+0100: 17225.544: Total time for which application threads were stopped: 0.0001996 seconds, Stopping threads took: 0.0000449 seconds
2020-10-25T16:29:44.815+0100: 17225.557: Total time for which application threads were stopped: 0.0003265 seconds, Stopping threads took: 0.0000755 seconds
2020-10-25T16:29:44.816+0100: 17225.559: Total time for which application threads were stopped: 0.0003831 seconds, Stopping threads took: 0.0001102 seconds
2020-10-25T16:29:44.817+0100: 17225.560: Total time for which application threads were stopped: 0.0004422 seconds, Stopping threads took: 0.0002071 seconds
2020-10-25T16:29:44.823+0100: 17225.565: Total time for which application threads were stopped: 0.0004473 seconds, Stopping threads took: 0.0001074 seconds
2020-10-25T16:29:44.824+0100: 17225.567: Total time for which application threads were stopped: 0.0003858 seconds, Stopping threads took: 0.0000909 seconds
2020-10-25T16:29:44.910+0100: 17225.653: Total time for which application threads were stopped: 0.0003227 seconds, Stopping threads took: 0.0000578 seconds
2020-10-25T16:29:44.983+0100: 17225.726: Total time for which application threads were stopped: 0.0002169 seconds, Stopping threads took: 0.0000430 seconds
2020-10-25T16:29:44.984+0100: 17225.726: Total time for which application threads were stopped: 0.0001697 seconds, Stopping threads took: 0.0000338 seconds
2020-10-25T16:29:44.984+0100: 17225.726: Total time for which application threads were stopped: 0.0001605 seconds, Stopping threads took: 0.0000313 seconds
2020-10-25T16:29:44.984+0100: 17225.727: Total time for which application threads were stopped: 0.0001447 seconds, Stopping threads took: 0.0000295 seconds
2020-10-25T16:29:44.984+0100: 17225.727: Total time for which application threads were stopped: 0.0001393 seconds, Stopping threads took: 0.0000294 seconds
2020-10-25T16:29:44.991+0100: 17225.733: Total time for which application threads were stopped: 0.0002647 seconds, Stopping threads took: 0.0000816 seconds
2020-10-25T16:29:44.992+0100: 17225.734: Total time for which application threads were stopped: 0.0002148 seconds, Stopping threads took: 0.0000502 seconds
2020-10-25T16:29:44.992+0100: 17225.735: Total time for which application threads were stopped: 0.0002063 seconds, Stopping threads took: 0.0000421 seconds
2020-10-25T16:29:44.993+0100: 17225.735: Total time for which application threads were stopped: 0.0002473 seconds, Stopping threads took: 0.0000706 seconds
2020-10-25T16:29:45.002+0100: 17225.744: Total time for which application threads were stopped: 0.0002607 seconds, Stopping threads took: 0.0000485 seconds
2020-10-25T16:29:45.133+0100: 17225.876: Total time for which application threads were stopped: 0.0003848 seconds, Stopping threads took: 0.0001248 seconds
2020-10-25T16:31:13.137+0100: 17313.881: Total time for which application threads were stopped: 0.0003336 seconds, Stopping threads took: 0.0000760 seconds
2020-10-25T16:31:13.617+0100: 17314.366: Total time for which application threads were stopped: 0.0002639 seconds, Stopping threads took: 0.0000626 seconds
2020-10-25T16:31:13.827+0100: 17314.575: Total time for which application threads were stopped: 0.0008202 seconds, Stopping threads took: 0.0003222 seconds
{Heap before GC invocations=52 (full 0):
 garbage-first heap   total 524288K, used 364082K [0x00000000e0000000, 0x00000000e0101000, 0x0000000100000000)
  region size 1024K, 307 young (314368K), 11 survivors (11264K)
 Metaspace       used 56961K, capacity 59546K, committed 59768K, reserved 1101824K
  class space    used 6774K, capacity 7314K, committed 7344K, reserved 1048576K
2020-10-25T16:31:13.947+0100: 17314.694: [GC pause (G1 Evacuation Pause) (young)
Desired survivor size 20447232 bytes, new threshold 15 (max 15)
- age   1:    2858880 bytes,    2858880 total
- age   2:    3574760 bytes,    6433640 total
- age   3:    1099520 bytes,    7533160 total
- age   4:      41136 bytes,    7574296 total
- age   5:      63192 bytes,    7637488 total
- age   6:      57248 bytes,    7694736 total
- age   7:      35768 bytes,    7730504 total
- age   8:      64120 bytes,    7794624 total
- age   9:      61704 bytes,    7856328 total
- age  10:      31064 bytes,    7887392 total
- age  11:      67360 bytes,    7954752 total
- age  12:      64720 bytes,    8019472 total
- age  13:      31472 bytes,    8050944 total
- age  14:      65128 bytes,    8116072 total
- age  15:      65448 bytes,    8181520 total
, 0.0200879 secs]
   [Parallel Time: 18.3 ms, GC Workers: 4]
      [GC Worker Start (ms): Min: 17314694.3, Avg: 17314694.3, Max: 17314694.3, Diff: 0.0]
      [Ext Root Scanning (ms): Min: 1.0, Avg: 1.3, Max: 2.2, Diff: 1.2, Sum: 5.4]
      [Update RS (ms): Min: 0.2, Avg: 1.0, Max: 1.3, Diff: 1.1, Sum: 3.8]
         [Processed Buffers: Min: 6, Avg: 10.8, Max: 16, Diff: 10, Sum: 43]
      [Scan RS (ms): Min: 0.0, Avg: 0.1, Max: 0.1, Diff: 0.0, Sum: 0.2]
      [Code Root Scanning (ms): Min: 0.0, Avg: 0.2, Max: 0.3, Diff: 0.3, Sum: 0.7]
      [Object Copy (ms): Min: 15.4, Avg: 15.7, Max: 15.9, Diff: 0.4, Sum: 62.6]
      [Termination (ms): Min: 0.0, Avg: 0.0, Max: 0.0, Diff: 0.0, Sum: 0.0]
         [Termination Attempts: Min: 1, Avg: 1.0, Max: 1, Diff: 0, Sum: 4]
      [GC Worker Other (ms): Min: 0.0, Avg: 0.0, Max: 0.0, Diff: 0.0, Sum: 0.1]
      [GC Worker Total (ms): Min: 18.2, Avg: 18.2, Max: 18.2, Diff: 0.0, Sum: 72.9]
      [GC Worker End (ms): Min: 17314712.5, Avg: 17314712.5, Max: 17314712.5, Diff: 0.0]
   [Code Root Fixup: 0.0 ms]
   [Code Root Purge: 0.0 ms]
   [Clear CT: 0.1 ms]
   [Other: 1.7 ms]
      [Choose CSet: 0.0 ms]
      [Ref Proc: 1.0 ms]
      [Ref Enq: 0.1 ms]
      [Redirty Cards: 0.1 ms]
      [Humongous Register: 0.0 ms]
      [Humongous Reclaim: 0.0 ms]
      [Free CSet: 0.2 ms]
   [Eden: 296.0M(296.0M)->0.0B(292.0M) Survivors: 11.0M->15.0M Heap: 355.5M(512.0M)->64.1M(512.0M)]
Heap after GC invocations=53 (full 0):
 garbage-first heap   total 524288K, used 65661K [0x00000000e0000000, 0x00000000e0101000, 0x0000000100000000)
  region size 1024K, 15 young (15360K), 15 survivors (15360K)
 Metaspace       used 56961K, capacity 59546K, committed 59768K, reserved 1101824K
  class space    used 6774K, capacity 7314K, committed 7344K, reserved 1048576K
}
 [Times: user=0.13 sys=0.00, real=0.02 secs] 
2020-10-25T16:31:13.967+0100: 17314.715: Total time for which application threads were stopped: 0.0209927 seconds, Stopping threads took: 0.0000952 seconds
2020-10-25T16:31:14.017+0100: 17314.763: Total time for which application threads were stopped: 0.0020865 seconds, Stopping threads took: 0.0017388 seconds
2020-10-25T16:31:14.017+0100: 17314.769: Total time for which application threads were stopped: 0.0004829 seconds, Stopping threads took: 0.0001181 seconds
2020-10-25T16:31:14.027+0100: 17314.770: Total time for which application threads were stopped: 0.0004331 seconds, Stopping threads took: 0.0000796 seconds
2020-10-25T16:31:14.027+0100: 17314.771: Total time for which application threads were stopped: 0.0009311 seconds, Stopping threads took: 0.0005726 seconds
2020-10-25T16:31:14.027+0100: 17314.772: Total time for which application threads were stopped: 0.0004580 seconds, Stopping threads took: 0.0001015 seconds
2020-10-25T16:31:14.027+0100: 17314.775: Total time for which application threads were stopped: 0.0007177 seconds, Stopping threads took: 0.0003829 seconds
2020-10-25T16:31:14.157+0100: 17314.907: Total time for which application threads were stopped: 0.0011124 seconds, Stopping threads took: 0.0007980 seconds
2020-10-25T16:31:14.327+0100: 17315.073: Total time for which application threads were stopped: 0.0040347 seconds, Stopping threads took: 0.0037456 seconds
2020-10-25T16:31:14.337+0100: 17315.085: Total time for which application threads were stopped: 0.0003610 seconds, Stopping threads took: 0.0000829 seconds
2020-10-25T16:31:14.337+0100: 17315.087: Total time for which application threads were stopped: 0.0003449 seconds, Stopping threads took: 0.0000803 seconds
2020-10-25T16:31:14.347+0100: 17315.097: Total time for which application threads were stopped: 0.0062060 seconds, Stopping threads took: 0.0058873 seconds
2020-10-25T16:31:14.607+0100: 17315.350: Total time for which application threads were stopped: 0.0018162 seconds, Stopping threads took: 0.0006859 seconds
2020-10-25T16:31:14.609+0100: 17315.352: Total time for which application threads were stopped: 0.0006704 seconds, Stopping threads took: 0.0003577 seconds
2020-10-25T16:31:14.609+0100: 17315.352: Total time for which application threads were stopped: 0.0003441 seconds, Stopping threads took: 0.0000989 seconds
2020-10-25T16:31:14.612+0100: 17315.355: Total time for which application threads were stopped: 0.0016000 seconds, Stopping threads took: 0.0012652 seconds
2020-10-25T16:31:14.613+0100: 17315.356: Total time for which application threads were stopped: 0.0004553 seconds, Stopping threads took: 0.0001161 seconds
2020-10-25T16:31:14.613+0100: 17315.356: Total time for which application threads were stopped: 0.0003701 seconds, Stopping threads took: 0.0001068 seconds
2020-10-25T16:31:14.614+0100: 17315.357: Total time for which application threads were stopped: 0.0002965 seconds, Stopping threads took: 0.0000641 seconds
2020-10-25T16:31:14.614+0100: 17315.357: Total time for which application threads were stopped: 0.0003680 seconds, Stopping threads took: 0.0000784 seconds
2020-10-25T16:31:14.624+0100: 17315.367: Total time for which application threads were stopped: 0.0010295 seconds, Stopping threads took: 0.0007148 seconds
2020-10-25T16:31:14.625+0100: 17315.368: Total time for which application threads were stopped: 0.0004582 seconds, Stopping threads took: 0.0000797 seconds
2020-10-25T16:31:14.627+0100: 17315.370: Total time for which application threads were stopped: 0.0012485 seconds, Stopping threads took: 0.0000525 seconds
2020-10-25T16:31:14.628+0100: 17315.371: Total time for which application threads were stopped: 0.0006666 seconds, Stopping threads took: 0.0003263 seconds
2020-10-25T16:31:14.628+0100: 17315.371: Total time for which application threads were stopped: 0.0003584 seconds, Stopping threads took: 0.0000993 seconds
2020-10-25T16:31:14.632+0100: 17315.375: Total time for which application threads were stopped: 0.0003373 seconds, Stopping threads took: 0.0000615 seconds
2020-10-25T16:31:14.646+0100: 17315.389: Total time for which application threads were stopped: 0.0007733 seconds, Stopping threads took: 0.0003374 seconds
2020-10-25T16:31:14.737+0100: 17315.479: Total time for which application threads were stopped: 0.0002921 seconds, Stopping threads took: 0.0000861 seconds
2020-10-25T16:31:14.737+0100: 17315.480: Total time for which application threads were stopped: 0.0001998 seconds, Stopping threads took: 0.0000499 seconds
2020-10-25T16:31:14.737+0100: 17315.480: Total time for which application threads were stopped: 0.0001809 seconds, Stopping threads took: 0.0000404 seconds
2020-10-25T16:31:14.737+0100: 17315.480: Total time for which application threads were stopped: 0.0001677 seconds, Stopping threads took: 0.0000358 seconds
2020-10-25T16:31:14.737+0100: 17315.480: Total time for which application threads were stopped: 0.0001650 seconds, Stopping threads took: 0.0000336 seconds
2020-10-25T16:31:14.738+0100: 17315.481: Total time for which application threads were stopped: 0.0001927 seconds, Stopping threads took: 0.0000597 seconds
2020-10-25T16:31:14.746+0100: 17315.488: Total time for which application threads were stopped: 0.0003474 seconds, Stopping threads took: 0.0000741 seconds
2020-10-25T16:31:14.747+0100: 17315.490: Total time for which application threads were stopped: 0.0003632 seconds, Stopping threads took: 0.0000872 seconds
2020-10-25T16:31:14.747+0100: 17315.490: Total time for which application threads were stopped: 0.0002751 seconds, Stopping threads took: 0.0000519 seconds
2020-10-25T16:31:14.871+0100: 17315.614: Total time for which application threads were stopped: 0.0009053 seconds, Stopping threads took: 0.0004944 seconds
2020-10-25T16:31:18.899+0100: 17319.641: Total time for which application threads were stopped: 0.0003735 seconds, Stopping threads took: 0.0000760 seconds
2020-10-25T16:33:39.409+0100: 17460.152: Total time for which application threads were stopped: 0.0002735 seconds, Stopping threads took: 0.0000813 seconds
2020-10-25T16:34:19.518+0100: 17500.261: Total time for which application threads were stopped: 0.0002971 seconds, Stopping threads took: 0.0000644 seconds
2020-10-25T16:35:19.683+0100: 17560.426: Total time for which application threads were stopped: 0.0006791 seconds, Stopping threads took: 0.0001623 seconds
2020-10-25T16:35:30.688+0100: 17571.430: Total time for which application threads were stopped: 0.0002478 seconds, Stopping threads took: 0.0000833 seconds
2020-10-25T16:35:31.750+0100: 17572.493: Total time for which application threads were stopped: 0.0003009 seconds, Stopping threads took: 0.0000747 seconds
2020-10-25T16:35:32.279+0100: 17573.021: Total time for which application threads were stopped: 0.0027167 seconds, Stopping threads took: 0.0021579 seconds
2020-10-25T16:35:32.519+0100: 17573.262: Total time for which application threads were stopped: 0.0009645 seconds, Stopping threads took: 0.0005939 seconds
{Heap before GC invocations=53 (full 0):
 garbage-first heap   total 524288K, used 364669K [0x00000000e0000000, 0x00000000e0101000, 0x0000000100000000)
  region size 1024K, 307 young (314368K), 15 survivors (15360K)
 Metaspace       used 56978K, capacity 59546K, committed 59768K, reserved 1101824K
  class space    used 6774K, capacity 7314K, committed 7344K, reserved 1048576K
2020-10-25T16:35:32.543+0100: 17573.286: [GC pause (G1 Evacuation Pause) (young)
Desired survivor size 20447232 bytes, new threshold 15 (max 15)
- age   1:    6821984 bytes,    6821984 total
- age   2:    1704304 bytes,    8526288 total
- age   3:    2725400 bytes,   11251688 total
- age   4:    1098360 bytes,   12350048 total
- age   5:      38448 bytes,   12388496 total
- age   6:      62928 bytes,   12451424 total
- age   7:      57056 bytes,   12508480 total
- age   8:      35768 bytes,   12544248 total
- age   9:      63928 bytes,   12608176 total
- age  10:      61512 bytes,   12669688 total
- age  11:      31064 bytes,   12700752 total
- age  12:      67168 bytes,   12767920 total
- age  13:      64528 bytes,   12832448 total
- age  14:      31472 bytes,   12863920 total
- age  15:      64936 bytes,   12928856 total
, 0.0260335 secs]
   [Parallel Time: 17.8 ms, GC Workers: 4]
      [GC Worker Start (ms): Min: 17573286.2, Avg: 17573286.2, Max: 17573286.2, Diff: 0.0]
      [Ext Root Scanning (ms): Min: 1.1, Avg: 1.3, Max: 1.6, Diff: 0.5, Sum: 5.3]
      [Update RS (ms): Min: 0.9, Avg: 1.1, Max: 1.2, Diff: 0.3, Sum: 4.4]
         [Processed Buffers: Min: 2, Avg: 10.8, Max: 21, Diff: 19, Sum: 43]
      [Scan RS (ms): Min: 0.0, Avg: 0.1, Max: 0.1, Diff: 0.1, Sum: 0.2]
      [Code Root Scanning (ms): Min: 0.0, Avg: 0.1, Max: 0.3, Diff: 0.3, Sum: 0.6]
      [Object Copy (ms): Min: 14.8, Avg: 15.1, Max: 15.4, Diff: 0.6, Sum: 60.4]
      [Termination (ms): Min: 0.0, Avg: 0.0, Max: 0.0, Diff: 0.0, Sum: 0.0]
         [Termination Attempts: Min: 1, Avg: 1.0, Max: 1, Diff: 0, Sum: 4]
      [GC Worker Other (ms): Min: 0.0, Avg: 0.0, Max: 0.0, Diff: 0.0, Sum: 0.1]
      [GC Worker Total (ms): Min: 17.7, Avg: 17.8, Max: 17.8, Diff: 0.0, Sum: 71.0]
      [GC Worker End (ms): Min: 17573303.9, Avg: 17573303.9, Max: 17573303.9, Diff: 0.0]
   [Code Root Fixup: 0.0 ms]
   [Code Root Purge: 0.0 ms]
   [Clear CT: 0.5 ms]
   [Other: 7.6 ms]
      [Choose CSet: 0.0 ms]
      [Ref Proc: 6.3 ms]
      [Ref Enq: 0.1 ms]
      [Redirty Cards: 0.1 ms]
      [Humongous Register: 0.0 ms]
      [Humongous Reclaim: 0.0 ms]
      [Free CSet: 0.6 ms]
   [Eden: 292.0M(292.0M)->0.0B(289.0M) Survivors: 15.0M->18.0M Heap: 356.1M(512.0M)->66.7M(512.0M)]
Heap after GC invocations=54 (full 0):
 garbage-first heap   total 524288K, used 68315K [0x00000000e0000000, 0x00000000e0101000, 0x0000000100000000)
  region size 1024K, 18 young (18432K), 18 survivors (18432K)
 Metaspace       used 56978K, capacity 59546K, committed 59768K, reserved 1101824K
  class space    used 6774K, capacity 7314K, committed 7344K, reserved 1048576K
}
 [Times: user=0.06 sys=0.00, real=0.03 secs] 
2020-10-25T16:35:32.570+0100: 17573.312: Total time for which application threads were stopped: 0.0268243 seconds, Stopping threads took: 0.0001295 seconds
2020-10-25T16:35:32.667+0100: 17573.410: Total time for which application threads were stopped: 0.0011926 seconds, Stopping threads took: 0.0009059 seconds
2020-10-25T16:35:32.668+0100: 17573.411: Total time for which application threads were stopped: 0.0004037 seconds, Stopping threads took: 0.0000902 seconds
2020-10-25T16:35:32.669+0100: 17573.412: Total time for which application threads were stopped: 0.0003685 seconds, Stopping threads took: 0.0000853 seconds
2020-10-25T16:35:32.685+0100: 17573.427: Total time for which application threads were stopped: 0.0008700 seconds, Stopping threads took: 0.0003560 seconds
2020-10-25T16:35:32.685+0100: 17573.428: Total time for which application threads were stopped: 0.0004198 seconds, Stopping threads took: 0.0001018 seconds
2020-10-25T16:35:33.045+0100: 17573.788: Total time for which application threads were stopped: 0.0004526 seconds, Stopping threads took: 0.0001035 seconds
2020-10-25T16:35:33.049+0100: 17573.792: Total time for which application threads were stopped: 0.0003578 seconds, Stopping threads took: 0.0000912 seconds
2020-10-25T16:35:33.051+0100: 17573.794: Total time for which application threads were stopped: 0.0003730 seconds, Stopping threads took: 0.0000820 seconds
{Heap before GC invocations=54 (full 0):
 garbage-first heap   total 524288K, used 364251K [0x00000000e0000000, 0x00000000e0101000, 0x0000000100000000)
  region size 1024K, 307 young (314368K), 18 survivors (18432K)
 Metaspace       used 56993K, capacity 59546K, committed 59768K, reserved 1101824K
  class space    used 6774K, capacity 7314K, committed 7344K, reserved 1048576K
2020-10-25T16:35:33.132+0100: 17573.875: [GC pause (G1 Evacuation Pause) (young)
Desired survivor size 20447232 bytes, new threshold 15 (max 15)
- age   1:    6621568 bytes,    6621568 total
- age   2:    1127352 bytes,    7748920 total
- age   3:     130112 bytes,    7879032 total
- age   4:    2238448 bytes,   10117480 total
- age   5:    1098312 bytes,   11215792 total
- age   6:      38448 bytes,   11254240 total
- age   7:      62928 bytes,   11317168 total
- age   8:      56616 bytes,   11373784 total
- age   9:      35768 bytes,   11409552 total
- age  10:      63928 bytes,   11473480 total
- age  11:      61512 bytes,   11534992 total
- age  12:      30992 bytes,   11565984 total
- age  13:      67136 bytes,   11633120 total
- age  14:      64528 bytes,   11697648 total
- age  15:      31472 bytes,   11729120 total
, 0.0198784 secs]
   [Parallel Time: 18.2 ms, GC Workers: 4]
      [GC Worker Start (ms): Min: 17573875.4, Avg: 17573875.4, Max: 17573875.5, Diff: 0.0]
      [Ext Root Scanning (ms): Min: 1.0, Avg: 1.2, Max: 1.5, Diff: 0.5, Sum: 5.0]
      [Update RS (ms): Min: 0.7, Avg: 0.9, Max: 1.0, Diff: 0.2, Sum: 3.5]
         [Processed Buffers: Min: 3, Avg: 6.8, Max: 12, Diff: 9, Sum: 27]
      [Scan RS (ms): Min: 0.1, Avg: 0.1, Max: 0.1, Diff: 0.0, Sum: 0.2]
      [Code Root Scanning (ms): Min: 0.0, Avg: 0.1, Max: 0.2, Diff: 0.2, Sum: 0.5]
      [Object Copy (ms): Min: 15.6, Avg: 15.8, Max: 16.0, Diff: 0.5, Sum: 63.2]
      [Termination (ms): Min: 0.0, Avg: 0.0, Max: 0.0, Diff: 0.0, Sum: 0.0]
         [Termination Attempts: Min: 1, Avg: 1.0, Max: 1, Diff: 0, Sum: 4]
      [GC Worker Other (ms): Min: 0.0, Avg: 0.0, Max: 0.0, Diff: 0.0, Sum: 0.1]
      [GC Worker Total (ms): Min: 18.1, Avg: 18.1, Max: 18.1, Diff: 0.0, Sum: 72.4]
      [GC Worker End (ms): Min: 17573893.6, Avg: 17573893.6, Max: 17573893.6, Diff: 0.0]
   [Code Root Fixup: 0.0 ms]
   [Code Root Purge: 0.0 ms]
   [Clear CT: 0.1 ms]
   [Other: 1.5 ms]
      [Choose CSet: 0.0 ms]
      [Ref Proc: 0.8 ms]
      [Ref Enq: 0.1 ms]
      [Redirty Cards: 0.1 ms]
      [Humongous Register: 0.0 ms]
      [Humongous Reclaim: 0.0 ms]
      [Free CSet: 0.2 ms]
   [Eden: 289.0M(289.0M)->0.0B(291.0M) Survivors: 18.0M->16.0M Heap: 355.7M(512.0M)->64.8M(512.0M)]
Heap after GC invocations=55 (full 0):
 garbage-first heap   total 524288K, used 66344K [0x00000000e0000000, 0x00000000e0101000, 0x0000000100000000)
  region size 1024K, 16 young (16384K), 16 survivors (16384K)
 Metaspace       used 56993K, capacity 59546K, committed 59768K, reserved 1101824K
  class space    used 6774K, capacity 7314K, committed 7344K, reserved 1048576K
}
 [Times: user=0.13 sys=0.00, real=0.02 secs] 
2020-10-25T16:35:33.152+0100: 17573.895: Total time for which application threads were stopped: 0.0212112 seconds, Stopping threads took: 0.0006480 seconds
2020-10-25T16:35:33.154+0100: 17573.897: Total time for which application threads were stopped: 0.0005037 seconds, Stopping threads took: 0.0000903 seconds
2020-10-25T16:35:33.262+0100: 17574.005: Total time for which application threads were stopped: 0.0010815 seconds, Stopping threads took: 0.0007876 seconds
2020-10-25T16:35:33.262+0100: 17574.005: Total time for which application threads were stopped: 0.0003605 seconds, Stopping threads took: 0.0001067 seconds
2020-10-25T16:35:33.262+0100: 17574.005: Total time for which application threads were stopped: 0.0003266 seconds, Stopping threads took: 0.0000880 seconds
2020-10-25T16:35:33.263+0100: 17574.006: Total time for which application threads were stopped: 0.0003490 seconds, Stopping threads took: 0.0000920 seconds
2020-10-25T16:35:33.263+0100: 17574.006: Total time for which application threads were stopped: 0.0002899 seconds, Stopping threads took: 0.0000826 seconds
2020-10-25T16:35:33.264+0100: 17574.007: Total time for which application threads were stopped: 0.0003646 seconds, Stopping threads took: 0.0000632 seconds
2020-10-25T16:35:33.279+0100: 17574.022: Total time for which application threads were stopped: 0.0003656 seconds, Stopping threads took: 0.0000892 seconds
2020-10-25T16:35:33.281+0100: 17574.024: Total time for which application threads were stopped: 0.0010209 seconds, Stopping threads took: 0.0007516 seconds
2020-10-25T16:35:33.282+0100: 17574.025: Total time for which application threads were stopped: 0.0003414 seconds, Stopping threads took: 0.0000952 seconds
2020-10-25T16:35:33.388+0100: 17574.131: Total time for which application threads were stopped: 0.0008705 seconds, Stopping threads took: 0.0005933 seconds
2020-10-25T16:35:33.394+0100: 17574.136: Total time for which application threads were stopped: 0.0013918 seconds, Stopping threads took: 0.0010438 seconds
2020-10-25T16:35:33.396+0100: 17574.139: Total time for which application threads were stopped: 0.0004245 seconds, Stopping threads took: 0.0000587 seconds
2020-10-25T16:35:33.400+0100: 17574.143: Total time for which application threads were stopped: 0.0006325 seconds, Stopping threads took: 0.0002578 seconds
2020-10-25T16:35:33.513+0100: 17574.256: Total time for which application threads were stopped: 0.0006123 seconds, Stopping threads took: 0.0000476 seconds
2020-10-25T16:35:33.514+0100: 17574.257: Total time for which application threads were stopped: 0.0007056 seconds, Stopping threads took: 0.0000651 seconds
2020-10-25T16:35:33.646+0100: 17574.389: Total time for which application threads were stopped: 0.0004345 seconds, Stopping threads took: 0.0000888 seconds
2020-10-25T16:35:42.781+0100: 17583.524: Total time for which application threads were stopped: 0.0011941 seconds, Stopping threads took: 0.0000598 seconds
2020-10-25T16:35:42.802+0100: 17583.544: Total time for which application threads were stopped: 0.0002351 seconds, Stopping threads took: 0.0000440 seconds
2020-10-25T16:35:42.817+0100: 17583.559: Total time for which application threads were stopped: 0.0002982 seconds, Stopping threads took: 0.0000432 seconds
2020-10-25T16:35:42.952+0100: 17583.694: Total time for which application threads were stopped: 0.0004269 seconds, Stopping threads took: 0.0000926 seconds
2020-10-25T16:35:43.066+0100: 17583.809: Total time for which application threads were stopped: 0.0003255 seconds, Stopping threads took: 0.0000692 seconds
2020-10-25T16:35:43.087+0100: 17583.829: Total time for which application threads were stopped: 0.0003009 seconds, Stopping threads took: 0.0000679 seconds
2020-10-25T16:35:43.108+0100: 17583.851: Total time for which application threads were stopped: 0.0005665 seconds, Stopping threads took: 0.0000806 seconds
2020-10-25T16:35:43.123+0100: 17583.866: Total time for which application threads were stopped: 0.0003157 seconds, Stopping threads took: 0.0000669 seconds
2020-10-25T16:35:43.136+0100: 17583.879: Total time for which application threads were stopped: 0.0003747 seconds, Stopping threads took: 0.0000646 seconds
2020-10-25T16:35:44.137+0100: 17584.880: Total time for which application threads were stopped: 0.0003593 seconds, Stopping threads took: 0.0000642 seconds
2020-10-25T16:35:45.138+0100: 17585.880: Total time for which application threads were stopped: 0.0004362 seconds, Stopping threads took: 0.0000588 seconds
2020-10-25T16:35:45.150+0100: 17585.892: Total time for which application threads were stopped: 0.0003553 seconds, Stopping threads took: 0.0000565 seconds
2020-10-25T16:35:45.150+0100: 17585.893: Total time for which application threads were stopped: 0.0004592 seconds, Stopping threads took: 0.0000375 seconds
2020-10-25T16:35:45.151+0100: 17585.893: Total time for which application threads were stopped: 0.0002647 seconds, Stopping threads took: 0.0000378 seconds
2020-10-25T16:35:45.151+0100: 17585.893: Total time for which application threads were stopped: 0.0004290 seconds, Stopping threads took: 0.0001416 seconds
2020-10-25T16:35:45.151+0100: 17585.894: Total time for which application threads were stopped: 0.0002787 seconds, Stopping threads took: 0.0000444 seconds
2020-10-25T16:35:45.153+0100: 17585.896: Total time for which application threads were stopped: 0.0003166 seconds, Stopping threads took: 0.0000526 seconds
2020-10-25T16:35:45.154+0100: 17585.897: Total time for which application threads were stopped: 0.0009435 seconds, Stopping threads took: 0.0000388 seconds
2020-10-25T16:36:19.565+0100: 17620.308: Total time for which application threads were stopped: 0.0002325 seconds, Stopping threads took: 0.0000452 seconds
2020-10-25T16:37:45.103+0100: 17705.845: Total time for which application threads were stopped: 0.0003082 seconds, Stopping threads took: 0.0000641 seconds
2020-10-25T16:37:46.103+0100: 17706.846: Total time for which application threads were stopped: 0.0005124 seconds, Stopping threads took: 0.0000695 seconds
2020-10-25T16:37:46.113+0100: 17706.856: Total time for which application threads were stopped: 0.0003236 seconds, Stopping threads took: 0.0000625 seconds
2020-10-25T16:37:46.113+0100: 17706.857: Total time for which application threads were stopped: 0.0003549 seconds, Stopping threads took: 0.0000835 seconds
2020-10-25T16:37:46.114+0100: 17706.857: Total time for which application threads were stopped: 0.0003049 seconds, Stopping threads took: 0.0000790 seconds
2020-10-25T16:37:46.114+0100: 17706.857: Total time for which application threads were stopped: 0.0002611 seconds, Stopping threads took: 0.0000499 seconds
2020-10-25T16:37:46.115+0100: 17706.858: Total time for which application threads were stopped: 0.0003595 seconds, Stopping threads took: 0.0001319 seconds
2020-10-25T16:37:46.115+0100: 17706.858: Total time for which application threads were stopped: 0.0002863 seconds, Stopping threads took: 0.0000709 seconds
2020-10-25T16:37:46.116+0100: 17706.859: Total time for which application threads were stopped: 0.0005219 seconds, Stopping threads took: 0.0000620 seconds
2020-10-25T16:37:46.197+0100: 17706.940: Total time for which application threads were stopped: 0.0003525 seconds, Stopping threads took: 0.0000729 seconds
2020-10-25T16:37:55.207+0100: 17715.950: Total time for which application threads were stopped: 0.0007795 seconds, Stopping threads took: 0.0002395 seconds
2020-10-25T16:38:20.303+0100: 17741.045: Total time for which application threads were stopped: 0.0006606 seconds, Stopping threads took: 0.0001310 seconds
2020-10-25T16:39:20.527+0100: 17801.269: Total time for which application threads were stopped: 0.0002334 seconds, Stopping threads took: 0.0000700 seconds
2020-10-25T16:39:45.591+0100: 17826.334: Total time for which application threads were stopped: 0.0004479 seconds, Stopping threads took: 0.0001100 seconds
2020-10-25T16:39:46.591+0100: 17827.334: Total time for which application threads were stopped: 0.0004646 seconds, Stopping threads took: 0.0001147 seconds
2020-10-25T16:41:34.779+0100: 17935.522: Total time for which application threads were stopped: 0.0008218 seconds, Stopping threads took: 0.0001792 seconds
2020-10-25T16:42:20.921+0100: 17981.664: Total time for which application threads were stopped: 0.0005426 seconds, Stopping threads took: 0.0001066 seconds
2020-10-25T16:43:21.060+0100: 18041.803: Total time for which application threads were stopped: 0.0006692 seconds, Stopping threads took: 0.0001644 seconds
2020-10-25T16:44:21.199+0100: 18101.941: Total time for which application threads were stopped: 0.0004609 seconds, Stopping threads took: 0.0001203 seconds
2020-10-25T16:45:20.741+0100: 18161.484: Total time for which application threads were stopped: 0.0005404 seconds, Stopping threads took: 0.0001038 seconds
2020-10-25T16:47:21.217+0100: 18281.960: Total time for which application threads were stopped: 0.0006753 seconds, Stopping threads took: 0.0001734 seconds
2020-10-25T16:50:21.474+0100: 18462.216: Total time for which application threads were stopped: 0.0003699 seconds, Stopping threads took: 0.0000826 seconds
2020-10-25T16:55:22.165+0100: 18762.908: Total time for which application threads were stopped: 0.0003501 seconds, Stopping threads took: 0.0000870 seconds
2020-10-25T16:58:22.987+0100: 18943.730: Total time for which application threads were stopped: 0.0006849 seconds, Stopping threads took: 0.0001825 seconds
2020-10-25T17:00:22.742+0100: 19063.485: Total time for which application threads were stopped: 0.0004099 seconds, Stopping threads took: 0.0000969 seconds
2020-10-25T17:03:46.314+0100: 19267.056: Total time for which application threads were stopped: 0.0005936 seconds, Stopping threads took: 0.0001012 seconds
2020-10-25T17:03:46.356+0100: 19267.099: Total time for which application threads were stopped: 0.0006154 seconds, Stopping threads took: 0.0001423 seconds
2020-10-25T17:03:46.451+0100: 19267.194: Total time for which application threads were stopped: 0.0002091 seconds, Stopping threads took: 0.0000543 seconds
2020-10-25T17:05:23.397+0100: 19364.143: Total time for which application threads were stopped: 0.0003466 seconds, Stopping threads took: 0.0000787 seconds
2020-10-25T17:05:24.397+0100: 19365.140: Total time for which application threads were stopped: 0.0006972 seconds, Stopping threads took: 0.0002387 seconds
2020-10-25T17:10:24.016+0100: 19664.759: Total time for which application threads were stopped: 0.0004723 seconds, Stopping threads took: 0.0001062 seconds
2020-10-25T17:10:36.285+0100: 19677.028: Total time for which application threads were stopped: 0.0003637 seconds, Stopping threads took: 0.0001143 seconds
2020-10-25T17:10:36.808+0100: 19677.550: Total time for which application threads were stopped: 0.0005774 seconds, Stopping threads took: 0.0001533 seconds
2020-10-25T17:10:37.014+0100: 19677.756: Total time for which application threads were stopped: 0.0008172 seconds, Stopping threads took: 0.0004219 seconds
{Heap before GC invocations=55 (full 0):
 garbage-first heap   total 524288K, used 364328K [0x00000000e0000000, 0x00000000e0101000, 0x0000000100000000)
  region size 1024K, 307 young (314368K), 16 survivors (16384K)
 Metaspace       used 57252K, capacity 59806K, committed 60024K, reserved 1101824K
  class space    used 6793K, capacity 7314K, committed 7344K, reserved 1048576K
2020-10-25T17:10:37.126+0100: 19677.868: [GC pause (G1 Evacuation Pause) (young)
Desired survivor size 20447232 bytes, new threshold 15 (max 15)
- age   1:    3022976 bytes,    3022976 total
- age   2:    5090392 bytes,    8113368 total
- age   3:    1124240 bytes,    9237608 total
- age   4:     129952 bytes,    9367560 total
- age   5:    2238176 bytes,   11605736 total
- age   6:    1098312 bytes,   12704048 total
- age   7:      38448 bytes,   12742496 total
- age   8:      62928 bytes,   12805424 total
- age   9:      56616 bytes,   12862040 total
- age  10:      35768 bytes,   12897808 total
- age  11:      63928 bytes,   12961736 total
- age  12:      61512 bytes,   13023248 total
- age  13:      30992 bytes,   13054240 total
- age  14:      67136 bytes,   13121376 total
- age  15:      64528 bytes,   13185904 total
, 0.0302538 secs]
   [Parallel Time: 19.2 ms, GC Workers: 4]
      [GC Worker Start (ms): Min: 19677868.8, Avg: 19677868.9, Max: 19677868.9, Diff: 0.1]
      [Ext Root Scanning (ms): Min: 1.1, Avg: 1.3, Max: 1.5, Diff: 0.4, Sum: 5.2]
      [Update RS (ms): Min: 1.2, Avg: 1.3, Max: 1.5, Diff: 0.3, Sum: 5.2]
         [Processed Buffers: Min: 5, Avg: 11.0, Max: 17, Diff: 12, Sum: 44]
      [Scan RS (ms): Min: 0.0, Avg: 0.1, Max: 0.1, Diff: 0.1, Sum: 0.2]
      [Code Root Scanning (ms): Min: 0.0, Avg: 0.1, Max: 0.3, Diff: 0.3, Sum: 0.6]
      [Object Copy (ms): Min: 16.0, Avg: 16.2, Max: 16.5, Diff: 0.5, Sum: 64.9]
      [Termination (ms): Min: 0.0, Avg: 0.0, Max: 0.0, Diff: 0.0, Sum: 0.0]
         [Termination Attempts: Min: 1, Avg: 1.0, Max: 1, Diff: 0, Sum: 4]
      [GC Worker Other (ms): Min: 0.0, Avg: 0.0, Max: 0.0, Diff: 0.0, Sum: 0.1]
      [GC Worker Total (ms): Min: 19.0, Avg: 19.1, Max: 19.1, Diff: 0.1, Sum: 76.3]
      [GC Worker End (ms): Min: 19677887.9, Avg: 19677887.9, Max: 19677888.0, Diff: 0.0]
   [Code Root Fixup: 0.0 ms]
   [Code Root Purge: 0.0 ms]
   [Clear CT: 0.1 ms]
   [Other: 10.8 ms]
      [Choose CSet: 0.0 ms]
      [Ref Proc: 9.7 ms]
      [Ref Enq: 0.1 ms]
      [Redirty Cards: 0.1 ms]
      [Humongous Register: 0.0 ms]
      [Humongous Reclaim: 0.0 ms]
      [Free CSet: 0.3 ms]
   [Eden: 291.0M(291.0M)->0.0B(286.0M) Survivors: 16.0M->21.0M Heap: 355.8M(512.0M)->70.4M(512.0M)]
Heap after GC invocations=56 (full 0):
 garbage-first heap   total 524288K, used 72056K [0x00000000e0000000, 0x00000000e0101000, 0x0000000100000000)
  region size 1024K, 21 young (21504K), 21 survivors (21504K)
 Metaspace       used 57252K, capacity 59806K, committed 60024K, reserved 1101824K
  class space    used 6793K, capacity 7314K, committed 7344K, reserved 1048576K
}
 [Times: user=0.06 sys=0.06, real=0.03 secs] 
2020-10-25T17:10:37.157+0100: 19677.899: Total time for which application threads were stopped: 0.0310934 seconds, Stopping threads took: 0.0001132 seconds
2020-10-25T17:10:37.192+0100: 19677.935: Total time for which application threads were stopped: 0.0011006 seconds, Stopping threads took: 0.0007592 seconds
2020-10-25T17:10:37.217+0100: 19677.959: Total time for which application threads were stopped: 0.0005202 seconds, Stopping threads took: 0.0001977 seconds
2020-10-25T17:10:37.232+0100: 19677.974: Total time for which application threads were stopped: 0.0047849 seconds, Stopping threads took: 0.0044714 seconds
2020-10-25T17:10:37.233+0100: 19677.975: Total time for which application threads were stopped: 0.0003904 seconds, Stopping threads took: 0.0000976 seconds
2020-10-25T17:10:37.234+0100: 19677.976: Total time for which application threads were stopped: 0.0006471 seconds, Stopping threads took: 0.0002977 seconds
2020-10-25T17:10:37.271+0100: 19678.013: Total time for which application threads were stopped: 0.0037155 seconds, Stopping threads took: 0.0034438 seconds
2020-10-25T17:10:37.386+0100: 19678.128: Total time for which application threads were stopped: 0.0014778 seconds, Stopping threads took: 0.0011420 seconds
2020-10-25T17:10:37.576+0100: 19678.319: Total time for which application threads were stopped: 0.0011503 seconds, Stopping threads took: 0.0007776 seconds
2020-10-25T17:10:37.581+0100: 19678.324: Total time for which application threads were stopped: 0.0025826 seconds, Stopping threads took: 0.0021671 seconds
2020-10-25T17:10:37.589+0100: 19678.332: Total time for which application threads were stopped: 0.0032216 seconds, Stopping threads took: 0.0028971 seconds
2020-10-25T17:10:37.594+0100: 19678.337: Total time for which application threads were stopped: 0.0019817 seconds, Stopping threads took: 0.0009933 seconds
2020-10-25T17:10:37.935+0100: 19678.678: Total time for which application threads were stopped: 0.0033035 seconds, Stopping threads took: 0.0029839 seconds
2020-10-25T17:10:37.936+0100: 19678.679: Total time for which application threads were stopped: 0.0003398 seconds, Stopping threads took: 0.0001141 seconds
2020-10-25T17:10:37.936+0100: 19678.679: Total time for which application threads were stopped: 0.0002649 seconds, Stopping threads took: 0.0000393 seconds
2020-10-25T17:10:37.937+0100: 19678.679: Total time for which application threads were stopped: 0.0002894 seconds, Stopping threads took: 0.0000613 seconds
2020-10-25T17:10:37.941+0100: 19678.684: Total time for which application threads were stopped: 0.0004177 seconds, Stopping threads took: 0.0000556 seconds
2020-10-25T17:10:37.946+0100: 19678.689: Total time for which application threads were stopped: 0.0029710 seconds, Stopping threads took: 0.0026866 seconds
2020-10-25T17:10:37.953+0100: 19678.696: Total time for which application threads were stopped: 0.0005699 seconds, Stopping threads took: 0.0002764 seconds
2020-10-25T17:10:37.972+0100: 19678.715: Total time for which application threads were stopped: 0.0004229 seconds, Stopping threads took: 0.0001657 seconds
2020-10-25T17:10:37.974+0100: 19678.716: Total time for which application threads were stopped: 0.0003316 seconds, Stopping threads took: 0.0000795 seconds
2020-10-25T17:10:37.975+0100: 19678.718: Total time for which application threads were stopped: 0.0003169 seconds, Stopping threads took: 0.0000799 seconds
2020-10-25T17:10:37.975+0100: 19678.718: Total time for which application threads were stopped: 0.0003078 seconds, Stopping threads took: 0.0000500 seconds
2020-10-25T17:10:38.042+0100: 19678.785: Total time for which application threads were stopped: 0.0007073 seconds, Stopping threads took: 0.0004274 seconds
2020-10-25T17:10:38.043+0100: 19678.786: Total time for which application threads were stopped: 0.0003690 seconds, Stopping threads took: 0.0001104 seconds
2020-10-25T17:10:38.043+0100: 19678.786: Total time for which application threads were stopped: 0.0003247 seconds, Stopping threads took: 0.0000752 seconds
2020-10-25T17:10:38.044+0100: 19678.786: Total time for which application threads were stopped: 0.0003414 seconds, Stopping threads took: 0.0000637 seconds
2020-10-25T17:10:38.044+0100: 19678.787: Total time for which application threads were stopped: 0.0003445 seconds, Stopping threads took: 0.0000715 seconds
2020-10-25T17:10:38.045+0100: 19678.788: Total time for which application threads were stopped: 0.0003180 seconds, Stopping threads took: 0.0000849 seconds
2020-10-25T17:10:38.069+0100: 19678.812: Total time for which application threads were stopped: 0.0031557 seconds, Stopping threads took: 0.0028476 seconds
2020-10-25T17:10:38.072+0100: 19678.815: Total time for which application threads were stopped: 0.0022193 seconds, Stopping threads took: 0.0019254 seconds
2020-10-25T17:10:38.076+0100: 19678.818: Total time for which application threads were stopped: 0.0022146 seconds, Stopping threads took: 0.0019336 seconds
2020-10-25T17:10:38.076+0100: 19678.819: Total time for which application threads were stopped: 0.0003423 seconds, Stopping threads took: 0.0000648 seconds
2020-10-25T17:10:38.079+0100: 19678.821: Total time for which application threads were stopped: 0.0003709 seconds, Stopping threads took: 0.0000780 seconds
2020-10-25T17:10:38.081+0100: 19678.824: Total time for which application threads were stopped: 0.0003974 seconds, Stopping threads took: 0.0000998 seconds
2020-10-25T17:10:38.289+0100: 19679.032: Total time for which application threads were stopped: 0.0005993 seconds, Stopping threads took: 0.0001379 seconds
2020-10-25T17:10:41.624+0100: 19682.367: Total time for which application threads were stopped: 0.0002754 seconds, Stopping threads took: 0.0000591 seconds
2020-10-25T17:10:42.585+0100: 19683.327: Total time for which application threads were stopped: 0.0002623 seconds, Stopping threads took: 0.0000488 seconds
2020-10-25T17:10:42.585+0100: 19683.327: Total time for which application threads were stopped: 0.0001973 seconds, Stopping threads took: 0.0000375 seconds
2020-10-25T17:10:42.585+0100: 19683.328: Total time for which application threads were stopped: 0.0001767 seconds, Stopping threads took: 0.0000345 seconds
2020-10-25T17:10:42.586+0100: 19683.328: Total time for which application threads were stopped: 0.0001754 seconds, Stopping threads took: 0.0000316 seconds
2020-10-25T17:10:42.586+0100: 19683.328: Total time for which application threads were stopped: 0.0001885 seconds, Stopping threads took: 0.0000307 seconds
2020-10-25T17:10:42.588+0100: 19683.330: Total time for which application threads were stopped: 0.0003571 seconds, Stopping threads took: 0.0000625 seconds
2020-10-25T17:10:42.588+0100: 19683.330: Total time for which application threads were stopped: 0.0001551 seconds, Stopping threads took: 0.0000377 seconds
2020-10-25T17:10:42.588+0100: 19683.330: Total time for which application threads were stopped: 0.0001350 seconds, Stopping threads took: 0.0000267 seconds
2020-10-25T17:10:42.588+0100: 19683.331: Total time for which application threads were stopped: 0.0001319 seconds, Stopping threads took: 0.0000264 seconds
2020-10-25T17:10:42.589+0100: 19683.331: Total time for which application threads were stopped: 0.0001329 seconds, Stopping threads took: 0.0000266 seconds
2020-10-25T17:10:42.589+0100: 19683.331: Total time for which application threads were stopped: 0.0001570 seconds, Stopping threads took: 0.0000260 seconds
2020-10-25T17:10:42.589+0100: 19683.331: Total time for which application threads were stopped: 0.0001639 seconds, Stopping threads took: 0.0000366 seconds
2020-10-25T17:10:42.590+0100: 19683.332: Total time for which application threads were stopped: 0.0007788 seconds, Stopping threads took: 0.0000248 seconds
2020-10-25T17:10:42.638+0100: 19683.381: Total time for which application threads were stopped: 0.0002062 seconds, Stopping threads took: 0.0000431 seconds
2020-10-25T17:15:24.663+0100: 19965.405: Total time for which application threads were stopped: 0.0005035 seconds, Stopping threads took: 0.0001312 seconds
2020-10-25T17:15:25.663+0100: 19966.406: Total time for which application threads were stopped: 0.0004385 seconds, Stopping threads took: 0.0001290 seconds
2020-10-25T17:16:24.870+0100: 20025.612: Total time for which application threads were stopped: 0.0003125 seconds, Stopping threads took: 0.0000792 seconds
2020-10-25T17:20:25.195+0100: 20265.947: Total time for which application threads were stopped: 0.0003893 seconds, Stopping threads took: 0.0000989 seconds
2020-10-25T17:21:25.357+0100: 20326.100: Total time for which application threads were stopped: 0.0003479 seconds, Stopping threads took: 0.0000835 seconds
2020-10-25T17:22:25.675+0100: 20386.418: Total time for which application threads were stopped: 0.0004930 seconds, Stopping threads took: 0.0001590 seconds
2020-10-25T17:25:25.927+0100: 20566.670: Total time for which application threads were stopped: 0.0003655 seconds, Stopping threads took: 0.0000753 seconds
2020-10-25T17:28:58.527+0100: 20779.270: Total time for which application threads were stopped: 0.0007850 seconds, Stopping threads took: 0.0000783 seconds
2020-10-25T17:28:58.537+0100: 20779.280: Total time for which application threads were stopped: 0.0002856 seconds, Stopping threads took: 0.0000622 seconds
2020-10-25T17:28:59.175+0100: 20779.917: Total time for which application threads were stopped: 0.0003269 seconds, Stopping threads took: 0.0000730 seconds
{Heap before GC invocations=56 (full 0):
 garbage-first heap   total 524288K, used 364920K [0x00000000e0000000, 0x00000000e0101000, 0x0000000100000000)
  region size 1024K, 307 young (314368K), 21 survivors (21504K)
 Metaspace       used 57296K, capacity 59872K, committed 60024K, reserved 1101824K
  class space    used 6793K, capacity 7315K, committed 7344K, reserved 1048576K
2020-10-25T17:28:59.362+0100: 20780.105: [GC pause (G1 Evacuation Pause) (young)
Desired survivor size 20447232 bytes, new threshold 15 (max 15)
- age   1:    7399392 bytes,    7399392 total
- age   2:    2076376 bytes,    9475768 total
- age   3:     922584 bytes,   10398352 total
- age   4:      91592 bytes,   10489944 total
- age   5:     129848 bytes,   10619792 total
- age   6:    2236192 bytes,   12855984 total
- age   7:    1098312 bytes,   13954296 total
- age   8:      38448 bytes,   13992744 total
- age   9:      62928 bytes,   14055672 total
- age  10:      56616 bytes,   14112288 total
- age  11:      35768 bytes,   14148056 total
- age  12:      63928 bytes,   14211984 total
- age  13:      61512 bytes,   14273496 total
- age  14:      30992 bytes,   14304488 total
- age  15:      66832 bytes,   14371320 total
, 0.0278502 secs]
   [Parallel Time: 19.4 ms, GC Workers: 4]
      [GC Worker Start (ms): Min: 20780104.9, Avg: 20780105.0, Max: 20780105.1, Diff: 0.2]
      [Ext Root Scanning (ms): Min: 1.0, Avg: 1.6, Max: 2.2, Diff: 1.2, Sum: 6.2]
      [Update RS (ms): Min: 0.8, Avg: 1.4, Max: 1.6, Diff: 0.9, Sum: 5.6]
         [Processed Buffers: Min: 1, Avg: 11.3, Max: 28, Diff: 27, Sum: 45]
      [Scan RS (ms): Min: 0.0, Avg: 0.1, Max: 0.1, Diff: 0.1, Sum: 0.3]
      [Code Root Scanning (ms): Min: 0.0, Avg: 0.6, Max: 1.7, Diff: 1.7, Sum: 2.3]
      [Object Copy (ms): Min: 14.3, Avg: 15.5, Max: 16.2, Diff: 1.9, Sum: 62.1]
      [Termination (ms): Min: 0.0, Avg: 0.0, Max: 0.0, Diff: 0.0, Sum: 0.0]
         [Termination Attempts: Min: 1, Avg: 1.0, Max: 1, Diff: 0, Sum: 4]
      [GC Worker Other (ms): Min: 0.0, Avg: 0.0, Max: 0.0, Diff: 0.0, Sum: 0.1]
      [GC Worker Total (ms): Min: 19.1, Avg: 19.2, Max: 19.3, Diff: 0.2, Sum: 76.7]
      [GC Worker End (ms): Min: 20780124.2, Avg: 20780124.2, Max: 20780124.2, Diff: 0.0]
   [Code Root Fixup: 0.0 ms]
   [Code Root Purge: 0.0 ms]
   [Clear CT: 0.2 ms]
   [Other: 8.2 ms]
      [Choose CSet: 0.0 ms]
      [Ref Proc: 7.3 ms]
      [Ref Enq: 0.1 ms]
      [Redirty Cards: 0.1 ms]
      [Humongous Register: 0.0 ms]
      [Humongous Reclaim: 0.0 ms]
      [Free CSet: 0.4 ms]
   [Eden: 286.0M(286.0M)->0.0B(288.0M) Survivors: 21.0M->19.0M Heap: 356.4M(512.0M)->68.0M(512.0M)]
Heap after GC invocations=57 (full 0):
 garbage-first heap   total 524288K, used 69604K [0x00000000e0000000, 0x00000000e0101000, 0x0000000100000000)
  region size 1024K, 19 young (19456K), 19 survivors (19456K)
 Metaspace       used 57296K, capacity 59872K, committed 60024K, reserved 1101824K
  class space    used 6793K, capacity 7315K, committed 7344K, reserved 1048576K
}
 [Times: user=0.11 sys=0.01, real=0.03 secs] 
2020-10-25T17:28:59.390+0100: 20780.133: Total time for which application threads were stopped: 0.0289586 seconds, Stopping threads took: 0.0002714 seconds
2020-10-25T17:28:59.409+0100: 20780.152: Total time for which application threads were stopped: 0.0043404 seconds, Stopping threads took: 0.0037308 seconds
2020-10-25T17:28:59.664+0100: 20780.407: Total time for which application threads were stopped: 0.0059125 seconds, Stopping threads took: 0.0055273 seconds
2020-10-25T17:28:59.666+0100: 20780.408: Total time for which application threads were stopped: 0.0008101 seconds, Stopping threads took: 0.0001254 seconds
2020-10-25T17:28:59.666+0100: 20780.409: Total time for which application threads were stopped: 0.0005201 seconds, Stopping threads took: 0.0001180 seconds
2020-10-25T17:28:59.667+0100: 20780.410: Total time for which application threads were stopped: 0.0005002 seconds, Stopping threads took: 0.0000743 seconds
2020-10-25T17:28:59.692+0100: 20780.435: Total time for which application threads were stopped: 0.0235254 seconds, Stopping threads took: 0.0224398 seconds
{Heap before GC invocations=57 (full 0):
 garbage-first heap   total 524288K, used 364516K [0x00000000e0000000, 0x00000000e0101000, 0x0000000100000000)
  region size 1024K, 307 young (314368K), 19 survivors (19456K)
 Metaspace       used 57306K, capacity 59872K, committed 60024K, reserved 1101824K
  class space    used 6793K, capacity 7315K, committed 7344K, reserved 1048576K
2020-10-25T17:29:00.007+0100: 20780.750: [GC pause (G1 Evacuation Pause) (young)
Desired survivor size 20447232 bytes, new threshold 15 (max 15)
- age   1:    5908592 bytes,    5908592 total
- age   2:    2788488 bytes,    8697080 total
- age   3:      34280 bytes,    8731360 total
- age   4:      61600 bytes,    8792960 total
- age   5:      87024 bytes,    8879984 total
- age   6:     128216 bytes,    9008200 total
- age   7:    2043768 bytes,   11051968 total
- age   8:    1098312 bytes,   12150280 total
- age   9:      38448 bytes,   12188728 total
- age  10:      62928 bytes,   12251656 total
- age  11:      56616 bytes,   12308272 total
- age  12:      35768 bytes,   12344040 total
- age  13:      63928 bytes,   12407968 total
- age  14:      61512 bytes,   12469480 total
- age  15:      30760 bytes,   12500240 total
, 0.0193183 secs]
   [Parallel Time: 17.4 ms, GC Workers: 4]
      [GC Worker Start (ms): Min: 20780749.8, Avg: 20780749.8, Max: 20780749.8, Diff: 0.0]
      [Ext Root Scanning (ms): Min: 1.0, Avg: 1.3, Max: 2.1, Diff: 1.1, Sum: 5.2]
      [Update RS (ms): Min: 0.2, Avg: 1.0, Max: 1.4, Diff: 1.2, Sum: 4.0]
         [Processed Buffers: Min: 2, Avg: 5.8, Max: 8, Diff: 6, Sum: 23]
      [Scan RS (ms): Min: 0.0, Avg: 0.1, Max: 0.1, Diff: 0.1, Sum: 0.2]
      [Code Root Scanning (ms): Min: 0.0, Avg: 0.1, Max: 0.3, Diff: 0.3, Sum: 0.6]
      [Object Copy (ms): Min: 14.6, Avg: 14.8, Max: 15.0, Diff: 0.3, Sum: 59.1]
      [Termination (ms): Min: 0.0, Avg: 0.0, Max: 0.0, Diff: 0.0, Sum: 0.0]
         [Termination Attempts: Min: 1, Avg: 1.0, Max: 1, Diff: 0, Sum: 4]
      [GC Worker Other (ms): Min: 0.0, Avg: 0.0, Max: 0.0, Diff: 0.0, Sum: 0.1]
      [GC Worker Total (ms): Min: 17.3, Avg: 17.3, Max: 17.3, Diff: 0.0, Sum: 69.3]
      [GC Worker End (ms): Min: 20780767.1, Avg: 20780767.1, Max: 20780767.1, Diff: 0.0]
   [Code Root Fixup: 0.0 ms]
   [Code Root Purge: 0.0 ms]
   [Clear CT: 0.2 ms]
   [Other: 1.7 ms]
      [Choose CSet: 0.0 ms]
      [Ref Proc: 1.1 ms]
      [Ref Enq: 0.1 ms]
      [Redirty Cards: 0.1 ms]
      [Humongous Register: 0.0 ms]
      [Humongous Reclaim: 0.0 ms]
      [Free CSet: 0.3 ms]
   [Eden: 288.0M(288.0M)->0.0B(291.0M) Survivors: 19.0M->16.0M Heap: 356.0M(512.0M)->65.1M(512.0M)]
Heap after GC invocations=58 (full 0):
 garbage-first heap   total 524288K, used 66611K [0x00000000e0000000, 0x00000000e0101000, 0x0000000100000000)
  region size 1024K, 16 young (16384K), 16 survivors (16384K)
 Metaspace       used 57306K, capacity 59872K, committed 60024K, reserved 1101824K
  class space    used 6793K, capacity 7315K, committed 7344K, reserved 1048576K
}
 [Times: user=0.06 sys=0.02, real=0.02 secs] 
2020-10-25T17:29:00.027+0100: 20780.769: Total time for which application threads were stopped: 0.0436176 seconds, Stopping threads took: 0.0232807 seconds
2020-10-25T17:29:00.028+0100: 20780.771: Total time for which application threads were stopped: 0.0004258 seconds, Stopping threads took: 0.0000834 seconds
2020-10-25T17:29:00.030+0100: 20780.772: Total time for which application threads were stopped: 0.0005086 seconds, Stopping threads took: 0.0000832 seconds
2020-10-25T17:29:00.352+0100: 20781.098: Total time for which application threads were stopped: 0.0182112 seconds, Stopping threads took: 0.0179024 seconds
2020-10-25T17:29:00.356+0100: 20781.099: Total time for which application threads were stopped: 0.0006889 seconds, Stopping threads took: 0.0001915 seconds
2020-10-25T17:29:00.358+0100: 20781.101: Total time for which application threads were stopped: 0.0006483 seconds, Stopping threads took: 0.0001513 seconds
2020-10-25T17:29:00.374+0100: 20781.117: Total time for which application threads were stopped: 0.0114529 seconds, Stopping threads took: 0.0110807 seconds
2020-10-25T17:29:00.405+0100: 20781.148: Total time for which application threads were stopped: 0.0003775 seconds, Stopping threads took: 0.0000807 seconds
2020-10-25T17:29:00.652+0100: 20781.395: Total time for which application threads were stopped: 0.0253776 seconds, Stopping threads took: 0.0250440 seconds
2020-10-25T17:29:00.656+0100: 20781.398: Total time for which application threads were stopped: 0.0003749 seconds, Stopping threads took: 0.0000645 seconds
2020-10-25T17:29:00.666+0100: 20781.409: Total time for which application threads were stopped: 0.0070747 seconds, Stopping threads took: 0.0066455 seconds
2020-10-25T17:29:00.727+0100: 20781.469: Total time for which application threads were stopped: 0.0030350 seconds, Stopping threads took: 0.0026482 seconds
2020-10-25T17:29:00.728+0100: 20781.471: Total time for which application threads were stopped: 0.0004231 seconds, Stopping threads took: 0.0001148 seconds
2020-10-25T17:29:00.733+0100: 20781.476: Total time for which application threads were stopped: 0.0004950 seconds, Stopping threads took: 0.0000835 seconds
2020-10-25T17:29:00.741+0100: 20781.484: Total time for which application threads were stopped: 0.0054420 seconds, Stopping threads took: 0.0050610 seconds
2020-10-25T17:29:00.743+0100: 20781.485: Total time for which application threads were stopped: 0.0004103 seconds, Stopping threads took: 0.0001247 seconds
2020-10-25T17:29:00.743+0100: 20781.486: Total time for which application threads were stopped: 0.0002982 seconds, Stopping threads took: 0.0000949 seconds
2020-10-25T17:29:00.743+0100: 20781.486: Total time for which application threads were stopped: 0.0002762 seconds, Stopping threads took: 0.0000622 seconds
2020-10-25T17:29:00.755+0100: 20781.497: Total time for which application threads were stopped: 0.0003778 seconds, Stopping threads took: 0.0000881 seconds
2020-10-25T17:29:00.756+0100: 20781.499: Total time for which application threads were stopped: 0.0003608 seconds, Stopping threads took: 0.0000923 seconds
2020-10-25T17:29:00.756+0100: 20781.499: Total time for which application threads were stopped: 0.0004634 seconds, Stopping threads took: 0.0001752 seconds
2020-10-25T17:29:00.859+0100: 20781.601: Total time for which application threads were stopped: 0.0004235 seconds, Stopping threads took: 0.0000883 seconds
2020-10-25T17:29:00.859+0100: 20781.602: Total time for which application threads were stopped: 0.0003335 seconds, Stopping threads took: 0.0000885 seconds
2020-10-25T17:29:00.860+0100: 20781.602: Total time for which application threads were stopped: 0.0003952 seconds, Stopping threads took: 0.0001709 seconds
2020-10-25T17:29:00.860+0100: 20781.603: Total time for which application threads were stopped: 0.0002055 seconds, Stopping threads took: 0.0000389 seconds
2020-10-25T17:29:00.860+0100: 20781.603: Total time for which application threads were stopped: 0.0001899 seconds, Stopping threads took: 0.0000325 seconds
2020-10-25T17:29:00.860+0100: 20781.603: Total time for which application threads were stopped: 0.0003872 seconds, Stopping threads took: 0.0000330 seconds
2020-10-25T17:29:00.870+0100: 20781.612: Total time for which application threads were stopped: 0.0003151 seconds, Stopping threads took: 0.0000800 seconds
2020-10-25T17:29:00.871+0100: 20781.614: Total time for which application threads were stopped: 0.0003044 seconds, Stopping threads took: 0.0000781 seconds
2020-10-25T17:29:00.871+0100: 20781.614: Total time for which application threads were stopped: 0.0004205 seconds, Stopping threads took: 0.0002077 seconds
2020-10-25T17:29:00.993+0100: 20781.736: Total time for which application threads were stopped: 0.0002864 seconds, Stopping threads took: 0.0000762 seconds
2020-10-25T17:29:06.259+0100: 20787.001: Total time for which application threads were stopped: 0.0003043 seconds, Stopping threads took: 0.0000545 seconds
2020-10-25T17:29:07.814+0100: 20788.556: Total time for which application threads were stopped: 0.0003540 seconds, Stopping threads took: 0.0000645 seconds
2020-10-25T17:29:07.814+0100: 20788.557: Total time for which application threads were stopped: 0.0002512 seconds, Stopping threads took: 0.0000430 seconds
2020-10-25T17:29:07.814+0100: 20788.557: Total time for which application threads were stopped: 0.0002587 seconds, Stopping threads took: 0.0000624 seconds
2020-10-25T17:29:07.815+0100: 20788.557: Total time for which application threads were stopped: 0.0002227 seconds, Stopping threads took: 0.0000437 seconds
2020-10-25T17:29:07.815+0100: 20788.558: Total time for which application threads were stopped: 0.0001894 seconds, Stopping threads took: 0.0000356 seconds
2020-10-25T17:29:07.817+0100: 20788.560: Total time for which application threads were stopped: 0.0005715 seconds, Stopping threads took: 0.0000512 seconds
2020-10-25T17:29:07.817+0100: 20788.560: Total time for which application threads were stopped: 0.0002863 seconds, Stopping threads took: 0.0000476 seconds
2020-10-25T17:29:07.818+0100: 20788.560: Total time for which application threads were stopped: 0.0002650 seconds, Stopping threads took: 0.0000465 seconds
2020-10-25T17:29:07.818+0100: 20788.561: Total time for which application threads were stopped: 0.0002351 seconds, Stopping threads took: 0.0000682 seconds
2020-10-25T17:29:07.818+0100: 20788.561: Total time for which application threads were stopped: 0.0002373 seconds, Stopping threads took: 0.0000594 seconds
2020-10-25T17:29:07.819+0100: 20788.561: Total time for which application threads were stopped: 0.0002225 seconds, Stopping threads took: 0.0000554 seconds
2020-10-25T17:29:07.819+0100: 20788.562: Total time for which application threads were stopped: 0.0002124 seconds, Stopping threads took: 0.0000394 seconds
2020-10-25T17:29:07.819+0100: 20788.562: Total time for which application threads were stopped: 0.0002016 seconds, Stopping threads took: 0.0000341 seconds
2020-10-25T17:29:07.903+0100: 20788.646: Total time for which application threads were stopped: 0.0003058 seconds, Stopping threads took: 0.0000610 seconds
2020-10-25T17:29:08.904+0100: 20789.646: Total time for which application threads were stopped: 0.0003527 seconds, Stopping threads took: 0.0000621 seconds
2020-10-25T17:29:26.928+0100: 20807.670: Total time for which application threads were stopped: 0.0002189 seconds, Stopping threads took: 0.0000475 seconds
2020-10-25T17:30:26.501+0100: 20867.243: Total time for which application threads were stopped: 0.0004509 seconds, Stopping threads took: 0.0001070 seconds
2020-10-25T17:30:27.501+0100: 20868.244: Total time for which application threads were stopped: 0.0002767 seconds, Stopping threads took: 0.0000590 seconds
2020-10-25T17:30:32.054+0100: 20872.796: Total time for which application threads were stopped: 0.0002893 seconds, Stopping threads took: 0.0000549 seconds
2020-10-25T17:30:32.573+0100: 20873.316: Total time for which application threads were stopped: 0.0004343 seconds, Stopping threads took: 0.0001206 seconds
2020-10-25T17:30:32.809+0100: 20873.552: Total time for which application threads were stopped: 0.0108289 seconds, Stopping threads took: 0.0103088 seconds
{Heap before GC invocations=58 (full 0):
 garbage-first heap   total 524288K, used 364595K [0x00000000e0000000, 0x00000000e0101000, 0x0000000100000000)
  region size 1024K, 307 young (314368K), 16 survivors (16384K)
 Metaspace       used 57341K, capacity 59936K, committed 60024K, reserved 1101824K
  class space    used 6794K, capacity 7315K, committed 7344K, reserved 1048576K
2020-10-25T17:30:33.007+0100: 20873.750: [GC pause (G1 Evacuation Pause) (young)
Desired survivor size 20447232 bytes, new threshold 15 (max 15)
- age   1:    2080216 bytes,    2080216 total
- age   2:    4323352 bytes,    6403568 total
- age   3:    2786736 bytes,    9190304 total
- age   4:      34120 bytes,    9224424 total
- age   5:      61560 bytes,    9285984 total
- age   6:      86952 bytes,    9372936 total
- age   7:     128216 bytes,    9501152 total
- age   8:    2043768 bytes,   11544920 total
- age   9:    1098312 bytes,   12643232 total
- age  10:      38448 bytes,   12681680 total
- age  11:      62928 bytes,   12744608 total
- age  12:      56616 bytes,   12801224 total
- age  13:      35768 bytes,   12836992 total
- age  14:      63928 bytes,   12900920 total
- age  15:      61512 bytes,   12962432 total
, 0.0255425 secs]
   [Parallel Time: 19.5 ms, GC Workers: 4]
      [GC Worker Start (ms): Min: 20873750.5, Avg: 20873750.5, Max: 20873750.5, Diff: 0.0]
      [Ext Root Scanning (ms): Min: 1.0, Avg: 1.4, Max: 2.0, Diff: 0.9, Sum: 5.5]
      [Update RS (ms): Min: 0.8, Avg: 1.7, Max: 2.9, Diff: 2.1, Sum: 6.6]
         [Processed Buffers: Min: 1, Avg: 10.0, Max: 18, Diff: 17, Sum: 40]
      [Scan RS (ms): Min: 0.0, Avg: 0.1, Max: 0.1, Diff: 0.1, Sum: 0.2]
      [Code Root Scanning (ms): Min: 0.0, Avg: 0.2, Max: 0.3, Diff: 0.3, Sum: 0.7]
      [Object Copy (ms): Min: 15.1, Avg: 16.1, Max: 16.6, Diff: 1.6, Sum: 64.4]
      [Termination (ms): Min: 0.0, Avg: 0.0, Max: 0.0, Diff: 0.0, Sum: 0.0]
         [Termination Attempts: Min: 1, Avg: 1.0, Max: 1, Diff: 0, Sum: 4]
      [GC Worker Other (ms): Min: 0.0, Avg: 0.0, Max: 0.0, Diff: 0.0, Sum: 0.1]
      [GC Worker Total (ms): Min: 19.4, Avg: 19.4, Max: 19.4, Diff: 0.0, Sum: 77.6]
      [GC Worker End (ms): Min: 20873769.9, Avg: 20873769.9, Max: 20873769.9, Diff: 0.0]
   [Code Root Fixup: 0.0 ms]
   [Code Root Purge: 0.0 ms]
   [Clear CT: 0.1 ms]
   [Other: 5.9 ms]
      [Choose CSet: 0.0 ms]
      [Ref Proc: 5.1 ms]
      [Ref Enq: 0.1 ms]
      [Redirty Cards: 0.1 ms]
      [Humongous Register: 0.0 ms]
      [Humongous Reclaim: 0.0 ms]
      [Free CSet: 0.3 ms]
   [Eden: 291.0M(291.0M)->0.0B(288.0M) Survivors: 16.0M->19.0M Heap: 356.1M(512.0M)->68.6M(512.0M)]
Heap after GC invocations=59 (full 0):
 garbage-first heap   total 524288K, used 70270K [0x00000000e0000000, 0x00000000e0101000, 0x0000000100000000)
  region size 1024K, 19 young (19456K), 19 survivors (19456K)
 Metaspace       used 57341K, capacity 59936K, committed 60024K, reserved 1101824K
  class space    used 6794K, capacity 7315K, committed 7344K, reserved 1048576K
}
 [Times: user=0.13 sys=0.00, real=0.03 secs] 
2020-10-25T17:30:33.033+0100: 20873.776: Total time for which application threads were stopped: 0.0653469 seconds, Stopping threads took: 0.0390611 seconds
2020-10-25T17:30:33.034+0100: 20873.777: Total time for which application threads were stopped: 0.0006246 seconds, Stopping threads took: 0.0000885 seconds
2020-10-25T17:30:33.035+0100: 20873.778: Total time for which application threads were stopped: 0.0004218 seconds, Stopping threads took: 0.0001015 seconds
2020-10-25T17:30:33.036+0100: 20873.779: Total time for which application threads were stopped: 0.0004411 seconds, Stopping threads took: 0.0000807 seconds
2020-10-25T17:30:33.229+0100: 20873.972: Total time for which application threads were stopped: 0.0063930 seconds, Stopping threads took: 0.0060489 seconds
2020-10-25T17:30:33.237+0100: 20873.979: Total time for which application threads were stopped: 0.0028259 seconds, Stopping threads took: 0.0024408 seconds
2020-10-25T17:30:33.241+0100: 20873.983: Total time for which application threads were stopped: 0.0004860 seconds, Stopping threads took: 0.0001462 seconds
2020-10-25T17:30:33.604+0100: 20874.347: Total time for which application threads were stopped: 0.0110293 seconds, Stopping threads took: 0.0105588 seconds
2020-10-25T17:30:33.609+0100: 20874.352: Total time for which application threads were stopped: 0.0005254 seconds, Stopping threads took: 0.0000999 seconds
2020-10-25T17:30:33.639+0100: 20874.382: Total time for which application threads were stopped: 0.0268840 seconds, Stopping threads took: 0.0263872 seconds
2020-10-25T17:30:33.655+0100: 20874.397: Total time for which application threads were stopped: 0.0115466 seconds, Stopping threads took: 0.0111934 seconds
2020-10-25T17:30:33.958+0100: 20874.700: Total time for which application threads were stopped: 0.0057130 seconds, Stopping threads took: 0.0053399 seconds
2020-10-25T17:30:33.958+0100: 20874.700: Total time for which application threads were stopped: 0.0004476 seconds, Stopping threads took: 0.0000745 seconds
2020-10-25T17:30:33.959+0100: 20874.701: Total time for which application threads were stopped: 0.0005382 seconds, Stopping threads took: 0.0000673 seconds
2020-10-25T17:30:33.959+0100: 20874.702: Total time for which application threads were stopped: 0.0004905 seconds, Stopping threads took: 0.0000671 seconds
2020-10-25T17:30:33.960+0100: 20874.702: Total time for which application threads were stopped: 0.0005001 seconds, Stopping threads took: 0.0001087 seconds
2020-10-25T17:30:33.960+0100: 20874.703: Total time for which application threads were stopped: 0.0003310 seconds, Stopping threads took: 0.0000591 seconds
2020-10-25T17:30:33.980+0100: 20874.723: Total time for which application threads were stopped: 0.0087890 seconds, Stopping threads took: 0.0083185 seconds
2020-10-25T17:30:33.982+0100: 20874.724: Total time for which application threads were stopped: 0.0005392 seconds, Stopping threads took: 0.0000874 seconds
2020-10-25T17:30:33.983+0100: 20874.725: Total time for which application threads were stopped: 0.0004699 seconds, Stopping threads took: 0.0001260 seconds
2020-10-25T17:30:34.092+0100: 20874.834: Total time for which application threads were stopped: 0.0004672 seconds, Stopping threads took: 0.0001050 seconds
2020-10-25T17:30:34.096+0100: 20874.839: Total time for which application threads were stopped: 0.0003739 seconds, Stopping threads took: 0.0000962 seconds
2020-10-25T17:30:34.099+0100: 20874.841: Total time for which application threads were stopped: 0.0003446 seconds, Stopping threads took: 0.0000777 seconds
2020-10-25T17:30:34.116+0100: 20874.859: Total time for which application threads were stopped: 0.0005177 seconds, Stopping threads took: 0.0000799 seconds
2020-10-25T17:30:34.268+0100: 20875.010: Total time for which application threads were stopped: 0.0011054 seconds, Stopping threads took: 0.0000598 seconds
2020-10-25T17:30:34.269+0100: 20875.011: Total time for which application threads were stopped: 0.0009959 seconds, Stopping threads took: 0.0000504 seconds
2020-10-25T17:30:34.270+0100: 20875.013: Total time for which application threads were stopped: 0.0011931 seconds, Stopping threads took: 0.0000773 seconds
2020-10-25T17:30:34.272+0100: 20875.014: Total time for which application threads were stopped: 0.0010349 seconds, Stopping threads took: 0.0000614 seconds
2020-10-25T17:30:34.273+0100: 20875.015: Total time for which application threads were stopped: 0.0010561 seconds, Stopping threads took: 0.0000549 seconds
2020-10-25T17:30:34.275+0100: 20875.017: Total time for which application threads were stopped: 0.0011618 seconds, Stopping threads took: 0.0000640 seconds
2020-10-25T17:30:34.291+0100: 20875.033: Total time for which application threads were stopped: 0.0012421 seconds, Stopping threads took: 0.0000871 seconds
2020-10-25T17:30:34.294+0100: 20875.036: Total time for which application threads were stopped: 0.0014860 seconds, Stopping threads took: 0.0004227 seconds
2020-10-25T17:30:34.295+0100: 20875.037: Total time for which application threads were stopped: 0.0012831 seconds, Stopping threads took: 0.0000794 seconds
2020-10-25T17:30:34.462+0100: 20875.204: Total time for which application threads were stopped: 0.0002973 seconds, Stopping threads took: 0.0000661 seconds
2020-10-25T17:31:20.853+0100: 20921.596: Total time for which application threads were stopped: 0.0002640 seconds, Stopping threads took: 0.0000602 seconds
2020-10-25T17:31:21.366+0100: 20922.108: Total time for which application threads were stopped: 0.0003867 seconds, Stopping threads took: 0.0000682 seconds
{Heap before GC invocations=59 (full 0):
 garbage-first heap   total 524288K, used 365182K [0x00000000e0000000, 0x00000000e0101000, 0x0000000100000000)
  region size 1024K, 307 young (314368K), 19 survivors (19456K)
 Metaspace       used 57399K, capacity 60000K, committed 60280K, reserved 1101824K
  class space    used 6794K, capacity 7315K, committed 7344K, reserved 1048576K
2020-10-25T17:31:21.503+0100: 20922.246: [GC pause (G1 Evacuation Pause) (young)
Desired survivor size 20447232 bytes, new threshold 15 (max 15)
- age   1:    7034480 bytes,    7034480 total
- age   2:     736152 bytes,    7770632 total
- age   3:     812600 bytes,    8583232 total
- age   4:    1779504 bytes,   10362736 total
- age   5:      33088 bytes,   10395824 total
- age   6:      57864 bytes,   10453688 total
- age   7:      84192 bytes,   10537880 total
- age   8:      49112 bytes,   10586992 total
- age   9:    2022168 bytes,   12609160 total
- age  10:    1098312 bytes,   13707472 total
- age  11:      38448 bytes,   13745920 total
- age  12:      62928 bytes,   13808848 total
- age  13:      56616 bytes,   13865464 total
- age  14:      35768 bytes,   13901232 total
- age  15:      63928 bytes,   13965160 total
, 0.0237915 secs]
   [Parallel Time: 16.1 ms, GC Workers: 4]
      [GC Worker Start (ms): Min: 20922246.1, Avg: 20922246.1, Max: 20922246.1, Diff: 0.0]
      [Ext Root Scanning (ms): Min: 1.0, Avg: 1.3, Max: 2.0, Diff: 1.0, Sum: 5.4]
      [Update RS (ms): Min: 0.5, Avg: 1.0, Max: 1.2, Diff: 0.7, Sum: 4.1]
         [Processed Buffers: Min: 1, Avg: 11.0, Max: 22, Diff: 21, Sum: 44]
      [Scan RS (ms): Min: 0.0, Avg: 0.1, Max: 0.1, Diff: 0.1, Sum: 0.2]
      [Code Root Scanning (ms): Min: 0.0, Avg: 0.2, Max: 0.4, Diff: 0.4, Sum: 0.7]
      [Object Copy (ms): Min: 13.1, Avg: 13.3, Max: 13.6, Diff: 0.5, Sum: 53.4]
      [Termination (ms): Min: 0.0, Avg: 0.0, Max: 0.0, Diff: 0.0, Sum: 0.0]
         [Termination Attempts: Min: 1, Avg: 1.0, Max: 1, Diff: 0, Sum: 4]
      [GC Worker Other (ms): Min: 0.0, Avg: 0.0, Max: 0.0, Diff: 0.0, Sum: 0.1]
      [GC Worker Total (ms): Min: 16.0, Avg: 16.0, Max: 16.0, Diff: 0.0, Sum: 63.9]
      [GC Worker End (ms): Min: 20922262.1, Avg: 20922262.1, Max: 20922262.1, Diff: 0.0]
   [Code Root Fixup: 0.0 ms]
   [Code Root Purge: 0.0 ms]
   [Clear CT: 0.2 ms]
   [Other: 7.5 ms]
      [Choose CSet: 0.0 ms]
      [Ref Proc: 6.8 ms]
      [Ref Enq: 0.1 ms]
      [Redirty Cards: 0.1 ms]
      [Humongous Register: 0.0 ms]
      [Humongous Reclaim: 0.0 ms]
      [Free CSet: 0.3 ms]
   [Eden: 288.0M(288.0M)->0.0B(289.0M) Survivors: 19.0M->18.0M Heap: 356.6M(512.0M)->67.2M(512.0M)]
Heap after GC invocations=60 (full 0):
 garbage-first heap   total 524288K, used 68811K [0x00000000e0000000, 0x00000000e0101000, 0x0000000100000000)
  region size 1024K, 18 young (18432K), 18 survivors (18432K)
 Metaspace       used 57399K, capacity 60000K, committed 60280K, reserved 1101824K
  class space    used 6794K, capacity 7315K, committed 7344K, reserved 1048576K
}
 [Times: user=0.08 sys=0.02, real=0.02 secs] 
2020-10-25T17:31:21.527+0100: 20922.270: Total time for which application threads were stopped: 0.0246532 seconds, Stopping threads took: 0.0000898 seconds
2020-10-25T17:31:21.575+0100: 20922.318: Total time for which application threads were stopped: 0.0016721 seconds, Stopping threads took: 0.0012614 seconds
2020-10-25T17:31:21.806+0100: 20922.549: Total time for which application threads were stopped: 0.0297233 seconds, Stopping threads took: 0.0294029 seconds
2020-10-25T17:31:21.807+0100: 20922.550: Total time for which application threads were stopped: 0.0003907 seconds, Stopping threads took: 0.0000965 seconds
2020-10-25T17:31:21.822+0100: 20922.565: Total time for which application threads were stopped: 0.0139055 seconds, Stopping threads took: 0.0135419 seconds
2020-10-25T17:31:21.822+0100: 20922.565: Total time for which application threads were stopped: 0.0005695 seconds, Stopping threads took: 0.0003328 seconds
2020-10-25T17:31:21.823+0100: 20922.566: Total time for which application threads were stopped: 0.0003451 seconds, Stopping threads took: 0.0000470 seconds
2020-10-25T17:31:21.856+0100: 20922.599: Total time for which application threads were stopped: 0.0119152 seconds, Stopping threads took: 0.0115996 seconds
2020-10-25T17:31:21.875+0100: 20922.618: Total time for which application threads were stopped: 0.0170244 seconds, Stopping threads took: 0.0167590 seconds
{Heap before GC invocations=60 (full 0):
 garbage-first heap   total 524288K, used 364747K [0x00000000e0000000, 0x00000000e0101000, 0x0000000100000000)
  region size 1024K, 307 young (314368K), 18 survivors (18432K)
 Metaspace       used 57402K, capacity 60000K, committed 60280K, reserved 1101824K
  class space    used 6794K, capacity 7315K, committed 7344K, reserved 1048576K
2020-10-25T17:31:22.203+0100: 20922.946: [GC pause (G1 Evacuation Pause) (young)
Desired survivor size 20447232 bytes, new threshold 15 (max 15)
- age   1:    4832600 bytes,    4832600 total
- age   2:    1186384 bytes,    6018984 total
- age   3:      28208 bytes,    6047192 total
- age   4:     365184 bytes,    6412376 total
- age   5:    1778736 bytes,    8191112 total
- age   6:      33088 bytes,    8224200 total
- age   7:      57336 bytes,    8281536 total
- age   8:      69272 bytes,    8350808 total
- age   9:      49056 bytes,    8399864 total
- age  10:    2022088 bytes,   10421952 total
- age  11:    1098312 bytes,   11520264 total
- age  12:      38448 bytes,   11558712 total
- age  13:      62928 bytes,   11621640 total
- age  14:      56616 bytes,   11678256 total
- age  15:      35768 bytes,   11714024 total
, 0.0196770 secs]
   [Parallel Time: 17.5 ms, GC Workers: 4]
      [GC Worker Start (ms): Min: 20922946.2, Avg: 20922946.2, Max: 20922946.2, Diff: 0.0]
      [Ext Root Scanning (ms): Min: 1.1, Avg: 1.4, Max: 2.1, Diff: 1.0, Sum: 5.5]
      [Update RS (ms): Min: 0.3, Avg: 0.9, Max: 1.2, Diff: 0.9, Sum: 3.5]
         [Processed Buffers: Min: 1, Avg: 6.5, Max: 15, Diff: 14, Sum: 26]
      [Scan RS (ms): Min: 0.0, Avg: 0.1, Max: 0.1, Diff: 0.1, Sum: 0.2]
      [Code Root Scanning (ms): Min: 0.0, Avg: 0.1, Max: 0.3, Diff: 0.3, Sum: 0.6]
      [Object Copy (ms): Min: 14.7, Avg: 14.9, Max: 15.1, Diff: 0.4, Sum: 59.8]
      [Termination (ms): Min: 0.0, Avg: 0.0, Max: 0.0, Diff: 0.0, Sum: 0.0]
         [Termination Attempts: Min: 1, Avg: 1.0, Max: 1, Diff: 0, Sum: 4]
      [GC Worker Other (ms): Min: 0.0, Avg: 0.0, Max: 0.0, Diff: 0.0, Sum: 0.1]
      [GC Worker Total (ms): Min: 17.4, Avg: 17.4, Max: 17.4, Diff: 0.0, Sum: 69.7]
      [GC Worker End (ms): Min: 20922963.6, Avg: 20922963.7, Max: 20922963.7, Diff: 0.0]
   [Code Root Fixup: 0.0 ms]
   [Code Root Purge: 0.0 ms]
   [Clear CT: 0.1 ms]
   [Other: 2.0 ms]
      [Choose CSet: 0.0 ms]
      [Ref Proc: 1.2 ms]
      [Ref Enq: 0.1 ms]
      [Redirty Cards: 0.1 ms]
      [Humongous Register: 0.0 ms]
      [Humongous Reclaim: 0.0 ms]
      [Free CSet: 0.3 ms]
   [Eden: 289.0M(289.0M)->0.0B(290.0M) Survivors: 18.0M->17.0M Heap: 356.2M(512.0M)->66.8M(512.0M)]
Heap after GC invocations=61 (full 0):
 garbage-first heap   total 524288K, used 68388K [0x00000000e0000000, 0x00000000e0101000, 0x0000000100000000)
  region size 1024K, 17 young (17408K), 17 survivors (17408K)
 Metaspace       used 57402K, capacity 60000K, committed 60280K, reserved 1101824K
  class space    used 6794K, capacity 7315K, committed 7344K, reserved 1048576K
}
 [Times: user=0.06 sys=0.00, real=0.02 secs] 
2020-10-25T17:31:22.223+0100: 20922.966: Total time for which application threads were stopped: 0.0746078 seconds, Stopping threads took: 0.0541338 seconds
2020-10-25T17:31:22.432+0100: 20923.174: Total time for which application threads were stopped: 0.0091432 seconds, Stopping threads took: 0.0088150 seconds
2020-10-25T17:31:22.444+0100: 20923.186: Total time for which application threads were stopped: 0.0066961 seconds, Stopping threads took: 0.0063389 seconds
2020-10-25T17:31:22.450+0100: 20923.193: Total time for which application threads were stopped: 0.0038414 seconds, Stopping threads took: 0.0034696 seconds
2020-10-25T17:31:22.453+0100: 20923.196: Total time for which application threads were stopped: 0.0004532 seconds, Stopping threads took: 0.0000968 seconds
2020-10-25T17:31:22.804+0100: 20923.546: Total time for which application threads were stopped: 0.0093016 seconds, Stopping threads took: 0.0089478 seconds
2020-10-25T17:31:22.827+0100: 20923.570: Total time for which application threads were stopped: 0.0179786 seconds, Stopping threads took: 0.0176929 seconds
2020-10-25T17:31:22.858+0100: 20923.601: Total time for which application threads were stopped: 0.0238626 seconds, Stopping threads took: 0.0235530 seconds
2020-10-25T17:31:22.884+0100: 20923.626: Total time for which application threads were stopped: 0.0184919 seconds, Stopping threads took: 0.0180657 seconds
2020-10-25T17:31:22.884+0100: 20923.627: Total time for which application threads were stopped: 0.0005554 seconds, Stopping threads took: 0.0002882 seconds
2020-10-25T17:31:22.887+0100: 20923.630: Total time for which application threads were stopped: 0.0012709 seconds, Stopping threads took: 0.0000921 seconds
2020-10-25T17:31:22.891+0100: 20923.634: Total time for which application threads were stopped: 0.0036677 seconds, Stopping threads took: 0.0033282 seconds
2020-10-25T17:31:22.893+0100: 20923.635: Total time for which application threads were stopped: 0.0003538 seconds, Stopping threads took: 0.0000660 seconds
2020-10-25T17:31:22.893+0100: 20923.636: Total time for which application threads were stopped: 0.0005287 seconds, Stopping threads took: 0.0000639 seconds
2020-10-25T17:31:22.894+0100: 20923.637: Total time for which application threads were stopped: 0.0003779 seconds, Stopping threads took: 0.0000574 seconds
2020-10-25T17:31:22.902+0100: 20923.644: Total time for which application threads were stopped: 0.0006556 seconds, Stopping threads took: 0.0000875 seconds
2020-10-25T17:31:22.910+0100: 20923.653: Total time for which application threads were stopped: 0.0003175 seconds, Stopping threads took: 0.0000739 seconds
2020-10-25T17:31:22.912+0100: 20923.655: Total time for which application threads were stopped: 0.0003944 seconds, Stopping threads took: 0.0000849 seconds
2020-10-25T17:31:22.912+0100: 20923.655: Total time for which application threads were stopped: 0.0002824 seconds, Stopping threads took: 0.0000515 seconds
2020-10-25T17:31:23.316+0100: 20924.059: Total time for which application threads were stopped: 0.0002766 seconds, Stopping threads took: 0.0000576 seconds
2020-10-25T17:35:27.134+0100: 21167.876: Total time for which application threads were stopped: 0.0007505 seconds, Stopping threads took: 0.0001780 seconds
2020-10-25T17:36:34.270+0100: 21235.012: Total time for which application threads were stopped: 0.0003387 seconds, Stopping threads took: 0.0000808 seconds
2020-10-25T17:36:34.334+0100: 21235.076: Total time for which application threads were stopped: 0.0002705 seconds, Stopping threads took: 0.0000608 seconds
2020-10-25T17:36:34.924+0100: 21235.667: Total time for which application threads were stopped: 0.0002997 seconds, Stopping threads took: 0.0000834 seconds
2020-10-25T17:36:35.142+0100: 21235.885: Total time for which application threads were stopped: 0.0032558 seconds, Stopping threads took: 0.0026973 seconds
{Heap before GC invocations=61 (full 0):
 garbage-first heap   total 524288K, used 365348K [0x00000000e0000000, 0x00000000e0101000, 0x0000000100000000)
  region size 1024K, 307 young (314368K), 17 survivors (17408K)
 Metaspace       used 57413K, capacity 60000K, committed 60280K, reserved 1101824K
  class space    used 6794K, capacity 7315K, committed 7344K, reserved 1048576K
2020-10-25T17:36:35.277+0100: 21236.019: [GC pause (G1 Evacuation Pause) (young)
Desired survivor size 20447232 bytes, new threshold 15 (max 15)
- age   1:    2994224 bytes,    2994224 total
- age   2:    4682408 bytes,    7676632 total
- age   3:    1184632 bytes,    8861264 total
- age   4:      28168 bytes,    8889432 total
- age   5:     365144 bytes,    9254576 total
- age   6:    1778736 bytes,   11033312 total
- age   7:      33088 bytes,   11066400 total
- age   8:      57336 bytes,   11123736 total
- age   9:      69272 bytes,   11193008 total
- age  10:      49056 bytes,   11242064 total
- age  11:    2022088 bytes,   13264152 total
- age  12:    1098312 bytes,   14362464 total
- age  13:      38448 bytes,   14400912 total
- age  14:      62928 bytes,   14463840 total
- age  15:      56616 bytes,   14520456 total
, 0.0283308 secs]
   [Parallel Time: 19.8 ms, GC Workers: 4]
      [GC Worker Start (ms): Min: 21236019.5, Avg: 21236019.5, Max: 21236019.6, Diff: 0.0]
      [Ext Root Scanning (ms): Min: 1.1, Avg: 1.5, Max: 2.1, Diff: 0.9, Sum: 5.9]
      [Update RS (ms): Min: 0.7, Avg: 1.2, Max: 1.7, Diff: 1.0, Sum: 4.9]
         [Processed Buffers: Min: 3, Avg: 9.8, Max: 16, Diff: 13, Sum: 39]
      [Scan RS (ms): Min: 0.0, Avg: 0.1, Max: 0.1, Diff: 0.1, Sum: 0.2]
      [Code Root Scanning (ms): Min: 0.0, Avg: 0.2, Max: 0.4, Diff: 0.4, Sum: 0.7]
      [Object Copy (ms): Min: 16.5, Avg: 16.8, Max: 16.9, Diff: 0.4, Sum: 67.2]
      [Termination (ms): Min: 0.0, Avg: 0.0, Max: 0.0, Diff: 0.0, Sum: 0.0]
         [Termination Attempts: Min: 1, Avg: 1.0, Max: 1, Diff: 0, Sum: 4]
      [GC Worker Other (ms): Min: 0.0, Avg: 0.0, Max: 0.0, Diff: 0.0, Sum: 0.1]
      [GC Worker Total (ms): Min: 19.7, Avg: 19.8, Max: 19.8, Diff: 0.0, Sum: 79.1]
      [GC Worker End (ms): Min: 21236039.3, Avg: 21236039.3, Max: 21236039.3, Diff: 0.0]
   [Code Root Fixup: 0.0 ms]
   [Code Root Purge: 0.0 ms]
   [Clear CT: 0.1 ms]
   [Other: 8.4 ms]
      [Choose CSet: 0.0 ms]
      [Ref Proc: 7.3 ms]
      [Ref Enq: 0.1 ms]
      [Redirty Cards: 0.3 ms]
      [Humongous Register: 0.0 ms]
      [Humongous Reclaim: 0.0 ms]
      [Free CSet: 0.3 ms]
   [Eden: 290.0M(290.0M)->0.0B(287.0M) Survivors: 17.0M->20.0M Heap: 356.8M(512.0M)->69.9M(512.0M)]
Heap after GC invocations=62 (full 0):
 garbage-first heap   total 524288K, used 71531K [0x00000000e0000000, 0x00000000e0101000, 0x0000000100000000)
  region size 1024K, 20 young (20480K), 20 survivors (20480K)
 Metaspace       used 57413K, capacity 60000K, committed 60280K, reserved 1101824K
  class space    used 6794K, capacity 7315K, committed 7344K, reserved 1048576K
}
 [Times: user=0.06 sys=0.00, real=0.03 secs] 
2020-10-25T17:36:35.306+0100: 21236.048: Total time for which application threads were stopped: 0.0394600 seconds, Stopping threads took: 0.0103218 seconds
2020-10-25T17:36:35.308+0100: 21236.050: Total time for which application threads were stopped: 0.0004328 seconds, Stopping threads took: 0.0000974 seconds
2020-10-25T17:36:35.308+0100: 21236.051: Total time for which application threads were stopped: 0.0003928 seconds, Stopping threads took: 0.0000905 seconds
2020-10-25T17:36:35.309+0100: 21236.052: Total time for which application threads were stopped: 0.0003861 seconds, Stopping threads took: 0.0000823 seconds
2020-10-25T17:36:35.348+0100: 21236.090: Total time for which application threads were stopped: 0.0365999 seconds, Stopping threads took: 0.0362747 seconds
2020-10-25T17:36:35.353+0100: 21236.096: Total time for which application threads were stopped: 0.0007309 seconds, Stopping threads took: 0.0003249 seconds
2020-10-25T17:36:35.521+0100: 21236.263: Total time for which application threads were stopped: 0.0008181 seconds, Stopping threads took: 0.0004190 seconds
2020-10-25T17:36:35.713+0100: 21236.455: Total time for which application threads were stopped: 0.0007315 seconds, Stopping threads took: 0.0002917 seconds
2020-10-25T17:36:35.718+0100: 21236.460: Total time for which application threads were stopped: 0.0011409 seconds, Stopping threads took: 0.0000937 seconds
2020-10-25T17:36:35.827+0100: 21236.570: Total time for which application threads were stopped: 0.0007226 seconds, Stopping threads took: 0.0000996 seconds
2020-10-25T17:36:36.033+0100: 21236.776: Total time for which application threads were stopped: 0.0004234 seconds, Stopping threads took: 0.0000633 seconds
2020-10-25T17:36:36.033+0100: 21236.776: Total time for which application threads were stopped: 0.0002905 seconds, Stopping threads took: 0.0000524 seconds
2020-10-25T17:36:36.034+0100: 21236.776: Total time for which application threads were stopped: 0.0002726 seconds, Stopping threads took: 0.0000506 seconds
2020-10-25T17:36:36.034+0100: 21236.777: Total time for which application threads were stopped: 0.0002504 seconds, Stopping threads took: 0.0000436 seconds
2020-10-25T17:36:36.034+0100: 21236.777: Total time for which application threads were stopped: 0.0002968 seconds, Stopping threads took: 0.0000677 seconds
2020-10-25T17:36:36.035+0100: 21236.777: Total time for which application threads were stopped: 0.0002332 seconds, Stopping threads took: 0.0000603 seconds
2020-10-25T17:36:36.046+0100: 21236.788: Total time for which application threads were stopped: 0.0004226 seconds, Stopping threads took: 0.0001127 seconds
2020-10-25T17:36:36.047+0100: 21236.789: Total time for which application threads were stopped: 0.0004022 seconds, Stopping threads took: 0.0000800 seconds
2020-10-25T17:36:36.047+0100: 21236.790: Total time for which application threads were stopped: 0.0003379 seconds, Stopping threads took: 0.0000692 seconds
2020-10-25T17:36:36.048+0100: 21236.791: Total time for which application threads were stopped: 0.0003787 seconds, Stopping threads took: 0.0001004 seconds
2020-10-25T17:36:36.049+0100: 21236.791: Total time for which application threads were stopped: 0.0003349 seconds, Stopping threads took: 0.0000946 seconds
2020-10-25T17:36:36.076+0100: 21236.818: Total time for which application threads were stopped: 0.0016584 seconds, Stopping threads took: 0.0010453 seconds
2020-10-25T17:36:36.126+0100: 21236.869: Total time for which application threads were stopped: 0.0005447 seconds, Stopping threads took: 0.0002484 seconds
2020-10-25T17:36:36.127+0100: 21236.869: Total time for which application threads were stopped: 0.0002967 seconds, Stopping threads took: 0.0000681 seconds
2020-10-25T17:36:36.127+0100: 21236.870: Total time for which application threads were stopped: 0.0002096 seconds, Stopping threads took: 0.0000447 seconds
2020-10-25T17:36:36.127+0100: 21236.870: Total time for which application threads were stopped: 0.0001981 seconds, Stopping threads took: 0.0000401 seconds
2020-10-25T17:36:36.128+0100: 21236.870: Total time for which application threads were stopped: 0.0002531 seconds, Stopping threads took: 0.0000363 seconds
2020-10-25T17:36:36.128+0100: 21236.870: Total time for which application threads were stopped: 0.0001988 seconds, Stopping threads took: 0.0000419 seconds
2020-10-25T17:36:36.136+0100: 21236.878: Total time for which application threads were stopped: 0.0003868 seconds, Stopping threads took: 0.0001184 seconds
2020-10-25T17:36:36.137+0100: 21236.880: Total time for which application threads were stopped: 0.0003610 seconds, Stopping threads took: 0.0000647 seconds
2020-10-25T17:36:36.138+0100: 21236.880: Total time for which application threads were stopped: 0.0003489 seconds, Stopping threads took: 0.0000750 seconds
2020-10-25T17:36:36.138+0100: 21236.881: Total time for which application threads were stopped: 0.0003282 seconds, Stopping threads took: 0.0000552 seconds
2020-10-25T17:36:36.139+0100: 21236.881: Total time for which application threads were stopped: 0.0003166 seconds, Stopping threads took: 0.0000542 seconds
2020-10-25T17:36:36.297+0100: 21237.040: Total time for which application threads were stopped: 0.0003068 seconds, Stopping threads took: 0.0000627 seconds
2020-10-25T17:36:42.300+0100: 21243.043: Total time for which application threads were stopped: 0.0002596 seconds, Stopping threads took: 0.0000570 seconds
2020-10-25T17:36:43.082+0100: 21243.825: Total time for which application threads were stopped: 0.0003626 seconds, Stopping threads took: 0.0000557 seconds
2020-10-25T17:36:43.178+0100: 21243.921: Total time for which application threads were stopped: 0.0004068 seconds, Stopping threads took: 0.0000914 seconds
2020-10-25T17:36:43.178+0100: 21243.921: Total time for which application threads were stopped: 0.0003179 seconds, Stopping threads took: 0.0000756 seconds
2020-10-25T17:36:43.179+0100: 21243.921: Total time for which application threads were stopped: 0.0003034 seconds, Stopping threads took: 0.0000536 seconds
2020-10-25T17:36:43.179+0100: 21243.922: Total time for which application threads were stopped: 0.0003322 seconds, Stopping threads took: 0.0001296 seconds
2020-10-25T17:36:43.179+0100: 21243.922: Total time for which application threads were stopped: 0.0002272 seconds, Stopping threads took: 0.0000383 seconds
2020-10-25T17:36:43.181+0100: 21243.924: Total time for which application threads were stopped: 0.0002873 seconds, Stopping threads took: 0.0000480 seconds
2020-10-25T17:36:43.182+0100: 21243.925: Total time for which application threads were stopped: 0.0007617 seconds, Stopping threads took: 0.0000410 seconds
2020-10-25T17:36:43.243+0100: 21243.986: Total time for which application threads were stopped: 0.0003565 seconds, Stopping threads took: 0.0000632 seconds
2020-10-25T17:37:44.808+0100: 21305.553: Total time for which application threads were stopped: 0.0006701 seconds, Stopping threads took: 0.0000570 seconds
2020-10-25T17:37:44.808+0100: 21305.559: Total time for which application threads were stopped: 0.0002103 seconds, Stopping threads took: 0.0000536 seconds
2020-10-25T17:37:45.333+0100: 21306.076: Total time for which application threads were stopped: 0.0003516 seconds, Stopping threads took: 0.0000684 seconds
{Heap before GC invocations=62 (full 0):
 garbage-first heap   total 524288K, used 365419K [0x00000000e0000000, 0x00000000e0101000, 0x0000000100000000)
  region size 1024K, 307 young (314368K), 20 survivors (20480K)
 Metaspace       used 57433K, capacity 60000K, committed 60280K, reserved 1101824K
  class space    used 6794K, capacity 7315K, committed 7344K, reserved 1048576K
2020-10-25T17:37:45.543+0100: 21306.286: [GC pause (G1 Evacuation Pause) (young)
Desired survivor size 20447232 bytes, new threshold 15 (max 15)
- age   1:    7133120 bytes,    7133120 total
- age   2:     792368 bytes,    7925488 total
- age   3:     470968 bytes,    8396456 total
- age   4:     189504 bytes,    8585960 total
- age   5:      27992 bytes,    8613952 total
- age   6:     362304 bytes,    8976256 total
- age   7:    1778736 bytes,   10754992 total
- age   8:      33088 bytes,   10788080 total
- age   9:      57336 bytes,   10845416 total
- age  10:      69272 bytes,   10914688 total
- age  11:      49056 bytes,   10963744 total
- age  12:    2022088 bytes,   12985832 total
- age  13:    1098312 bytes,   14084144 total
- age  14:      38448 bytes,   14122592 total
- age  15:      62928 bytes,   14185520 total
, 0.0279849 secs]
   [Parallel Time: 20.5 ms, GC Workers: 4]
      [GC Worker Start (ms): Min: 21306286.1, Avg: 21306286.9, Max: 21306289.3, Diff: 3.1]
      [Ext Root Scanning (ms): Min: 0.0, Avg: 1.2, Max: 2.0, Diff: 2.0, Sum: 4.9]
      [Update RS (ms): Min: 0.2, Avg: 1.3, Max: 1.8, Diff: 1.6, Sum: 5.1]
         [Processed Buffers: Min: 3, Avg: 10.0, Max: 17, Diff: 14, Sum: 40]
      [Scan RS (ms): Min: 0.0, Avg: 0.1, Max: 0.1, Diff: 0.1, Sum: 0.2]
      [Code Root Scanning (ms): Min: 0.0, Avg: 0.1, Max: 0.5, Diff: 0.5, Sum: 0.6]
      [Object Copy (ms): Min: 16.5, Avg: 16.9, Max: 17.2, Diff: 0.7, Sum: 67.5]
      [Termination (ms): Min: 0.0, Avg: 0.1, Max: 0.1, Diff: 0.1, Sum: 0.2]
         [Termination Attempts: Min: 1, Avg: 1.0, Max: 1, Diff: 0, Sum: 4]
      [GC Worker Other (ms): Min: 0.0, Avg: 0.0, Max: 0.0, Diff: 0.0, Sum: 0.1]
      [GC Worker Total (ms): Min: 17.2, Avg: 19.6, Max: 20.4, Diff: 3.2, Sum: 78.5]
      [GC Worker End (ms): Min: 21306306.5, Avg: 21306306.5, Max: 21306306.6, Diff: 0.1]
   [Code Root Fixup: 0.0 ms]
   [Code Root Purge: 0.0 ms]
   [Clear CT: 0.1 ms]
   [Other: 7.3 ms]
      [Choose CSet: 0.0 ms]
      [Ref Proc: 6.6 ms]
      [Ref Enq: 0.1 ms]
      [Redirty Cards: 0.1 ms]
      [Humongous Register: 0.0 ms]
      [Humongous Reclaim: 0.0 ms]
      [Free CSet: 0.3 ms]
   [Eden: 287.0M(287.0M)->0.0B(288.0M) Survivors: 20.0M->19.0M Heap: 356.9M(512.0M)->68.4M(512.0M)]
Heap after GC invocations=63 (full 0):
 garbage-first heap   total 524288K, used 70078K [0x00000000e0000000, 0x00000000e0101000, 0x0000000100000000)
  region size 1024K, 19 young (19456K), 19 survivors (19456K)
 Metaspace       used 57433K, capacity 60000K, committed 60280K, reserved 1101824K
  class space    used 6794K, capacity 7315K, committed 7344K, reserved 1048576K
}
 [Times: user=0.05 sys=0.00, real=0.03 secs] 
2020-10-25T17:37:45.568+0100: 21306.314: Total time for which application threads were stopped: 0.0289983 seconds, Stopping threads took: 0.0001702 seconds
2020-10-25T17:37:45.618+0100: 21306.364: Total time for which application threads were stopped: 0.0009163 seconds, Stopping threads took: 0.0005520 seconds
2020-10-25T17:37:45.896+0100: 21306.639: Total time for which application threads were stopped: 0.0028689 seconds, Stopping threads took: 0.0025675 seconds
2020-10-25T17:37:45.898+0100: 21306.642: Total time for which application threads were stopped: 0.0004647 seconds, Stopping threads took: 0.0001550 seconds
2020-10-25T17:37:45.898+0100: 21306.643: Total time for which application threads were stopped: 0.0005180 seconds, Stopping threads took: 0.0001969 seconds
2020-10-25T17:37:45.898+0100: 21306.644: Total time for which application threads were stopped: 0.0003788 seconds, Stopping threads took: 0.0000520 seconds
2020-10-25T17:37:45.898+0100: 21306.645: Total time for which application threads were stopped: 0.0003246 seconds, Stopping threads took: 0.0000446 seconds
2020-10-25T17:37:45.933+0100: 21306.676: Total time for which application threads were stopped: 0.0300950 seconds, Stopping threads took: 0.0297774 seconds
2020-10-25T17:37:45.939+0100: 21306.681: Total time for which application threads were stopped: 0.0005682 seconds, Stopping threads took: 0.0002065 seconds
{Heap before GC invocations=63 (full 0):
 garbage-first heap   total 524288K, used 364990K [0x00000000e0000000, 0x00000000e0101000, 0x0000000100000000)
  region size 1024K, 307 young (314368K), 19 survivors (19456K)
 Metaspace       used 57433K, capacity 60000K, committed 60280K, reserved 1101824K
  class space    used 6794K, capacity 7315K, committed 7344K, reserved 1048576K
2020-10-25T17:37:46.172+0100: 21306.917: [GC pause (G1 Evacuation Pause) (young)
Desired survivor size 20447232 bytes, new threshold 15 (max 15)
- age   1:    4840136 bytes,    4840136 total
- age   2:    1053240 bytes,    5893376 total
- age   3:      29304 bytes,    5922680 total
- age   4:      85880 bytes,    6008560 total
- age   5:     189192 bytes,    6197752 total
- age   6:      27992 bytes,    6225744 total
- age   7:     357272 bytes,    6583016 total
- age   8:    1778312 bytes,    8361328 total
- age   9:      33088 bytes,    8394416 total
- age  10:      57248 bytes,    8451664 total
- age  11:      69272 bytes,    8520936 total
- age  12:      49056 bytes,    8569992 total
- age  13:    2022088 bytes,   10592080 total
- age  14:    1098312 bytes,   11690392 total
- age  15:      38448 bytes,   11728840 total
, 0.0206207 secs]
   [Parallel Time: 18.7 ms, GC Workers: 4]
      [GC Worker Start (ms): Min: 21306917.1, Avg: 21306917.1, Max: 21306917.2, Diff: 0.0]
      [Ext Root Scanning (ms): Min: 1.3, Avg: 1.7, Max: 2.4, Diff: 1.1, Sum: 6.6]
      [Update RS (ms): Min: 0.2, Avg: 0.9, Max: 1.4, Diff: 1.2, Sum: 3.8]
         [Processed Buffers: Min: 2, Avg: 7.3, Max: 16, Diff: 14, Sum: 29]
      [Scan RS (ms): Min: 0.0, Avg: 0.1, Max: 0.1, Diff: 0.1, Sum: 0.2]
      [Code Root Scanning (ms): Min: 0.0, Avg: 0.1, Max: 0.3, Diff: 0.3, Sum: 0.6]
      [Object Copy (ms): Min: 15.6, Avg: 15.8, Max: 15.9, Diff: 0.3, Sum: 63.1]
      [Termination (ms): Min: 0.0, Avg: 0.0, Max: 0.0, Diff: 0.0, Sum: 0.0]
         [Termination Attempts: Min: 1, Avg: 1.0, Max: 1, Diff: 0, Sum: 4]
      [GC Worker Other (ms): Min: 0.0, Avg: 0.0, Max: 0.0, Diff: 0.0, Sum: 0.1]
      [GC Worker Total (ms): Min: 18.6, Avg: 18.6, Max: 18.6, Diff: 0.0, Sum: 74.5]
      [GC Worker End (ms): Min: 21306935.8, Avg: 21306935.8, Max: 21306935.8, Diff: 0.0]
   [Code Root Fixup: 0.0 ms]
   [Code Root Purge: 0.0 ms]
   [Clear CT: 0.1 ms]
   [Other: 1.7 ms]
      [Choose CSet: 0.0 ms]
      [Ref Proc: 1.0 ms]
      [Ref Enq: 0.1 ms]
      [Redirty Cards: 0.1 ms]
      [Humongous Register: 0.0 ms]
      [Humongous Reclaim: 0.0 ms]
      [Free CSet: 0.3 ms]
   [Eden: 288.0M(288.0M)->0.0B(289.0M) Survivors: 19.0M->18.0M Heap: 356.4M(512.0M)->67.5M(512.0M)]
Heap after GC invocations=64 (full 0):
 garbage-first heap   total 524288K, used 69149K [0x00000000e0000000, 0x00000000e0101000, 0x0000000100000000)
  region size 1024K, 18 young (18432K), 18 survivors (18432K)
 Metaspace       used 57433K, capacity 60000K, committed 60280K, reserved 1101824K
  class space    used 6794K, capacity 7315K, committed 7344K, reserved 1048576K
}
 [Times: user=0.06 sys=0.00, real=0.02 secs] 
2020-10-25T17:37:46.192+0100: 21306.938: Total time for which application threads were stopped: 0.0343579 seconds, Stopping threads took: 0.0130096 seconds
2020-10-25T17:37:46.557+0100: 21307.300: Total time for which application threads were stopped: 0.0004331 seconds, Stopping threads took: 0.0000990 seconds
2020-10-25T17:37:46.562+0100: 21307.305: Total time for which application threads were stopped: 0.0004049 seconds, Stopping threads took: 0.0000913 seconds
2020-10-25T17:37:46.564+0100: 21307.307: Total time for which application threads were stopped: 0.0003829 seconds, Stopping threads took: 0.0000846 seconds
2020-10-25T17:37:46.641+0100: 21307.384: Total time for which application threads were stopped: 0.0011318 seconds, Stopping threads took: 0.0006002 seconds
2020-10-25T17:37:46.746+0100: 21307.488: Total time for which application threads were stopped: 0.0033156 seconds, Stopping threads took: 0.0027241 seconds
2020-10-25T17:37:46.746+0100: 21307.489: Total time for which application threads were stopped: 0.0003121 seconds, Stopping threads took: 0.0000803 seconds
2020-10-25T17:37:46.747+0100: 21307.489: Total time for which application threads were stopped: 0.0002990 seconds, Stopping threads took: 0.0000646 seconds
2020-10-25T17:37:46.747+0100: 21307.490: Total time for which application threads were stopped: 0.0002671 seconds, Stopping threads took: 0.0000577 seconds
2020-10-25T17:37:46.747+0100: 21307.490: Total time for which application threads were stopped: 0.0003218 seconds, Stopping threads took: 0.0000591 seconds
2020-10-25T17:37:46.750+0100: 21307.493: Total time for which application threads were stopped: 0.0026119 seconds, Stopping threads took: 0.0023448 seconds
2020-10-25T17:37:46.768+0100: 21307.511: Total time for which application threads were stopped: 0.0017141 seconds, Stopping threads took: 0.0014153 seconds
2020-10-25T17:37:46.771+0100: 21307.514: Total time for which application threads were stopped: 0.0014039 seconds, Stopping threads took: 0.0010613 seconds
2020-10-25T17:37:46.771+0100: 21307.514: Total time for which application threads were stopped: 0.0002974 seconds, Stopping threads took: 0.0000676 seconds
2020-10-25T17:37:46.819+0100: 21307.562: Total time for which application threads were stopped: 0.0003407 seconds, Stopping threads took: 0.0000615 seconds
2020-10-25T17:37:46.823+0100: 21307.566: Total time for which application threads were stopped: 0.0003273 seconds, Stopping threads took: 0.0000682 seconds
2020-10-25T17:37:46.825+0100: 21307.568: Total time for which application threads were stopped: 0.0003669 seconds, Stopping threads took: 0.0000723 seconds
2020-10-25T17:37:46.886+0100: 21307.629: Total time for which application threads were stopped: 0.0003966 seconds, Stopping threads took: 0.0000767 seconds
2020-10-25T17:37:46.929+0100: 21307.672: Total time for which application threads were stopped: 0.0003674 seconds, Stopping threads took: 0.0000943 seconds
2020-10-25T17:37:46.929+0100: 21307.672: Total time for which application threads were stopped: 0.0003274 seconds, Stopping threads took: 0.0000682 seconds
2020-10-25T17:37:46.930+0100: 21307.672: Total time for which application threads were stopped: 0.0002843 seconds, Stopping threads took: 0.0000461 seconds
2020-10-25T17:37:46.930+0100: 21307.673: Total time for which application threads were stopped: 0.0002811 seconds, Stopping threads took: 0.0000660 seconds
2020-10-25T17:37:46.930+0100: 21307.673: Total time for which application threads were stopped: 0.0002479 seconds, Stopping threads took: 0.0000403 seconds
2020-10-25T17:37:46.931+0100: 21307.673: Total time for which application threads were stopped: 0.0002610 seconds, Stopping threads took: 0.0000508 seconds
2020-10-25T17:37:46.938+0100: 21307.681: Total time for which application threads were stopped: 0.0003358 seconds, Stopping threads took: 0.0000719 seconds
2020-10-25T17:37:46.940+0100: 21307.683: Total time for which application threads were stopped: 0.0003814 seconds, Stopping threads took: 0.0001094 seconds
2020-10-25T17:37:46.941+0100: 21307.683: Total time for which application threads were stopped: 0.0003296 seconds, Stopping threads took: 0.0000785 seconds
2020-10-25T17:37:47.010+0100: 21307.753: Total time for which application threads were stopped: 0.0002684 seconds, Stopping threads took: 0.0000653 seconds
2020-10-25T17:38:38.540+0100: 21359.282: Total time for which application threads were stopped: 0.0003826 seconds, Stopping threads took: 0.0000974 seconds
2020-10-25T17:38:38.972+0100: 21359.715: Total time for which application threads were stopped: 0.0004847 seconds, Stopping threads took: 0.0001328 seconds
2020-10-25T17:38:39.176+0100: 21359.919: Total time for which application threads were stopped: 0.0008655 seconds, Stopping threads took: 0.0005308 seconds
2020-10-25T17:38:39.349+0100: 21360.092: Total time for which application threads were stopped: 0.0011833 seconds, Stopping threads took: 0.0008481 seconds
2020-10-25T17:38:39.350+0100: 21360.093: Total time for which application threads were stopped: 0.0004800 seconds, Stopping threads took: 0.0000962 seconds
2020-10-25T17:38:39.361+0100: 21360.104: Total time for which application threads were stopped: 0.0015016 seconds, Stopping threads took: 0.0001171 seconds
2020-10-25T17:38:39.363+0100: 21360.106: Total time for which application threads were stopped: 0.0004602 seconds, Stopping threads took: 0.0001216 seconds
2020-10-25T17:38:39.367+0100: 21360.110: Total time for which application threads were stopped: 0.0020296 seconds, Stopping threads took: 0.0015488 seconds
{Heap before GC invocations=64 (full 0):
 garbage-first heap   total 524288K, used 365085K [0x00000000e0000000, 0x00000000e0101000, 0x0000000100000000)
  region size 1024K, 307 young (314368K), 18 survivors (18432K)
 Metaspace       used 57447K, capacity 60000K, committed 60280K, reserved 1101824K
  class space    used 6794K, capacity 7315K, committed 7344K, reserved 1048576K
2020-10-25T17:38:39.405+0100: 21360.148: [GC pause (G1 Evacuation Pause) (young)
Desired survivor size 20447232 bytes, new threshold 15 (max 15)
- age   1:    2773584 bytes,    2773584 total
- age   2:    4693408 bytes,    7466992 total
- age   3:    1051464 bytes,    8518456 total
- age   4:      29224 bytes,    8547680 total
- age   5:      85856 bytes,    8633536 total
- age   6:     189192 bytes,    8822728 total
- age   7:      27992 bytes,    8850720 total
- age   8:     356464 bytes,    9207184 total
- age   9:    1778312 bytes,   10985496 total
- age  10:      33088 bytes,   11018584 total
- age  11:      57248 bytes,   11075832 total
- age  12:      69272 bytes,   11145104 total
- age  13:      49056 bytes,   11194160 total
- age  14:    2022088 bytes,   13216248 total
- age  15:    1098312 bytes,   14314560 total
, 0.0269078 secs]
   [Parallel Time: 19.1 ms, GC Workers: 4]
      [GC Worker Start (ms): Min: 21360148.3, Avg: 21360148.3, Max: 21360148.4, Diff: 0.0]
      [Ext Root Scanning (ms): Min: 1.3, Avg: 1.6, Max: 2.2, Diff: 1.0, Sum: 6.4]
      [Update RS (ms): Min: 0.6, Avg: 1.2, Max: 1.5, Diff: 0.9, Sum: 4.7]
         [Processed Buffers: Min: 2, Avg: 11.0, Max: 19, Diff: 17, Sum: 44]
      [Scan RS (ms): Min: 0.0, Avg: 0.1, Max: 0.1, Diff: 0.1, Sum: 0.3]
      [Code Root Scanning (ms): Min: 0.0, Avg: 0.2, Max: 0.4, Diff: 0.4, Sum: 0.7]
      [Object Copy (ms): Min: 15.7, Avg: 15.9, Max: 16.2, Diff: 0.5, Sum: 63.7]
      [Termination (ms): Min: 0.0, Avg: 0.0, Max: 0.0, Diff: 0.0, Sum: 0.0]
         [Termination Attempts: Min: 1, Avg: 1.0, Max: 1, Diff: 0, Sum: 4]
      [GC Worker Other (ms): Min: 0.0, Avg: 0.0, Max: 0.0, Diff: 0.0, Sum: 0.1]
      [GC Worker Total (ms): Min: 19.0, Avg: 19.0, Max: 19.0, Diff: 0.0, Sum: 76.0]
      [GC Worker End (ms): Min: 21360167.3, Avg: 21360167.3, Max: 21360167.3, Diff: 0.0]
   [Code Root Fixup: 0.0 ms]
   [Code Root Purge: 0.0 ms]
   [Clear CT: 0.2 ms]
   [Other: 7.6 ms]
      [Choose CSet: 0.0 ms]
      [Ref Proc: 6.8 ms]
      [Ref Enq: 0.1 ms]
      [Redirty Cards: 0.1 ms]
      [Humongous Register: 0.0 ms]
      [Humongous Reclaim: 0.0 ms]
      [Free CSet: 0.4 ms]
   [Eden: 289.0M(289.0M)->0.0B(288.0M) Survivors: 18.0M->19.0M Heap: 356.5M(512.0M)->70.1M(512.0M)]
Heap after GC invocations=65 (full 0):
 garbage-first heap   total 524288K, used 71787K [0x00000000e0000000, 0x00000000e0101000, 0x0000000100000000)
  region size 1024K, 19 young (19456K), 19 survivors (19456K)
 Metaspace       used 57447K, capacity 60000K, committed 60280K, reserved 1101824K
  class space    used 6794K, capacity 7315K, committed 7344K, reserved 1048576K
}
 [Times: user=0.06 sys=0.02, real=0.03 secs] 
2020-10-25T17:38:39.432+0100: 21360.175: Total time for which application threads were stopped: 0.0446349 seconds, Stopping threads took: 0.0170826 seconds
2020-10-25T17:38:39.562+0100: 21360.305: Total time for which application threads were stopped: 0.0019860 seconds, Stopping threads took: 0.0016332 seconds
2020-10-25T17:38:39.563+0100: 21360.306: Total time for which application threads were stopped: 0.0006171 seconds, Stopping threads took: 0.0001702 seconds
2020-10-25T17:38:39.820+0100: 21360.563: Total time for which application threads were stopped: 0.0169328 seconds, Stopping threads took: 0.0164741 seconds
2020-10-25T17:38:39.825+0100: 21360.568: Total time for which application threads were stopped: 0.0009463 seconds, Stopping threads took: 0.0006004 seconds
2020-10-25T17:38:39.829+0100: 21360.572: Total time for which application threads were stopped: 0.0005890 seconds, Stopping threads took: 0.0003211 seconds
2020-10-25T17:38:39.890+0100: 21360.632: Total time for which application threads were stopped: 0.0007670 seconds, Stopping threads took: 0.0003149 seconds
2020-10-25T17:38:40.132+0100: 21360.875: Total time for which application threads were stopped: 0.0004468 seconds, Stopping threads took: 0.0000798 seconds
2020-10-25T17:38:40.172+0100: 21360.915: Total time for which application threads were stopped: 0.0044636 seconds, Stopping threads took: 0.0041124 seconds
2020-10-25T17:38:40.173+0100: 21360.915: Total time for which application threads were stopped: 0.0003934 seconds, Stopping threads took: 0.0000641 seconds
2020-10-25T17:38:40.175+0100: 21360.917: Total time for which application threads were stopped: 0.0012350 seconds, Stopping threads took: 0.0009542 seconds
2020-10-25T17:38:40.175+0100: 21360.918: Total time for which application threads were stopped: 0.0003439 seconds, Stopping threads took: 0.0000631 seconds
2020-10-25T17:38:40.175+0100: 21360.918: Total time for which application threads were stopped: 0.0002275 seconds, Stopping threads took: 0.0000492 seconds
2020-10-25T17:38:40.177+0100: 21360.919: Total time for which application threads were stopped: 0.0004601 seconds, Stopping threads took: 0.0000656 seconds
2020-10-25T17:38:40.178+0100: 21360.920: Total time for which application threads were stopped: 0.0003661 seconds, Stopping threads took: 0.0000755 seconds
2020-10-25T17:38:40.188+0100: 21360.931: Total time for which application threads were stopped: 0.0058046 seconds, Stopping threads took: 0.0055039 seconds
2020-10-25T17:38:40.192+0100: 21360.934: Total time for which application threads were stopped: 0.0003393 seconds, Stopping threads took: 0.0000642 seconds
2020-10-25T17:38:40.200+0100: 21360.943: Total time for which application threads were stopped: 0.0003743 seconds, Stopping threads took: 0.0000962 seconds
2020-10-25T17:38:40.202+0100: 21360.945: Total time for which application threads were stopped: 0.0004557 seconds, Stopping threads took: 0.0000646 seconds
2020-10-25T17:38:40.203+0100: 21360.945: Total time for which application threads were stopped: 0.0003188 seconds, Stopping threads took: 0.0000473 seconds
2020-10-25T17:38:40.350+0100: 21361.093: Total time for which application threads were stopped: 0.0003571 seconds, Stopping threads took: 0.0000552 seconds
2020-10-25T17:38:40.351+0100: 21361.093: Total time for which application threads were stopped: 0.0002208 seconds, Stopping threads took: 0.0000420 seconds
2020-10-25T17:38:40.351+0100: 21361.094: Total time for which application threads were stopped: 0.0002931 seconds, Stopping threads took: 0.0000924 seconds
2020-10-25T17:38:40.351+0100: 21361.094: Total time for which application threads were stopped: 0.0002267 seconds, Stopping threads took: 0.0000650 seconds
2020-10-25T17:38:40.352+0100: 21361.094: Total time for which application threads were stopped: 0.0002330 seconds, Stopping threads took: 0.0000392 seconds
2020-10-25T17:38:40.352+0100: 21361.094: Total time for which application threads were stopped: 0.0002305 seconds, Stopping threads took: 0.0000623 seconds
2020-10-25T17:38:40.362+0100: 21361.104: Total time for which application threads were stopped: 0.0003686 seconds, Stopping threads took: 0.0000897 seconds
2020-10-25T17:38:40.363+0100: 21361.106: Total time for which application threads were stopped: 0.0002976 seconds, Stopping threads took: 0.0000501 seconds
2020-10-25T17:38:40.365+0100: 21361.107: Total time for which application threads were stopped: 0.0012209 seconds, Stopping threads took: 0.0009393 seconds
2020-10-25T17:38:40.563+0100: 21361.306: Total time for which application threads were stopped: 0.0002935 seconds, Stopping threads took: 0.0000582 seconds
2020-10-25T17:38:43.595+0100: 21364.337: Total time for which application threads were stopped: 0.0003773 seconds, Stopping threads took: 0.0000553 seconds
2020-10-25T17:38:44.837+0100: 21365.579: Total time for which application threads were stopped: 0.0003275 seconds, Stopping threads took: 0.0000576 seconds
2020-10-25T17:38:44.837+0100: 21365.580: Total time for which application threads were stopped: 0.0002359 seconds, Stopping threads took: 0.0000394 seconds
2020-10-25T17:38:44.838+0100: 21365.580: Total time for which application threads were stopped: 0.0002966 seconds, Stopping threads took: 0.0000381 seconds
2020-10-25T17:38:44.838+0100: 21365.581: Total time for which application threads were stopped: 0.0002401 seconds, Stopping threads took: 0.0000381 seconds
2020-10-25T17:38:44.838+0100: 21365.581: Total time for which application threads were stopped: 0.0002247 seconds, Stopping threads took: 0.0000398 seconds
2020-10-25T17:38:44.840+0100: 21365.583: Total time for which application threads were stopped: 0.0003293 seconds, Stopping threads took: 0.0000585 seconds
2020-10-25T17:38:44.840+0100: 21365.583: Total time for which application threads were stopped: 0.0002593 seconds, Stopping threads took: 0.0000416 seconds
2020-10-25T17:38:44.841+0100: 21365.583: Total time for which application threads were stopped: 0.0002725 seconds, Stopping threads took: 0.0000401 seconds
2020-10-25T17:38:44.841+0100: 21365.584: Total time for which application threads were stopped: 0.0002434 seconds, Stopping threads took: 0.0000374 seconds
2020-10-25T17:38:44.841+0100: 21365.584: Total time for which application threads were stopped: 0.0002416 seconds, Stopping threads took: 0.0000369 seconds
2020-10-25T17:38:44.842+0100: 21365.584: Total time for which application threads were stopped: 0.0002818 seconds, Stopping threads took: 0.0000435 seconds
2020-10-25T17:38:44.842+0100: 21365.585: Total time for which application threads were stopped: 0.0004066 seconds, Stopping threads took: 0.0000424 seconds
2020-10-25T17:38:44.843+0100: 21365.586: Total time for which application threads were stopped: 0.0004294 seconds, Stopping threads took: 0.0000485 seconds
2020-10-25T17:38:44.876+0100: 21365.618: Total time for which application threads were stopped: 0.0003483 seconds, Stopping threads took: 0.0000669 seconds
2020-10-25T17:38:45.878+0100: 21366.621: Total time for which application threads were stopped: 0.0003888 seconds, Stopping threads took: 0.0000986 seconds
2020-10-25T17:40:27.710+0100: 21468.452: Total time for which application threads were stopped: 0.0003833 seconds, Stopping threads took: 0.0000846 seconds
2020-10-25T17:41:27.872+0100: 21528.614: Total time for which application threads were stopped: 0.0003230 seconds, Stopping threads took: 0.0000593 seconds
2020-10-25T17:41:35.184+0100: 21535.932: Total time for which application threads were stopped: 0.0002943 seconds, Stopping threads took: 0.0000604 seconds
2020-10-25T17:41:35.674+0100: 21536.425: Total time for which application threads were stopped: 0.0002331 seconds, Stopping threads took: 0.0000632 seconds
{Heap before GC invocations=65 (full 0):
 garbage-first heap   total 524288K, used 366699K [0x00000000e0000000, 0x00000000e0101000, 0x0000000100000000)
  region size 1024K, 307 young (314368K), 19 survivors (19456K)
 Metaspace       used 57482K, capacity 60072K, committed 60280K, reserved 1101824K
  class space    used 6794K, capacity 7315K, committed 7344K, reserved 1048576K
2020-10-25T17:41:35.784+0100: 21536.531: [GC pause (G1 Evacuation Pause) (young)
Desired survivor size 20447232 bytes, new threshold 15 (max 15)
- age   1:    6937624 bytes,    6937624 total
- age   2:     807472 bytes,    7745096 total
- age   3:     438288 bytes,    8183384 total
- age   4:      84104 bytes,    8267488 total
- age   5:      29120 bytes,    8296608 total
- age   6:      85720 bytes,    8382328 total
- age   7:     189192 bytes,    8571520 total
- age   8:      27992 bytes,    8599512 total
- age   9:     352528 bytes,    8952040 total
- age  10:    1778312 bytes,   10730352 total
- age  11:      33088 bytes,   10763440 total
- age  12:      57248 bytes,   10820688 total
- age  13:      69272 bytes,   10889960 total
- age  14:      49056 bytes,   10939016 total
- age  15:    2022088 bytes,   12961104 total
, 0.0238541 secs]
   [Parallel Time: 16.6 ms, GC Workers: 4]
      [GC Worker Start (ms): Min: 21536531.2, Avg: 21536531.2, Max: 21536531.2, Diff: 0.0]
      [Ext Root Scanning (ms): Min: 1.1, Avg: 1.4, Max: 1.6, Diff: 0.5, Sum: 5.4]
      [Update RS (ms): Min: 1.7, Avg: 1.9, Max: 2.0, Diff: 0.3, Sum: 7.7]
         [Processed Buffers: Min: 8, Avg: 12.5, Max: 17, Diff: 9, Sum: 50]
      [Scan RS (ms): Min: 0.0, Avg: 0.1, Max: 0.1, Diff: 0.0, Sum: 0.2]
      [Code Root Scanning (ms): Min: 0.0, Avg: 0.2, Max: 0.3, Diff: 0.3, Sum: 0.7]
      [Object Copy (ms): Min: 12.7, Avg: 13.0, Max: 13.2, Diff: 0.5, Sum: 51.8]
      [Termination (ms): Min: 0.0, Avg: 0.0, Max: 0.0, Diff: 0.0, Sum: 0.0]
         [Termination Attempts: Min: 1, Avg: 1.0, Max: 1, Diff: 0, Sum: 4]
      [GC Worker Other (ms): Min: 0.0, Avg: 0.0, Max: 0.0, Diff: 0.0, Sum: 0.1]
      [GC Worker Total (ms): Min: 16.5, Avg: 16.5, Max: 16.5, Diff: 0.0, Sum: 66.0]
      [GC Worker End (ms): Min: 21536547.7, Avg: 21536547.7, Max: 21536547.7, Diff: 0.0]
   [Code Root Fixup: 0.0 ms]
   [Code Root Purge: 0.0 ms]
   [Clear CT: 0.2 ms]
   [Other: 7.1 ms]
      [Choose CSet: 0.0 ms]
      [Ref Proc: 6.1 ms]
      [Ref Enq: 0.1 ms]
      [Redirty Cards: 0.1 ms]
      [Humongous Register: 0.0 ms]
      [Humongous Reclaim: 0.0 ms]
      [Free CSet: 0.4 ms]
   [Eden: 288.0M(288.0M)->0.0B(292.0M) Survivors: 19.0M->15.0M Heap: 358.1M(512.0M)->68.5M(512.0M)]
Heap after GC invocations=66 (full 0):
 garbage-first heap   total 524288K, used 70136K [0x00000000e0000000, 0x00000000e0101000, 0x0000000100000000)
  region size 1024K, 15 young (15360K), 15 survivors (15360K)
 Metaspace       used 57482K, capacity 60072K, committed 60280K, reserved 1101824K
  class space    used 6794K, capacity 7315K, committed 7344K, reserved 1048576K
}
 [Times: user=0.06 sys=0.00, real=0.02 secs] 
2020-10-25T17:41:35.804+0100: 21536.555: Total time for which application threads were stopped: 0.0246174 seconds, Stopping threads took: 0.0000556 seconds
2020-10-25T17:41:35.874+0100: 21536.619: Total time for which application threads were stopped: 0.0015564 seconds, Stopping threads took: 0.0011800 seconds
2020-10-25T17:41:36.064+0100: 21536.811: Total time for which application threads were stopped: 0.0030661 seconds, Stopping threads took: 0.0027858 seconds
2020-10-25T17:41:36.064+0100: 21536.812: Total time for which application threads were stopped: 0.0004132 seconds, Stopping threads took: 0.0000805 seconds
2020-10-25T17:41:36.064+0100: 21536.813: Total time for which application threads were stopped: 0.0004446 seconds, Stopping threads took: 0.0000721 seconds
2020-10-25T17:41:36.074+0100: 21536.823: Total time for which application threads were stopped: 0.0087271 seconds, Stopping threads took: 0.0083980 seconds
2020-10-25T17:41:36.074+0100: 21536.823: Total time for which application threads were stopped: 0.0004487 seconds, Stopping threads took: 0.0001528 seconds
2020-10-25T17:41:36.074+0100: 21536.824: Total time for which application threads were stopped: 0.0003667 seconds, Stopping threads took: 0.0000798 seconds
2020-10-25T17:41:36.074+0100: 21536.825: Total time for which application threads were stopped: 0.0004709 seconds, Stopping threads took: 0.0000724 seconds
{Heap before GC invocations=66 (full 0):
 garbage-first heap   total 524288K, used 369144K [0x00000000e0000000, 0x00000000e0101000, 0x0000000100000000)
  region size 1024K, 307 young (314368K), 15 survivors (15360K)
 Metaspace       used 57483K, capacity 60072K, committed 60280K, reserved 1101824K
  class space    used 6794K, capacity 7315K, committed 7344K, reserved 1048576K
2020-10-25T17:41:36.174+0100: 21536.922: [GC pause (G1 Evacuation Pause) (young)
Desired survivor size 20447232 bytes, new threshold 15 (max 15)
- age   1:    4712360 bytes,    4712360 total
- age   2:    1041440 bytes,    5753800 total
- age   3:      29536 bytes,    5783336 total
- age   4:      69288 bytes,    5852624 total
- age   5:      70312 bytes,    5922936 total
- age   6:      29080 bytes,    5952016 total
- age   7:      85720 bytes,    6037736 total
- age   8:     189192 bytes,    6226928 total
- age   9:      27992 bytes,    6254920 total
- age  10:     346448 bytes,    6601368 total
- age  11:    1778312 bytes,    8379680 total
- age  12:      33088 bytes,    8412768 total
- age  13:      57248 bytes,    8470016 total
- age  14:      69272 bytes,    8539288 total
- age  15:      49056 bytes,    8588344 total
, 0.0176860 secs]
   [Parallel Time: 15.9 ms, GC Workers: 4]
      [GC Worker Start (ms): Min: 21536921.8, Avg: 21536921.9, Max: 21536921.9, Diff: 0.1]
      [Ext Root Scanning (ms): Min: 1.4, Avg: 1.6, Max: 2.0, Diff: 0.6, Sum: 6.4]
      [Update RS (ms): Min: 2.3, Avg: 2.5, Max: 2.6, Diff: 0.3, Sum: 9.9]
         [Processed Buffers: Min: 4, Avg: 8.5, Max: 16, Diff: 12, Sum: 34]
      [Scan RS (ms): Min: 0.0, Avg: 0.1, Max: 0.1, Diff: 0.1, Sum: 0.2]
      [Code Root Scanning (ms): Min: 0.0, Avg: 0.1, Max: 0.3, Diff: 0.3, Sum: 0.5]
      [Object Copy (ms): Min: 11.4, Avg: 11.5, Max: 11.7, Diff: 0.2, Sum: 46.1]
      [Termination (ms): Min: 0.0, Avg: 0.0, Max: 0.0, Diff: 0.0, Sum: 0.0]
         [Termination Attempts: Min: 1, Avg: 1.0, Max: 1, Diff: 0, Sum: 4]
      [GC Worker Other (ms): Min: 0.0, Avg: 0.0, Max: 0.0, Diff: 0.0, Sum: 0.1]
      [GC Worker Total (ms): Min: 15.7, Avg: 15.8, Max: 15.8, Diff: 0.1, Sum: 63.2]
      [GC Worker End (ms): Min: 21536937.6, Avg: 21536937.6, Max: 21536937.7, Diff: 0.0]
   [Code Root Fixup: 0.0 ms]
   [Code Root Purge: 0.0 ms]
   [Clear CT: 0.2 ms]
   [Other: 1.5 ms]
      [Choose CSet: 0.0 ms]
      [Ref Proc: 0.9 ms]
      [Ref Enq: 0.1 ms]
      [Redirty Cards: 0.0 ms]
      [Humongous Register: 0.0 ms]
      [Humongous Reclaim: 0.0 ms]
      [Free CSet: 0.3 ms]
   [Eden: 292.0M(292.0M)->0.0B(293.0M) Survivors: 15.0M->14.0M Heap: 360.5M(512.0M)->69.4M(512.0M)]
Heap after GC invocations=67 (full 0):
 garbage-first heap   total 524288K, used 71037K [0x00000000e0000000, 0x00000000e0101000, 0x0000000100000000)
  region size 1024K, 14 young (14336K), 14 survivors (14336K)
 Metaspace       used 57483K, capacity 60072K, committed 60280K, reserved 1101824K
  class space    used 6794K, capacity 7315K, committed 7344K, reserved 1048576K
}
 [Times: user=0.06 sys=0.00, real=0.02 secs] 
2020-10-25T17:41:36.194+0100: 21536.940: Total time for which application threads were stopped: 0.0185801 seconds, Stopping threads took: 0.0000955 seconds
2020-10-25T17:41:36.420+0100: 21537.163: Total time for which application threads were stopped: 0.0019882 seconds, Stopping threads took: 0.0016253 seconds
2020-10-25T17:41:36.426+0100: 21537.169: Total time for which application threads were stopped: 0.0004088 seconds, Stopping threads took: 0.0000951 seconds
2020-10-25T17:41:36.429+0100: 21537.172: Total time for which application threads were stopped: 0.0003920 seconds, Stopping threads took: 0.0001169 seconds
2020-10-25T17:41:36.496+0100: 21537.239: Total time for which application threads were stopped: 0.0007385 seconds, Stopping threads took: 0.0003446 seconds
2020-10-25T17:41:36.654+0100: 21537.397: Total time for which application threads were stopped: 0.0006608 seconds, Stopping threads took: 0.0003641 seconds
2020-10-25T17:41:36.655+0100: 21537.398: Total time for which application threads were stopped: 0.0002454 seconds, Stopping threads took: 0.0000577 seconds
2020-10-25T17:41:36.655+0100: 21537.398: Total time for which application threads were stopped: 0.0002626 seconds, Stopping threads took: 0.0000486 seconds
2020-10-25T17:41:36.656+0100: 21537.398: Total time for which application threads were stopped: 0.0003001 seconds, Stopping threads took: 0.0000406 seconds
2020-10-25T17:41:36.656+0100: 21537.399: Total time for which application threads were stopped: 0.0002819 seconds, Stopping threads took: 0.0000626 seconds
2020-10-25T17:41:36.656+0100: 21537.399: Total time for which application threads were stopped: 0.0002371 seconds, Stopping threads took: 0.0000575 seconds
2020-10-25T17:41:36.669+0100: 21537.412: Total time for which application threads were stopped: 0.0003785 seconds, Stopping threads took: 0.0000793 seconds
2020-10-25T17:41:36.670+0100: 21537.413: Total time for which application threads were stopped: 0.0003662 seconds, Stopping threads took: 0.0000779 seconds
2020-10-25T17:41:36.670+0100: 21537.413: Total time for which application threads were stopped: 0.0002930 seconds, Stopping threads took: 0.0000532 seconds
2020-10-25T17:41:36.700+0100: 21537.443: Total time for which application threads were stopped: 0.0004338 seconds, Stopping threads took: 0.0001049 seconds
2020-10-25T17:41:36.704+0100: 21537.447: Total time for which application threads were stopped: 0.0006671 seconds, Stopping threads took: 0.0003819 seconds
2020-10-25T17:41:36.706+0100: 21537.449: Total time for which application threads were stopped: 0.0004736 seconds, Stopping threads took: 0.0001615 seconds
2020-10-25T17:41:36.709+0100: 21537.452: Total time for which application threads were stopped: 0.0004294 seconds, Stopping threads took: 0.0000931 seconds
2020-10-25T17:41:36.816+0100: 21537.559: Total time for which application threads were stopped: 0.0003381 seconds, Stopping threads took: 0.0000567 seconds
2020-10-25T17:41:36.816+0100: 21537.559: Total time for which application threads were stopped: 0.0002807 seconds, Stopping threads took: 0.0000446 seconds
2020-10-25T17:41:36.817+0100: 21537.559: Total time for which application threads were stopped: 0.0002936 seconds, Stopping threads took: 0.0000457 seconds
2020-10-25T17:41:36.817+0100: 21537.560: Total time for which application threads were stopped: 0.0002489 seconds, Stopping threads took: 0.0000405 seconds
2020-10-25T17:41:36.817+0100: 21537.560: Total time for which application threads were stopped: 0.0002398 seconds, Stopping threads took: 0.0000372 seconds
2020-10-25T17:41:36.818+0100: 21537.560: Total time for which application threads were stopped: 0.0002382 seconds, Stopping threads took: 0.0000351 seconds
2020-10-25T17:41:36.825+0100: 21537.568: Total time for which application threads were stopped: 0.0003801 seconds, Stopping threads took: 0.0000956 seconds
2020-10-25T17:41:36.827+0100: 21537.570: Total time for which application threads were stopped: 0.0003762 seconds, Stopping threads took: 0.0000616 seconds
2020-10-25T17:41:36.827+0100: 21537.570: Total time for which application threads were stopped: 0.0003687 seconds, Stopping threads took: 0.0000420 seconds
2020-10-25T17:41:36.868+0100: 21537.611: Total time for which application threads were stopped: 0.0004165 seconds, Stopping threads took: 0.0000803 seconds
2020-10-25T17:41:42.426+0100: 21543.169: Total time for which application threads were stopped: 0.0003784 seconds, Stopping threads took: 0.0000651 seconds
2020-10-25T17:41:43.585+0100: 21544.328: Total time for which application threads were stopped: 0.0003506 seconds, Stopping threads took: 0.0000738 seconds
2020-10-25T17:41:43.585+0100: 21544.328: Total time for which application threads were stopped: 0.0002680 seconds, Stopping threads took: 0.0000576 seconds
2020-10-25T17:41:43.586+0100: 21544.329: Total time for which application threads were stopped: 0.0004035 seconds, Stopping threads took: 0.0000731 seconds
2020-10-25T17:41:43.586+0100: 21544.329: Total time for which application threads were stopped: 0.0002945 seconds, Stopping threads took: 0.0000618 seconds
2020-10-25T17:41:43.587+0100: 21544.330: Total time for which application threads were stopped: 0.0002558 seconds, Stopping threads took: 0.0000614 seconds
2020-10-25T17:41:43.588+0100: 21544.331: Total time for which application threads were stopped: 0.0003646 seconds, Stopping threads took: 0.0000595 seconds
2020-10-25T17:41:43.589+0100: 21544.332: Total time for which application threads were stopped: 0.0008729 seconds, Stopping threads took: 0.0000437 seconds
2020-10-25T17:41:43.621+0100: 21544.364: Total time for which application threads were stopped: 0.0005020 seconds, Stopping threads took: 0.0000844 seconds
2020-10-25T17:45:03.404+0100: 21744.146: Total time for which application threads were stopped: 0.0003219 seconds, Stopping threads took: 0.0000632 seconds
2020-10-25T17:45:03.404+0100: 21744.146: Total time for which application threads were stopped: 0.0001277 seconds, Stopping threads took: 0.0000265 seconds
2020-10-25T17:45:03.404+0100: 21744.146: Total time for which application threads were stopped: 0.0001803 seconds, Stopping threads took: 0.0000318 seconds
2020-10-25T17:45:03.404+0100: 21744.147: Total time for which application threads were stopped: 0.0001805 seconds, Stopping threads took: 0.0000294 seconds
2020-10-25T17:45:03.404+0100: 21744.147: Total time for which application threads were stopped: 0.0001764 seconds, Stopping threads took: 0.0000338 seconds
2020-10-25T17:45:03.405+0100: 21744.147: Total time for which application threads were stopped: 0.0001195 seconds, Stopping threads took: 0.0000263 seconds
2020-10-25T17:45:03.405+0100: 21744.147: Total time for which application threads were stopped: 0.0001188 seconds, Stopping threads took: 0.0000258 seconds
2020-10-25T17:45:03.475+0100: 21744.218: Total time for which application threads were stopped: 0.0002183 seconds, Stopping threads took: 0.0000482 seconds
2020-10-25T17:45:03.998+0100: 21744.741: Total time for which application threads were stopped: 0.0008112 seconds, Stopping threads took: 0.0001442 seconds
2020-10-25T17:45:04.249+0100: 21744.992: Total time for which application threads were stopped: 0.0015027 seconds, Stopping threads took: 0.0010814 seconds
{Heap before GC invocations=67 (full 0):
 garbage-first heap   total 524288K, used 371069K [0x00000000e0000000, 0x00000000e0101000, 0x0000000100000000)
  region size 1024K, 307 young (314368K), 14 survivors (14336K)
 Metaspace       used 57491K, capacity 60072K, committed 60280K, reserved 1101824K
  class space    used 6794K, capacity 7315K, committed 7344K, reserved 1048576K
2020-10-25T17:45:04.391+0100: 21745.133: [GC pause (G1 Evacuation Pause) (young)
Desired survivor size 20447232 bytes, new threshold 15 (max 15)
- age   1:    2683976 bytes,    2683976 total
- age   2:    4669296 bytes,    7353272 total
- age   3:    1039848 bytes,    8393120 total
- age   4:      29456 bytes,    8422576 total
- age   5:      69288 bytes,    8491864 total
- age   6:      70312 bytes,    8562176 total
- age   7:      29080 bytes,    8591256 total
- age   8:      85488 bytes,    8676744 total
- age   9:     189192 bytes,    8865936 total
- age  10:      27992 bytes,    8893928 total
- age  11:     345736 bytes,    9239664 total
- age  12:    1778312 bytes,   11017976 total
- age  13:      33088 bytes,   11051064 total
- age  14:      57248 bytes,   11108312 total
- age  15:      69272 bytes,   11177584 total
, 0.0238397 secs]
   [Parallel Time: 16.7 ms, GC Workers: 4]
      [GC Worker Start (ms): Min: 21745133.2, Avg: 21745133.2, Max: 21745133.2, Diff: 0.0]
      [Ext Root Scanning (ms): Min: 1.1, Avg: 1.5, Max: 2.1, Diff: 1.0, Sum: 5.9]
      [Update RS (ms): Min: 0.6, Avg: 1.1, Max: 1.3, Diff: 0.7, Sum: 4.4]
         [Processed Buffers: Min: 1, Avg: 10.5, Max: 15, Diff: 14, Sum: 42]
      [Scan RS (ms): Min: 0.1, Avg: 0.1, Max: 0.1, Diff: 0.0, Sum: 0.2]
      [Code Root Scanning (ms): Min: 0.0, Avg: 0.1, Max: 0.3, Diff: 0.3, Sum: 0.5]
      [Object Copy (ms): Min: 13.5, Avg: 13.8, Max: 14.1, Diff: 0.6, Sum: 55.2]
      [Termination (ms): Min: 0.0, Avg: 0.0, Max: 0.0, Diff: 0.0, Sum: 0.0]
         [Termination Attempts: Min: 1, Avg: 1.0, Max: 1, Diff: 0, Sum: 4]
      [GC Worker Other (ms): Min: 0.0, Avg: 0.0, Max: 0.0, Diff: 0.0, Sum: 0.1]
      [GC Worker Total (ms): Min: 16.6, Avg: 16.6, Max: 16.6, Diff: 0.0, Sum: 66.4]
      [GC Worker End (ms): Min: 21745149.8, Avg: 21745149.8, Max: 21745149.8, Diff: 0.0]
   [Code Root Fixup: 0.0 ms]
   [Code Root Purge: 0.0 ms]
   [Clear CT: 0.2 ms]
   [Other: 7.0 ms]
      [Choose CSet: 0.0 ms]
      [Ref Proc: 6.1 ms]
      [Ref Enq: 0.0 ms]
      [Redirty Cards: 0.0 ms]
      [Humongous Register: 0.0 ms]
      [Humongous Reclaim: 0.0 ms]
      [Free CSet: 0.3 ms]
   [Eden: 293.0M(293.0M)->0.0B(289.0M) Survivors: 14.0M->18.0M Heap: 362.4M(512.0M)->73.3M(512.0M)]
Heap after GC invocations=68 (full 0):
 garbage-first heap   total 524288K, used 75012K [0x00000000e0000000, 0x00000000e0101000, 0x0000000100000000)
  region size 1024K, 18 young (18432K), 18 survivors (18432K)
 Metaspace       used 57491K, capacity 60072K, committed 60280K, reserved 1101824K
  class space    used 6794K, capacity 7315K, committed 7344K, reserved 1048576K
}
 [Times: user=0.06 sys=0.00, real=0.02 secs] 
2020-10-25T17:45:04.415+0100: 21745.157: Total time for which application threads were stopped: 0.0273937 seconds, Stopping threads took: 0.0027597 seconds
2020-10-25T17:45:04.416+0100: 21745.158: Total time for which application threads were stopped: 0.0003475 seconds, Stopping threads took: 0.0000803 seconds
2020-10-25T17:45:04.416+0100: 21745.158: Total time for which application threads were stopped: 0.0003832 seconds, Stopping threads took: 0.0000756 seconds
2020-10-25T17:45:04.419+0100: 21745.161: Total time for which application threads were stopped: 0.0009193 seconds, Stopping threads took: 0.0005723 seconds
2020-10-25T17:45:04.420+0100: 21745.162: Total time for which application threads were stopped: 0.0006965 seconds, Stopping threads took: 0.0001871 seconds
2020-10-25T17:45:04.564+0100: 21745.306: Total time for which application threads were stopped: 0.0019971 seconds, Stopping threads took: 0.0017083 seconds
2020-10-25T17:45:04.793+0100: 21745.536: Total time for which application threads were stopped: 0.0004935 seconds, Stopping threads took: 0.0001714 seconds
2020-10-25T17:45:04.802+0100: 21745.546: Total time for which application threads were stopped: 0.0011577 seconds, Stopping threads took: 0.0000615 seconds
2020-10-25T17:45:04.867+0100: 21745.610: Total time for which application threads were stopped: 0.0007381 seconds, Stopping threads took: 0.0003756 seconds
2020-10-25T17:45:04.868+0100: 21745.611: Total time for which application threads were stopped: 0.0004545 seconds, Stopping threads took: 0.0000898 seconds
2020-10-25T17:45:05.076+0100: 21745.819: Total time for which application threads were stopped: 0.0055009 seconds, Stopping threads took: 0.0050052 seconds
2020-10-25T17:45:05.077+0100: 21745.820: Total time for which application threads were stopped: 0.0006416 seconds, Stopping threads took: 0.0000823 seconds
2020-10-25T17:45:05.078+0100: 21745.821: Total time for which application threads were stopped: 0.0003742 seconds, Stopping threads took: 0.0000904 seconds
2020-10-25T17:45:05.078+0100: 21745.821: Total time for which application threads were stopped: 0.0004025 seconds, Stopping threads took: 0.0000502 seconds
2020-10-25T17:45:05.079+0100: 21745.822: Total time for which application threads were stopped: 0.0003803 seconds, Stopping threads took: 0.0000629 seconds
2020-10-25T17:45:05.079+0100: 21745.822: Total time for which application threads were stopped: 0.0003999 seconds, Stopping threads took: 0.0000648 seconds
2020-10-25T17:45:05.110+0100: 21745.853: Total time for which application threads were stopped: 0.0003763 seconds, Stopping threads took: 0.0000841 seconds
2020-10-25T17:45:05.111+0100: 21745.854: Total time for which application threads were stopped: 0.0003119 seconds, Stopping threads took: 0.0000623 seconds
2020-10-25T17:45:05.112+0100: 21745.855: Total time for which application threads were stopped: 0.0003218 seconds, Stopping threads took: 0.0000787 seconds
2020-10-25T17:45:05.113+0100: 21745.856: Total time for which application threads were stopped: 0.0003336 seconds, Stopping threads took: 0.0000760 seconds
2020-10-25T17:45:05.114+0100: 21745.856: Total time for which application threads were stopped: 0.0003196 seconds, Stopping threads took: 0.0000632 seconds
2020-10-25T17:45:05.151+0100: 21745.894: Total time for which application threads were stopped: 0.0014098 seconds, Stopping threads took: 0.0002281 seconds
2020-10-25T17:45:05.153+0100: 21745.896: Total time for which application threads were stopped: 0.0011648 seconds, Stopping threads took: 0.0000689 seconds
2020-10-25T17:45:05.170+0100: 21745.912: Total time for which application threads were stopped: 0.0003635 seconds, Stopping threads took: 0.0000844 seconds
2020-10-25T17:45:05.293+0100: 21746.036: Total time for which application threads were stopped: 0.0003381 seconds, Stopping threads took: 0.0000679 seconds
2020-10-25T17:45:05.293+0100: 21746.036: Total time for which application threads were stopped: 0.0002120 seconds, Stopping threads took: 0.0000428 seconds
2020-10-25T17:45:05.294+0100: 21746.036: Total time for which application threads were stopped: 0.0002988 seconds, Stopping threads took: 0.0000625 seconds
2020-10-25T17:45:05.294+0100: 21746.037: Total time for which application threads were stopped: 0.0001803 seconds, Stopping threads took: 0.0000369 seconds
2020-10-25T17:45:05.294+0100: 21746.037: Total time for which application threads were stopped: 0.0001804 seconds, Stopping threads took: 0.0000375 seconds
2020-10-25T17:45:05.294+0100: 21746.037: Total time for which application threads were stopped: 0.0001788 seconds, Stopping threads took: 0.0000358 seconds
2020-10-25T17:45:05.303+0100: 21746.046: Total time for which application threads were stopped: 0.0003589 seconds, Stopping threads took: 0.0000845 seconds
2020-10-25T17:45:05.306+0100: 21746.049: Total time for which application threads were stopped: 0.0018102 seconds, Stopping threads took: 0.0015045 seconds
2020-10-25T17:45:05.307+0100: 21746.050: Total time for which application threads were stopped: 0.0004015 seconds, Stopping threads took: 0.0000780 seconds
2020-10-25T17:45:05.309+0100: 21746.051: Total time for which application threads were stopped: 0.0009526 seconds, Stopping threads took: 0.0005727 seconds
2020-10-25T17:45:05.310+0100: 21746.052: Total time for which application threads were stopped: 0.0003261 seconds, Stopping threads took: 0.0000799 seconds
2020-10-25T17:45:05.310+0100: 21746.053: Total time for which application threads were stopped: 0.0002929 seconds, Stopping threads took: 0.0000542 seconds
2020-10-25T17:45:05.383+0100: 21746.126: Total time for which application threads were stopped: 0.0008030 seconds, Stopping threads took: 0.0000749 seconds
2020-10-25T17:45:09.100+0100: 21749.843: Total time for which application threads were stopped: 0.0003091 seconds, Stopping threads took: 0.0000585 seconds
2020-10-25T17:45:10.101+0100: 21750.843: Total time for which application threads were stopped: 0.0003204 seconds, Stopping threads took: 0.0000558 seconds
2020-10-25T17:45:10.353+0100: 21751.096: Total time for which application threads were stopped: 0.0003529 seconds, Stopping threads took: 0.0000623 seconds
2020-10-25T17:45:10.353+0100: 21751.096: Total time for which application threads were stopped: 0.0005157 seconds, Stopping threads took: 0.0000351 seconds
2020-10-25T17:45:10.354+0100: 21751.097: Total time for which application threads were stopped: 0.0003725 seconds, Stopping threads took: 0.0000943 seconds
2020-10-25T17:45:10.355+0100: 21751.098: Total time for which application threads were stopped: 0.0010152 seconds, Stopping threads took: 0.0003827 seconds
2020-10-25T17:45:10.356+0100: 21751.099: Total time for which application threads were stopped: 0.0003291 seconds, Stopping threads took: 0.0000574 seconds
2020-10-25T17:45:10.357+0100: 21751.100: Total time for which application threads were stopped: 0.0003049 seconds, Stopping threads took: 0.0000543 seconds
2020-10-25T17:45:10.358+0100: 21751.101: Total time for which application threads were stopped: 0.0002886 seconds, Stopping threads took: 0.0000452 seconds
2020-10-25T17:45:10.358+0100: 21751.101: Total time for which application threads were stopped: 0.0002811 seconds, Stopping threads took: 0.0000473 seconds
2020-10-25T17:45:10.359+0100: 21751.102: Total time for which application threads were stopped: 0.0004966 seconds, Stopping threads took: 0.0000622 seconds
2020-10-25T17:45:10.359+0100: 21751.102: Total time for which application threads were stopped: 0.0002911 seconds, Stopping threads took: 0.0000525 seconds
2020-10-25T17:45:10.360+0100: 21751.103: Total time for which application threads were stopped: 0.0002760 seconds, Stopping threads took: 0.0000434 seconds
2020-10-25T17:45:10.360+0100: 21751.103: Total time for which application threads were stopped: 0.0002560 seconds, Stopping threads took: 0.0000391 seconds
2020-10-25T17:45:10.361+0100: 21751.104: Total time for which application threads were stopped: 0.0011900 seconds, Stopping threads took: 0.0000639 seconds
2020-10-25T17:45:10.366+0100: 21751.109: Total time for which application threads were stopped: 0.0003207 seconds, Stopping threads took: 0.0000654 seconds
2020-10-25T17:45:28.425+0100: 21769.167: Total time for which application threads were stopped: 0.0006249 seconds, Stopping threads took: 0.0001183 seconds
2020-10-25T17:45:29.440+0100: 21770.182: Total time for which application threads were stopped: 0.0005834 seconds, Stopping threads took: 0.0001567 seconds
2020-10-25T17:46:46.193+0100: 21846.936: Total time for which application threads were stopped: 0.0005467 seconds, Stopping threads took: 0.0002792 seconds
2020-10-25T17:46:46.280+0100: 21847.023: Total time for which application threads were stopped: 0.0002753 seconds, Stopping threads took: 0.0000608 seconds
2020-10-25T17:46:46.861+0100: 21847.604: Total time for which application threads were stopped: 0.0006079 seconds, Stopping threads took: 0.0001631 seconds
{Heap before GC invocations=68 (full 0):
 garbage-first heap   total 524288K, used 370948K [0x00000000e0000000, 0x00000000e0101000, 0x0000000100000000)
  region size 1024K, 307 young (314368K), 18 survivors (18432K)
 Metaspace       used 57506K, capacity 60136K, committed 60280K, reserved 1101824K
  class space    used 6794K, capacity 7315K, committed 7344K, reserved 1048576K
2020-10-25T17:46:47.020+0100: 21847.763: [GC pause (G1 Evacuation Pause) (young)
Desired survivor size 20447232 bytes, new threshold 15 (max 15)
- age   1:    7167008 bytes,    7167008 total
- age   2:     765168 bytes,    7932176 total
- age   3:     450200 bytes,    8382376 total
- age   4:      66400 bytes,    8448776 total
- age   5:      29352 bytes,    8478128 total
- age   6:      69184 bytes,    8547312 total
- age   7:      70080 bytes,    8617392 total
- age   8:      29080 bytes,    8646472 total
- age   9:      85488 bytes,    8731960 total
- age  10:     188752 bytes,    8920712 total
- age  11:      27992 bytes,    8948704 total
- age  12:     340192 bytes,    9288896 total
- age  13:    1778240 bytes,   11067136 total
- age  14:      33088 bytes,   11100224 total
- age  15:      57248 bytes,   11157472 total
, 0.0258563 secs]
   [Parallel Time: 18.3 ms, GC Workers: 4]
      [GC Worker Start (ms): Min: 21847763.4, Avg: 21847763.4, Max: 21847763.5, Diff: 0.1]
      [Ext Root Scanning (ms): Min: 1.8, Avg: 2.2, Max: 3.0, Diff: 1.1, Sum: 8.7]
      [Update RS (ms): Min: 0.8, Avg: 1.5, Max: 1.8, Diff: 1.0, Sum: 5.9]
         [Processed Buffers: Min: 1, Avg: 10.0, Max: 19, Diff: 18, Sum: 40]
      [Scan RS (ms): Min: 0.0, Avg: 0.1, Max: 0.1, Diff: 0.1, Sum: 0.3]
      [Code Root Scanning (ms): Min: 0.0, Avg: 0.4, Max: 1.2, Diff: 1.2, Sum: 1.8]
      [Object Copy (ms): Min: 13.1, Avg: 14.0, Max: 14.5, Diff: 1.4, Sum: 56.1]
      [Termination (ms): Min: 0.0, Avg: 0.0, Max: 0.0, Diff: 0.0, Sum: 0.0]
         [Termination Attempts: Min: 1, Avg: 1.3, Max: 2, Diff: 1, Sum: 5]
      [GC Worker Other (ms): Min: 0.0, Avg: 0.0, Max: 0.0, Diff: 0.0, Sum: 0.2]
      [GC Worker Total (ms): Min: 18.2, Avg: 18.2, Max: 18.3, Diff: 0.0, Sum: 72.9]
      [GC Worker End (ms): Min: 21847781.7, Avg: 21847781.7, Max: 21847781.7, Diff: 0.0]
   [Code Root Fixup: 0.0 ms]
   [Code Root Purge: 0.0 ms]
   [Clear CT: 0.3 ms]
   [Other: 7.2 ms]
      [Choose CSet: 0.0 ms]
      [Ref Proc: 6.5 ms]
      [Ref Enq: 0.1 ms]
      [Redirty Cards: 0.1 ms]
      [Humongous Register: 0.0 ms]
      [Humongous Reclaim: 0.0 ms]
      [Free CSet: 0.3 ms]
   [Eden: 289.0M(289.0M)->0.0B(292.0M) Survivors: 18.0M->15.0M Heap: 362.3M(512.0M)->70.4M(512.0M)]
Heap after GC invocations=69 (full 0):
 garbage-first heap   total 524288K, used 72078K [0x00000000e0000000, 0x00000000e0101000, 0x0000000100000000)
  region size 1024K, 15 young (15360K), 15 survivors (15360K)
 Metaspace       used 57506K, capacity 60136K, committed 60280K, reserved 1101824K
  class space    used 6794K, capacity 7315K, committed 7344K, reserved 1048576K
}
 [Times: user=0.13 sys=0.00, real=0.03 secs] 
2020-10-25T17:46:47.046+0100: 21847.790: Total time for which application threads were stopped: 0.0268195 seconds, Stopping threads took: 0.0000680 seconds
2020-10-25T17:46:47.115+0100: 21847.859: Total time for which application threads were stopped: 0.0004259 seconds, Stopping threads took: 0.0001001 seconds
2020-10-25T17:46:47.301+0100: 21848.044: Total time for which application threads were stopped: 0.0016375 seconds, Stopping threads took: 0.0012413 seconds
2020-10-25T17:46:47.302+0100: 21848.045: Total time for which application threads were stopped: 0.0006134 seconds, Stopping threads took: 0.0002516 seconds
2020-10-25T17:46:47.303+0100: 21848.046: Total time for which application threads were stopped: 0.0005348 seconds, Stopping threads took: 0.0000757 seconds
2020-10-25T17:46:47.305+0100: 21848.047: Total time for which application threads were stopped: 0.0007738 seconds, Stopping threads took: 0.0004036 seconds
{Heap before GC invocations=69 (full 0):
 garbage-first heap   total 524288K, used 371086K [0x00000000e0000000, 0x00000000e0101000, 0x0000000100000000)
  region size 1024K, 307 young (314368K), 15 survivors (15360K)
 Metaspace       used 57511K, capacity 60136K, committed 60280K, reserved 1101824K
  class space    used 6794K, capacity 7315K, committed 7344K, reserved 1048576K
2020-10-25T17:46:47.388+0100: 21848.131: [GC pause (G1 Evacuation Pause) (young)
Desired survivor size 20447232 bytes, new threshold 15 (max 15)
- age   1:    4711920 bytes,    4711920 total
- age   2:    1035392 bytes,    5747312 total
- age   3:      28064 bytes,    5775376 total
- age   4:      74032 bytes,    5849408 total
- age   5:      66112 bytes,    5915520 total
- age   6:      29352 bytes,    5944872 total
- age   7:      69184 bytes,    6014056 total
- age   8:      70080 bytes,    6084136 total
- age   9:      29080 bytes,    6113216 total
- age  10:      85344 bytes,    6198560 total
- age  11:     188752 bytes,    6387312 total
- age  12:      27992 bytes,    6415304 total
- age  13:     334664 bytes,    6749968 total
- age  14:    1778192 bytes,    8528160 total
- age  15:      33088 bytes,    8561248 total
, 0.0161991 secs]
   [Parallel Time: 14.5 ms, GC Workers: 4]
      [GC Worker Start (ms): Min: 21848131.0, Avg: 21848131.0, Max: 21848131.0, Diff: 0.0]
      [Ext Root Scanning (ms): Min: 1.0, Avg: 1.4, Max: 2.1, Diff: 1.2, Sum: 5.4]
      [Update RS (ms): Min: 0.0, Avg: 0.6, Max: 1.0, Diff: 1.0, Sum: 2.3]
         [Processed Buffers: Min: 0, Avg: 6.5, Max: 23, Diff: 23, Sum: 26]
      [Scan RS (ms): Min: 0.0, Avg: 0.1, Max: 0.1, Diff: 0.1, Sum: 0.2]
      [Code Root Scanning (ms): Min: 0.0, Avg: 0.2, Max: 0.4, Diff: 0.4, Sum: 0.6]
      [Object Copy (ms): Min: 12.1, Avg: 12.2, Max: 12.4, Diff: 0.3, Sum: 48.8]
      [Termination (ms): Min: 0.0, Avg: 0.0, Max: 0.0, Diff: 0.0, Sum: 0.0]
         [Termination Attempts: Min: 1, Avg: 1.0, Max: 1, Diff: 0, Sum: 4]
      [GC Worker Other (ms): Min: 0.0, Avg: 0.0, Max: 0.0, Diff: 0.0, Sum: 0.1]
      [GC Worker Total (ms): Min: 14.4, Avg: 14.4, Max: 14.4, Diff: 0.0, Sum: 57.6]
      [GC Worker End (ms): Min: 21848145.4, Avg: 21848145.4, Max: 21848145.4, Diff: 0.0]
   [Code Root Fixup: 0.0 ms]
   [Code Root Purge: 0.0 ms]
   [Clear CT: 0.1 ms]
   [Other: 1.6 ms]
      [Choose CSet: 0.0 ms]
      [Ref Proc: 0.9 ms]
      [Ref Enq: 0.1 ms]
      [Redirty Cards: 0.1 ms]
      [Humongous Register: 0.0 ms]
      [Humongous Reclaim: 0.0 ms]
      [Free CSet: 0.3 ms]
   [Eden: 292.0M(292.0M)->0.0B(292.0M) Survivors: 15.0M->15.0M Heap: 362.4M(512.0M)->71.0M(512.0M)]
Heap after GC invocations=70 (full 0):
 garbage-first heap   total 524288K, used 72663K [0x00000000e0000000, 0x00000000e0101000, 0x0000000100000000)
  region size 1024K, 15 young (15360K), 15 survivors (15360K)
 Metaspace       used 57511K, capacity 60136K, committed 60280K, reserved 1101824K
  class space    used 6794K, capacity 7315K, committed 7344K, reserved 1048576K
}
 [Times: user=0.06 sys=0.00, real=0.02 secs] 
2020-10-25T17:46:47.405+0100: 21848.148: Total time for which application threads were stopped: 0.0171618 seconds, Stopping threads took: 0.0001321 seconds
2020-10-25T17:46:47.720+0100: 21848.462: Total time for which application threads were stopped: 0.0019575 seconds, Stopping threads took: 0.0015952 seconds
2020-10-25T17:46:47.721+0100: 21848.464: Total time for which application threads were stopped: 0.0004825 seconds, Stopping threads took: 0.0000883 seconds
2020-10-25T17:46:47.728+0100: 21848.470: Total time for which application threads were stopped: 0.0014753 seconds, Stopping threads took: 0.0011243 seconds
2020-10-25T17:46:47.730+0100: 21848.473: Total time for which application threads were stopped: 0.0003733 seconds, Stopping threads took: 0.0000825 seconds
2020-10-25T17:46:47.879+0100: 21848.621: Total time for which application threads were stopped: 0.0026532 seconds, Stopping threads took: 0.0023556 seconds
2020-10-25T17:46:47.906+0100: 21848.648: Total time for which application threads were stopped: 0.0014693 seconds, Stopping threads took: 0.0011551 seconds
2020-10-25T17:46:47.909+0100: 21848.651: Total time for which application threads were stopped: 0.0006109 seconds, Stopping threads took: 0.0002940 seconds
2020-10-25T17:46:47.939+0100: 21848.681: Total time for which application threads were stopped: 0.0005387 seconds, Stopping threads took: 0.0002170 seconds
2020-10-25T17:46:47.939+0100: 21848.682: Total time for which application threads were stopped: 0.0002778 seconds, Stopping threads took: 0.0000909 seconds
2020-10-25T17:46:47.940+0100: 21848.682: Total time for which application threads were stopped: 0.0002938 seconds, Stopping threads took: 0.0000738 seconds
2020-10-25T17:46:47.940+0100: 21848.682: Total time for which application threads were stopped: 0.0002680 seconds, Stopping threads took: 0.0000691 seconds
2020-10-25T17:46:47.940+0100: 21848.683: Total time for which application threads were stopped: 0.0002349 seconds, Stopping threads took: 0.0000706 seconds
2020-10-25T17:46:47.941+0100: 21848.683: Total time for which application threads were stopped: 0.0002509 seconds, Stopping threads took: 0.0000734 seconds
2020-10-25T17:46:47.957+0100: 21848.699: Total time for which application threads were stopped: 0.0003464 seconds, Stopping threads took: 0.0000838 seconds
2020-10-25T17:46:47.959+0100: 21848.701: Total time for which application threads were stopped: 0.0004413 seconds, Stopping threads took: 0.0000857 seconds
2020-10-25T17:46:47.960+0100: 21848.702: Total time for which application threads were stopped: 0.0003671 seconds, Stopping threads took: 0.0001101 seconds
2020-10-25T17:46:47.979+0100: 21848.722: Total time for which application threads were stopped: 0.0007342 seconds, Stopping threads took: 0.0002764 seconds
2020-10-25T17:46:48.024+0100: 21848.766: Total time for which application threads were stopped: 0.0003094 seconds, Stopping threads took: 0.0000525 seconds
2020-10-25T17:46:48.025+0100: 21848.767: Total time for which application threads were stopped: 0.0002677 seconds, Stopping threads took: 0.0000436 seconds
2020-10-25T17:46:48.025+0100: 21848.767: Total time for which application threads were stopped: 0.0002462 seconds, Stopping threads took: 0.0000411 seconds
2020-10-25T17:46:48.025+0100: 21848.767: Total time for which application threads were stopped: 0.0002312 seconds, Stopping threads took: 0.0000372 seconds
2020-10-25T17:46:48.025+0100: 21848.768: Total time for which application threads were stopped: 0.0002279 seconds, Stopping threads took: 0.0000378 seconds
2020-10-25T17:46:48.026+0100: 21848.768: Total time for which application threads were stopped: 0.0002225 seconds, Stopping threads took: 0.0000383 seconds
2020-10-25T17:46:48.035+0100: 21848.777: Total time for which application threads were stopped: 0.0003565 seconds, Stopping threads took: 0.0000565 seconds
2020-10-25T17:46:48.037+0100: 21848.779: Total time for which application threads were stopped: 0.0003666 seconds, Stopping threads took: 0.0000805 seconds
2020-10-25T17:46:48.037+0100: 21848.779: Total time for which application threads were stopped: 0.0003883 seconds, Stopping threads took: 0.0000922 seconds
2020-10-25T17:46:48.054+0100: 21848.796: Total time for which application threads were stopped: 0.0010309 seconds, Stopping threads took: 0.0000609 seconds
2020-10-25T17:46:48.056+0100: 21848.798: Total time for which application threads were stopped: 0.0009706 seconds, Stopping threads took: 0.0000781 seconds
2020-10-25T17:46:48.214+0100: 21848.957: Total time for which application threads were stopped: 0.0002579 seconds, Stopping threads took: 0.0000567 seconds
2020-10-25T17:46:51.246+0100: 21851.988: Total time for which application threads were stopped: 0.0003438 seconds, Stopping threads took: 0.0000647 seconds
2020-10-25T17:46:52.297+0100: 21853.039: Total time for which application threads were stopped: 0.0005044 seconds, Stopping threads took: 0.0000805 seconds
2020-10-25T17:46:52.297+0100: 21853.040: Total time for which application threads were stopped: 0.0002325 seconds, Stopping threads took: 0.0000574 seconds
2020-10-25T17:46:52.300+0100: 21853.042: Total time for which application threads were stopped: 0.0006221 seconds, Stopping threads took: 0.0003328 seconds
2020-10-25T17:46:52.300+0100: 21853.043: Total time for which application threads were stopped: 0.0004942 seconds, Stopping threads took: 0.0001026 seconds
2020-10-25T17:46:52.301+0100: 21853.043: Total time for which application threads were stopped: 0.0003344 seconds, Stopping threads took: 0.0000670 seconds
2020-10-25T17:46:52.303+0100: 21853.046: Total time for which application threads were stopped: 0.0003361 seconds, Stopping threads took: 0.0000576 seconds
2020-10-25T17:46:52.304+0100: 21853.046: Total time for which application threads were stopped: 0.0003227 seconds, Stopping threads took: 0.0000482 seconds
2020-10-25T17:46:52.304+0100: 21853.047: Total time for which application threads were stopped: 0.0003347 seconds, Stopping threads took: 0.0000424 seconds
2020-10-25T17:46:52.305+0100: 21853.048: Total time for which application threads were stopped: 0.0006365 seconds, Stopping threads took: 0.0002872 seconds
2020-10-25T17:46:52.305+0100: 21853.048: Total time for which application threads were stopped: 0.0003166 seconds, Stopping threads took: 0.0000619 seconds
2020-10-25T17:46:52.306+0100: 21853.048: Total time for which application threads were stopped: 0.0002859 seconds, Stopping threads took: 0.0000609 seconds
2020-10-25T17:46:52.306+0100: 21853.049: Total time for which application threads were stopped: 0.0002718 seconds, Stopping threads took: 0.0000489 seconds
2020-10-25T17:46:52.307+0100: 21853.049: Total time for which application threads were stopped: 0.0003150 seconds, Stopping threads took: 0.0001013 seconds
2020-10-25T17:46:52.360+0100: 21853.102: Total time for which application threads were stopped: 0.0002810 seconds, Stopping threads took: 0.0000633 seconds
2020-10-25T17:48:29.597+0100: 21950.340: Total time for which application threads were stopped: 0.0006523 seconds, Stopping threads took: 0.0001679 seconds
2020-10-25T17:50:29.191+0100: 22069.933: Total time for which application threads were stopped: 0.0008708 seconds, Stopping threads took: 0.0003177 seconds
2020-10-25T17:50:38.194+0100: 22078.937: Total time for which application threads were stopped: 0.0004803 seconds, Stopping threads took: 0.0001150 seconds
2020-10-25T17:52:30.288+0100: 22191.030: Total time for which application threads were stopped: 0.0002741 seconds, Stopping threads took: 0.0000724 seconds
2020-10-25T17:52:51.630+0100: 22212.372: Total time for which application threads were stopped: 0.0003095 seconds, Stopping threads took: 0.0000601 seconds
2020-10-25T17:52:52.175+0100: 22212.918: Total time for which application threads were stopped: 0.0003533 seconds, Stopping threads took: 0.0000721 seconds
2020-10-25T17:52:52.392+0100: 22213.135: Total time for which application threads were stopped: 0.0017681 seconds, Stopping threads took: 0.0012071 seconds
{Heap before GC invocations=70 (full 0):
 garbage-first heap   total 524288K, used 371671K [0x00000000e0000000, 0x00000000e0101000, 0x0000000100000000)
  region size 1024K, 307 young (314368K), 15 survivors (15360K)
 Metaspace       used 57534K, capacity 60136K, committed 60280K, reserved 1101824K
  class space    used 6794K, capacity 7315K, committed 7344K, reserved 1048576K
2020-10-25T17:52:52.510+0100: 22213.253: [GC pause (G1 Evacuation Pause) (young)
Desired survivor size 20447232 bytes, new threshold 15 (max 15)
- age   1:    3534288 bytes,    3534288 total
- age   2:    4685104 bytes,    8219392 total
- age   3:    1033640 bytes,    9253032 total
- age   4:      27984 bytes,    9281016 total
- age   5:      74032 bytes,    9355048 total
- age   6:      66112 bytes,    9421160 total
- age   7:      29352 bytes,    9450512 total
- age   8:      69184 bytes,    9519696 total
- age   9:      70080 bytes,    9589776 total
- age  10:      29080 bytes,    9618856 total
- age  11:      85344 bytes,    9704200 total
- age  12:     188752 bytes,    9892952 total
- age  13:      27992 bytes,    9920944 total
- age  14:     334000 bytes,   10254944 total
- age  15:    1778192 bytes,   12033136 total
, 0.0262474 secs]
   [Parallel Time: 18.3 ms, GC Workers: 4]
      [GC Worker Start (ms): Min: 22213252.7, Avg: 22213252.8, Max: 22213252.9, Diff: 0.1]
      [Ext Root Scanning (ms): Min: 1.6, Avg: 2.3, Max: 3.6, Diff: 2.0, Sum: 9.0]
      [Update RS (ms): Min: 0.0, Avg: 1.1, Max: 1.8, Diff: 1.8, Sum: 4.5]
         [Processed Buffers: Min: 0, Avg: 10.8, Max: 41, Diff: 41, Sum: 43]
      [Scan RS (ms): Min: 0.0, Avg: 0.1, Max: 0.1, Diff: 0.1, Sum: 0.3]
      [Code Root Scanning (ms): Min: 0.0, Avg: 1.1, Max: 4.0, Diff: 4.0, Sum: 4.4]
      [Object Copy (ms): Min: 11.2, Avg: 13.7, Max: 14.6, Diff: 3.4, Sum: 54.7]
      [Termination (ms): Min: 0.0, Avg: 0.0, Max: 0.0, Diff: 0.0, Sum: 0.0]
         [Termination Attempts: Min: 1, Avg: 1.0, Max: 1, Diff: 0, Sum: 4]
      [GC Worker Other (ms): Min: 0.0, Avg: 0.0, Max: 0.0, Diff: 0.0, Sum: 0.1]
      [GC Worker Total (ms): Min: 18.1, Avg: 18.2, Max: 18.3, Diff: 0.1, Sum: 72.9]
      [GC Worker End (ms): Min: 22213271.0, Avg: 22213271.0, Max: 22213271.0, Diff: 0.0]
   [Code Root Fixup: 0.0 ms]
   [Code Root Purge: 0.0 ms]
   [Clear CT: 0.4 ms]
   [Other: 7.5 ms]
      [Choose CSet: 0.0 ms]
      [Ref Proc: 6.4 ms]
      [Ref Enq: 0.1 ms]
      [Redirty Cards: 0.1 ms]
      [Humongous Register: 0.0 ms]
      [Humongous Reclaim: 0.0 ms]
      [Free CSet: 0.6 ms]
   [Eden: 292.0M(292.0M)->0.0B(290.0M) Survivors: 15.0M->17.0M Heap: 363.0M(512.0M)->74.3M(512.0M)]
Heap after GC invocations=71 (full 0):
 garbage-first heap   total 524288K, used 76107K [0x00000000e0000000, 0x00000000e0101000, 0x0000000100000000)
  region size 1024K, 17 young (17408K), 17 survivors (17408K)
 Metaspace       used 57534K, capacity 60136K, committed 60280K, reserved 1101824K
  class space    used 6794K, capacity 7315K, committed 7344K, reserved 1048576K
}
 [Times: user=0.06 sys=0.00, real=0.03 secs] 
2020-10-25T17:52:52.536+0100: 22213.279: Total time for which application threads were stopped: 0.0271323 seconds, Stopping threads took: 0.0001004 seconds
2020-10-25T17:52:52.610+0100: 22213.353: Total time for which application threads were stopped: 0.0247709 seconds, Stopping threads took: 0.0244643 seconds
2020-10-25T17:52:52.634+0100: 22213.376: Total time for which application threads were stopped: 0.0011851 seconds, Stopping threads took: 0.0007977 seconds
2020-10-25T17:52:52.638+0100: 22213.380: Total time for which application threads were stopped: 0.0005373 seconds, Stopping threads took: 0.0001799 seconds
2020-10-25T17:52:52.644+0100: 22213.387: Total time for which application threads were stopped: 0.0007931 seconds, Stopping threads took: 0.0004013 seconds
2020-10-25T17:52:52.645+0100: 22213.388: Total time for which application threads were stopped: 0.0003997 seconds, Stopping threads took: 0.0000638 seconds
2020-10-25T17:52:53.002+0100: 22213.744: Total time for which application threads were stopped: 0.0009107 seconds, Stopping threads took: 0.0005408 seconds
2020-10-25T17:52:53.006+0100: 22213.749: Total time for which application threads were stopped: 0.0003738 seconds, Stopping threads took: 0.0000690 seconds
2020-10-25T17:52:53.009+0100: 22213.751: Total time for which application threads were stopped: 0.0004071 seconds, Stopping threads took: 0.0000772 seconds
2020-10-25T17:52:53.110+0100: 22213.853: Total time for which application threads were stopped: 0.0009997 seconds, Stopping threads took: 0.0005090 seconds
2020-10-25T17:52:53.198+0100: 22213.941: Total time for which application threads were stopped: 0.0005178 seconds, Stopping threads took: 0.0000693 seconds
2020-10-25T17:52:53.202+0100: 22213.945: Total time for which application threads were stopped: 0.0003915 seconds, Stopping threads took: 0.0000664 seconds
2020-10-25T17:52:53.206+0100: 22213.948: Total time for which application threads were stopped: 0.0004124 seconds, Stopping threads took: 0.0000886 seconds
2020-10-25T17:52:53.247+0100: 22213.989: Total time for which application threads were stopped: 0.0043233 seconds, Stopping threads took: 0.0040166 seconds
2020-10-25T17:52:53.247+0100: 22213.989: Total time for which application threads were stopped: 0.0003043 seconds, Stopping threads took: 0.0000841 seconds
2020-10-25T17:52:53.250+0100: 22213.992: Total time for which application threads were stopped: 0.0011321 seconds, Stopping threads took: 0.0007087 seconds
2020-10-25T17:52:53.281+0100: 22214.024: Total time for which application threads were stopped: 0.0054390 seconds, Stopping threads took: 0.0049411 seconds
2020-10-25T17:52:53.282+0100: 22214.024: Total time for which application threads were stopped: 0.0003890 seconds, Stopping threads took: 0.0000982 seconds
2020-10-25T17:52:53.284+0100: 22214.026: Total time for which application threads were stopped: 0.0010589 seconds, Stopping threads took: 0.0007940 seconds
2020-10-25T17:52:53.286+0100: 22214.028: Total time for which application threads were stopped: 0.0004515 seconds, Stopping threads took: 0.0001832 seconds
2020-10-25T17:52:53.310+0100: 22214.052: Total time for which application threads were stopped: 0.0004026 seconds, Stopping threads took: 0.0001155 seconds
2020-10-25T17:52:53.314+0100: 22214.056: Total time for which application threads were stopped: 0.0004759 seconds, Stopping threads took: 0.0001415 seconds
2020-10-25T17:52:53.318+0100: 22214.060: Total time for which application threads were stopped: 0.0004050 seconds, Stopping threads took: 0.0001163 seconds
2020-10-25T17:52:53.360+0100: 22214.102: Total time for which application threads were stopped: 0.0021069 seconds, Stopping threads took: 0.0018438 seconds
2020-10-25T17:52:53.360+0100: 22214.102: Total time for which application threads were stopped: 0.0002210 seconds, Stopping threads took: 0.0000675 seconds
2020-10-25T17:52:53.360+0100: 22214.102: Total time for which application threads were stopped: 0.0001977 seconds, Stopping threads took: 0.0000374 seconds
2020-10-25T17:52:53.360+0100: 22214.103: Total time for which application threads were stopped: 0.0002526 seconds, Stopping threads took: 0.0000397 seconds
2020-10-25T17:52:53.361+0100: 22214.103: Total time for which application threads were stopped: 0.0002107 seconds, Stopping threads took: 0.0000429 seconds
2020-10-25T17:52:53.361+0100: 22214.103: Total time for which application threads were stopped: 0.0001732 seconds, Stopping threads took: 0.0000350 seconds
2020-10-25T17:52:53.372+0100: 22214.114: Total time for which application threads were stopped: 0.0004037 seconds, Stopping threads took: 0.0001508 seconds
2020-10-25T17:52:53.373+0100: 22214.115: Total time for which application threads were stopped: 0.0003048 seconds, Stopping threads took: 0.0000722 seconds
2020-10-25T17:52:53.374+0100: 22214.116: Total time for which application threads were stopped: 0.0002809 seconds, Stopping threads took: 0.0000571 seconds
2020-10-25T17:52:53.519+0100: 22214.262: Total time for which application threads were stopped: 0.0003137 seconds, Stopping threads took: 0.0000953 seconds
2020-10-25T17:54:28.761+0100: 22309.504: Total time for which application threads were stopped: 0.0003562 seconds, Stopping threads took: 0.0000806 seconds
2020-10-25T17:54:29.316+0100: 22310.059: Total time for which application threads were stopped: 0.0003542 seconds, Stopping threads took: 0.0000931 seconds
{Heap before GC invocations=71 (full 0):
 garbage-first heap   total 524288K, used 373067K [0x00000000e0000000, 0x00000000e0101000, 0x0000000100000000)
  region size 1024K, 307 young (314368K), 17 survivors (17408K)
 Metaspace       used 57538K, capacity 60136K, committed 60280K, reserved 1101824K
  class space    used 6794K, capacity 7315K, committed 7344K, reserved 1048576K
2020-10-25T17:54:29.412+0100: 22310.154: [GC pause (G1 Evacuation Pause) (young)
Desired survivor size 20447232 bytes, new threshold 15 (max 15)
- age   1:    7177888 bytes,    7177888 total
- age   2:     760736 bytes,    7938624 total
- age   3:     441752 bytes,    8380376 total
- age   4:      71832 bytes,    8452208 total
- age   5:      27880 bytes,    8480088 total
- age   6:      73816 bytes,    8553904 total
- age   7:      66112 bytes,    8620016 total
- age   8:      29352 bytes,    8649368 total
- age   9:      69184 bytes,    8718552 total
- age  10:      70080 bytes,    8788632 total
- age  11:      29080 bytes,    8817712 total
- age  12:      85344 bytes,    8903056 total
- age  13:     188752 bytes,    9091808 total
- age  14:      27992 bytes,    9119800 total
- age  15:     328024 bytes,    9447824 total
, 0.0194186 secs]
   [Parallel Time: 11.9 ms, GC Workers: 4]
      [GC Worker Start (ms): Min: 22310154.2, Avg: 22310154.2, Max: 22310154.3, Diff: 0.2]
      [Ext Root Scanning (ms): Min: 0.9, Avg: 1.3, Max: 1.6, Diff: 0.7, Sum: 5.1]
      [Update RS (ms): Min: 0.8, Avg: 1.1, Max: 1.2, Diff: 0.4, Sum: 4.4]
         [Processed Buffers: Min: 3, Avg: 11.5, Max: 21, Diff: 18, Sum: 46]
      [Scan RS (ms): Min: 0.0, Avg: 0.1, Max: 0.1, Diff: 0.1, Sum: 0.2]
      [Code Root Scanning (ms): Min: 0.0, Avg: 0.1, Max: 0.4, Diff: 0.4, Sum: 0.5]
      [Object Copy (ms): Min: 8.8, Avg: 9.2, Max: 9.4, Diff: 0.6, Sum: 36.7]
      [Termination (ms): Min: 0.0, Avg: 0.0, Max: 0.0, Diff: 0.0, Sum: 0.0]
         [Termination Attempts: Min: 1, Avg: 1.0, Max: 1, Diff: 0, Sum: 4]
      [GC Worker Other (ms): Min: 0.0, Avg: 0.0, Max: 0.0, Diff: 0.0, Sum: 0.1]
      [GC Worker Total (ms): Min: 11.6, Avg: 11.8, Max: 11.8, Diff: 0.2, Sum: 47.0]
      [GC Worker End (ms): Min: 22310166.0, Avg: 22310166.0, Max: 22310166.0, Diff: 0.0]
   [Code Root Fixup: 0.0 ms]
   [Code Root Purge: 0.0 ms]
   [Clear CT: 0.1 ms]
   [Other: 7.4 ms]
      [Choose CSet: 0.0 ms]
      [Ref Proc: 6.7 ms]
      [Ref Enq: 0.1 ms]
      [Redirty Cards: 0.1 ms]
      [Humongous Register: 0.0 ms]
      [Humongous Reclaim: 0.0 ms]
      [Free CSet: 0.2 ms]
   [Eden: 290.0M(290.0M)->0.0B(294.0M) Survivors: 17.0M->13.0M Heap: 364.3M(512.0M)->71.3M(512.0M)]
Heap after GC invocations=72 (full 0):
 garbage-first heap   total 524288K, used 73045K [0x00000000e0000000, 0x00000000e0101000, 0x0000000100000000)
  region size 1024K, 13 young (13312K), 13 survivors (13312K)
 Metaspace       used 57538K, capacity 60136K, committed 60280K, reserved 1101824K
  class space    used 6794K, capacity 7315K, committed 7344K, reserved 1048576K
}
 [Times: user=0.06 sys=0.00, real=0.02 secs] 
2020-10-25T17:54:29.431+0100: 22310.174: Total time for which application threads were stopped: 0.0200549 seconds, Stopping threads took: 0.0000715 seconds
2020-10-25T17:54:29.521+0100: 22310.263: Total time for which application threads were stopped: 0.0022600 seconds, Stopping threads took: 0.0018543 seconds
2020-10-25T17:54:29.661+0100: 22310.404: Total time for which application threads were stopped: 0.0022368 seconds, Stopping threads took: 0.0019210 seconds
2020-10-25T17:54:29.662+0100: 22310.404: Total time for which application threads were stopped: 0.0004418 seconds, Stopping threads took: 0.0000899 seconds
2020-10-25T17:54:29.663+0100: 22310.405: Total time for which application threads were stopped: 0.0004810 seconds, Stopping threads took: 0.0001319 seconds
2020-10-25T17:54:29.666+0100: 22310.409: Total time for which application threads were stopped: 0.0018009 seconds, Stopping threads took: 0.0005006 seconds
2020-10-25T17:54:29.669+0100: 22310.411: Total time for which application threads were stopped: 0.0005056 seconds, Stopping threads took: 0.0001083 seconds
{Heap before GC invocations=72 (full 0):
 garbage-first heap   total 524288K, used 374101K [0x00000000e0000000, 0x00000000e0101000, 0x0000000100000000)
  region size 1024K, 307 young (314368K), 13 survivors (13312K)
 Metaspace       used 57543K, capacity 60136K, committed 60280K, reserved 1101824K
  class space    used 6794K, capacity 7315K, committed 7344K, reserved 1048576K
2020-10-25T17:54:29.778+0100: 22310.520: [GC pause (G1 Evacuation Pause) (young)
Desired survivor size 20447232 bytes, new threshold 15 (max 15)
- age   1:    4709984 bytes,    4709984 total
- age   2:    1043792 bytes,    5753776 total
- age   3:      28408 bytes,    5782184 total
- age   4:      78912 bytes,    5861096 total
- age   5:      71544 bytes,    5932640 total
- age   6:      27880 bytes,    5960520 total
- age   7:      73536 bytes,    6034056 total
- age   8:      66112 bytes,    6100168 total
- age   9:      29352 bytes,    6129520 total
- age  10:      69184 bytes,    6198704 total
- age  11:      70080 bytes,    6268784 total
- age  12:      29080 bytes,    6297864 total
- age  13:      85312 bytes,    6383176 total
- age  14:     188752 bytes,    6571928 total
- age  15:      27992 bytes,    6599920 total
, 0.0138718 secs]
   [Parallel Time: 12.5 ms, GC Workers: 4]
      [GC Worker Start (ms): Min: 22310520.2, Avg: 22310520.3, Max: 22310520.3, Diff: 0.1]
      [Ext Root Scanning (ms): Min: 1.0, Avg: 1.2, Max: 1.5, Diff: 0.5, Sum: 4.8]
      [Update RS (ms): Min: 0.4, Avg: 0.7, Max: 0.9, Diff: 0.5, Sum: 2.7]
         [Processed Buffers: Min: 1, Avg: 7.3, Max: 12, Diff: 11, Sum: 29]
      [Scan RS (ms): Min: 0.0, Avg: 0.1, Max: 0.1, Diff: 0.1, Sum: 0.2]
      [Code Root Scanning (ms): Min: 0.0, Avg: 0.1, Max: 0.2, Diff: 0.2, Sum: 0.4]
      [Object Copy (ms): Min: 10.2, Avg: 10.3, Max: 10.4, Diff: 0.3, Sum: 41.2]
      [Termination (ms): Min: 0.0, Avg: 0.0, Max: 0.0, Diff: 0.0, Sum: 0.0]
         [Termination Attempts: Min: 1, Avg: 1.0, Max: 1, Diff: 0, Sum: 4]
      [GC Worker Other (ms): Min: 0.0, Avg: 0.0, Max: 0.0, Diff: 0.0, Sum: 0.1]
      [GC Worker Total (ms): Min: 12.3, Avg: 12.4, Max: 12.4, Diff: 0.1, Sum: 49.4]
      [GC Worker End (ms): Min: 22310532.6, Avg: 22310532.6, Max: 22310532.6, Diff: 0.0]
   [Code Root Fixup: 0.0 ms]
   [Code Root Purge: 0.0 ms]
   [Clear CT: 0.1 ms]
   [Other: 1.3 ms]
      [Choose CSet: 0.0 ms]
      [Ref Proc: 0.7 ms]
      [Ref Enq: 0.1 ms]
      [Redirty Cards: 0.0 ms]
      [Humongous Register: 0.0 ms]
      [Humongous Reclaim: 0.0 ms]
      [Free CSet: 0.2 ms]
   [Eden: 294.0M(294.0M)->0.0B(295.0M) Survivors: 13.0M->12.0M Heap: 365.3M(512.0M)->70.6M(512.0M)]
Heap after GC invocations=73 (full 0):
 garbage-first heap   total 524288K, used 72284K [0x00000000e0000000, 0x00000000e0101000, 0x0000000100000000)
  region size 1024K, 12 young (12288K), 12 survivors (12288K)
 Metaspace       used 57543K, capacity 60136K, committed 60280K, reserved 1101824K
  class space    used 6794K, capacity 7315K, committed 7344K, reserved 1048576K
}
 [Times: user=0.02 sys=0.00, real=0.01 secs] 
2020-10-25T17:54:29.792+0100: 22310.534: Total time for which application threads were stopped: 0.0170181 seconds, Stopping threads took: 0.0024739 seconds
2020-10-25T17:54:29.965+0100: 22310.708: Total time for which application threads were stopped: 0.0015174 seconds, Stopping threads took: 0.0011305 seconds
2020-10-25T17:54:29.966+0100: 22310.710: Total time for which application threads were stopped: 0.0008159 seconds, Stopping threads took: 0.0004569 seconds
2020-10-25T17:54:30.036+0100: 22310.779: Total time for which application threads were stopped: 0.0003672 seconds, Stopping threads took: 0.0000851 seconds
2020-10-25T17:54:30.041+0100: 22310.784: Total time for which application threads were stopped: 0.0004581 seconds, Stopping threads took: 0.0000877 seconds
2020-10-25T17:54:30.046+0100: 22310.789: Total time for which application threads were stopped: 0.0004954 seconds, Stopping threads took: 0.0001161 seconds
2020-10-25T17:54:30.177+0100: 22310.920: Total time for which application threads were stopped: 0.0015405 seconds, Stopping threads took: 0.0011762 seconds
2020-10-25T17:54:30.178+0100: 22310.921: Total time for which application threads were stopped: 0.0005651 seconds, Stopping threads took: 0.0000902 seconds
2020-10-25T17:54:30.217+0100: 22310.960: Total time for which application threads were stopped: 0.0005803 seconds, Stopping threads took: 0.0002883 seconds
2020-10-25T17:54:30.218+0100: 22310.961: Total time for which application threads were stopped: 0.0003327 seconds, Stopping threads took: 0.0000843 seconds
2020-10-25T17:54:30.218+0100: 22310.961: Total time for which application threads were stopped: 0.0003167 seconds, Stopping threads took: 0.0000856 seconds
2020-10-25T17:54:30.219+0100: 22310.962: Total time for which application threads were stopped: 0.0003070 seconds, Stopping threads took: 0.0000684 seconds
2020-10-25T17:54:30.219+0100: 22310.962: Total time for which application threads were stopped: 0.0004008 seconds, Stopping threads took: 0.0000880 seconds
2020-10-25T17:54:30.219+0100: 22310.962: Total time for which application threads were stopped: 0.0002748 seconds, Stopping threads took: 0.0000455 seconds
2020-10-25T17:54:30.232+0100: 22310.975: Total time for which application threads were stopped: 0.0003491 seconds, Stopping threads took: 0.0000738 seconds
2020-10-25T17:54:30.234+0100: 22310.977: Total time for which application threads were stopped: 0.0007446 seconds, Stopping threads took: 0.0004815 seconds
2020-10-25T17:54:30.235+0100: 22310.978: Total time for which application threads were stopped: 0.0002887 seconds, Stopping threads took: 0.0000585 seconds
2020-10-25T17:54:30.338+0100: 22311.081: Total time for which application threads were stopped: 0.0020395 seconds, Stopping threads took: 0.0017014 seconds
2020-10-25T17:54:30.341+0100: 22311.084: Total time for which application threads were stopped: 0.0004621 seconds, Stopping threads took: 0.0000701 seconds
2020-10-25T17:54:30.346+0100: 22311.089: Total time for which application threads were stopped: 0.0009369 seconds, Stopping threads took: 0.0005886 seconds
2020-10-25T17:54:30.349+0100: 22311.092: Total time for which application threads were stopped: 0.0003783 seconds, Stopping threads took: 0.0000723 seconds
2020-10-25T17:54:30.505+0100: 22311.248: Total time for which application threads were stopped: 0.0003742 seconds, Stopping threads took: 0.0000683 seconds
2020-10-25T17:54:30.506+0100: 22311.248: Total time for which application threads were stopped: 0.0003295 seconds, Stopping threads took: 0.0000523 seconds
2020-10-25T17:54:30.506+0100: 22311.249: Total time for which application threads were stopped: 0.0002988 seconds, Stopping threads took: 0.0000436 seconds
2020-10-25T17:54:30.506+0100: 22311.249: Total time for which application threads were stopped: 0.0002887 seconds, Stopping threads took: 0.0000414 seconds
2020-10-25T17:54:30.507+0100: 22311.250: Total time for which application threads were stopped: 0.0002825 seconds, Stopping threads took: 0.0000412 seconds
2020-10-25T17:54:30.507+0100: 22311.250: Total time for which application threads were stopped: 0.0003449 seconds, Stopping threads took: 0.0000382 seconds
2020-10-25T17:54:30.515+0100: 22311.257: Total time for which application threads were stopped: 0.0003912 seconds, Stopping threads took: 0.0000736 seconds
2020-10-25T17:54:30.516+0100: 22311.259: Total time for which application threads were stopped: 0.0003457 seconds, Stopping threads took: 0.0000686 seconds
2020-10-25T17:54:30.516+0100: 22311.259: Total time for which application threads were stopped: 0.0002834 seconds, Stopping threads took: 0.0000485 seconds
2020-10-25T17:54:30.681+0100: 22311.424: Total time for which application threads were stopped: 0.0003743 seconds, Stopping threads took: 0.0000974 seconds
2020-10-25T17:54:56.693+0100: 22337.436: Total time for which application threads were stopped: 0.0003123 seconds, Stopping threads took: 0.0000730 seconds
2020-10-25T17:55:29.894+0100: 22370.636: Total time for which application threads were stopped: 0.0004156 seconds, Stopping threads took: 0.0000796 seconds
2020-10-25T17:56:45.566+0100: 22446.316: Total time for which application threads were stopped: 0.0006394 seconds, Stopping threads took: 0.0000706 seconds
2020-10-25T17:56:45.576+0100: 22446.322: Total time for which application threads were stopped: 0.0002987 seconds, Stopping threads took: 0.0000698 seconds
2020-10-25T17:56:46.125+0100: 22446.869: Total time for which application threads were stopped: 0.0007117 seconds, Stopping threads took: 0.0001402 seconds
2020-10-25T17:56:46.373+0100: 22447.116: Total time for which application threads were stopped: 0.0026910 seconds, Stopping threads took: 0.0021804 seconds
{Heap before GC invocations=73 (full 0):
 garbage-first heap   total 524288K, used 374364K [0x00000000e0000000, 0x00000000e0101000, 0x0000000100000000)
  region size 1024K, 307 young (314368K), 12 survivors (12288K)
 Metaspace       used 57555K, capacity 60136K, committed 60280K, reserved 1101824K
  class space    used 6794K, capacity 7315K, committed 7344K, reserved 1048576K
2020-10-25T17:56:46.467+0100: 22447.209: [GC pause (G1 Evacuation Pause) (young)
Desired survivor size 20447232 bytes, new threshold 15 (max 15)
- age   1:    2804472 bytes,    2804472 total
- age   2:    4664656 bytes,    7469128 total
- age   3:    1041656 bytes,    8510784 total
- age   4:      28328 bytes,    8539112 total
- age   5:      78912 bytes,    8618024 total
- age   6:      71544 bytes,    8689568 total
- age   7:      27880 bytes,    8717448 total
- age   8:      73536 bytes,    8790984 total
- age   9:      66112 bytes,    8857096 total
- age  10:      29352 bytes,    8886448 total
- age  11:      69184 bytes,    8955632 total
- age  12:      70080 bytes,    9025712 total
- age  13:      29080 bytes,    9054792 total
- age  14:      85312 bytes,    9140104 total
- age  15:     188752 bytes,    9328856 total
, 0.0213429 secs]
   [Parallel Time: 14.1 ms, GC Workers: 4]
      [GC Worker Start (ms): Min: 22447209.8, Avg: 22447209.8, Max: 22447209.9, Diff: 0.1]
      [Ext Root Scanning (ms): Min: 0.9, Avg: 1.4, Max: 2.2, Diff: 1.3, Sum: 5.5]
      [Update RS (ms): Min: 0.0, Avg: 0.7, Max: 1.1, Diff: 1.1, Sum: 2.9]
         [Processed Buffers: Min: 0, Avg: 10.8, Max: 22, Diff: 22, Sum: 43]
      [Scan RS (ms): Min: 0.0, Avg: 0.1, Max: 0.1, Diff: 0.1, Sum: 0.2]
      [Code Root Scanning (ms): Min: 0.0, Avg: 0.1, Max: 0.2, Diff: 0.2, Sum: 0.3]
      [Object Copy (ms): Min: 11.6, Avg: 11.7, Max: 11.9, Diff: 0.3, Sum: 47.0]
      [Termination (ms): Min: 0.0, Avg: 0.0, Max: 0.0, Diff: 0.0, Sum: 0.0]
         [Termination Attempts: Min: 1, Avg: 1.0, Max: 1, Diff: 0, Sum: 4]
      [GC Worker Other (ms): Min: 0.0, Avg: 0.0, Max: 0.0, Diff: 0.0, Sum: 0.1]
      [GC Worker Total (ms): Min: 13.9, Avg: 14.0, Max: 14.0, Diff: 0.1, Sum: 56.0]
      [GC Worker End (ms): Min: 22447223.8, Avg: 22447223.8, Max: 22447223.8, Diff: 0.0]
   [Code Root Fixup: 0.0 ms]
   [Code Root Purge: 0.0 ms]
   [Clear CT: 0.1 ms]
   [Other: 7.1 ms]
      [Choose CSet: 0.0 ms]
      [Ref Proc: 6.4 ms]
      [Ref Enq: 0.1 ms]
      [Redirty Cards: 0.0 ms]
      [Humongous Register: 0.0 ms]
      [Humongous Reclaim: 0.0 ms]
      [Free CSet: 0.2 ms]
   [Eden: 295.0M(295.0M)->0.0B(292.0M) Survivors: 12.0M->15.0M Heap: 365.6M(512.0M)->73.8M(512.0M)]
Heap after GC invocations=74 (full 0):
 garbage-first heap   total 524288K, used 75566K [0x00000000e0000000, 0x00000000e0101000, 0x0000000100000000)
  region size 1024K, 15 young (15360K), 15 survivors (15360K)
 Metaspace       used 57555K, capacity 60136K, committed 60280K, reserved 1101824K
  class space    used 6794K, capacity 7315K, committed 7344K, reserved 1048576K
}
 [Times: user=0.06 sys=0.00, real=0.02 secs] 
2020-10-25T17:56:46.488+0100: 22447.231: Total time for which application threads were stopped: 0.0225271 seconds, Stopping threads took: 0.0005095 seconds
2020-10-25T17:56:46.698+0100: 22447.441: Total time for which application threads were stopped: 0.0092473 seconds, Stopping threads took: 0.0089821 seconds
2020-10-25T17:56:46.710+0100: 22447.452: Total time for which application threads were stopped: 0.0003567 seconds, Stopping threads took: 0.0000884 seconds
2020-10-25T17:56:46.718+0100: 22447.460: Total time for which application threads were stopped: 0.0003448 seconds, Stopping threads took: 0.0000891 seconds
2020-10-25T17:56:46.743+0100: 22447.486: Total time for which application threads were stopped: 0.0094206 seconds, Stopping threads took: 0.0091149 seconds
2020-10-25T17:56:46.769+0100: 22447.511: Total time for which application threads were stopped: 0.0227189 seconds, Stopping threads took: 0.0224004 seconds
2020-10-25T17:56:46.770+0100: 22447.512: Total time for which application threads were stopped: 0.0004220 seconds, Stopping threads took: 0.0000914 seconds
2020-10-25T17:56:47.036+0100: 22447.778: Total time for which application threads were stopped: 0.0018985 seconds, Stopping threads took: 0.0015840 seconds
2020-10-25T17:56:47.043+0100: 22447.785: Total time for which application threads were stopped: 0.0025825 seconds, Stopping threads took: 0.0021699 seconds
2020-10-25T17:56:47.046+0100: 22447.788: Total time for which application threads were stopped: 0.0018260 seconds, Stopping threads took: 0.0006687 seconds
2020-10-25T17:56:47.292+0100: 22448.034: Total time for which application threads were stopped: 0.0009921 seconds, Stopping threads took: 0.0006925 seconds
2020-10-25T17:56:47.293+0100: 22448.035: Total time for which application threads were stopped: 0.0004541 seconds, Stopping threads took: 0.0000940 seconds
2020-10-25T17:56:47.294+0100: 22448.036: Total time for which application threads were stopped: 0.0005883 seconds, Stopping threads took: 0.0002584 seconds
2020-10-25T17:56:47.300+0100: 22448.042: Total time for which application threads were stopped: 0.0044578 seconds, Stopping threads took: 0.0041426 seconds
2020-10-25T17:56:47.301+0100: 22448.043: Total time for which application threads were stopped: 0.0003495 seconds, Stopping threads took: 0.0000524 seconds
2020-10-25T17:56:47.302+0100: 22448.045: Total time for which application threads were stopped: 0.0009410 seconds, Stopping threads took: 0.0006546 seconds
2020-10-25T17:56:47.322+0100: 22448.064: Total time for which application threads were stopped: 0.0006328 seconds, Stopping threads took: 0.0002102 seconds
2020-10-25T17:56:47.323+0100: 22448.065: Total time for which application threads were stopped: 0.0003350 seconds, Stopping threads took: 0.0000645 seconds
2020-10-25T17:56:47.323+0100: 22448.066: Total time for which application threads were stopped: 0.0003608 seconds, Stopping threads took: 0.0000553 seconds
2020-10-25T17:56:47.324+0100: 22448.066: Total time for which application threads were stopped: 0.0003716 seconds, Stopping threads took: 0.0000648 seconds
2020-10-25T17:56:47.326+0100: 22448.068: Total time for which application threads were stopped: 0.0003494 seconds, Stopping threads took: 0.0000599 seconds
2020-10-25T17:56:47.399+0100: 22448.141: Total time for which application threads were stopped: 0.0004338 seconds, Stopping threads took: 0.0000698 seconds
2020-10-25T17:56:47.480+0100: 22448.223: Total time for which application threads were stopped: 0.0002306 seconds, Stopping threads took: 0.0000489 seconds
2020-10-25T17:56:47.480+0100: 22448.223: Total time for which application threads were stopped: 0.0001805 seconds, Stopping threads took: 0.0000345 seconds
2020-10-25T17:56:47.480+0100: 22448.223: Total time for which application threads were stopped: 0.0001657 seconds, Stopping threads took: 0.0000335 seconds
2020-10-25T17:56:47.480+0100: 22448.223: Total time for which application threads were stopped: 0.0001514 seconds, Stopping threads took: 0.0000297 seconds
2020-10-25T17:56:47.481+0100: 22448.224: Total time for which application threads were stopped: 0.0001863 seconds, Stopping threads took: 0.0000291 seconds
2020-10-25T17:56:47.481+0100: 22448.224: Total time for which application threads were stopped: 0.0001398 seconds, Stopping threads took: 0.0000287 seconds
2020-10-25T17:56:47.488+0100: 22448.231: Total time for which application threads were stopped: 0.0002732 seconds, Stopping threads took: 0.0000892 seconds
2020-10-25T17:56:47.489+0100: 22448.232: Total time for which application threads were stopped: 0.0002718 seconds, Stopping threads took: 0.0000709 seconds
2020-10-25T17:56:47.489+0100: 22448.232: Total time for which application threads were stopped: 0.0001642 seconds, Stopping threads took: 0.0000545 seconds
2020-10-25T17:56:47.489+0100: 22448.232: Total time for which application threads were stopped: 0.0002134 seconds, Stopping threads took: 0.0000712 seconds
2020-10-25T17:56:47.490+0100: 22448.233: Total time for which application threads were stopped: 0.0002257 seconds, Stopping threads took: 0.0000514 seconds
2020-10-25T17:56:47.656+0100: 22448.399: Total time for which application threads were stopped: 0.0007378 seconds, Stopping threads took: 0.0001441 seconds
2020-10-25T17:56:58.323+0100: 22459.066: Total time for which application threads were stopped: 0.0004283 seconds, Stopping threads took: 0.0000792 seconds
2020-10-25T17:56:58.417+0100: 22459.160: Total time for which application threads were stopped: 0.0003242 seconds, Stopping threads took: 0.0000554 seconds
2020-10-25T17:56:58.417+0100: 22459.160: Total time for which application threads were stopped: 0.0002673 seconds, Stopping threads took: 0.0000463 seconds
2020-10-25T17:56:58.418+0100: 22459.161: Total time for which application threads were stopped: 0.0002609 seconds, Stopping threads took: 0.0000459 seconds
2020-10-25T17:56:58.418+0100: 22459.161: Total time for which application threads were stopped: 0.0002572 seconds, Stopping threads took: 0.0000395 seconds
2020-10-25T17:56:58.418+0100: 22459.161: Total time for which application threads were stopped: 0.0003311 seconds, Stopping threads took: 0.0000549 seconds
2020-10-25T17:56:58.422+0100: 22459.165: Total time for which application threads were stopped: 0.0010087 seconds, Stopping threads took: 0.0000686 seconds
2020-10-25T17:56:58.429+0100: 22459.172: Total time for which application threads were stopped: 0.0003580 seconds, Stopping threads took: 0.0000685 seconds
2020-10-25T17:57:34.084+0100: 22494.827: Total time for which application threads were stopped: 0.0003620 seconds, Stopping threads took: 0.0000832 seconds
2020-10-25T17:57:34.693+0100: 22495.436: Total time for which application threads were stopped: 0.0003543 seconds, Stopping threads took: 0.0000890 seconds
{Heap before GC invocations=74 (full 0):
 garbage-first heap   total 524288K, used 374574K [0x00000000e0000000, 0x00000000e0101000, 0x0000000100000000)
  region size 1024K, 307 young (314368K), 15 survivors (15360K)
 Metaspace       used 57603K, capacity 60200K, committed 60280K, reserved 1101824K
  class space    used 6794K, capacity 7315K, committed 7344K, reserved 1048576K
2020-10-25T17:57:34.832+0100: 22495.575: [GC pause (G1 Evacuation Pause) (young)
Desired survivor size 20447232 bytes, new threshold 15 (max 15)
- age   1:    7185472 bytes,    7185472 total
- age   2:     761144 bytes,    7946616 total
- age   3:     430120 bytes,    8376736 total
- age   4:      72512 bytes,    8449248 total
- age   5:      28224 bytes,    8477472 total
- age   6:      78808 bytes,    8556280 total
- age   7:      71544 bytes,    8627824 total
- age   8:      27880 bytes,    8655704 total
- age   9:      73536 bytes,    8729240 total
- age  10:      66112 bytes,    8795352 total
- age  11:      29352 bytes,    8824704 total
- age  12:      69184 bytes,    8893888 total
- age  13:      70080 bytes,    8963968 total
- age  14:      29080 bytes,    8993048 total
- age  15:      85312 bytes,    9078360 total
, 0.0184762 secs]
   [Parallel Time: 11.5 ms, GC Workers: 4]
      [GC Worker Start (ms): Min: 22495574.9, Avg: 22495575.0, Max: 22495575.0, Diff: 0.0]
      [Ext Root Scanning (ms): Min: 1.1, Avg: 1.3, Max: 1.7, Diff: 0.6, Sum: 5.2]
      [Update RS (ms): Min: 0.3, Avg: 0.6, Max: 0.8, Diff: 0.5, Sum: 2.5]
         [Processed Buffers: Min: 1, Avg: 10.5, Max: 33, Diff: 32, Sum: 42]
      [Scan RS (ms): Min: 0.0, Avg: 0.1, Max: 0.1, Diff: 0.0, Sum: 0.2]
      [Code Root Scanning (ms): Min: 0.0, Avg: 0.1, Max: 0.2, Diff: 0.2, Sum: 0.4]
      [Object Copy (ms): Min: 9.2, Avg: 9.3, Max: 9.5, Diff: 0.3, Sum: 37.3]
      [Termination (ms): Min: 0.0, Avg: 0.0, Max: 0.0, Diff: 0.0, Sum: 0.0]
         [Termination Attempts: Min: 1, Avg: 1.0, Max: 1, Diff: 0, Sum: 4]
      [GC Worker Other (ms): Min: 0.0, Avg: 0.0, Max: 0.0, Diff: 0.0, Sum: 0.1]
      [GC Worker Total (ms): Min: 11.4, Avg: 11.4, Max: 11.4, Diff: 0.0, Sum: 45.6]
      [GC Worker End (ms): Min: 22495586.4, Avg: 22495586.4, Max: 22495586.4, Diff: 0.0]
   [Code Root Fixup: 0.0 ms]
   [Code Root Purge: 0.0 ms]
   [Clear CT: 0.1 ms]
   [Other: 6.8 ms]
      [Choose CSet: 0.0 ms]
      [Ref Proc: 6.1 ms]
      [Ref Enq: 0.1 ms]
      [Redirty Cards: 0.1 ms]
      [Humongous Register: 0.0 ms]
      [Humongous Reclaim: 0.0 ms]
      [Free CSet: 0.3 ms]
   [Eden: 292.0M(292.0M)->0.0B(294.0M) Survivors: 15.0M->13.0M Heap: 365.8M(512.0M)->71.5M(512.0M)]
Heap after GC invocations=75 (full 0):
 garbage-first heap   total 524288K, used 73167K [0x00000000e0000000, 0x00000000e0101000, 0x0000000100000000)
  region size 1024K, 13 young (13312K), 13 survivors (13312K)
 Metaspace       used 57603K, capacity 60200K, committed 60280K, reserved 1101824K
  class space    used 6794K, capacity 7315K, committed 7344K, reserved 1048576K
}
 [Times: user=0.06 sys=0.00, real=0.02 secs] 
2020-10-25T17:57:34.851+0100: 22495.594: Total time for which application threads were stopped: 0.0192374 seconds, Stopping threads took: 0.0000642 seconds
2020-10-25T17:57:34.913+0100: 22495.656: Total time for which application threads were stopped: 0.0016541 seconds, Stopping threads took: 0.0010811 seconds
2020-10-25T17:57:35.108+0100: 22495.850: Total time for which application threads were stopped: 0.0025997 seconds, Stopping threads took: 0.0022216 seconds
2020-10-25T17:57:35.108+0100: 22495.851: Total time for which application threads were stopped: 0.0004022 seconds, Stopping threads took: 0.0000739 seconds
2020-10-25T17:57:35.112+0100: 22495.855: Total time for which application threads were stopped: 0.0029704 seconds, Stopping threads took: 0.0026002 seconds
2020-10-25T17:57:35.223+0100: 22495.965: Total time for which application threads were stopped: 0.0004610 seconds, Stopping threads took: 0.0001119 seconds
{Heap before GC invocations=75 (full 0):
 garbage-first heap   total 524288K, used 374223K [0x00000000e0000000, 0x00000000e0101000, 0x0000000100000000)
  region size 1024K, 307 young (314368K), 13 survivors (13312K)
 Metaspace       used 57603K, capacity 60200K, committed 60280K, reserved 1101824K
  class space    used 6794K, capacity 7315K, committed 7344K, reserved 1048576K
2020-10-25T17:57:35.238+0100: 22495.980: [GC pause (G1 Evacuation Pause) (young)
Desired survivor size 20447232 bytes, new threshold 15 (max 15)
- age   1:    4883768 bytes,    4883768 total
- age   2:    1047472 bytes,    5931240 total
- age   3:      28632 bytes,    5959872 total
- age   4:      67424 bytes,    6027296 total
- age   5:      72224 bytes,    6099520 total
- age   6:      27992 bytes,    6127512 total
- age   7:      78456 bytes,    6205968 total
- age   8:      71312 bytes,    6277280 total
- age   9:      27880 bytes,    6305160 total
- age  10:      73536 bytes,    6378696 total
- age  11:      66112 bytes,    6444808 total
- age  12:      29328 bytes,    6474136 total
- age  13:      69184 bytes,    6543320 total
- age  14:      70080 bytes,    6613400 total
- age  15:      29080 bytes,    6642480 total
, 0.0142850 secs]
   [Parallel Time: 12.4 ms, GC Workers: 4]
      [GC Worker Start (ms): Min: 22495980.2, Avg: 22495980.2, Max: 22495980.3, Diff: 0.0]
      [Ext Root Scanning (ms): Min: 1.0, Avg: 1.4, Max: 2.3, Diff: 1.3, Sum: 5.5]
      [Update RS (ms): Min: 0.0, Avg: 0.5, Max: 0.8, Diff: 0.8, Sum: 2.0]
         [Processed Buffers: Min: 0, Avg: 6.5, Max: 21, Diff: 21, Sum: 26]
      [Scan RS (ms): Min: 0.0, Avg: 0.1, Max: 0.1, Diff: 0.1, Sum: 0.2]
      [Code Root Scanning (ms): Min: 0.0, Avg: 0.1, Max: 0.2, Diff: 0.2, Sum: 0.3]
      [Object Copy (ms): Min: 10.0, Avg: 10.3, Max: 10.6, Diff: 0.6, Sum: 41.3]
      [Termination (ms): Min: 0.0, Avg: 0.0, Max: 0.0, Diff: 0.0, Sum: 0.0]
         [Termination Attempts: Min: 1, Avg: 1.0, Max: 1, Diff: 0, Sum: 4]
      [GC Worker Other (ms): Min: 0.0, Avg: 0.0, Max: 0.0, Diff: 0.0, Sum: 0.1]
      [GC Worker Total (ms): Min: 12.3, Avg: 12.4, Max: 12.4, Diff: 0.1, Sum: 49.5]
      [GC Worker End (ms): Min: 22495992.6, Avg: 22495992.6, Max: 22495992.6, Diff: 0.0]
   [Code Root Fixup: 0.0 ms]
   [Code Root Purge: 0.0 ms]
   [Clear CT: 0.1 ms]
   [Other: 1.7 ms]
      [Choose CSet: 0.0 ms]
      [Ref Proc: 1.1 ms]
      [Ref Enq: 0.1 ms]
      [Redirty Cards: 0.1 ms]
      [Humongous Register: 0.0 ms]
      [Humongous Reclaim: 0.0 ms]
      [Free CSet: 0.3 ms]
   [Eden: 294.0M(294.0M)->0.0B(295.0M) Survivors: 13.0M->12.0M Heap: 365.5M(512.0M)->71.0M(512.0M)]
Heap after GC invocations=76 (full 0):
 garbage-first heap   total 524288K, used 72740K [0x00000000e0000000, 0x00000000e0101000, 0x0000000100000000)
  region size 1024K, 12 young (12288K), 12 survivors (12288K)
 Metaspace       used 57603K, capacity 60200K, committed 60280K, reserved 1101824K
  class space    used 6794K, capacity 7315K, committed 7344K, reserved 1048576K
}
 [Times: user=0.06 sys=0.00, real=0.01 secs] 
2020-10-25T17:57:35.252+0100: 22495.995: Total time for which application threads were stopped: 0.0158013 seconds, Stopping threads took: 0.0008878 seconds
2020-10-25T17:57:35.253+0100: 22495.996: Total time for which application threads were stopped: 0.0004881 seconds, Stopping threads took: 0.0001320 seconds
2020-10-25T17:57:35.254+0100: 22495.996: Total time for which application threads were stopped: 0.0004438 seconds, Stopping threads took: 0.0001089 seconds
2020-10-25T17:57:35.517+0100: 22496.260: Total time for which application threads were stopped: 0.0004174 seconds, Stopping threads took: 0.0000628 seconds
2020-10-25T17:57:35.523+0100: 22496.265: Total time for which application threads were stopped: 0.0005126 seconds, Stopping threads took: 0.0000854 seconds
2020-10-25T17:57:35.526+0100: 22496.268: Total time for which application threads were stopped: 0.0007673 seconds, Stopping threads took: 0.0004446 seconds
2020-10-25T17:57:35.568+0100: 22496.310: Total time for which application threads were stopped: 0.0004910 seconds, Stopping threads took: 0.0000960 seconds
2020-10-25T17:57:35.729+0100: 22496.472: Total time for which application threads were stopped: 0.0069003 seconds, Stopping threads took: 0.0065707 seconds
2020-10-25T17:57:35.733+0100: 22496.476: Total time for which application threads were stopped: 0.0003516 seconds, Stopping threads took: 0.0000673 seconds
2020-10-25T17:57:35.735+0100: 22496.478: Total time for which application threads were stopped: 0.0003542 seconds, Stopping threads took: 0.0000639 seconds
2020-10-25T17:57:35.783+0100: 22496.526: Total time for which application threads were stopped: 0.0127132 seconds, Stopping threads took: 0.0117183 seconds
2020-10-25T17:57:35.784+0100: 22496.527: Total time for which application threads were stopped: 0.0009388 seconds, Stopping threads took: 0.0000627 seconds
2020-10-25T17:57:35.805+0100: 22496.547: Total time for which application threads were stopped: 0.0193251 seconds, Stopping threads took: 0.0181793 seconds
2020-10-25T17:57:35.806+0100: 22496.549: Total time for which application threads were stopped: 0.0011891 seconds, Stopping threads took: 0.0000593 seconds
2020-10-25T17:57:35.809+0100: 22496.552: Total time for which application threads were stopped: 0.0013286 seconds, Stopping threads took: 0.0000696 seconds
2020-10-25T17:57:35.811+0100: 22496.554: Total time for which application threads were stopped: 0.0016159 seconds, Stopping threads took: 0.0003655 seconds
2020-10-25T17:57:35.815+0100: 22496.557: Total time for which application threads were stopped: 0.0019533 seconds, Stopping threads took: 0.0006700 seconds
2020-10-25T17:57:35.828+0100: 22496.570: Total time for which application threads were stopped: 0.0010913 seconds, Stopping threads took: 0.0000858 seconds
2020-10-25T17:57:35.831+0100: 22496.574: Total time for which application threads were stopped: 0.0012059 seconds, Stopping threads took: 0.0000701 seconds
2020-10-25T17:57:35.832+0100: 22496.575: Total time for which application threads were stopped: 0.0011476 seconds, Stopping threads took: 0.0001002 seconds
2020-10-25T17:57:35.900+0100: 22496.643: Total time for which application threads were stopped: 0.0004350 seconds, Stopping threads took: 0.0000992 seconds
2020-10-25T17:57:36.055+0100: 22496.798: Total time for which application threads were stopped: 0.0002890 seconds, Stopping threads took: 0.0000696 seconds
2020-10-25T17:57:44.533+0100: 22505.276: Total time for which application threads were stopped: 0.0003177 seconds, Stopping threads took: 0.0000730 seconds
2020-10-25T17:57:44.533+0100: 22505.277: Total time for which application threads were stopped: 0.0002772 seconds, Stopping threads took: 0.0000741 seconds
2020-10-25T17:57:44.535+0100: 22505.278: Total time for which application threads were stopped: 0.0006363 seconds, Stopping threads took: 0.0000963 seconds
2020-10-25T17:57:44.536+0100: 22505.278: Total time for which application threads were stopped: 0.0004272 seconds, Stopping threads took: 0.0001833 seconds
2020-10-25T17:57:44.536+0100: 22505.279: Total time for which application threads were stopped: 0.0003131 seconds, Stopping threads took: 0.0000572 seconds
2020-10-25T17:57:44.536+0100: 22505.282: Total time for which application threads were stopped: 0.0006917 seconds, Stopping threads took: 0.0001176 seconds
2020-10-25T17:57:44.536+0100: 22505.282: Total time for which application threads were stopped: 0.0002586 seconds, Stopping threads took: 0.0000426 seconds
2020-10-25T17:57:44.536+0100: 22505.283: Total time for which application threads were stopped: 0.0001898 seconds, Stopping threads took: 0.0000331 seconds
2020-10-25T17:57:44.536+0100: 22505.283: Total time for which application threads were stopped: 0.0001982 seconds, Stopping threads took: 0.0000319 seconds
2020-10-25T17:57:44.536+0100: 22505.283: Total time for which application threads were stopped: 0.0001993 seconds, Stopping threads took: 0.0000315 seconds
2020-10-25T17:57:44.536+0100: 22505.283: Total time for which application threads were stopped: 0.0001877 seconds, Stopping threads took: 0.0000316 seconds
2020-10-25T17:57:44.541+0100: 22505.284: Total time for which application threads were stopped: 0.0002381 seconds, Stopping threads took: 0.0000674 seconds
2020-10-25T17:57:44.541+0100: 22505.284: Total time for which application threads were stopped: 0.0001907 seconds, Stopping threads took: 0.0000320 seconds
2020-10-25T18:00:30.661+0100: 22671.404: Total time for which application threads were stopped: 0.0006659 seconds, Stopping threads took: 0.0001361 seconds
2020-10-25T18:04:31.227+0100: 22911.969: Total time for which application threads were stopped: 0.0004443 seconds, Stopping threads took: 0.0000989 seconds
2020-10-25T18:06:32.359+0100: 23033.102: Total time for which application threads were stopped: 0.0007086 seconds, Stopping threads took: 0.0001829 seconds
2020-10-25T18:06:49.451+0100: 23050.193: Total time for which application threads were stopped: 0.0003979 seconds, Stopping threads took: 0.0001060 seconds
2020-10-25T18:09:32.186+0100: 23212.929: Total time for which application threads were stopped: 0.0006086 seconds, Stopping threads took: 0.0001334 seconds
2020-10-25T18:09:33.187+0100: 23213.929: Total time for which application threads were stopped: 0.0002624 seconds, Stopping threads took: 0.0000590 seconds
2020-10-25T18:13:24.890+0100: 23445.642: Total time for which application threads were stopped: 0.0005205 seconds, Stopping threads took: 0.0001113 seconds
2020-10-25T18:13:24.940+0100: 23445.695: Total time for which application threads were stopped: 0.0003990 seconds, Stopping threads took: 0.0000719 seconds
2020-10-25T18:13:24.943+0100: 23445.695: Total time for which application threads were stopped: 0.0002787 seconds, Stopping threads took: 0.0000713 seconds
2020-10-25T18:13:26.944+0100: 23447.696: Total time for which application threads were stopped: 0.0002941 seconds, Stopping threads took: 0.0000645 seconds
2020-10-25T18:13:27.633+0100: 23448.385: Total time for which application threads were stopped: 0.0007646 seconds, Stopping threads took: 0.0004716 seconds
2020-10-25T18:13:27.677+0100: 23448.429: Total time for which application threads were stopped: 0.0003237 seconds, Stopping threads took: 0.0000806 seconds
2020-10-25T18:13:27.678+0100: 23448.430: Total time for which application threads were stopped: 0.0004384 seconds, Stopping threads took: 0.0000970 seconds
2020-10-25T18:13:27.678+0100: 23448.430: Total time for which application threads were stopped: 0.0003385 seconds, Stopping threads took: 0.0000546 seconds
2020-10-25T18:13:28.680+0100: 23449.431: Total time for which application threads were stopped: 0.0003734 seconds, Stopping threads took: 0.0000729 seconds
2020-10-25T18:13:28.804+0100: 23449.558: Total time for which application threads were stopped: 0.0005533 seconds, Stopping threads took: 0.0001085 seconds
2020-10-25T18:13:28.874+0100: 23449.625: Total time for which application threads were stopped: 0.0003549 seconds, Stopping threads took: 0.0000954 seconds
2020-10-25T18:13:29.054+0100: 23449.805: Total time for which application threads were stopped: 0.0009878 seconds, Stopping threads took: 0.0007279 seconds
2020-10-25T18:13:29.056+0100: 23449.807: Total time for which application threads were stopped: 0.0005131 seconds, Stopping threads took: 0.0000839 seconds
2020-10-25T18:13:29.156+0100: 23449.908: Total time for which application threads were stopped: 0.0041399 seconds, Stopping threads took: 0.0028359 seconds
2020-10-25T18:13:29.379+0100: 23450.130: Total time for which application threads were stopped: 0.0005760 seconds, Stopping threads took: 0.0000846 seconds
2020-10-25T18:13:30.210+0100: 23450.962: Total time for which application threads were stopped: 0.0003864 seconds, Stopping threads took: 0.0000685 seconds
2020-10-25T18:13:30.767+0100: 23451.518: Total time for which application threads were stopped: 0.0003849 seconds, Stopping threads took: 0.0001068 seconds
2020-10-25T18:13:30.775+0100: 23451.527: Total time for which application threads were stopped: 0.0003317 seconds, Stopping threads took: 0.0000622 seconds
2020-10-25T18:13:30.929+0100: 23451.680: Total time for which application threads were stopped: 0.0003341 seconds, Stopping threads took: 0.0000649 seconds
2020-10-25T18:13:31.298+0100: 23452.050: Total time for which application threads were stopped: 0.0003720 seconds, Stopping threads took: 0.0000793 seconds
2020-10-25T18:13:31.298+0100: 23452.050: Total time for which application threads were stopped: 0.0003184 seconds, Stopping threads took: 0.0000743 seconds
2020-10-25T18:13:31.299+0100: 23452.051: Total time for which application threads were stopped: 0.0002863 seconds, Stopping threads took: 0.0000466 seconds
2020-10-25T18:13:31.299+0100: 23452.051: Total time for which application threads were stopped: 0.0002667 seconds, Stopping threads took: 0.0000427 seconds
2020-10-25T18:13:31.791+0100: 23452.543: Total time for which application threads were stopped: 0.0004320 seconds, Stopping threads took: 0.0001601 seconds
2020-10-25T18:13:31.899+0100: 23452.650: Total time for which application threads were stopped: 0.0003775 seconds, Stopping threads took: 0.0000588 seconds
2020-10-25T18:13:31.971+0100: 23452.723: Total time for which application threads were stopped: 0.0003572 seconds, Stopping threads took: 0.0000575 seconds
2020-10-25T18:13:32.031+0100: 23452.783: Total time for which application threads were stopped: 0.0004009 seconds, Stopping threads took: 0.0000573 seconds
2020-10-25T18:13:32.207+0100: 23452.958: Total time for which application threads were stopped: 0.0004355 seconds, Stopping threads took: 0.0000952 seconds
2020-10-25T18:13:32.208+0100: 23452.959: Total time for which application threads were stopped: 0.0005023 seconds, Stopping threads took: 0.0000560 seconds
2020-10-25T18:13:34.731+0100: 23455.483: Total time for which application threads were stopped: 0.0002908 seconds, Stopping threads took: 0.0000588 seconds
2020-10-25T18:13:34.731+0100: 23455.483: Total time for which application threads were stopped: 0.0002587 seconds, Stopping threads took: 0.0000368 seconds
2020-10-25T18:13:34.737+0100: 23455.489: Total time for which application threads were stopped: 0.0006715 seconds, Stopping threads took: 0.0003838 seconds
2020-10-25T18:13:34.738+0100: 23455.489: Total time for which application threads were stopped: 0.0005887 seconds, Stopping threads took: 0.0000761 seconds
2020-10-25T18:13:34.743+0100: 23455.495: Total time for which application threads were stopped: 0.0004773 seconds, Stopping threads took: 0.0000703 seconds
2020-10-25T18:13:34.743+0100: 23455.495: Total time for which application threads were stopped: 0.0003224 seconds, Stopping threads took: 0.0000530 seconds
2020-10-25T18:13:34.744+0100: 23455.495: Total time for which application threads were stopped: 0.0002887 seconds, Stopping threads took: 0.0000704 seconds
2020-10-25T18:13:34.747+0100: 23455.499: Total time for which application threads were stopped: 0.0003609 seconds, Stopping threads took: 0.0000596 seconds
2020-10-25T18:13:34.749+0100: 23455.501: Total time for which application threads were stopped: 0.0004153 seconds, Stopping threads took: 0.0000548 seconds
2020-10-25T18:13:34.750+0100: 23455.502: Total time for which application threads were stopped: 0.0005295 seconds, Stopping threads took: 0.0000574 seconds
2020-10-25T18:13:34.751+0100: 23455.503: Total time for which application threads were stopped: 0.0003846 seconds, Stopping threads took: 0.0000578 seconds
2020-10-25T18:13:34.761+0100: 23455.513: Total time for which application threads were stopped: 0.0005111 seconds, Stopping threads took: 0.0000792 seconds
2020-10-25T18:13:34.762+0100: 23455.514: Total time for which application threads were stopped: 0.0004049 seconds, Stopping threads took: 0.0000976 seconds
2020-10-25T18:13:34.763+0100: 23455.515: Total time for which application threads were stopped: 0.0003685 seconds, Stopping threads took: 0.0000851 seconds
2020-10-25T18:13:34.763+0100: 23455.515: Total time for which application threads were stopped: 0.0003507 seconds, Stopping threads took: 0.0000790 seconds
2020-10-25T18:13:34.765+0100: 23455.517: Total time for which application threads were stopped: 0.0004119 seconds, Stopping threads took: 0.0000804 seconds
2020-10-25T18:13:34.775+0100: 23455.527: Total time for which application threads were stopped: 0.0004799 seconds, Stopping threads took: 0.0000838 seconds
2020-10-25T18:13:34.788+0100: 23455.540: Total time for which application threads were stopped: 0.0006780 seconds, Stopping threads took: 0.0001514 seconds
2020-10-25T18:13:34.815+0100: 23455.567: Total time for which application threads were stopped: 0.0004004 seconds, Stopping threads took: 0.0000631 seconds
2020-10-25T18:13:34.816+0100: 23455.567: Total time for which application threads were stopped: 0.0002205 seconds, Stopping threads took: 0.0000374 seconds
2020-10-25T18:13:34.816+0100: 23455.568: Total time for which application threads were stopped: 0.0002470 seconds, Stopping threads took: 0.0000502 seconds
2020-10-25T18:13:34.817+0100: 23455.568: Total time for which application threads were stopped: 0.0002212 seconds, Stopping threads took: 0.0000367 seconds
2020-10-25T18:13:34.817+0100: 23455.569: Total time for which application threads were stopped: 0.0004524 seconds, Stopping threads took: 0.0000633 seconds
2020-10-25T18:13:34.818+0100: 23455.570: Total time for which application threads were stopped: 0.0005233 seconds, Stopping threads took: 0.0000846 seconds
2020-10-25T18:13:34.819+0100: 23455.571: Total time for which application threads were stopped: 0.0005029 seconds, Stopping threads took: 0.0000744 seconds
2020-10-25T18:13:34.824+0100: 23455.576: Total time for which application threads were stopped: 0.0003881 seconds, Stopping threads took: 0.0000681 seconds
2020-10-25T18:13:34.824+0100: 23455.576: Total time for which application threads were stopped: 0.0003100 seconds, Stopping threads took: 0.0000502 seconds
2020-10-25T18:13:34.836+0100: 23455.588: Total time for which application threads were stopped: 0.0003940 seconds, Stopping threads took: 0.0000784 seconds
2020-10-25T18:13:35.051+0100: 23455.803: Total time for which application threads were stopped: 0.0004600 seconds, Stopping threads took: 0.0000660 seconds
2020-10-25T18:13:35.304+0100: 23456.056: Total time for which application threads were stopped: 0.0003337 seconds, Stopping threads took: 0.0001053 seconds
2020-10-25T18:14:05.352+0100: 23486.103: Total time for which application threads were stopped: 0.0003862 seconds, Stopping threads took: 0.0000839 seconds
2020-10-25T18:14:54.483+0100: 23535.235: Total time for which application threads were stopped: 0.0003705 seconds, Stopping threads took: 0.0000664 seconds
2020-10-25T18:17:27.382+0100: 23688.134: Total time for which application threads were stopped: 0.0004317 seconds, Stopping threads took: 0.0000997 seconds
2020-10-25T18:22:28.203+0100: 23988.955: Total time for which application threads were stopped: 0.0004715 seconds, Stopping threads took: 0.0000955 seconds
2020-10-25T18:26:26.287+0100: 24227.040: Total time for which application threads were stopped: 0.0003744 seconds, Stopping threads took: 0.0000833 seconds
2020-10-25T18:26:26.868+0100: 24227.620: Total time for which application threads were stopped: 0.0007845 seconds, Stopping threads took: 0.0001321 seconds
2020-10-25T18:26:27.158+0100: 24227.910: Total time for which application threads were stopped: 0.0093597 seconds, Stopping threads took: 0.0089774 seconds
2020-10-25T18:26:27.337+0100: 24228.089: Total time for which application threads were stopped: 0.0019471 seconds, Stopping threads took: 0.0015587 seconds
2020-10-25T18:26:27.338+0100: 24228.090: Total time for which application threads were stopped: 0.0004482 seconds, Stopping threads took: 0.0001016 seconds
2020-10-25T18:26:27.339+0100: 24228.091: Total time for which application threads were stopped: 0.0003847 seconds, Stopping threads took: 0.0000889 seconds
2020-10-25T18:26:27.339+0100: 24228.091: Total time for which application threads were stopped: 0.0003915 seconds, Stopping threads took: 0.0000865 seconds
2020-10-25T18:26:27.342+0100: 24228.094: Total time for which application threads were stopped: 0.0006125 seconds, Stopping threads took: 0.0001186 seconds
{Heap before GC invocations=76 (full 0):
 garbage-first heap   total 524288K, used 374820K [0x00000000e0000000, 0x00000000e0101000, 0x0000000100000000)
  region size 1024K, 307 young (314368K), 12 survivors (12288K)
 Metaspace       used 57644K, capacity 60200K, committed 60280K, reserved 1101824K
  class space    used 6794K, capacity 7315K, committed 7344K, reserved 1048576K
2020-10-25T18:26:27.372+0100: 24228.124: [GC pause (G1 Evacuation Pause) (young)
Desired survivor size 20447232 bytes, new threshold 15 (max 15)
- age   1:    2799336 bytes,    2799336 total
- age   2:    4691864 bytes,    7491200 total
- age   3:    1045960 bytes,    8537160 total
- age   4:      28552 bytes,    8565712 total
- age   5:      67424 bytes,    8633136 total
- age   6:      72224 bytes,    8705360 total
- age   7:      27992 bytes,    8733352 total
- age   8:      78456 bytes,    8811808 total
- age   9:      71312 bytes,    8883120 total
- age  10:      27880 bytes,    8911000 total
- age  11:      73536 bytes,    8984536 total
- age  12:      66112 bytes,    9050648 total
- age  13:      29328 bytes,    9079976 total
- age  14:      69184 bytes,    9149160 total
- age  15:      70080 bytes,    9219240 total
, 0.0220687 secs]
   [Parallel Time: 15.0 ms, GC Workers: 4]
      [GC Worker Start (ms): Min: 24228124.6, Avg: 24228124.6, Max: 24228124.7, Diff: 0.1]
      [Ext Root Scanning (ms): Min: 1.1, Avg: 1.5, Max: 2.3, Diff: 1.2, Sum: 6.1]
      [Update RS (ms): Min: 0.1, Avg: 1.0, Max: 1.4, Diff: 1.3, Sum: 4.1]
         [Processed Buffers: Min: 6, Avg: 15.8, Max: 40, Diff: 34, Sum: 63]
      [Scan RS (ms): Min: 0.0, Avg: 0.1, Max: 0.1, Diff: 0.1, Sum: 0.2]
      [Code Root Scanning (ms): Min: 0.0, Avg: 0.1, Max: 0.2, Diff: 0.2, Sum: 0.3]
      [Object Copy (ms): Min: 12.0, Avg: 12.1, Max: 12.2, Diff: 0.2, Sum: 48.5]
      [Termination (ms): Min: 0.0, Avg: 0.0, Max: 0.0, Diff: 0.0, Sum: 0.0]
         [Termination Attempts: Min: 1, Avg: 1.0, Max: 1, Diff: 0, Sum: 4]
      [GC Worker Other (ms): Min: 0.0, Avg: 0.0, Max: 0.0, Diff: 0.0, Sum: 0.1]
      [GC Worker Total (ms): Min: 14.8, Avg: 14.8, Max: 14.9, Diff: 0.1, Sum: 59.3]
      [GC Worker End (ms): Min: 24228139.5, Avg: 24228139.5, Max: 24228139.5, Diff: 0.0]
   [Code Root Fixup: 0.0 ms]
   [Code Root Purge: 0.0 ms]
   [Clear CT: 0.2 ms]
   [Other: 6.9 ms]
      [Choose CSet: 0.0 ms]
      [Ref Proc: 6.1 ms]
      [Ref Enq: 0.1 ms]
      [Redirty Cards: 0.1 ms]
      [Humongous Register: 0.1 ms]
      [Humongous Reclaim: 0.0 ms]
      [Free CSet: 0.3 ms]
   [Eden: 295.0M(295.0M)->0.0B(292.0M) Survivors: 12.0M->15.0M Heap: 366.0M(512.0M)->74.1M(512.0M)]
Heap after GC invocations=77 (full 0):
 garbage-first heap   total 524288K, used 75888K [0x00000000e0000000, 0x00000000e0101000, 0x0000000100000000)
  region size 1024K, 15 young (15360K), 15 survivors (15360K)
 Metaspace       used 57644K, capacity 60200K, committed 60280K, reserved 1101824K
  class space    used 6794K, capacity 7315K, committed 7344K, reserved 1048576K
}
 [Times: user=0.06 sys=0.00, real=0.02 secs] 
2020-10-25T18:26:27.395+0100: 24228.147: Total time for which application threads were stopped: 0.0239034 seconds, Stopping threads took: 0.0011697 seconds
2020-10-25T18:26:27.499+0100: 24228.251: Total time for which application threads were stopped: 0.0010534 seconds, Stopping threads took: 0.0006713 seconds
2020-10-25T18:26:27.734+0100: 24228.485: Total time for which application threads were stopped: 0.0043932 seconds, Stopping threads took: 0.0040555 seconds
2020-10-25T18:26:27.736+0100: 24228.487: Total time for which application threads were stopped: 0.0003855 seconds, Stopping threads took: 0.0000909 seconds
2020-10-25T18:26:27.738+0100: 24228.490: Total time for which application threads were stopped: 0.0009264 seconds, Stopping threads took: 0.0005574 seconds
2020-10-25T18:26:27.887+0100: 24228.638: Total time for which application threads were stopped: 0.0013390 seconds, Stopping threads took: 0.0010455 seconds
2020-10-25T18:26:27.887+0100: 24228.639: Total time for which application threads were stopped: 0.0003412 seconds, Stopping threads took: 0.0001023 seconds
2020-10-25T18:26:27.887+0100: 24228.639: Total time for which application threads were stopped: 0.0003109 seconds, Stopping threads took: 0.0000668 seconds
2020-10-25T18:26:27.888+0100: 24228.640: Total time for which application threads were stopped: 0.0003122 seconds, Stopping threads took: 0.0000732 seconds
2020-10-25T18:26:27.888+0100: 24228.640: Total time for which application threads were stopped: 0.0003783 seconds, Stopping threads took: 0.0000822 seconds
2020-10-25T18:26:27.904+0100: 24228.656: Total time for which application threads were stopped: 0.0004970 seconds, Stopping threads took: 0.0000994 seconds
2020-10-25T18:26:27.905+0100: 24228.657: Total time for which application threads were stopped: 0.0004127 seconds, Stopping threads took: 0.0001034 seconds
2020-10-25T18:26:27.906+0100: 24228.658: Total time for which application threads were stopped: 0.0003914 seconds, Stopping threads took: 0.0000876 seconds
2020-10-25T18:26:28.121+0100: 24228.873: Total time for which application threads were stopped: 0.0003989 seconds, Stopping threads took: 0.0000624 seconds
2020-10-25T18:26:28.128+0100: 24228.880: Total time for which application threads were stopped: 0.0037297 seconds, Stopping threads took: 0.0033282 seconds
2020-10-25T18:26:28.130+0100: 24228.882: Total time for which application threads were stopped: 0.0004609 seconds, Stopping threads took: 0.0000690 seconds
2020-10-25T18:26:28.137+0100: 24228.889: Total time for which application threads were stopped: 0.0003618 seconds, Stopping threads took: 0.0000584 seconds
{Heap before GC invocations=77 (full 0):
 garbage-first heap   total 524288K, used 374896K [0x00000000e0000000, 0x00000000e0101000, 0x0000000100000000)
  region size 1024K, 307 young (314368K), 15 survivors (15360K)
 Metaspace       used 57647K, capacity 60200K, committed 60280K, reserved 1101824K
  class space    used 6794K, capacity 7315K, committed 7344K, reserved 1048576K
2020-10-25T18:26:28.232+0100: 24228.984: [GC pause (G1 Evacuation Pause) (young)
Desired survivor size 20447232 bytes, new threshold 15 (max 15)
- age   1:    6853912 bytes,    6853912 total
- age   2:     768456 bytes,    7622368 total
- age   3:     431800 bytes,    8054168 total
- age   4:      65480 bytes,    8119648 total
- age   5:      27832 bytes,    8147480 total
- age   6:      65440 bytes,    8212920 total
- age   7:      68488 bytes,    8281408 total
- age   8:      27736 bytes,    8309144 total
- age   9:      76152 bytes,    8385296 total
- age  10:      68712 bytes,    8454008 total
- age  11:      27624 bytes,    8481632 total
- age  12:      70400 bytes,    8552032 total
- age  13:      64544 bytes,    8616576 total
- age  14:      29072 bytes,    8645648 total
- age  15:      67296 bytes,    8712944 total
, 0.0176167 secs]
   [Parallel Time: 15.8 ms, GC Workers: 4]
      [GC Worker Start (ms): Min: 24228983.9, Avg: 24228984.0, Max: 24228984.2, Diff: 0.3]
      [Ext Root Scanning (ms): Min: 1.1, Avg: 2.0, Max: 3.0, Diff: 2.0, Sum: 7.9]
      [Update RS (ms): Min: 0.0, Avg: 0.7, Max: 1.3, Diff: 1.3, Sum: 2.8]
         [Processed Buffers: Min: 0, Avg: 7.5, Max: 14, Diff: 14, Sum: 30]
      [Scan RS (ms): Min: 0.0, Avg: 0.1, Max: 0.1, Diff: 0.1, Sum: 0.2]
      [Code Root Scanning (ms): Min: 0.0, Avg: 0.6, Max: 2.3, Diff: 2.3, Sum: 2.5]
      [Object Copy (ms): Min: 10.6, Avg: 12.2, Max: 13.0, Diff: 2.4, Sum: 49.0]
      [Termination (ms): Min: 0.0, Avg: 0.0, Max: 0.0, Diff: 0.0, Sum: 0.0]
         [Termination Attempts: Min: 1, Avg: 1.0, Max: 1, Diff: 0, Sum: 4]
      [GC Worker Other (ms): Min: 0.0, Avg: 0.0, Max: 0.0, Diff: 0.0, Sum: 0.1]
      [GC Worker Total (ms): Min: 15.4, Avg: 15.6, Max: 15.7, Diff: 0.3, Sum: 62.6]
      [GC Worker End (ms): Min: 24228999.6, Avg: 24228999.6, Max: 24228999.6, Diff: 0.0]
   [Code Root Fixup: 0.0 ms]
   [Code Root Purge: 0.0 ms]
   [Clear CT: 0.1 ms]
   [Other: 1.7 ms]
      [Choose CSet: 0.0 ms]
      [Ref Proc: 1.1 ms]
      [Ref Enq: 0.0 ms]
      [Redirty Cards: 0.1 ms]
      [Humongous Register: 0.0 ms]
      [Humongous Reclaim: 0.0 ms]
      [Free CSet: 0.3 ms]
   [Eden: 292.0M(292.0M)->0.0B(295.0M) Survivors: 15.0M->12.0M Heap: 366.1M(512.0M)->71.2M(512.0M)]
Heap after GC invocations=78 (full 0):
 garbage-first heap   total 524288K, used 72911K [0x00000000e0000000, 0x00000000e0101000, 0x0000000100000000)
  region size 1024K, 12 young (12288K), 12 survivors (12288K)
 Metaspace       used 57647K, capacity 60200K, committed 60280K, reserved 1101824K
  class space    used 6794K, capacity 7315K, committed 7344K, reserved 1048576K
}
 [Times: user=0.06 sys=0.00, real=0.02 secs] 
